[2020-12-02T17:31:09.754+0800][gc,heap] Heap region size: 1M
[2020-12-02T17:31:09.761+0800][gc     ] Using G1
[2020-12-02T17:31:09.761+0800][gc,heap,coops] Heap address: 0x00000007c0000000, size: 1024 MB, Compressed Oops mode: Zero based, Oop shift amount: 3
[2020-12-02T17:31:10.739+0800][gc,start     ] GC(0) Pause Young (Concurrent Start) (Metadata GC Threshold)
[2020-12-02T17:31:10.740+0800][gc,task      ] GC(0) Using 10 workers of 10 for evacuation
[2020-12-02T17:31:10.745+0800][gc,phases    ] GC(0)   Pre Evacuate Collection Set: 0.0ms
[2020-12-02T17:31:10.745+0800][gc,phases    ] GC(0)   Evacuate Collection Set: 4.8ms
[2020-12-02T17:31:10.745+0800][gc,phases    ] GC(0)   Post Evacuate Collection Set: 0.3ms
[2020-12-02T17:31:10.745+0800][gc,phases    ] GC(0)   Other: 0.7ms
[2020-12-02T17:31:10.745+0800][gc,heap      ] GC(0) Eden regions: 41->0(45)
[2020-12-02T17:31:10.745+0800][gc,heap      ] GC(0) Survivor regions: 0->6(7)
[2020-12-02T17:31:10.745+0800][gc,heap      ] GC(0) Old regions: 0->0
[2020-12-02T17:31:10.745+0800][gc,heap      ] GC(0) Humongous regions: 1->1
[2020-12-02T17:31:10.745+0800][gc,metaspace ] GC(0) Metaspace: 20616K->20616K(1069056K)
[2020-12-02T17:31:10.745+0800][gc           ] GC(0) Pause Young (Concurrent Start) (Metadata GC Threshold) 41M->6M(1024M) 5.937ms
[2020-12-02T17:31:10.745+0800][gc,cpu       ] GC(0) User=0.03s Sys=0.01s Real=0.01s
[2020-12-02T17:31:10.745+0800][gc           ] GC(1) Concurrent Cycle
[2020-12-02T17:31:10.745+0800][gc,marking   ] GC(1) Concurrent Clear Claimed Marks
[2020-12-02T17:31:10.745+0800][gc,marking   ] GC(1) Concurrent Clear Claimed Marks 0.025ms
[2020-12-02T17:31:10.745+0800][gc,marking   ] GC(1) Concurrent Scan Root Regions
[2020-12-02T17:31:10.747+0800][gc,marking   ] GC(1) Concurrent Scan Root Regions 1.628ms
[2020-12-02T17:31:10.747+0800][gc,marking   ] GC(1) Concurrent Mark (1.015s)
[2020-12-02T17:31:10.747+0800][gc,marking   ] GC(1) Concurrent Mark From Roots
[2020-12-02T17:31:10.747+0800][gc,task      ] GC(1) Using 3 workers of 3 for marking
[2020-12-02T17:31:10.747+0800][gc,marking   ] GC(1) Concurrent Mark From Roots 0.178ms
[2020-12-02T17:31:10.747+0800][gc,marking   ] GC(1) Concurrent Preclean
[2020-12-02T17:31:10.747+0800][gc,marking   ] GC(1) Concurrent Preclean 0.036ms
[2020-12-02T17:31:10.747+0800][gc,marking   ] GC(1) Concurrent Mark (1.015s, 1.015s) 0.271ms
[2020-12-02T17:31:10.747+0800][gc,start     ] GC(1) Pause Remark
[2020-12-02T17:31:10.748+0800][gc,stringtable] GC(1) Cleaned string and symbol table, strings: 7890 processed, 0 removed, symbols: 66390 processed, 36 removed
[2020-12-02T17:31:10.748+0800][gc            ] GC(1) Pause Remark 7M->7M(1024M) 1.072ms
[2020-12-02T17:31:10.748+0800][gc,cpu        ] GC(1) User=0.01s Sys=0.00s Real=0.00s
[2020-12-02T17:31:10.749+0800][gc,marking    ] GC(1) Concurrent Rebuild Remembered Sets
[2020-12-02T17:31:10.749+0800][gc,marking    ] GC(1) Concurrent Rebuild Remembered Sets 0.083ms
[2020-12-02T17:31:10.749+0800][gc,start      ] GC(1) Pause Cleanup
[2020-12-02T17:31:10.749+0800][gc            ] GC(1) Pause Cleanup 7M->7M(1024M) 0.118ms
[2020-12-02T17:31:10.749+0800][gc,cpu        ] GC(1) User=0.00s Sys=0.00s Real=0.00s
[2020-12-02T17:31:10.749+0800][gc,marking    ] GC(1) Concurrent Cleanup for Next Mark
[2020-12-02T17:31:10.753+0800][gc,marking    ] GC(1) Concurrent Cleanup for Next Mark 4.412ms
[2020-12-02T17:31:10.753+0800][gc            ] GC(1) Concurrent Cycle 8.087ms
[2020-12-02T17:31:11.483+0800][gc,start      ] GC(2) Pause Young (Normal) (G1 Evacuation Pause)
[2020-12-02T17:31:11.483+0800][gc,task       ] GC(2) Using 10 workers of 10 for evacuation
[2020-12-02T17:31:11.489+0800][gc,phases     ] GC(2)   Pre Evacuate Collection Set: 0.0ms
[2020-12-02T17:31:11.489+0800][gc,phases     ] GC(2)   Evacuate Collection Set: 5.5ms
[2020-12-02T17:31:11.489+0800][gc,phases     ] GC(2)   Post Evacuate Collection Set: 0.4ms
[2020-12-02T17:31:11.489+0800][gc,phases     ] GC(2)   Other: 0.1ms
[2020-12-02T17:31:11.489+0800][gc,heap       ] GC(2) Eden regions: 45->0(47)
[2020-12-02T17:31:11.489+0800][gc,heap       ] GC(2) Survivor regions: 6->4(7)
[2020-12-02T17:31:11.489+0800][gc,heap       ] GC(2) Old regions: 0->6
[2020-12-02T17:31:11.489+0800][gc,heap       ] GC(2) Humongous regions: 130->130
[2020-12-02T17:31:11.489+0800][gc,metaspace  ] GC(2) Metaspace: 30201K->30201K(1077248K)
[2020-12-02T17:31:11.489+0800][gc            ] GC(2) Pause Young (Normal) (G1 Evacuation Pause) 180M->138M(1024M) 6.169ms
[2020-12-02T17:31:11.489+0800][gc,cpu        ] GC(2) User=0.04s Sys=0.01s Real=0.00s
[2020-12-02T17:32:20.967+0800][gc,start      ] GC(3) Pause Young (Normal) (G1 Evacuation Pause)
[2020-12-02T17:32:20.967+0800][gc,task       ] GC(3) Using 10 workers of 10 for evacuation
[2020-12-02T17:32:20.971+0800][gc,phases     ] GC(3)   Pre Evacuate Collection Set: 0.0ms
[2020-12-02T17:32:20.971+0800][gc,phases     ] GC(3)   Evacuate Collection Set: 3.7ms
[2020-12-02T17:32:20.971+0800][gc,phases     ] GC(3)   Post Evacuate Collection Set: 0.3ms
[2020-12-02T17:32:20.971+0800][gc,phases     ] GC(3)   Other: 0.2ms
[2020-12-02T17:32:20.971+0800][gc,heap       ] GC(3) Eden regions: 47->0(45)
[2020-12-02T17:32:20.971+0800][gc,heap       ] GC(3) Survivor regions: 4->6(7)
[2020-12-02T17:32:20.971+0800][gc,heap       ] GC(3) Old regions: 6->6
[2020-12-02T17:32:20.971+0800][gc,heap       ] GC(3) Humongous regions: 130->130
[2020-12-02T17:32:20.971+0800][gc,metaspace  ] GC(3) Metaspace: 34204K->34204K(1081344K)
[2020-12-02T17:32:20.971+0800][gc            ] GC(3) Pause Young (Normal) (G1 Evacuation Pause) 185M->141M(1024M) 4.380ms
[2020-12-02T17:32:20.972+0800][gc,cpu        ] GC(3) User=0.03s Sys=0.00s Real=0.01s
[2020-12-02T17:33:14.196+0800][gc,start      ] GC(4) Pause Young (Normal) (G1 Evacuation Pause)
[2020-12-02T17:33:14.196+0800][gc,task       ] GC(4) Using 10 workers of 10 for evacuation
[2020-12-02T17:33:14.200+0800][gc,phases     ] GC(4)   Pre Evacuate Collection Set: 0.0ms
[2020-12-02T17:33:14.200+0800][gc,phases     ] GC(4)   Evacuate Collection Set: 3.3ms
[2020-12-02T17:33:14.200+0800][gc,phases     ] GC(4)   Post Evacuate Collection Set: 0.2ms
[2020-12-02T17:33:14.200+0800][gc,phases     ] GC(4)   Other: 0.2ms
[2020-12-02T17:33:14.200+0800][gc,heap       ] GC(4) Eden regions: 45->0(47)
[2020-12-02T17:33:14.200+0800][gc,heap       ] GC(4) Survivor regions: 6->4(7)
[2020-12-02T17:33:14.200+0800][gc,heap       ] GC(4) Old regions: 6->9
[2020-12-02T17:33:14.200+0800][gc,heap       ] GC(4) Humongous regions: 130->130
[2020-12-02T17:33:14.200+0800][gc,metaspace  ] GC(4) Metaspace: 34735K->34735K(1081344K)
[2020-12-02T17:33:14.200+0800][gc            ] GC(4) Pause Young (Normal) (G1 Evacuation Pause) 186M->141M(1024M) 3.901ms
[2020-12-02T17:33:14.200+0800][gc,cpu        ] GC(4) User=0.03s Sys=0.00s Real=0.01s
[2020-12-02T17:34:19.500+0800][gc,start      ] GC(5) Pause Young (Normal) (G1 Evacuation Pause)
[2020-12-02T17:34:19.500+0800][gc,task       ] GC(5) Using 10 workers of 10 for evacuation
[2020-12-02T17:34:19.503+0800][gc,phases     ] GC(5)   Pre Evacuate Collection Set: 0.0ms
[2020-12-02T17:34:19.503+0800][gc,phases     ] GC(5)   Evacuate Collection Set: 2.7ms
[2020-12-02T17:34:19.503+0800][gc,phases     ] GC(5)   Post Evacuate Collection Set: 0.2ms
[2020-12-02T17:34:19.503+0800][gc,phases     ] GC(5)   Other: 0.3ms
[2020-12-02T17:34:19.503+0800][gc,heap       ] GC(5) Eden regions: 47->0(48)
[2020-12-02T17:34:19.503+0800][gc,heap       ] GC(5) Survivor regions: 4->3(7)
[2020-12-02T17:34:19.503+0800][gc,heap       ] GC(5) Old regions: 9->9
[2020-12-02T17:34:19.503+0800][gc,heap       ] GC(5) Humongous regions: 130->130
[2020-12-02T17:34:19.503+0800][gc,metaspace  ] GC(5) Metaspace: 34827K->34827K(1081344K)
[2020-12-02T17:34:19.503+0800][gc            ] GC(5) Pause Young (Normal) (G1 Evacuation Pause) 188M->141M(1024M) 3.298ms
[2020-12-02T17:34:19.503+0800][gc,cpu        ] GC(5) User=0.03s Sys=0.00s Real=0.00s
[2020-12-02T17:35:29.216+0800][gc,start      ] GC(6) Pause Young (Normal) (G1 Evacuation Pause)
[2020-12-02T17:35:29.216+0800][gc,task       ] GC(6) Using 10 workers of 10 for evacuation
[2020-12-02T17:35:29.218+0800][gc,phases     ] GC(6)   Pre Evacuate Collection Set: 0.0ms
[2020-12-02T17:35:29.218+0800][gc,phases     ] GC(6)   Evacuate Collection Set: 2.1ms
[2020-12-02T17:35:29.218+0800][gc,phases     ] GC(6)   Post Evacuate Collection Set: 0.2ms
[2020-12-02T17:35:29.218+0800][gc,phases     ] GC(6)   Other: 0.2ms
[2020-12-02T17:35:29.218+0800][gc,heap       ] GC(6) Eden regions: 48->0(48)
[2020-12-02T17:35:29.218+0800][gc,heap       ] GC(6) Survivor regions: 3->3(7)
[2020-12-02T17:35:29.218+0800][gc,heap       ] GC(6) Old regions: 9->9
[2020-12-02T17:35:29.218+0800][gc,heap       ] GC(6) Humongous regions: 130->130
[2020-12-02T17:35:29.218+0800][gc,metaspace  ] GC(6) Metaspace: 34851K->34851K(1081344K)
[2020-12-02T17:35:29.218+0800][gc            ] GC(6) Pause Young (Normal) (G1 Evacuation Pause) 189M->141M(1024M) 2.665ms
[2020-12-02T17:35:29.218+0800][gc,cpu        ] GC(6) User=0.02s Sys=0.00s Real=0.00s
[2020-12-02T17:35:31.286+0800][gc,start      ] GC(7) Pause Young (Concurrent Start) (Metadata GC Threshold)
[2020-12-02T17:35:31.286+0800][gc,task       ] GC(7) Using 10 workers of 10 for evacuation
[2020-12-02T17:35:31.291+0800][gc,phases     ] GC(7)   Pre Evacuate Collection Set: 0.1ms
[2020-12-02T17:35:31.291+0800][gc,phases     ] GC(7)   Evacuate Collection Set: 4.1ms
[2020-12-02T17:35:31.291+0800][gc,phases     ] GC(7)   Post Evacuate Collection Set: 0.2ms
[2020-12-02T17:35:31.291+0800][gc,phases     ] GC(7)   Other: 0.4ms
[2020-12-02T17:35:31.291+0800][gc,heap       ] GC(7) Eden regions: 3->0(47)
[2020-12-02T17:35:31.291+0800][gc,heap       ] GC(7) Survivor regions: 3->4(7)
[2020-12-02T17:35:31.291+0800][gc,heap       ] GC(7) Old regions: 9->9
[2020-12-02T17:35:31.291+0800][gc,heap       ] GC(7) Humongous regions: 130->130
[2020-12-02T17:35:31.291+0800][gc,metaspace  ] GC(7) Metaspace: 34851K->34851K(1081344K)
[2020-12-02T17:35:31.291+0800][gc            ] GC(7) Pause Young (Concurrent Start) (Metadata GC Threshold) 143M->141M(1024M) 4.895ms
[2020-12-02T17:35:31.291+0800][gc,cpu        ] GC(7) User=0.03s Sys=0.00s Real=0.01s
[2020-12-02T17:35:31.291+0800][gc            ] GC(8) Concurrent Cycle
[2020-12-02T17:35:31.291+0800][gc,marking    ] GC(8) Concurrent Clear Claimed Marks
[2020-12-02T17:35:31.291+0800][gc,marking    ] GC(8) Concurrent Clear Claimed Marks 0.023ms
[2020-12-02T17:35:31.291+0800][gc,marking    ] GC(8) Concurrent Scan Root Regions
[2020-12-02T17:35:31.293+0800][gc,marking    ] GC(8) Concurrent Scan Root Regions 1.454ms
[2020-12-02T17:35:31.293+0800][gc,marking    ] GC(8) Concurrent Mark (261.558s)
[2020-12-02T17:35:31.293+0800][gc,marking    ] GC(8) Concurrent Mark From Roots
[2020-12-02T17:35:31.293+0800][gc,task       ] GC(8) Using 3 workers of 3 for marking
[2020-12-02T17:35:31.297+0800][gc,marking    ] GC(8) Concurrent Mark From Roots 4.087ms
[2020-12-02T17:35:31.297+0800][gc,marking    ] GC(8) Concurrent Preclean
[2020-12-02T17:35:31.297+0800][gc,marking    ] GC(8) Concurrent Preclean 0.053ms
[2020-12-02T17:35:31.297+0800][gc,marking    ] GC(8) Concurrent Mark (261.558s, 261.562s) 4.187ms
[2020-12-02T17:35:31.297+0800][gc,start      ] GC(8) Pause Remark
[2020-12-02T17:35:31.299+0800][gc,stringtable] GC(8) Cleaned string and symbol table, strings: 12918 processed, 19 removed, symbols: 93019 processed, 19 removed
[2020-12-02T17:35:31.300+0800][gc            ] GC(8) Pause Remark 141M->141M(1024M) 2.634ms
[2020-12-02T17:35:31.300+0800][gc,cpu        ] GC(8) User=0.02s Sys=0.01s Real=0.01s
[2020-12-02T17:35:31.300+0800][gc,marking    ] GC(8) Concurrent Rebuild Remembered Sets
[2020-12-02T17:35:31.303+0800][gc,marking    ] GC(8) Concurrent Rebuild Remembered Sets 2.952ms
[2020-12-02T17:35:31.303+0800][gc,start      ] GC(8) Pause Cleanup
[2020-12-02T17:35:31.303+0800][gc            ] GC(8) Pause Cleanup 141M->141M(1024M) 0.134ms
[2020-12-02T17:35:31.303+0800][gc,cpu        ] GC(8) User=0.00s Sys=0.00s Real=0.00s
[2020-12-02T17:35:31.303+0800][gc,marking    ] GC(8) Concurrent Cleanup for Next Mark
[2020-12-02T17:35:31.307+0800][gc,marking    ] GC(8) Concurrent Cleanup for Next Mark 4.304ms
[2020-12-02T17:35:31.307+0800][gc            ] GC(8) Concurrent Cycle 16.145ms
[2020-12-02T17:36:39.979+0800][gc,start      ] GC(9) Pause Young (Normal) (G1 Evacuation Pause)
[2020-12-02T17:36:39.979+0800][gc,task       ] GC(9) Using 10 workers of 10 for evacuation
[2020-12-02T17:36:39.982+0800][gc,phases     ] GC(9)   Pre Evacuate Collection Set: 0.0ms
[2020-12-02T17:36:39.982+0800][gc,phases     ] GC(9)   Evacuate Collection Set: 2.2ms
[2020-12-02T17:36:39.982+0800][gc,phases     ] GC(9)   Post Evacuate Collection Set: 0.2ms
[2020-12-02T17:36:39.982+0800][gc,phases     ] GC(9)   Other: 0.2ms
[2020-12-02T17:36:39.982+0800][gc,heap       ] GC(9) Eden regions: 47->0(47)
[2020-12-02T17:36:39.982+0800][gc,heap       ] GC(9) Survivor regions: 4->4(7)
[2020-12-02T17:36:39.982+0800][gc,heap       ] GC(9) Old regions: 9->9
[2020-12-02T17:36:39.982+0800][gc,heap       ] GC(9) Humongous regions: 130->130
[2020-12-02T17:36:39.982+0800][gc,metaspace  ] GC(9) Metaspace: 34873K->34873K(1081344K)
[2020-12-02T17:36:39.982+0800][gc            ] GC(9) Pause Young (Normal) (G1 Evacuation Pause) 188M->141M(1024M) 2.860ms
[2020-12-02T17:36:39.982+0800][gc,cpu        ] GC(9) User=0.03s Sys=0.00s Real=0.01s
[2020-12-02T17:37:48.853+0800][gc,start      ] GC(10) Pause Young (Normal) (G1 Evacuation Pause)
[2020-12-02T17:37:48.853+0800][gc,task       ] GC(10) Using 10 workers of 10 for evacuation
[2020-12-02T17:37:48.856+0800][gc,phases     ] GC(10)   Pre Evacuate Collection Set: 0.0ms
[2020-12-02T17:37:48.856+0800][gc,phases     ] GC(10)   Evacuate Collection Set: 2.4ms
[2020-12-02T17:37:48.856+0800][gc,phases     ] GC(10)   Post Evacuate Collection Set: 0.2ms
[2020-12-02T17:37:48.856+0800][gc,phases     ] GC(10)   Other: 0.2ms
[2020-12-02T17:37:48.856+0800][gc,heap       ] GC(10) Eden regions: 47->0(47)
[2020-12-02T17:37:48.856+0800][gc,heap       ] GC(10) Survivor regions: 4->4(7)
[2020-12-02T17:37:48.856+0800][gc,heap       ] GC(10) Old regions: 9->9
[2020-12-02T17:37:48.856+0800][gc,heap       ] GC(10) Humongous regions: 130->130
[2020-12-02T17:37:48.856+0800][gc,metaspace  ] GC(10) Metaspace: 34905K->34905K(1081344K)
[2020-12-02T17:37:48.856+0800][gc            ] GC(10) Pause Young (Normal) (G1 Evacuation Pause) 188M->141M(1024M) 3.034ms
[2020-12-02T17:37:48.856+0800][gc,cpu        ] GC(10) User=0.03s Sys=0.00s Real=0.00s
[2020-12-02T17:38:57.998+0800][gc,start      ] GC(11) Pause Young (Normal) (G1 Evacuation Pause)
[2020-12-02T17:38:57.998+0800][gc,task       ] GC(11) Using 10 workers of 10 for evacuation
[2020-12-02T17:38:58.001+0800][gc,phases     ] GC(11)   Pre Evacuate Collection Set: 0.0ms
[2020-12-02T17:38:58.001+0800][gc,phases     ] GC(11)   Evacuate Collection Set: 2.8ms
[2020-12-02T17:38:58.001+0800][gc,phases     ] GC(11)   Post Evacuate Collection Set: 0.2ms
[2020-12-02T17:38:58.001+0800][gc,phases     ] GC(11)   Other: 0.3ms
[2020-12-02T17:38:58.001+0800][gc,heap       ] GC(11) Eden regions: 47->0(49)
[2020-12-02T17:38:58.001+0800][gc,heap       ] GC(11) Survivor regions: 4->4(7)
[2020-12-02T17:38:58.001+0800][gc,heap       ] GC(11) Old regions: 9->9
[2020-12-02T17:38:58.001+0800][gc,heap       ] GC(11) Humongous regions: 130->130
[2020-12-02T17:38:58.001+0800][gc,metaspace  ] GC(11) Metaspace: 34935K->34935K(1081344K)
[2020-12-02T17:38:58.001+0800][gc            ] GC(11) Pause Young (Normal) (G1 Evacuation Pause) 188M->141M(1024M) 3.587ms
[2020-12-02T17:38:58.001+0800][gc,cpu        ] GC(11) User=0.03s Sys=0.00s Real=0.01s
[2020-12-02T17:40:07.962+0800][gc,start      ] GC(12) Pause Young (Normal) (G1 Evacuation Pause)
[2020-12-02T17:40:07.962+0800][gc,task       ] GC(12) Using 10 workers of 10 for evacuation
[2020-12-02T17:40:07.968+0800][gc,phases     ] GC(12)   Pre Evacuate Collection Set: 0.0ms
[2020-12-02T17:40:07.968+0800][gc,phases     ] GC(12)   Evacuate Collection Set: 5.4ms
[2020-12-02T17:40:07.968+0800][gc,phases     ] GC(12)   Post Evacuate Collection Set: 0.3ms
[2020-12-02T17:40:07.968+0800][gc,phases     ] GC(12)   Other: 0.3ms
[2020-12-02T17:40:07.968+0800][gc,heap       ] GC(12) Eden regions: 49->0(610)
[2020-12-02T17:40:07.968+0800][gc,heap       ] GC(12) Survivor regions: 4->4(7)
[2020-12-02T17:40:07.968+0800][gc,heap       ] GC(12) Old regions: 9->9
[2020-12-02T17:40:07.968+0800][gc,heap       ] GC(12) Humongous regions: 130->130
[2020-12-02T17:40:07.968+0800][gc,metaspace  ] GC(12) Metaspace: 34996K->34996K(1081344K)
[2020-12-02T17:40:07.968+0800][gc            ] GC(12) Pause Young (Normal) (G1 Evacuation Pause) 190M->141M(1024M) 6.100ms
[2020-12-02T17:40:07.968+0800][gc,cpu        ] GC(12) User=0.03s Sys=0.00s Real=0.00s
[2020-12-02T18:23:56.828+0800][gc,start      ] GC(13) Pause Young (Normal) (G1 Evacuation Pause)
[2020-12-02T18:23:56.829+0800][gc,task       ] GC(13) Using 10 workers of 10 for evacuation
[2020-12-02T18:23:56.851+0800][gc,mmu        ] GC(13) MMU target violated: 21.0ms (20.0ms/21.0ms)
[2020-12-02T18:23:56.851+0800][gc,phases     ] GC(13)   Pre Evacuate Collection Set: 1.7ms
[2020-12-02T18:23:56.851+0800][gc,phases     ] GC(13)   Evacuate Collection Set: 15.5ms
[2020-12-02T18:23:56.851+0800][gc,phases     ] GC(13)   Post Evacuate Collection Set: 3.8ms
[2020-12-02T18:23:56.851+0800][gc,phases     ] GC(13)   Other: 2.4ms
[2020-12-02T18:23:56.851+0800][gc,heap       ] GC(13) Eden regions: 610->0(48)
[2020-12-02T18:23:56.851+0800][gc,heap       ] GC(13) Survivor regions: 4->3(77)
[2020-12-02T18:23:56.852+0800][gc,heap       ] GC(13) Old regions: 9->9
[2020-12-02T18:23:56.852+0800][gc,heap       ] GC(13) Humongous regions: 130->130
[2020-12-02T18:23:56.852+0800][gc,metaspace  ] GC(13) Metaspace: 35417K->35417K(1081344K)
[2020-12-02T18:23:56.852+0800][gc            ] GC(13) Pause Young (Normal) (G1 Evacuation Pause) 751M->141M(1024M) 23.798ms
[2020-12-02T18:23:56.852+0800][gc,cpu        ] GC(13) User=0.09s Sys=0.05s Real=0.03s
[2020-12-02T18:25:07.403+0800][gc,start      ] GC(14) Pause Young (Normal) (G1 Evacuation Pause)
[2020-12-02T18:25:07.404+0800][gc,task       ] GC(14) Using 10 workers of 10 for evacuation
[2020-12-02T18:25:07.409+0800][gc,phases     ] GC(14)   Pre Evacuate Collection Set: 0.0ms
[2020-12-02T18:25:07.410+0800][gc,phases     ] GC(14)   Evacuate Collection Set: 4.9ms
[2020-12-02T18:25:07.410+0800][gc,phases     ] GC(14)   Post Evacuate Collection Set: 0.7ms
[2020-12-02T18:25:07.410+0800][gc,phases     ] GC(14)   Other: 1.0ms
[2020-12-02T18:25:07.410+0800][gc,heap       ] GC(14) Eden regions: 48->0(68)
[2020-12-02T18:25:07.410+0800][gc,heap       ] GC(14) Survivor regions: 3->3(7)
[2020-12-02T18:25:07.410+0800][gc,heap       ] GC(14) Old regions: 9->9
[2020-12-02T18:25:07.410+0800][gc,heap       ] GC(14) Humongous regions: 130->130
[2020-12-02T18:25:07.410+0800][gc,metaspace  ] GC(14) Metaspace: 35417K->35417K(1081344K)
[2020-12-02T18:25:07.410+0800][gc            ] GC(14) Pause Young (Normal) (G1 Evacuation Pause) 189M->141M(1024M) 6.816ms
[2020-12-02T18:25:07.410+0800][gc,cpu        ] GC(14) User=0.03s Sys=0.01s Real=0.01s
[2020-12-02T18:26:46.996+0800][gc,start      ] GC(15) Pause Young (Normal) (G1 Evacuation Pause)
[2020-12-02T18:26:47.001+0800][gc,task       ] GC(15) Using 10 workers of 10 for evacuation
[2020-12-02T18:26:47.007+0800][gc,phases     ] GC(15)   Pre Evacuate Collection Set: 0.0ms
[2020-12-02T18:26:47.007+0800][gc,phases     ] GC(15)   Evacuate Collection Set: 6.0ms
[2020-12-02T18:26:47.007+0800][gc,phases     ] GC(15)   Post Evacuate Collection Set: 0.2ms
[2020-12-02T18:26:47.007+0800][gc,phases     ] GC(15)   Other: 4.8ms
[2020-12-02T18:26:47.007+0800][gc,heap       ] GC(15) Eden regions: 68->0(80)
[2020-12-02T18:26:47.007+0800][gc,heap       ] GC(15) Survivor regions: 3->3(9)
[2020-12-02T18:26:47.007+0800][gc,heap       ] GC(15) Old regions: 9->9
[2020-12-02T18:26:47.007+0800][gc,heap       ] GC(15) Humongous regions: 130->130
[2020-12-02T18:26:47.007+0800][gc,metaspace  ] GC(15) Metaspace: 35418K->35418K(1081344K)
[2020-12-02T18:26:47.007+0800][gc            ] GC(15) Pause Young (Normal) (G1 Evacuation Pause) 209M->141M(1024M) 11.202ms
[2020-12-02T18:26:47.007+0800][gc,cpu        ] GC(15) User=0.02s Sys=0.03s Real=0.01s
[2020-12-02T18:28:44.286+0800][gc,start      ] GC(16) Pause Young (Normal) (G1 Evacuation Pause)
[2020-12-02T18:28:44.286+0800][gc,task       ] GC(16) Using 10 workers of 10 for evacuation
[2020-12-02T18:28:44.295+0800][gc,phases     ] GC(16)   Pre Evacuate Collection Set: 0.0ms
[2020-12-02T18:28:44.295+0800][gc,phases     ] GC(16)   Evacuate Collection Set: 8.4ms
[2020-12-02T18:28:44.295+0800][gc,phases     ] GC(16)   Post Evacuate Collection Set: 0.2ms
[2020-12-02T18:28:44.295+0800][gc,phases     ] GC(16)   Other: 0.7ms
[2020-12-02T18:28:44.295+0800][gc,heap       ] GC(16) Eden regions: 80->0(86)
[2020-12-02T18:28:44.295+0800][gc,heap       ] GC(16) Survivor regions: 3->4(11)
[2020-12-02T18:28:44.295+0800][gc,heap       ] GC(16) Old regions: 9->9
[2020-12-02T18:28:44.295+0800][gc,heap       ] GC(16) Humongous regions: 130->130
[2020-12-02T18:28:44.295+0800][gc,metaspace  ] GC(16) Metaspace: 35429K->35429K(1081344K)
[2020-12-02T18:28:44.295+0800][gc            ] GC(16) Pause Young (Normal) (G1 Evacuation Pause) 221M->142M(1024M) 9.479ms
[2020-12-02T18:28:44.295+0800][gc,cpu        ] GC(16) User=0.02s Sys=0.04s Real=0.01s
[2020-12-02T18:30:51.214+0800][gc,start      ] GC(17) Pause Young (Normal) (G1 Evacuation Pause)
[2020-12-02T18:30:51.215+0800][gc,task       ] GC(17) Using 10 workers of 10 for evacuation
[2020-12-02T18:30:51.222+0800][gc,phases     ] GC(17)   Pre Evacuate Collection Set: 0.0ms
[2020-12-02T18:30:51.222+0800][gc,phases     ] GC(17)   Evacuate Collection Set: 6.8ms
[2020-12-02T18:30:51.222+0800][gc,phases     ] GC(17)   Post Evacuate Collection Set: 0.2ms
[2020-12-02T18:30:51.222+0800][gc,phases     ] GC(17)   Other: 1.1ms
[2020-12-02T18:30:51.222+0800][gc,heap       ] GC(17) Eden regions: 86->0(101)
[2020-12-02T18:30:51.222+0800][gc,heap       ] GC(17) Survivor regions: 4->4(12)
[2020-12-02T18:30:51.222+0800][gc,heap       ] GC(17) Old regions: 9->9
[2020-12-02T18:30:51.222+0800][gc,heap       ] GC(17) Humongous regions: 130->130
[2020-12-02T18:30:51.222+0800][gc,metaspace  ] GC(17) Metaspace: 35437K->35437K(1081344K)
[2020-12-02T18:30:51.222+0800][gc            ] GC(17) Pause Young (Normal) (G1 Evacuation Pause) 228M->141M(1024M) 8.185ms
[2020-12-02T18:30:51.222+0800][gc,cpu        ] GC(17) User=0.03s Sys=0.03s Real=0.01s
[2020-12-02T18:33:18.643+0800][gc,start      ] GC(18) Pause Young (Normal) (G1 Evacuation Pause)
[2020-12-02T18:33:18.643+0800][gc,task       ] GC(18) Using 10 workers of 10 for evacuation
[2020-12-02T18:33:18.651+0800][gc,phases     ] GC(18)   Pre Evacuate Collection Set: 0.0ms
[2020-12-02T18:33:18.651+0800][gc,phases     ] GC(18)   Evacuate Collection Set: 7.0ms
[2020-12-02T18:33:18.651+0800][gc,phases     ] GC(18)   Post Evacuate Collection Set: 0.3ms
[2020-12-02T18:33:18.651+0800][gc,phases     ] GC(18)   Other: 0.5ms
[2020-12-02T18:33:18.651+0800][gc,heap       ] GC(18) Eden regions: 101->0(117)
[2020-12-02T18:33:18.651+0800][gc,heap       ] GC(18) Survivor regions: 4->4(14)
[2020-12-02T18:33:18.651+0800][gc,heap       ] GC(18) Old regions: 9->9
[2020-12-02T18:33:18.651+0800][gc,heap       ] GC(18) Humongous regions: 130->130
[2020-12-02T18:33:18.651+0800][gc,metaspace  ] GC(18) Metaspace: 35442K->35442K(1081344K)
[2020-12-02T18:33:18.651+0800][gc            ] GC(18) Pause Young (Normal) (G1 Evacuation Pause) 242M->142M(1024M) 8.026ms
[2020-12-02T18:33:18.651+0800][gc,cpu        ] GC(18) User=0.03s Sys=0.03s Real=0.01s
[2020-12-02T18:36:11.346+0800][gc,start      ] GC(19) Pause Young (Normal) (G1 Evacuation Pause)
[2020-12-02T18:36:11.346+0800][gc,task       ] GC(19) Using 10 workers of 10 for evacuation
[2020-12-02T18:36:11.354+0800][gc,phases     ] GC(19)   Pre Evacuate Collection Set: 0.0ms
[2020-12-02T18:36:11.354+0800][gc,phases     ] GC(19)   Evacuate Collection Set: 7.5ms
[2020-12-02T18:36:11.354+0800][gc,phases     ] GC(19)   Post Evacuate Collection Set: 0.2ms
[2020-12-02T18:36:11.355+0800][gc,phases     ] GC(19)   Other: 1.2ms
[2020-12-02T18:36:11.355+0800][gc,heap       ] GC(19) Eden regions: 117->0(140)
[2020-12-02T18:36:11.355+0800][gc,heap       ] GC(19) Survivor regions: 4->4(16)
[2020-12-02T18:36:11.355+0800][gc,heap       ] GC(19) Old regions: 9->10
[2020-12-02T18:36:11.355+0800][gc,heap       ] GC(19) Humongous regions: 130->130
[2020-12-02T18:36:11.355+0800][gc,metaspace  ] GC(19) Metaspace: 35451K->35451K(1081344K)
[2020-12-02T18:36:11.355+0800][gc            ] GC(19) Pause Young (Normal) (G1 Evacuation Pause) 259M->142M(1024M) 9.064ms
[2020-12-02T18:36:11.355+0800][gc,cpu        ] GC(19) User=0.03s Sys=0.03s Real=0.01s
[2020-12-02T18:39:37.449+0800][gc,start      ] GC(20) Pause Young (Normal) (G1 Evacuation Pause)
[2020-12-02T18:39:37.449+0800][gc,task       ] GC(20) Using 10 workers of 10 for evacuation
[2020-12-02T18:39:37.456+0800][gc,phases     ] GC(20)   Pre Evacuate Collection Set: 0.0ms
[2020-12-02T18:39:37.456+0800][gc,phases     ] GC(20)   Evacuate Collection Set: 6.6ms
[2020-12-02T18:39:37.456+0800][gc,phases     ] GC(20)   Post Evacuate Collection Set: 0.2ms
[2020-12-02T18:39:37.456+0800][gc,phases     ] GC(20)   Other: 1.0ms
[2020-12-02T18:39:37.456+0800][gc,heap       ] GC(20) Eden regions: 140->0(165)
[2020-12-02T18:39:37.456+0800][gc,heap       ] GC(20) Survivor regions: 4->4(18)
[2020-12-02T18:39:37.456+0800][gc,heap       ] GC(20) Old regions: 10->10
[2020-12-02T18:39:37.456+0800][gc,heap       ] GC(20) Humongous regions: 130->130
[2020-12-02T18:39:37.457+0800][gc,metaspace  ] GC(20) Metaspace: 35470K->35470K(1081344K)
[2020-12-02T18:39:37.457+0800][gc            ] GC(20) Pause Young (Normal) (G1 Evacuation Pause) 282M->142M(1024M) 8.015ms
[2020-12-02T18:39:37.457+0800][gc,cpu        ] GC(20) User=0.02s Sys=0.03s Real=0.01s
[2020-12-02T18:43:38.752+0800][gc,start      ] GC(21) Pause Young (Normal) (G1 Evacuation Pause)
[2020-12-02T18:43:38.752+0800][gc,task       ] GC(21) Using 10 workers of 10 for evacuation
[2020-12-02T18:43:38.759+0800][gc,phases     ] GC(21)   Pre Evacuate Collection Set: 0.0ms
[2020-12-02T18:43:38.759+0800][gc,phases     ] GC(21)   Evacuate Collection Set: 6.1ms
[2020-12-02T18:43:38.759+0800][gc,phases     ] GC(21)   Post Evacuate Collection Set: 0.2ms
[2020-12-02T18:43:38.759+0800][gc,phases     ] GC(21)   Other: 0.6ms
[2020-12-02T18:43:38.759+0800][gc,heap       ] GC(21) Eden regions: 165->0(199)
[2020-12-02T18:43:38.759+0800][gc,heap       ] GC(21) Survivor regions: 4->3(22)
[2020-12-02T18:43:38.759+0800][gc,heap       ] GC(21) Old regions: 10->10
[2020-12-02T18:43:38.759+0800][gc,heap       ] GC(21) Humongous regions: 130->130
[2020-12-02T18:43:38.759+0800][gc,metaspace  ] GC(21) Metaspace: 35523K->35523K(1081344K)
[2020-12-02T18:43:38.759+0800][gc            ] GC(21) Pause Young (Normal) (G1 Evacuation Pause) 307M->142M(1024M) 7.094ms
[2020-12-02T18:43:38.759+0800][gc,cpu        ] GC(21) User=0.02s Sys=0.02s Real=0.00s
[2020-12-02T18:49:06.656+0800][gc,start      ] GC(22) Pause Young (Normal) (G1 Evacuation Pause)
[2020-12-02T18:49:06.657+0800][gc,task       ] GC(22) Using 10 workers of 10 for evacuation
[2020-12-02T18:49:06.662+0800][gc,phases     ] GC(22)   Pre Evacuate Collection Set: 0.0ms
[2020-12-02T18:49:06.662+0800][gc,phases     ] GC(22)   Evacuate Collection Set: 4.7ms
[2020-12-02T18:49:06.662+0800][gc,phases     ] GC(22)   Post Evacuate Collection Set: 0.3ms
[2020-12-02T18:49:06.662+0800][gc,phases     ] GC(22)   Other: 1.0ms
[2020-12-02T18:49:06.662+0800][gc,heap       ] GC(22) Eden regions: 199->0(246)
[2020-12-02T18:49:06.662+0800][gc,heap       ] GC(22) Survivor regions: 3->3(26)
[2020-12-02T18:49:06.662+0800][gc,heap       ] GC(22) Old regions: 10->10
[2020-12-02T18:49:06.662+0800][gc,heap       ] GC(22) Humongous regions: 130->130
[2020-12-02T18:49:06.662+0800][gc,metaspace  ] GC(22) Metaspace: 35714K->35714K(1081344K)
[2020-12-02T18:49:06.662+0800][gc            ] GC(22) Pause Young (Normal) (G1 Evacuation Pause) 341M->142M(1024M) 6.133ms
[2020-12-02T18:49:06.662+0800][gc,cpu        ] GC(22) User=0.02s Sys=0.01s Real=0.01s
[2020-12-02T18:54:57.520+0800][gc,start      ] GC(23) Pause Young (Normal) (G1 Evacuation Pause)
[2020-12-02T18:54:57.521+0800][gc,task       ] GC(23) Using 10 workers of 10 for evacuation
[2020-12-02T18:54:57.525+0800][gc,phases     ] GC(23)   Pre Evacuate Collection Set: 0.0ms
[2020-12-02T18:54:57.525+0800][gc,phases     ] GC(23)   Evacuate Collection Set: 3.7ms
[2020-12-02T18:54:57.525+0800][gc,phases     ] GC(23)   Post Evacuate Collection Set: 0.2ms
[2020-12-02T18:54:57.525+0800][gc,phases     ] GC(23)   Other: 0.5ms
[2020-12-02T18:54:57.525+0800][gc,heap       ] GC(23) Eden regions: 246->0(312)
[2020-12-02T18:54:57.525+0800][gc,heap       ] GC(23) Survivor regions: 3->3(32)
[2020-12-02T18:54:57.525+0800][gc,heap       ] GC(23) Old regions: 10->10
[2020-12-02T18:54:57.525+0800][gc,heap       ] GC(23) Humongous regions: 130->130
[2020-12-02T18:54:57.525+0800][gc,metaspace  ] GC(23) Metaspace: 35771K->35771K(1081344K)
[2020-12-02T18:54:57.525+0800][gc            ] GC(23) Pause Young (Normal) (G1 Evacuation Pause) 388M->142M(1024M) 4.532ms
[2020-12-02T18:54:57.525+0800][gc,cpu        ] GC(23) User=0.01s Sys=0.02s Real=0.00s
[2020-12-02T19:01:45.351+0800][gc,start      ] GC(24) Pause Young (Normal) (G1 Evacuation Pause)
[2020-12-02T19:01:45.352+0800][gc,task       ] GC(24) Using 10 workers of 10 for evacuation
[2020-12-02T19:01:45.360+0800][gc,phases     ] GC(24)   Pre Evacuate Collection Set: 0.0ms
[2020-12-02T19:01:45.360+0800][gc,phases     ] GC(24)   Evacuate Collection Set: 6.7ms
[2020-12-02T19:01:45.360+0800][gc,phases     ] GC(24)   Post Evacuate Collection Set: 0.3ms
[2020-12-02T19:01:45.360+0800][gc,phases     ] GC(24)   Other: 1.4ms
[2020-12-02T19:01:45.360+0800][gc,heap       ] GC(24) Eden regions: 312->0(338)
[2020-12-02T19:01:45.360+0800][gc,heap       ] GC(24) Survivor regions: 3->5(40)
[2020-12-02T19:01:45.360+0800][gc,heap       ] GC(24) Old regions: 10->10
[2020-12-02T19:01:45.360+0800][gc,heap       ] GC(24) Humongous regions: 130->130
[2020-12-02T19:01:45.360+0800][gc,metaspace  ] GC(24) Metaspace: 35846K->35846K(1081344K)
[2020-12-02T19:01:45.360+0800][gc            ] GC(24) Pause Young (Normal) (G1 Evacuation Pause) 454M->143M(1024M) 8.563ms
[2020-12-02T19:01:45.360+0800][gc,cpu        ] GC(24) User=0.02s Sys=0.03s Real=0.01s
[2020-12-02T19:09:31.371+0800][gc,start      ] GC(25) Pause Young (Normal) (G1 Evacuation Pause)
[2020-12-02T19:09:31.371+0800][gc,task       ] GC(25) Using 10 workers of 10 for evacuation
[2020-12-02T19:09:31.379+0800][gc,phases     ] GC(25)   Pre Evacuate Collection Set: 0.0ms
[2020-12-02T19:09:31.379+0800][gc,phases     ] GC(25)   Evacuate Collection Set: 7.6ms
[2020-12-02T19:09:31.380+0800][gc,phases     ] GC(25)   Post Evacuate Collection Set: 0.3ms
[2020-12-02T19:09:31.380+0800][gc,phases     ] GC(25)   Other: 0.6ms
[2020-12-02T19:09:31.380+0800][gc,heap       ] GC(25) Eden regions: 338->0(360)
[2020-12-02T19:09:31.380+0800][gc,heap       ] GC(25) Survivor regions: 5->5(43)
[2020-12-02T19:09:31.380+0800][gc,heap       ] GC(25) Old regions: 10->10
[2020-12-02T19:09:31.380+0800][gc,heap       ] GC(25) Humongous regions: 130->130
[2020-12-02T19:09:31.380+0800][gc,metaspace  ] GC(25) Metaspace: 35905K->35905K(1081344K)
[2020-12-02T19:09:31.380+0800][gc            ] GC(25) Pause Young (Normal) (G1 Evacuation Pause) 481M->144M(1024M) 8.723ms
[2020-12-02T19:09:31.380+0800][gc,cpu        ] GC(25) User=0.02s Sys=0.03s Real=0.01s
[2020-12-02T19:17:25.378+0800][gc,start      ] GC(26) Pause Young (Normal) (G1 Evacuation Pause)
[2020-12-02T19:17:25.379+0800][gc,task       ] GC(26) Using 10 workers of 10 for evacuation
[2020-12-02T19:17:25.387+0800][gc,phases     ] GC(26)   Pre Evacuate Collection Set: 0.0ms
[2020-12-02T19:17:25.387+0800][gc,phases     ] GC(26)   Evacuate Collection Set: 6.9ms
[2020-12-02T19:17:25.387+0800][gc,phases     ] GC(26)   Post Evacuate Collection Set: 0.3ms
[2020-12-02T19:17:25.387+0800][gc,phases     ] GC(26)   Other: 1.2ms
[2020-12-02T19:17:25.387+0800][gc,heap       ] GC(26) Eden regions: 360->0(397)
[2020-12-02T19:17:25.387+0800][gc,heap       ] GC(26) Survivor regions: 5->5(46)
[2020-12-02T19:17:25.387+0800][gc,heap       ] GC(26) Old regions: 10->10
[2020-12-02T19:17:25.387+0800][gc,heap       ] GC(26) Humongous regions: 130->130
[2020-12-02T19:17:25.387+0800][gc,metaspace  ] GC(26) Metaspace: 36004K->36004K(1081344K)
[2020-12-02T19:17:25.387+0800][gc            ] GC(26) Pause Young (Normal) (G1 Evacuation Pause) 504M->144M(1024M) 8.508ms
[2020-12-02T19:17:25.387+0800][gc,cpu        ] GC(26) User=0.03s Sys=0.03s Real=0.01s
[2020-12-02T19:26:16.459+0800][gc,start      ] GC(27) Pause Young (Normal) (G1 Evacuation Pause)
[2020-12-02T19:26:16.460+0800][gc,task       ] GC(27) Using 10 workers of 10 for evacuation
[2020-12-02T19:26:16.465+0800][gc,phases     ] GC(27)   Pre Evacuate Collection Set: 0.0ms
[2020-12-02T19:26:16.465+0800][gc,phases     ] GC(27)   Evacuate Collection Set: 4.5ms
[2020-12-02T19:26:16.465+0800][gc,phases     ] GC(27)   Post Evacuate Collection Set: 0.3ms
[2020-12-02T19:26:16.465+0800][gc,phases     ] GC(27)   Other: 1.1ms
[2020-12-02T19:26:16.465+0800][gc,heap       ] GC(27) Eden regions: 397->0(430)
[2020-12-02T19:26:16.465+0800][gc,heap       ] GC(27) Survivor regions: 5->5(51)
[2020-12-02T19:26:16.465+0800][gc,heap       ] GC(27) Old regions: 10->10
[2020-12-02T19:26:16.465+0800][gc,heap       ] GC(27) Humongous regions: 130->130
[2020-12-02T19:26:16.465+0800][gc,metaspace  ] GC(27) Metaspace: 36032K->36032K(1081344K)
[2020-12-02T19:26:16.465+0800][gc            ] GC(27) Pause Young (Normal) (G1 Evacuation Pause) 541M->144M(1024M) 6.008ms
[2020-12-02T19:26:16.465+0800][gc,cpu        ] GC(27) User=0.03s Sys=0.02s Real=0.01s
[2020-12-02T19:35:21.460+0800][gc,start      ] GC(28) Pause Young (Normal) (G1 Evacuation Pause)
[2020-12-02T19:35:21.461+0800][gc,task       ] GC(28) Using 10 workers of 10 for evacuation
[2020-12-02T19:35:21.466+0800][gc,phases     ] GC(28)   Pre Evacuate Collection Set: 0.0ms
[2020-12-02T19:35:21.466+0800][gc,phases     ] GC(28)   Evacuate Collection Set: 4.5ms
[2020-12-02T19:35:21.466+0800][gc,phases     ] GC(28)   Post Evacuate Collection Set: 0.3ms
[2020-12-02T19:35:21.466+0800][gc,phases     ] GC(28)   Other: 1.0ms
[2020-12-02T19:35:21.466+0800][gc,heap       ] GC(28) Eden regions: 430->0(480)
[2020-12-02T19:35:21.466+0800][gc,heap       ] GC(28) Survivor regions: 5->4(55)
[2020-12-02T19:35:21.466+0800][gc,heap       ] GC(28) Old regions: 10->10
[2020-12-02T19:35:21.466+0800][gc,heap       ] GC(28) Humongous regions: 130->130
[2020-12-02T19:35:21.466+0800][gc,metaspace  ] GC(28) Metaspace: 36053K->36053K(1081344K)
[2020-12-02T19:35:21.466+0800][gc            ] GC(28) Pause Young (Normal) (G1 Evacuation Pause) 574M->143M(1024M) 5.890ms
[2020-12-02T19:35:21.466+0800][gc,cpu        ] GC(28) User=0.02s Sys=0.01s Real=0.00s
[2020-12-02T19:45:58.776+0800][gc,start      ] GC(29) Pause Young (Normal) (G1 Evacuation Pause)
[2020-12-02T19:45:58.776+0800][gc,task       ] GC(29) Using 10 workers of 10 for evacuation
[2020-12-02T19:45:58.782+0800][gc,phases     ] GC(29)   Pre Evacuate Collection Set: 0.0ms
[2020-12-02T19:45:58.783+0800][gc,phases     ] GC(29)   Evacuate Collection Set: 5.5ms
[2020-12-02T19:45:58.783+0800][gc,phases     ] GC(29)   Post Evacuate Collection Set: 0.3ms
[2020-12-02T19:45:58.783+0800][gc,phases     ] GC(29)   Other: 1.1ms
[2020-12-02T19:45:58.783+0800][gc,heap       ] GC(29) Eden regions: 480->0(498)
[2020-12-02T19:45:58.783+0800][gc,heap       ] GC(29) Survivor regions: 4->4(61)
[2020-12-02T19:45:58.783+0800][gc,heap       ] GC(29) Old regions: 10->10
[2020-12-02T19:45:58.783+0800][gc,heap       ] GC(29) Humongous regions: 130->130
[2020-12-02T19:45:58.783+0800][gc,metaspace  ] GC(29) Metaspace: 36081K->36081K(1081344K)
[2020-12-02T19:45:58.783+0800][gc            ] GC(29) Pause Young (Normal) (G1 Evacuation Pause) 623M->143M(1024M) 7.105ms
[2020-12-02T19:45:58.783+0800][gc,cpu        ] GC(29) User=0.03s Sys=0.02s Real=0.01s
[2020-12-02T19:57:51.297+0800][gc,start      ] GC(30) Pause Young (Normal) (G1 Evacuation Pause)
[2020-12-02T19:57:51.298+0800][gc,task       ] GC(30) Using 10 workers of 10 for evacuation
[2020-12-02T19:57:51.305+0800][gc,phases     ] GC(30)   Pre Evacuate Collection Set: 0.0ms
[2020-12-02T19:57:51.305+0800][gc,phases     ] GC(30)   Evacuate Collection Set: 7.1ms
[2020-12-02T19:57:51.305+0800][gc,phases     ] GC(30)   Post Evacuate Collection Set: 0.3ms
[2020-12-02T19:57:51.305+0800][gc,phases     ] GC(30)   Other: 1.1ms
[2020-12-02T19:57:51.305+0800][gc,heap       ] GC(30) Eden regions: 498->0(513)
[2020-12-02T19:57:51.305+0800][gc,heap       ] GC(30) Survivor regions: 4->5(63)
[2020-12-02T19:57:51.305+0800][gc,heap       ] GC(30) Old regions: 10->10
[2020-12-02T19:57:51.305+0800][gc,heap       ] GC(30) Humongous regions: 130->130
[2020-12-02T19:57:51.305+0800][gc,metaspace  ] GC(30) Metaspace: 36105K->36105K(1081344K)
[2020-12-02T19:57:51.305+0800][gc            ] GC(30) Pause Young (Normal) (G1 Evacuation Pause) 641M->144M(1024M) 8.669ms
[2020-12-02T19:57:51.305+0800][gc,cpu        ] GC(30) User=0.03s Sys=0.03s Real=0.01s
[2020-12-02T20:08:52.955+0800][gc,start      ] GC(31) Pause Young (Normal) (G1 Evacuation Pause)
[2020-12-02T20:08:52.956+0800][gc,task       ] GC(31) Using 10 workers of 10 for evacuation
[2020-12-02T20:08:52.961+0800][gc,phases     ] GC(31)   Pre Evacuate Collection Set: 0.1ms
[2020-12-02T20:08:52.961+0800][gc,phases     ] GC(31)   Evacuate Collection Set: 4.4ms
[2020-12-02T20:08:52.961+0800][gc,phases     ] GC(31)   Post Evacuate Collection Set: 0.4ms
[2020-12-02T20:08:52.961+0800][gc,phases     ] GC(31)   Other: 1.2ms
[2020-12-02T20:08:52.961+0800][gc,heap       ] GC(31) Eden regions: 513->0(551)
[2020-12-02T20:08:52.961+0800][gc,heap       ] GC(31) Survivor regions: 5->5(65)
[2020-12-02T20:08:52.961+0800][gc,heap       ] GC(31) Old regions: 10->10
[2020-12-02T20:08:52.961+0800][gc,heap       ] GC(31) Humongous regions: 130->130
[2020-12-02T20:08:52.961+0800][gc,metaspace  ] GC(31) Metaspace: 36149K->36149K(1081344K)
[2020-12-02T20:08:52.962+0800][gc            ] GC(31) Pause Young (Normal) (G1 Evacuation Pause) 657M->144M(1024M) 6.219ms
[2020-12-02T20:08:52.962+0800][gc,cpu        ] GC(31) User=0.03s Sys=0.02s Real=0.01s
[2020-12-02T20:20:30.253+0800][gc,start      ] GC(32) Pause Young (Normal) (G1 Evacuation Pause)
[2020-12-02T20:20:30.254+0800][gc,task       ] GC(32) Using 10 workers of 10 for evacuation
[2020-12-02T20:20:30.260+0800][gc,phases     ] GC(32)   Pre Evacuate Collection Set: 0.0ms
[2020-12-02T20:20:30.260+0800][gc,phases     ] GC(32)   Evacuate Collection Set: 4.8ms
[2020-12-02T20:20:30.260+0800][gc,phases     ] GC(32)   Post Evacuate Collection Set: 0.4ms
[2020-12-02T20:20:30.260+0800][gc,phases     ] GC(32)   Other: 1.3ms
[2020-12-02T20:20:30.260+0800][gc,heap       ] GC(32) Eden regions: 551->0(594)
[2020-12-02T20:20:30.260+0800][gc,heap       ] GC(32) Survivor regions: 5->4(70)
[2020-12-02T20:20:30.260+0800][gc,heap       ] GC(32) Old regions: 10->11
[2020-12-02T20:20:30.260+0800][gc,heap       ] GC(32) Humongous regions: 130->130
[2020-12-02T20:20:30.260+0800][gc,metaspace  ] GC(32) Metaspace: 36154K->36154K(1081344K)
[2020-12-02T20:20:30.260+0800][gc            ] GC(32) Pause Young (Normal) (G1 Evacuation Pause) 695M->144M(1024M) 6.774ms
[2020-12-02T20:20:30.260+0800][gc,cpu        ] GC(32) User=0.04s Sys=0.01s Real=0.01s
[2020-12-02T20:32:59.748+0800][gc,start      ] GC(33) Pause Young (Normal) (G1 Evacuation Pause)
[2020-12-02T20:32:59.750+0800][gc,task       ] GC(33) Using 10 workers of 10 for evacuation
[2020-12-02T20:32:59.759+0800][gc,phases     ] GC(33)   Pre Evacuate Collection Set: 0.0ms
[2020-12-02T20:32:59.759+0800][gc,phases     ] GC(33)   Evacuate Collection Set: 8.5ms
[2020-12-02T20:32:59.759+0800][gc,phases     ] GC(33)   Post Evacuate Collection Set: 0.3ms
[2020-12-02T20:32:59.759+0800][gc,phases     ] GC(33)   Other: 1.9ms
[2020-12-02T20:32:59.759+0800][gc,heap       ] GC(33) Eden regions: 594->0(592)
[2020-12-02T20:32:59.759+0800][gc,heap       ] GC(33) Survivor regions: 4->5(75)
[2020-12-02T20:32:59.759+0800][gc,heap       ] GC(33) Old regions: 11->11
[2020-12-02T20:32:59.759+0800][gc,heap       ] GC(33) Humongous regions: 130->130
[2020-12-02T20:32:59.759+0800][gc,metaspace  ] GC(33) Metaspace: 36156K->36156K(1081344K)
[2020-12-02T20:32:59.759+0800][gc            ] GC(33) Pause Young (Normal) (G1 Evacuation Pause) 738M->144M(1024M) 10.838ms
[2020-12-02T20:32:59.759+0800][gc,cpu        ] GC(33) User=0.03s Sys=0.03s Real=0.01s
[2020-12-02T21:14:29.374+0800][gc,start      ] GC(34) Pause Young (Normal) (G1 Evacuation Pause)
[2020-12-02T21:14:29.375+0800][gc,task       ] GC(34) Using 10 workers of 10 for evacuation
[2020-12-02T21:14:29.387+0800][gc,phases     ] GC(34)   Pre Evacuate Collection Set: 0.0ms
[2020-12-02T21:14:29.387+0800][gc,phases     ] GC(34)   Evacuate Collection Set: 12.1ms
[2020-12-02T21:14:29.387+0800][gc,phases     ] GC(34)   Post Evacuate Collection Set: 0.4ms
[2020-12-02T21:14:29.387+0800][gc,phases     ] GC(34)   Other: 0.6ms
[2020-12-02T21:14:29.387+0800][gc,heap       ] GC(34) Eden regions: 592->0(569)
[2020-12-02T21:14:29.387+0800][gc,heap       ] GC(34) Survivor regions: 5->5(75)
[2020-12-02T21:14:29.387+0800][gc,heap       ] GC(34) Old regions: 11->11
[2020-12-02T21:14:29.387+0800][gc,heap       ] GC(34) Humongous regions: 130->130
[2020-12-02T21:14:29.388+0800][gc,metaspace  ] GC(34) Metaspace: 36219K->36219K(1081344K)
[2020-12-02T21:14:29.388+0800][gc            ] GC(34) Pause Young (Normal) (G1 Evacuation Pause) 736M->144M(1024M) 13.330ms
[2020-12-02T21:14:29.388+0800][gc,cpu        ] GC(34) User=0.03s Sys=0.04s Real=0.01s
[2020-12-02T21:51:59.074+0800][gc,start      ] GC(35) Pause Young (Normal) (G1 Evacuation Pause)
[2020-12-02T21:51:59.075+0800][gc,task       ] GC(35) Using 10 workers of 10 for evacuation
[2020-12-02T21:51:59.077+0800][gc,phases     ] GC(35)   Pre Evacuate Collection Set: 0.0ms
[2020-12-02T21:51:59.077+0800][gc,phases     ] GC(35)   Evacuate Collection Set: 1.8ms
[2020-12-02T21:51:59.077+0800][gc,phases     ] GC(35)   Post Evacuate Collection Set: 0.3ms
[2020-12-02T21:51:59.077+0800][gc,phases     ] GC(35)   Other: 1.0ms
[2020-12-02T21:51:59.077+0800][gc,heap       ] GC(35) Eden regions: 568->0(610)
[2020-12-02T21:51:59.078+0800][gc,heap       ] GC(35) Survivor regions: 5->4(72)
[2020-12-02T21:51:59.078+0800][gc,heap       ] GC(35) Old regions: 11->11
[2020-12-02T21:51:59.078+0800][gc,heap       ] GC(35) Humongous regions: 130->130
[2020-12-02T21:51:59.078+0800][gc,metaspace  ] GC(35) Metaspace: 36271K->36271K(1083392K)
[2020-12-02T21:51:59.078+0800][gc            ] GC(35) Pause Young (Normal) (G1 Evacuation Pause) 712M->143M(1024M) 3.121ms
[2020-12-02T21:51:59.078+0800][gc,cpu        ] GC(35) User=0.01s Sys=0.00s Real=0.00s
