[2020-12-02T14:49:03.228+0800][gc,heap] Heap region size: 1M
[2020-12-02T14:49:03.237+0800][gc     ] Using G1
[2020-12-02T14:49:03.237+0800][gc,heap,coops] Heap address: 0x00000007c0000000, size: 1024 MB, Compressed Oops mode: Zero based, Oop shift amount: 3
[2020-12-02T14:49:04.608+0800][gc,start     ] GC(0) Pause Young (Concurrent Start) (Metadata GC Threshold)
[2020-12-02T14:49:04.609+0800][gc,task      ] GC(0) Using 10 workers of 10 for evacuation
[2020-12-02T14:49:04.614+0800][gc,phases    ] GC(0)   Pre Evacuate Collection Set: 0.0ms
[2020-12-02T14:49:04.614+0800][gc,phases    ] GC(0)   Evacuate Collection Set: 4.7ms
[2020-12-02T14:49:04.614+0800][gc,phases    ] GC(0)   Post Evacuate Collection Set: 0.3ms
[2020-12-02T14:49:04.614+0800][gc,phases    ] GC(0)   Other: 0.7ms
[2020-12-02T14:49:04.614+0800][gc,heap      ] GC(0) Eden regions: 40->0(44)
[2020-12-02T14:49:04.614+0800][gc,heap      ] GC(0) Survivor regions: 0->7(7)
[2020-12-02T14:49:04.614+0800][gc,heap      ] GC(0) Old regions: 0->0
[2020-12-02T14:49:04.614+0800][gc,heap      ] GC(0) Humongous regions: 1->1
[2020-12-02T14:49:04.614+0800][gc,metaspace ] GC(0) Metaspace: 20667K->20667K(1069056K)
[2020-12-02T14:49:04.614+0800][gc           ] GC(0) Pause Young (Concurrent Start) (Metadata GC Threshold) 41M->7M(1024M) 5.843ms
[2020-12-02T14:49:04.614+0800][gc,cpu       ] GC(0) User=0.03s Sys=0.00s Real=0.01s
[2020-12-02T14:49:04.614+0800][gc           ] GC(1) Concurrent Cycle
[2020-12-02T14:49:04.614+0800][gc,marking   ] GC(1) Concurrent Clear Claimed Marks
[2020-12-02T14:49:04.614+0800][gc,marking   ] GC(1) Concurrent Clear Claimed Marks 0.026ms
[2020-12-02T14:49:04.614+0800][gc,marking   ] GC(1) Concurrent Scan Root Regions
[2020-12-02T14:49:04.616+0800][gc,marking   ] GC(1) Concurrent Scan Root Regions 1.421ms
[2020-12-02T14:49:04.616+0800][gc,marking   ] GC(1) Concurrent Mark (1.416s)
[2020-12-02T14:49:04.616+0800][gc,marking   ] GC(1) Concurrent Mark From Roots
[2020-12-02T14:49:04.616+0800][gc,task      ] GC(1) Using 3 workers of 3 for marking
[2020-12-02T14:49:04.616+0800][gc,marking   ] GC(1) Concurrent Mark From Roots 0.167ms
[2020-12-02T14:49:04.616+0800][gc,marking   ] GC(1) Concurrent Preclean
[2020-12-02T14:49:04.616+0800][gc,marking   ] GC(1) Concurrent Preclean 0.033ms
[2020-12-02T14:49:04.616+0800][gc,marking   ] GC(1) Concurrent Mark (1.416s, 1.416s) 0.255ms
[2020-12-02T14:49:04.616+0800][gc,start     ] GC(1) Pause Remark
[2020-12-02T14:49:04.617+0800][gc,stringtable] GC(1) Cleaned string and symbol table, strings: 7878 processed, 0 removed, symbols: 66349 processed, 37 removed
[2020-12-02T14:49:04.617+0800][gc            ] GC(1) Pause Remark 7M->7M(1024M) 1.035ms
[2020-12-02T14:49:04.617+0800][gc,cpu        ] GC(1) User=0.01s Sys=0.01s Real=0.00s
[2020-12-02T14:49:04.617+0800][gc,marking    ] GC(1) Concurrent Rebuild Remembered Sets
[2020-12-02T14:49:04.617+0800][gc,marking    ] GC(1) Concurrent Rebuild Remembered Sets 0.084ms
[2020-12-02T14:49:04.618+0800][gc,start      ] GC(1) Pause Cleanup
[2020-12-02T14:49:04.618+0800][gc            ] GC(1) Pause Cleanup 7M->7M(1024M) 0.151ms
[2020-12-02T14:49:04.618+0800][gc,cpu        ] GC(1) User=0.00s Sys=0.00s Real=0.00s
[2020-12-02T14:49:04.618+0800][gc,marking    ] GC(1) Concurrent Cleanup for Next Mark
[2020-12-02T14:49:04.622+0800][gc,marking    ] GC(1) Concurrent Cleanup for Next Mark 4.304ms
[2020-12-02T14:49:04.622+0800][gc            ] GC(1) Concurrent Cycle 7.892ms
[2020-12-02T14:49:05.430+0800][gc,start      ] GC(2) Pause Young (Normal) (GCLocker Initiated GC)
[2020-12-02T14:49:05.430+0800][gc,task       ] GC(2) Using 10 workers of 10 for evacuation
[2020-12-02T14:49:05.437+0800][gc,phases     ] GC(2)   Pre Evacuate Collection Set: 0.0ms
[2020-12-02T14:49:05.437+0800][gc,phases     ] GC(2)   Evacuate Collection Set: 6.4ms
[2020-12-02T14:49:05.437+0800][gc,phases     ] GC(2)   Post Evacuate Collection Set: 0.4ms
[2020-12-02T14:49:05.437+0800][gc,phases     ] GC(2)   Other: 0.2ms
[2020-12-02T14:49:05.437+0800][gc,heap       ] GC(2) Eden regions: 44->0(47)
[2020-12-02T14:49:05.437+0800][gc,heap       ] GC(2) Survivor regions: 7->4(7)
[2020-12-02T14:49:05.437+0800][gc,heap       ] GC(2) Old regions: 0->6
[2020-12-02T14:49:05.437+0800][gc,heap       ] GC(2) Humongous regions: 130->130
[2020-12-02T14:49:05.437+0800][gc,metaspace  ] GC(2) Metaspace: 29917K->29917K(1077248K)
[2020-12-02T14:49:05.437+0800][gc            ] GC(2) Pause Young (Normal) (GCLocker Initiated GC) 180M->139M(1024M) 7.271ms
[2020-12-02T14:49:05.437+0800][gc,cpu        ] GC(2) User=0.04s Sys=0.01s Real=0.00s
[2020-12-02T14:57:04.104+0800][gc,start      ] GC(3) Pause Young (Normal) (G1 Evacuation Pause)
[2020-12-02T14:57:04.104+0800][gc,task       ] GC(3) Using 10 workers of 10 for evacuation
[2020-12-02T14:57:04.113+0800][gc,phases     ] GC(3)   Pre Evacuate Collection Set: 0.0ms
[2020-12-02T14:57:04.113+0800][gc,phases     ] GC(3)   Evacuate Collection Set: 8.2ms
[2020-12-02T14:57:04.113+0800][gc,phases     ] GC(3)   Post Evacuate Collection Set: 0.3ms
[2020-12-02T14:57:04.113+0800][gc,phases     ] GC(3)   Other: 0.5ms
[2020-12-02T14:57:04.113+0800][gc,heap       ] GC(3) Eden regions: 47->0(45)
[2020-12-02T14:57:04.113+0800][gc,heap       ] GC(3) Survivor regions: 4->6(7)
[2020-12-02T14:57:04.113+0800][gc,heap       ] GC(3) Old regions: 6->6
[2020-12-02T14:57:04.113+0800][gc,heap       ] GC(3) Humongous regions: 130->130
[2020-12-02T14:57:04.113+0800][gc,metaspace  ] GC(3) Metaspace: 34212K->34212K(1081344K)
[2020-12-02T14:57:04.113+0800][gc            ] GC(3) Pause Young (Normal) (G1 Evacuation Pause) 186M->141M(1024M) 9.139ms
[2020-12-02T14:57:04.113+0800][gc,cpu        ] GC(3) User=0.03s Sys=0.03s Real=0.01s
[2020-12-02T14:58:07.280+0800][gc,start      ] GC(4) Pause Young (Normal) (G1 Evacuation Pause)
[2020-12-02T14:58:07.281+0800][gc,task       ] GC(4) Using 10 workers of 10 for evacuation
[2020-12-02T14:58:07.286+0800][gc,phases     ] GC(4)   Pre Evacuate Collection Set: 0.0ms
[2020-12-02T14:58:07.286+0800][gc,phases     ] GC(4)   Evacuate Collection Set: 4.4ms
[2020-12-02T14:58:07.286+0800][gc,phases     ] GC(4)   Post Evacuate Collection Set: 0.3ms
[2020-12-02T14:58:07.286+0800][gc,phases     ] GC(4)   Other: 1.2ms
[2020-12-02T14:58:07.286+0800][gc,heap       ] GC(4) Eden regions: 45->0(48)
[2020-12-02T14:58:07.286+0800][gc,heap       ] GC(4) Survivor regions: 6->3(7)
[2020-12-02T14:58:07.286+0800][gc,heap       ] GC(4) Old regions: 6->9
[2020-12-02T14:58:07.286+0800][gc,heap       ] GC(4) Humongous regions: 130->130
[2020-12-02T14:58:07.286+0800][gc,metaspace  ] GC(4) Metaspace: 34261K->34261K(1081344K)
[2020-12-02T14:58:07.286+0800][gc            ] GC(4) Pause Young (Normal) (G1 Evacuation Pause) 186M->141M(1024M) 6.010ms
[2020-12-02T14:58:07.286+0800][gc,cpu        ] GC(4) User=0.04s Sys=0.01s Real=0.00s
[2020-12-02T14:59:23.003+0800][gc,start      ] GC(5) Pause Young (Normal) (G1 Evacuation Pause)
[2020-12-02T14:59:23.004+0800][gc,task       ] GC(5) Using 10 workers of 10 for evacuation
[2020-12-02T14:59:23.006+0800][gc,phases     ] GC(5)   Pre Evacuate Collection Set: 0.0ms
[2020-12-02T14:59:23.006+0800][gc,phases     ] GC(5)   Evacuate Collection Set: 2.2ms
[2020-12-02T14:59:23.006+0800][gc,phases     ] GC(5)   Post Evacuate Collection Set: 0.2ms
[2020-12-02T14:59:23.006+0800][gc,phases     ] GC(5)   Other: 0.3ms
[2020-12-02T14:59:23.006+0800][gc,heap       ] GC(5) Eden regions: 48->0(48)
[2020-12-02T14:59:23.006+0800][gc,heap       ] GC(5) Survivor regions: 3->3(7)
[2020-12-02T14:59:23.006+0800][gc,heap       ] GC(5) Old regions: 9->9
[2020-12-02T14:59:23.006+0800][gc,heap       ] GC(5) Humongous regions: 130->130
[2020-12-02T14:59:23.006+0800][gc,metaspace  ] GC(5) Metaspace: 34283K->34283K(1081344K)
[2020-12-02T14:59:23.006+0800][gc            ] GC(5) Pause Young (Normal) (G1 Evacuation Pause) 189M->140M(1024M) 2.800ms
[2020-12-02T14:59:23.006+0800][gc,cpu        ] GC(5) User=0.02s Sys=0.00s Real=0.00s
[2020-12-02T15:00:42.349+0800][gc,start      ] GC(6) Pause Young (Normal) (G1 Evacuation Pause)
[2020-12-02T15:00:42.350+0800][gc,task       ] GC(6) Using 10 workers of 10 for evacuation
[2020-12-02T15:00:42.352+0800][gc,phases     ] GC(6)   Pre Evacuate Collection Set: 0.0ms
[2020-12-02T15:00:42.353+0800][gc,phases     ] GC(6)   Evacuate Collection Set: 2.4ms
[2020-12-02T15:00:42.353+0800][gc,phases     ] GC(6)   Post Evacuate Collection Set: 0.2ms
[2020-12-02T15:00:42.353+0800][gc,phases     ] GC(6)   Other: 1.0ms
[2020-12-02T15:00:42.353+0800][gc,heap       ] GC(6) Eden regions: 48->0(47)
[2020-12-02T15:00:42.353+0800][gc,heap       ] GC(6) Survivor regions: 3->4(7)
[2020-12-02T15:00:42.353+0800][gc,heap       ] GC(6) Old regions: 9->9
[2020-12-02T15:00:42.353+0800][gc,heap       ] GC(6) Humongous regions: 130->130
[2020-12-02T15:00:42.353+0800][gc,metaspace  ] GC(6) Metaspace: 34317K->34317K(1081344K)
[2020-12-02T15:00:42.353+0800][gc            ] GC(6) Pause Young (Normal) (G1 Evacuation Pause) 188M->141M(1024M) 3.732ms
[2020-12-02T15:00:42.353+0800][gc,cpu        ] GC(6) User=0.02s Sys=0.00s Real=0.01s
[2020-12-02T15:02:01.085+0800][gc,start      ] GC(7) Pause Young (Normal) (G1 Evacuation Pause)
[2020-12-02T15:02:01.085+0800][gc,task       ] GC(7) Using 10 workers of 10 for evacuation
[2020-12-02T15:02:01.088+0800][gc,phases     ] GC(7)   Pre Evacuate Collection Set: 0.0ms
[2020-12-02T15:02:01.088+0800][gc,phases     ] GC(7)   Evacuate Collection Set: 2.6ms
[2020-12-02T15:02:01.088+0800][gc,phases     ] GC(7)   Post Evacuate Collection Set: 0.2ms
[2020-12-02T15:02:01.088+0800][gc,phases     ] GC(7)   Other: 0.2ms
[2020-12-02T15:02:01.088+0800][gc,heap       ] GC(7) Eden regions: 47->0(57)
[2020-12-02T15:02:01.088+0800][gc,heap       ] GC(7) Survivor regions: 4->4(7)
[2020-12-02T15:02:01.088+0800][gc,heap       ] GC(7) Old regions: 9->9
[2020-12-02T15:02:01.088+0800][gc,heap       ] GC(7) Humongous regions: 130->130
[2020-12-02T15:02:01.088+0800][gc,metaspace  ] GC(7) Metaspace: 34324K->34324K(1081344K)
[2020-12-02T15:02:01.088+0800][gc            ] GC(7) Pause Young (Normal) (G1 Evacuation Pause) 188M->141M(1024M) 3.244ms
[2020-12-02T15:02:01.088+0800][gc,cpu        ] GC(7) User=0.03s Sys=0.00s Real=0.00s
[2020-12-02T15:03:37.848+0800][gc,start      ] GC(8) Pause Young (Normal) (G1 Evacuation Pause)
[2020-12-02T15:03:37.848+0800][gc,task       ] GC(8) Using 10 workers of 10 for evacuation
[2020-12-02T15:03:37.851+0800][gc,phases     ] GC(8)   Pre Evacuate Collection Set: 0.0ms
[2020-12-02T15:03:37.851+0800][gc,phases     ] GC(8)   Evacuate Collection Set: 2.1ms
[2020-12-02T15:03:37.851+0800][gc,phases     ] GC(8)   Post Evacuate Collection Set: 0.2ms
[2020-12-02T15:03:37.851+0800][gc,phases     ] GC(8)   Other: 0.2ms
[2020-12-02T15:03:37.851+0800][gc,heap       ] GC(8) Eden regions: 57->0(504)
[2020-12-02T15:03:37.851+0800][gc,heap       ] GC(8) Survivor regions: 4->3(8)
[2020-12-02T15:03:37.851+0800][gc,heap       ] GC(8) Old regions: 9->9
[2020-12-02T15:03:37.851+0800][gc,heap       ] GC(8) Humongous regions: 130->130
[2020-12-02T15:03:37.851+0800][gc,metaspace  ] GC(8) Metaspace: 34333K->34333K(1081344K)
[2020-12-02T15:03:37.851+0800][gc            ] GC(8) Pause Young (Normal) (G1 Evacuation Pause) 198M->141M(1024M) 2.654ms
[2020-12-02T15:03:37.851+0800][gc,cpu        ] GC(8) User=0.01s Sys=0.00s Real=0.01s
[2020-12-02T15:17:52.394+0800][gc,start      ] GC(9) Pause Young (Normal) (G1 Evacuation Pause)
[2020-12-02T15:17:52.395+0800][gc,task       ] GC(9) Using 10 workers of 10 for evacuation
[2020-12-02T15:17:52.400+0800][gc,phases     ] GC(9)   Pre Evacuate Collection Set: 0.0ms
[2020-12-02T15:17:52.400+0800][gc,phases     ] GC(9)   Evacuate Collection Set: 3.5ms
[2020-12-02T15:17:52.400+0800][gc,phases     ] GC(9)   Post Evacuate Collection Set: 1.0ms
[2020-12-02T15:17:52.400+0800][gc,phases     ] GC(9)   Other: 1.5ms
[2020-12-02T15:17:52.400+0800][gc,heap       ] GC(9) Eden regions: 504->0(516)
[2020-12-02T15:17:52.400+0800][gc,heap       ] GC(9) Survivor regions: 3->4(64)
[2020-12-02T15:17:52.400+0800][gc,heap       ] GC(9) Old regions: 9->9
[2020-12-02T15:17:52.400+0800][gc,heap       ] GC(9) Humongous regions: 130->130
[2020-12-02T15:17:52.400+0800][gc,metaspace  ] GC(9) Metaspace: 34439K->34439K(1081344K)
[2020-12-02T15:17:52.400+0800][gc            ] GC(9) Pause Young (Normal) (G1 Evacuation Pause) 645M->141M(1024M) 6.058ms
[2020-12-02T15:17:52.400+0800][gc,cpu        ] GC(9) User=0.02s Sys=0.00s Real=0.01s
[2020-12-02T15:32:28.631+0800][gc,start      ] GC(10) Pause Young (Normal) (G1 Evacuation Pause)
[2020-12-02T15:32:28.632+0800][gc,task       ] GC(10) Using 10 workers of 10 for evacuation
[2020-12-02T15:32:28.636+0800][gc,phases     ] GC(10)   Pre Evacuate Collection Set: 0.0ms
[2020-12-02T15:32:28.636+0800][gc,phases     ] GC(10)   Evacuate Collection Set: 3.4ms
[2020-12-02T15:32:28.636+0800][gc,phases     ] GC(10)   Post Evacuate Collection Set: 0.5ms
[2020-12-02T15:32:28.636+0800][gc,phases     ] GC(10)   Other: 1.1ms
[2020-12-02T15:32:28.637+0800][gc,heap       ] GC(10) Eden regions: 516->0(611)
[2020-12-02T15:32:28.637+0800][gc,heap       ] GC(10) Survivor regions: 4->3(65)
[2020-12-02T15:32:28.637+0800][gc,heap       ] GC(10) Old regions: 9->9
[2020-12-02T15:32:28.637+0800][gc,heap       ] GC(10) Humongous regions: 130->130
[2020-12-02T15:32:28.637+0800][gc,metaspace  ] GC(10) Metaspace: 34495K->34495K(1081344K)
[2020-12-02T15:32:28.637+0800][gc            ] GC(10) Pause Young (Normal) (G1 Evacuation Pause) 657M->141M(1024M) 5.164ms
[2020-12-02T15:32:28.637+0800][gc,cpu        ] GC(10) User=0.02s Sys=0.00s Real=0.00s
[2020-12-02T15:49:47.404+0800][gc,start      ] GC(11) Pause Young (Normal) (G1 Evacuation Pause)
[2020-12-02T15:49:47.404+0800][gc,task       ] GC(11) Using 10 workers of 10 for evacuation
[2020-12-02T15:49:47.407+0800][gc,phases     ] GC(11)   Pre Evacuate Collection Set: 0.0ms
[2020-12-02T15:49:47.407+0800][gc,phases     ] GC(11)   Evacuate Collection Set: 2.2ms
[2020-12-02T15:49:47.407+0800][gc,phases     ] GC(11)   Post Evacuate Collection Set: 0.5ms
[2020-12-02T15:49:47.407+0800][gc,phases     ] GC(11)   Other: 1.0ms
[2020-12-02T15:49:47.407+0800][gc,heap       ] GC(11) Eden regions: 611->0(611)
[2020-12-02T15:49:47.407+0800][gc,heap       ] GC(11) Survivor regions: 3->3(77)
[2020-12-02T15:49:47.407+0800][gc,heap       ] GC(11) Old regions: 9->9
[2020-12-02T15:49:47.407+0800][gc,heap       ] GC(11) Humongous regions: 130->130
[2020-12-02T15:49:47.407+0800][gc,metaspace  ] GC(11) Metaspace: 34616K->34616K(1081344K)
[2020-12-02T15:49:47.408+0800][gc            ] GC(11) Pause Young (Normal) (G1 Evacuation Pause) 752M->141M(1024M) 3.832ms
[2020-12-02T15:49:47.408+0800][gc,cpu        ] GC(11) User=0.02s Sys=0.00s Real=0.00s
[2020-12-02T16:01:12.674+0800][gc,start      ] GC(12) Pause Young (Concurrent Start) (Metadata GC Threshold)
[2020-12-02T16:01:12.675+0800][gc,task       ] GC(12) Using 10 workers of 10 for evacuation
[2020-12-02T16:01:12.679+0800][gc,phases     ] GC(12)   Pre Evacuate Collection Set: 0.0ms
[2020-12-02T16:01:12.679+0800][gc,phases     ] GC(12)   Evacuate Collection Set: 3.6ms
[2020-12-02T16:01:12.679+0800][gc,phases     ] GC(12)   Post Evacuate Collection Set: 0.3ms
[2020-12-02T16:01:12.679+0800][gc,phases     ] GC(12)   Other: 1.0ms
[2020-12-02T16:01:12.679+0800][gc,heap       ] GC(12) Eden regions: 232->0(610)
[2020-12-02T16:01:12.679+0800][gc,heap       ] GC(12) Survivor regions: 3->4(77)
[2020-12-02T16:01:12.680+0800][gc,heap       ] GC(12) Old regions: 9->9
[2020-12-02T16:01:12.680+0800][gc,heap       ] GC(12) Humongous regions: 130->130
[2020-12-02T16:01:12.680+0800][gc,metaspace  ] GC(12) Metaspace: 34797K->34797K(1081344K)
[2020-12-02T16:01:12.680+0800][gc            ] GC(12) Pause Young (Concurrent Start) (Metadata GC Threshold) 372M->141M(1024M) 5.074ms
[2020-12-02T16:01:12.680+0800][gc,cpu        ] GC(12) User=0.03s Sys=0.00s Real=0.01s
[2020-12-02T16:01:12.680+0800][gc            ] GC(13) Concurrent Cycle
[2020-12-02T16:01:12.680+0800][gc,marking    ] GC(13) Concurrent Clear Claimed Marks
[2020-12-02T16:01:12.680+0800][gc,marking    ] GC(13) Concurrent Clear Claimed Marks 0.050ms
[2020-12-02T16:01:12.680+0800][gc,marking    ] GC(13) Concurrent Scan Root Regions
[2020-12-02T16:01:12.681+0800][gc,marking    ] GC(13) Concurrent Scan Root Regions 1.576ms
[2020-12-02T16:01:12.681+0800][gc,marking    ] GC(13) Concurrent Mark (4329.473s)
[2020-12-02T16:01:12.681+0800][gc,marking    ] GC(13) Concurrent Mark From Roots
[2020-12-02T16:01:12.681+0800][gc,task       ] GC(13) Using 3 workers of 3 for marking
[2020-12-02T16:01:12.688+0800][gc,marking    ] GC(13) Concurrent Mark From Roots 6.213ms
[2020-12-02T16:01:12.688+0800][gc,marking    ] GC(13) Concurrent Preclean
[2020-12-02T16:01:12.688+0800][gc,marking    ] GC(13) Concurrent Preclean 0.116ms
[2020-12-02T16:01:12.688+0800][gc,marking    ] GC(13) Concurrent Mark (4329.473s, 4329.479s) 6.417ms
[2020-12-02T16:01:12.688+0800][gc,start      ] GC(13) Pause Remark
[2020-12-02T16:01:12.715+0800][gc,stringtable] GC(13) Cleaned string and symbol table, strings: 14772 processed, 293 removed, symbols: 93974 processed, 17 removed
[2020-12-02T16:01:12.715+0800][gc,mmu        ] GC(13) MMU target violated: 21.0ms (20.0ms/21.0ms)
[2020-12-02T16:01:12.715+0800][gc            ] GC(13) Pause Remark 146M->146M(1024M) 27.492ms
[2020-12-02T16:01:12.715+0800][gc,cpu        ] GC(13) User=0.03s Sys=0.10s Real=0.03s
[2020-12-02T16:01:12.715+0800][gc,marking    ] GC(13) Concurrent Rebuild Remembered Sets
[2020-12-02T16:01:12.718+0800][gc,marking    ] GC(13) Concurrent Rebuild Remembered Sets 2.988ms
[2020-12-02T16:01:12.719+0800][gc,start      ] GC(13) Pause Cleanup
[2020-12-02T16:01:12.719+0800][gc            ] GC(13) Pause Cleanup 146M->146M(1024M) 0.162ms
[2020-12-02T16:01:12.719+0800][gc,cpu        ] GC(13) User=0.00s Sys=0.00s Real=0.00s
[2020-12-02T16:01:12.719+0800][gc,marking    ] GC(13) Concurrent Cleanup for Next Mark
[2020-12-02T16:01:12.723+0800][gc,marking    ] GC(13) Concurrent Cleanup for Next Mark 4.292ms
[2020-12-02T16:01:12.723+0800][gc            ] GC(13) Concurrent Cycle 43.535ms
[2020-12-02T16:18:21.252+0800][gc,start      ] GC(14) Pause Young (Normal) (G1 Evacuation Pause)
[2020-12-02T16:18:21.252+0800][gc,task       ] GC(14) Using 10 workers of 10 for evacuation
[2020-12-02T16:18:21.256+0800][gc,phases     ] GC(14)   Pre Evacuate Collection Set: 0.0ms
[2020-12-02T16:18:21.256+0800][gc,phases     ] GC(14)   Evacuate Collection Set: 3.1ms
[2020-12-02T16:18:21.256+0800][gc,phases     ] GC(14)   Post Evacuate Collection Set: 0.7ms
[2020-12-02T16:18:21.256+0800][gc,phases     ] GC(14)   Other: 1.1ms
[2020-12-02T16:18:21.256+0800][gc,heap       ] GC(14) Eden regions: 610->0(610)
[2020-12-02T16:18:21.256+0800][gc,heap       ] GC(14) Survivor regions: 4->4(77)
[2020-12-02T16:18:21.257+0800][gc,heap       ] GC(14) Old regions: 9->9
[2020-12-02T16:18:21.257+0800][gc,heap       ] GC(14) Humongous regions: 130->130
[2020-12-02T16:18:21.257+0800][gc,metaspace  ] GC(14) Metaspace: 34777K->34777K(1081344K)
[2020-12-02T16:18:21.257+0800][gc            ] GC(14) Pause Young (Normal) (G1 Evacuation Pause) 751M->142M(1024M) 4.951ms
[2020-12-02T16:18:21.257+0800][gc,cpu        ] GC(14) User=0.03s Sys=0.00s Real=0.00s
[2020-12-02T16:35:21.136+0800][gc,start      ] GC(15) Pause Young (Normal) (G1 Evacuation Pause)
[2020-12-02T16:35:21.137+0800][gc,task       ] GC(15) Using 10 workers of 10 for evacuation
[2020-12-02T16:35:21.142+0800][gc,phases     ] GC(15)   Pre Evacuate Collection Set: 0.0ms
[2020-12-02T16:35:21.142+0800][gc,phases     ] GC(15)   Evacuate Collection Set: 4.7ms
[2020-12-02T16:35:21.142+0800][gc,phases     ] GC(15)   Post Evacuate Collection Set: 0.5ms
[2020-12-02T16:35:21.142+0800][gc,phases     ] GC(15)   Other: 0.7ms
[2020-12-02T16:35:21.142+0800][gc,heap       ] GC(15) Eden regions: 610->0(610)
[2020-12-02T16:35:21.142+0800][gc,heap       ] GC(15) Survivor regions: 4->4(77)
[2020-12-02T16:35:21.142+0800][gc,heap       ] GC(15) Old regions: 9->9
[2020-12-02T16:35:21.142+0800][gc,heap       ] GC(15) Humongous regions: 130->130
[2020-12-02T16:35:21.142+0800][gc,metaspace  ] GC(15) Metaspace: 35492K->35492K(1081344K)
[2020-12-02T16:35:21.143+0800][gc            ] GC(15) Pause Young (Normal) (G1 Evacuation Pause) 752M->142M(1024M) 6.351ms
[2020-12-02T16:35:21.143+0800][gc,cpu        ] GC(15) User=0.02s Sys=0.01s Real=0.01s
[2020-12-02T16:52:27.615+0800][gc,start      ] GC(16) Pause Young (Normal) (G1 Evacuation Pause)
[2020-12-02T16:52:27.616+0800][gc,task       ] GC(16) Using 10 workers of 10 for evacuation
[2020-12-02T16:52:27.620+0800][gc,phases     ] GC(16)   Pre Evacuate Collection Set: 0.0ms
[2020-12-02T16:52:27.620+0800][gc,phases     ] GC(16)   Evacuate Collection Set: 3.5ms
[2020-12-02T16:52:27.620+0800][gc,phases     ] GC(16)   Post Evacuate Collection Set: 0.5ms
[2020-12-02T16:52:27.620+0800][gc,phases     ] GC(16)   Other: 1.3ms
[2020-12-02T16:52:27.620+0800][gc,heap       ] GC(16) Eden regions: 610->0(610)
[2020-12-02T16:52:27.620+0800][gc,heap       ] GC(16) Survivor regions: 4->4(77)
[2020-12-02T16:52:27.620+0800][gc,heap       ] GC(16) Old regions: 9->9
[2020-12-02T16:52:27.620+0800][gc,heap       ] GC(16) Humongous regions: 130->130
[2020-12-02T16:52:27.620+0800][gc,metaspace  ] GC(16) Metaspace: 35555K->35555K(1081344K)
[2020-12-02T16:52:27.620+0800][gc            ] GC(16) Pause Young (Normal) (G1 Evacuation Pause) 752M->142M(1024M) 5.447ms
[2020-12-02T16:52:27.620+0800][gc,cpu        ] GC(16) User=0.03s Sys=0.00s Real=0.01s
[2020-12-02T17:07:11.708+0800][gc,start      ] GC(17) Pause Young (Normal) (G1 Evacuation Pause)
[2020-12-02T17:07:11.708+0800][gc,task       ] GC(17) Using 10 workers of 10 for evacuation
[2020-12-02T17:07:11.712+0800][gc,phases     ] GC(17)   Pre Evacuate Collection Set: 0.1ms
[2020-12-02T17:07:11.712+0800][gc,phases     ] GC(17)   Evacuate Collection Set: 2.8ms
[2020-12-02T17:07:11.712+0800][gc,phases     ] GC(17)   Post Evacuate Collection Set: 0.5ms
[2020-12-02T17:07:11.712+0800][gc,phases     ] GC(17)   Other: 0.9ms
[2020-12-02T17:07:11.712+0800][gc,heap       ] GC(17) Eden regions: 610->0(609)
[2020-12-02T17:07:11.712+0800][gc,heap       ] GC(17) Survivor regions: 4->5(77)
[2020-12-02T17:07:11.712+0800][gc,heap       ] GC(17) Old regions: 9->9
[2020-12-02T17:07:11.712+0800][gc,heap       ] GC(17) Humongous regions: 130->130
[2020-12-02T17:07:11.712+0800][gc,metaspace  ] GC(17) Metaspace: 35642K->35642K(1081344K)
[2020-12-02T17:07:11.712+0800][gc            ] GC(17) Pause Young (Normal) (G1 Evacuation Pause) 752M->142M(1024M) 4.498ms
[2020-12-02T17:07:11.712+0800][gc,cpu        ] GC(17) User=0.03s Sys=0.01s Real=0.01s
[2020-12-02T17:21:39.560+0800][gc,start      ] GC(18) Pause Young (Normal) (G1 Evacuation Pause)
[2020-12-02T17:21:39.560+0800][gc,task       ] GC(18) Using 10 workers of 10 for evacuation
[2020-12-02T17:21:39.564+0800][gc,phases     ] GC(18)   Pre Evacuate Collection Set: 0.0ms
[2020-12-02T17:21:39.564+0800][gc,phases     ] GC(18)   Evacuate Collection Set: 2.7ms
[2020-12-02T17:21:39.564+0800][gc,phases     ] GC(18)   Post Evacuate Collection Set: 0.5ms
[2020-12-02T17:21:39.564+0800][gc,phases     ] GC(18)   Other: 1.0ms
[2020-12-02T17:21:39.564+0800][gc,heap       ] GC(18) Eden regions: 609->0(609)
[2020-12-02T17:21:39.564+0800][gc,heap       ] GC(18) Survivor regions: 5->5(77)
[2020-12-02T17:21:39.564+0800][gc,heap       ] GC(18) Old regions: 9->9
[2020-12-02T17:21:39.564+0800][gc,heap       ] GC(18) Humongous regions: 130->130
[2020-12-02T17:21:39.564+0800][gc,metaspace  ] GC(18) Metaspace: 35651K->35651K(1081344K)
[2020-12-02T17:21:39.564+0800][gc            ] GC(18) Pause Young (Normal) (G1 Evacuation Pause) 751M->142M(1024M) 4.414ms
[2020-12-02T17:21:39.564+0800][gc,cpu        ] GC(18) User=0.02s Sys=0.00s Real=0.00s
[2020-12-02T17:30:07.496+0800][gc,heap,exit  ] Heap
[2020-12-02T17:30:07.496+0800][gc,heap,exit  ]  garbage-first heap   total 1048576K, used 494214K [0x00000007c0000000, 0x0000000800000000)
[2020-12-02T17:30:07.496+0800][gc,heap,exit  ]   region size 1024K, 346 young (354304K), 5 survivors (5120K)
[2020-12-02T17:30:07.496+0800][gc,heap,exit  ]  Metaspace       used 36291K, capacity 36564K, committed 37552K, reserved 1083392K
[2020-12-02T17:30:07.496+0800][gc,heap,exit  ]   class space    used 4443K, capacity 4532K, committed 4608K, reserved 1048576K
