[2020-11-06T08:23:19.703+0800][gc,start      ] GC(87) Pause Young (Normal) (G1 Evacuation Pause)
[2020-11-06T08:23:19.704+0800][gc,task       ] GC(87) Using 10 workers of 10 for evacuation
[2020-11-06T08:23:19.718+0800][gc,phases     ] GC(87)   Pre Evacuate Collection Set: 0.0ms
[2020-11-06T08:23:19.718+0800][gc,phases     ] GC(87)   Evacuate Collection Set: 13.8ms
[2020-11-06T08:23:19.718+0800][gc,phases     ] GC(87)   Post Evacuate Collection Set: 0.3ms
[2020-11-06T08:23:19.718+0800][gc,phases     ] GC(87)   Other: 0.5ms
[2020-11-06T08:23:19.718+0800][gc,heap       ] GC(87) Eden regions: 572->0(577)
[2020-11-06T08:23:19.718+0800][gc,heap       ] GC(87) Survivor regions: 5->5(73)
[2020-11-06T08:23:19.718+0800][gc,heap       ] GC(87) Old regions: 13->13
[2020-11-06T08:23:19.718+0800][gc,heap       ] GC(87) Humongous regions: 130->130
[2020-11-06T08:23:19.718+0800][gc,metaspace  ] GC(87) Metaspace: 37053K->37053K(1083392K)
[2020-11-06T08:23:19.718+0800][gc            ] GC(87) Pause Young (Normal) (G1 Evacuation Pause) 719M->147M(1024M) 14.709ms
[2020-11-06T08:23:19.718+0800][gc,cpu        ] GC(87) User=0.04s Sys=0.05s Real=0.01s
[2020-11-06T08:31:46.916+0800][gc,start      ] GC(88) Pause Young (Normal) (G1 Evacuation Pause)
[2020-11-06T08:31:46.916+0800][gc,task       ] GC(88) Using 10 workers of 10 for evacuation
[2020-11-06T08:31:46.929+0800][gc,phases     ] GC(88)   Pre Evacuate Collection Set: 0.0ms
[2020-11-06T08:31:46.929+0800][gc,phases     ] GC(88)   Evacuate Collection Set: 12.0ms
[2020-11-06T08:31:46.929+0800][gc,phases     ] GC(88)   Post Evacuate Collection Set: 0.3ms
[2020-11-06T08:31:46.929+0800][gc,phases     ] GC(88)   Other: 1.1ms
[2020-11-06T08:31:46.929+0800][gc,heap       ] GC(88) Eden regions: 577->0(584)
[2020-11-06T08:31:46.929+0800][gc,heap       ] GC(88) Survivor regions: 5->4(73)
[2020-11-06T08:31:46.929+0800][gc,heap       ] GC(88) Old regions: 13->13
[2020-11-06T08:31:46.929+0800][gc,heap       ] GC(88) Humongous regions: 130->130
[2020-11-06T08:31:46.929+0800][gc,metaspace  ] GC(88) Metaspace: 37055K->37055K(1083392K)
[2020-11-06T08:31:46.929+0800][gc            ] GC(88) Pause Young (Normal) (G1 Evacuation Pause) 724M->146M(1024M) 13.510ms
[2020-11-06T08:31:46.929+0800][gc,cpu        ] GC(88) User=0.02s Sys=0.04s Real=0.01s
[2020-11-06T08:44:52.176+0800][gc,start      ] GC(89) Pause Young (Normal) (G1 Evacuation Pause)
[2020-11-06T08:44:52.178+0800][gc,task       ] GC(89) Using 10 workers of 10 for evacuation
[2020-11-06T08:44:52.201+0800][gc,mmu        ] GC(89) MMU target violated: 21.0ms (20.0ms/21.0ms)
[2020-11-06T08:44:52.201+0800][gc,phases     ] GC(89)   Pre Evacuate Collection Set: 0.1ms
[2020-11-06T08:44:52.201+0800][gc,phases     ] GC(89)   Evacuate Collection Set: 22.0ms
[2020-11-06T08:44:52.201+0800][gc,phases     ] GC(89)   Post Evacuate Collection Set: 0.4ms
[2020-11-06T08:44:52.201+0800][gc,phases     ] GC(89)   Other: 1.9ms
[2020-11-06T08:44:52.201+0800][gc,heap       ] GC(89) Eden regions: 584->0(529)
[2020-11-06T08:44:52.201+0800][gc,heap       ] GC(89) Survivor regions: 4->5(74)
[2020-11-06T08:44:52.201+0800][gc,heap       ] GC(89) Old regions: 13->13
[2020-11-06T08:44:52.201+0800][gc,heap       ] GC(89) Humongous regions: 130->130
[2020-11-06T08:44:52.201+0800][gc,metaspace  ] GC(89) Metaspace: 37061K->37061K(1083392K)
[2020-11-06T08:44:52.201+0800][gc            ] GC(89) Pause Young (Normal) (G1 Evacuation Pause) 730M->147M(1024M) 24.488ms
[2020-11-06T08:44:52.201+0800][gc,cpu        ] GC(89) User=0.03s Sys=0.05s Real=0.03s
[2020-11-06T08:52:54.454+0800][gc,start      ] GC(90) Pause Young (Normal) (G1 Evacuation Pause)
[2020-11-06T08:52:54.454+0800][gc,task       ] GC(90) Using 10 workers of 10 for evacuation
[2020-11-06T08:52:54.459+0800][gc,phases     ] GC(90)   Pre Evacuate Collection Set: 0.0ms
[2020-11-06T08:52:54.459+0800][gc,phases     ] GC(90)   Evacuate Collection Set: 2.7ms
[2020-11-06T08:52:54.459+0800][gc,phases     ] GC(90)   Post Evacuate Collection Set: 1.1ms
[2020-11-06T08:52:54.459+0800][gc,phases     ] GC(90)   Other: 1.3ms
[2020-11-06T08:52:54.459+0800][gc,heap       ] GC(90) Eden regions: 529->0(580)
[2020-11-06T08:52:54.459+0800][gc,heap       ] GC(90) Survivor regions: 5->5(67)
[2020-11-06T08:52:54.459+0800][gc,heap       ] GC(90) Old regions: 13->13
[2020-11-06T08:52:54.459+0800][gc,heap       ] GC(90) Humongous regions: 130->130
[2020-11-06T08:52:54.459+0800][gc,metaspace  ] GC(90) Metaspace: 37061K->37061K(1083392K)
[2020-11-06T08:52:54.459+0800][gc            ] GC(90) Pause Young (Normal) (G1 Evacuation Pause) 676M->147M(1024M) 5.202ms
[2020-11-06T08:52:54.459+0800][gc,cpu        ] GC(90) User=0.03s Sys=0.01s Real=0.00s
[2020-11-06T09:01:50.254+0800][gc,start      ] GC(91) Pause Young (Normal) (G1 Evacuation Pause)
[2020-11-06T09:01:50.254+0800][gc,task       ] GC(91) Using 10 workers of 10 for evacuation
[2020-11-06T09:01:50.261+0800][gc,phases     ] GC(91)   Pre Evacuate Collection Set: 0.0ms
[2020-11-06T09:01:50.262+0800][gc,phases     ] GC(91)   Evacuate Collection Set: 7.0ms
[2020-11-06T09:01:50.262+0800][gc,phases     ] GC(91)   Post Evacuate Collection Set: 0.3ms
[2020-11-06T09:01:50.262+0800][gc,phases     ] GC(91)   Other: 0.3ms
[2020-11-06T09:01:50.262+0800][gc,heap       ] GC(91) Eden regions: 580->0(599)
[2020-11-06T09:01:50.262+0800][gc,heap       ] GC(91) Survivor regions: 5->4(74)
[2020-11-06T09:01:50.262+0800][gc,heap       ] GC(91) Old regions: 13->13
[2020-11-06T09:01:50.262+0800][gc,heap       ] GC(91) Humongous regions: 130->130
[2020-11-06T09:01:50.262+0800][gc,metaspace  ] GC(91) Metaspace: 37061K->37061K(1083392K)
[2020-11-06T09:01:50.262+0800][gc            ] GC(91) Pause Young (Normal) (G1 Evacuation Pause) 727M->146M(1024M) 7.758ms
[2020-11-06T09:01:50.262+0800][gc,cpu        ] GC(91) User=0.03s Sys=0.02s Real=0.01s
[2020-11-06T09:10:41.708+0800][gc,start      ] GC(92) Pause Young (Normal) (G1 Evacuation Pause)
[2020-11-06T09:10:41.708+0800][gc,task       ] GC(92) Using 10 workers of 10 for evacuation
[2020-11-06T09:10:41.723+0800][gc,phases     ] GC(92)   Pre Evacuate Collection Set: 0.1ms
[2020-11-06T09:10:41.723+0800][gc,phases     ] GC(92)   Evacuate Collection Set: 12.6ms
[2020-11-06T09:10:41.723+0800][gc,phases     ] GC(92)   Post Evacuate Collection Set: 1.8ms
[2020-11-06T09:10:41.723+0800][gc,phases     ] GC(92)   Other: 1.5ms
[2020-11-06T09:10:41.723+0800][gc,heap       ] GC(92) Eden regions: 599->0(604)
[2020-11-06T09:10:41.723+0800][gc,heap       ] GC(92) Survivor regions: 4->5(76)
[2020-11-06T09:10:41.723+0800][gc,heap       ] GC(92) Old regions: 13->13
[2020-11-06T09:10:41.723+0800][gc,heap       ] GC(92) Humongous regions: 130->130
[2020-11-06T09:10:41.723+0800][gc,metaspace  ] GC(92) Metaspace: 37071K->37071K(1083392K)
[2020-11-06T09:10:41.723+0800][gc            ] GC(92) Pause Young (Normal) (G1 Evacuation Pause) 745M->147M(1024M) 15.254ms
[2020-11-06T09:10:41.723+0800][gc,cpu        ] GC(92) User=0.02s Sys=0.04s Real=0.02s
[2020-11-06T09:30:47.850+0800][gc,start      ] GC(93) Pause Young (Normal) (G1 Evacuation Pause)
[2020-11-06T09:30:47.851+0800][gc,task       ] GC(93) Using 10 workers of 10 for evacuation
[2020-11-06T09:30:47.865+0800][gc,phases     ] GC(93)   Pre Evacuate Collection Set: 0.1ms
[2020-11-06T09:30:47.865+0800][gc,phases     ] GC(93)   Evacuate Collection Set: 12.6ms
[2020-11-06T09:30:47.865+0800][gc,phases     ] GC(93)   Post Evacuate Collection Set: 0.4ms
[2020-11-06T09:30:47.865+0800][gc,phases     ] GC(93)   Other: 1.6ms
[2020-11-06T09:30:47.865+0800][gc,heap       ] GC(93) Eden regions: 604->0(609)
[2020-11-06T09:30:47.865+0800][gc,heap       ] GC(93) Survivor regions: 5->5(77)
[2020-11-06T09:30:47.865+0800][gc,heap       ] GC(93) Old regions: 13->13
[2020-11-06T09:30:47.865+0800][gc,heap       ] GC(93) Humongous regions: 130->130
[2020-11-06T09:30:47.865+0800][gc,metaspace  ] GC(93) Metaspace: 37078K->37078K(1083392K)
[2020-11-06T09:30:47.865+0800][gc            ] GC(93) Pause Young (Normal) (G1 Evacuation Pause) 751M->147M(1024M) 14.694ms
[2020-11-06T09:30:47.865+0800][gc,cpu        ] GC(93) User=0.02s Sys=0.04s Real=0.01s
[2020-11-06T09:41:11.291+0800][gc,start      ] GC(94) Pause Young (Normal) (G1 Evacuation Pause)
[2020-11-06T09:41:11.292+0800][gc,task       ] GC(94) Using 10 workers of 10 for evacuation
[2020-11-06T09:41:11.303+0800][gc,phases     ] GC(94)   Pre Evacuate Collection Set: 0.0ms
[2020-11-06T09:41:11.303+0800][gc,phases     ] GC(94)   Evacuate Collection Set: 10.2ms
[2020-11-06T09:41:11.303+0800][gc,phases     ] GC(94)   Post Evacuate Collection Set: 0.3ms
[2020-11-06T09:41:11.303+0800][gc,phases     ] GC(94)   Other: 0.9ms
[2020-11-06T09:41:11.303+0800][gc,heap       ] GC(94) Eden regions: 609->0(609)
[2020-11-06T09:41:11.303+0800][gc,heap       ] GC(94) Survivor regions: 5->5(77)
[2020-11-06T09:41:11.303+0800][gc,heap       ] GC(94) Old regions: 13->13
[2020-11-06T09:41:11.303+0800][gc,heap       ] GC(94) Humongous regions: 130->130
[2020-11-06T09:41:11.303+0800][gc,metaspace  ] GC(94) Metaspace: 37086K->37086K(1083392K)
[2020-11-06T09:41:11.303+0800][gc            ] GC(94) Pause Young (Normal) (G1 Evacuation Pause) 756M->147M(1024M) 11.607ms
[2020-11-06T09:41:11.303+0800][gc,cpu        ] GC(94) User=0.02s Sys=0.03s Real=0.01s
[2020-11-06T09:49:57.164+0800][gc,start      ] GC(95) Pause Young (Normal) (G1 Evacuation Pause)
[2020-11-06T09:49:57.164+0800][gc,task       ] GC(95) Using 10 workers of 10 for evacuation
[2020-11-06T09:49:57.170+0800][gc,phases     ] GC(95)   Pre Evacuate Collection Set: 0.0ms
[2020-11-06T09:49:57.170+0800][gc,phases     ] GC(95)   Evacuate Collection Set: 5.0ms
[2020-11-06T09:49:57.170+0800][gc,phases     ] GC(95)   Post Evacuate Collection Set: 0.4ms
[2020-11-06T09:49:57.170+0800][gc,phases     ] GC(95)   Other: 0.4ms
[2020-11-06T09:49:57.170+0800][gc,heap       ] GC(95) Eden regions: 609->0(609)
[2020-11-06T09:49:57.170+0800][gc,heap       ] GC(95) Survivor regions: 5->5(77)
[2020-11-06T09:49:57.170+0800][gc,heap       ] GC(95) Old regions: 13->13
[2020-11-06T09:49:57.170+0800][gc,heap       ] GC(95) Humongous regions: 130->130
[2020-11-06T09:49:57.170+0800][gc,metaspace  ] GC(95) Metaspace: 37086K->37086K(1083392K)
[2020-11-06T09:49:57.170+0800][gc            ] GC(95) Pause Young (Normal) (G1 Evacuation Pause) 756M->147M(1024M) 5.961ms
[2020-11-06T09:49:57.170+0800][gc,cpu        ] GC(95) User=0.03s Sys=0.00s Real=0.01s
[2020-11-06T10:02:41.944+0800][gc,start      ] GC(96) Pause Young (Normal) (G1 Evacuation Pause)
[2020-11-06T10:02:41.944+0800][gc,task       ] GC(96) Using 10 workers of 10 for evacuation
[2020-11-06T10:02:41.949+0800][gc,phases     ] GC(96)   Pre Evacuate Collection Set: 0.0ms
[2020-11-06T10:02:41.950+0800][gc,phases     ] GC(96)   Evacuate Collection Set: 3.8ms
[2020-11-06T10:02:41.950+0800][gc,phases     ] GC(96)   Post Evacuate Collection Set: 1.1ms
[2020-11-06T10:02:41.950+0800][gc,phases     ] GC(96)   Other: 0.3ms
[2020-11-06T10:02:41.950+0800][gc,heap       ] GC(96) Eden regions: 609->0(609)
[2020-11-06T10:02:41.950+0800][gc,heap       ] GC(96) Survivor regions: 5->5(77)
[2020-11-06T10:02:41.950+0800][gc,heap       ] GC(96) Old regions: 13->13
[2020-11-06T10:02:41.950+0800][gc,heap       ] GC(96) Humongous regions: 130->130
[2020-11-06T10:02:41.950+0800][gc,metaspace  ] GC(96) Metaspace: 37093K->37093K(1083392K)
[2020-11-06T10:02:41.950+0800][gc            ] GC(96) Pause Young (Normal) (G1 Evacuation Pause) 756M->147M(1024M) 5.406ms
[2020-11-06T10:02:41.950+0800][gc,cpu        ] GC(96) User=0.04s Sys=0.00s Real=0.01s
[2020-11-06T10:11:31.311+0800][gc,start      ] GC(97) Pause Young (Normal) (G1 Evacuation Pause)
[2020-11-06T10:11:31.312+0800][gc,task       ] GC(97) Using 10 workers of 10 for evacuation
[2020-11-06T10:11:31.318+0800][gc,phases     ] GC(97)   Pre Evacuate Collection Set: 0.0ms
[2020-11-06T10:11:31.318+0800][gc,phases     ] GC(97)   Evacuate Collection Set: 5.2ms
[2020-11-06T10:11:31.318+0800][gc,phases     ] GC(97)   Post Evacuate Collection Set: 0.4ms
[2020-11-06T10:11:31.318+0800][gc,phases     ] GC(97)   Other: 2.1ms
[2020-11-06T10:11:31.318+0800][gc,heap       ] GC(97) Eden regions: 609->0(609)
[2020-11-06T10:11:31.318+0800][gc,heap       ] GC(97) Survivor regions: 5->5(77)
[2020-11-06T10:11:31.318+0800][gc,heap       ] GC(97) Old regions: 13->13
[2020-11-06T10:11:31.319+0800][gc,heap       ] GC(97) Humongous regions: 130->130
[2020-11-06T10:11:31.319+0800][gc,metaspace  ] GC(97) Metaspace: 37096K->37096K(1083392K)
[2020-11-06T10:11:31.319+0800][gc            ] GC(97) Pause Young (Normal) (G1 Evacuation Pause) 756M->147M(1024M) 8.313ms
[2020-11-06T10:11:31.319+0800][gc,cpu        ] GC(97) User=0.04s Sys=0.01s Real=0.00s
[2020-11-06T10:20:22.834+0800][gc,start      ] GC(98) Pause Young (Normal) (G1 Evacuation Pause)
[2020-11-06T10:20:22.834+0800][gc,task       ] GC(98) Using 10 workers of 10 for evacuation
[2020-11-06T10:20:22.838+0800][gc,phases     ] GC(98)   Pre Evacuate Collection Set: 0.0ms
[2020-11-06T10:20:22.838+0800][gc,phases     ] GC(98)   Evacuate Collection Set: 3.4ms
[2020-11-06T10:20:22.838+0800][gc,phases     ] GC(98)   Post Evacuate Collection Set: 0.4ms
[2020-11-06T10:20:22.839+0800][gc,phases     ] GC(98)   Other: 0.8ms
[2020-11-06T10:20:22.839+0800][gc,heap       ] GC(98) Eden regions: 609->0(610)
[2020-11-06T10:20:22.839+0800][gc,heap       ] GC(98) Survivor regions: 5->4(77)
[2020-11-06T10:20:22.839+0800][gc,heap       ] GC(98) Old regions: 13->14
[2020-11-06T10:20:22.839+0800][gc,heap       ] GC(98) Humongous regions: 130->130
[2020-11-06T10:20:22.839+0800][gc,metaspace  ] GC(98) Metaspace: 37096K->37096K(1083392K)
[2020-11-06T10:20:22.839+0800][gc            ] GC(98) Pause Young (Normal) (G1 Evacuation Pause) 756M->146M(1024M) 4.769ms
[2020-11-06T10:20:22.839+0800][gc,cpu        ] GC(98) User=0.03s Sys=0.00s Real=0.00s
[2020-11-06T10:29:30.490+0800][gc,start      ] GC(99) Pause Young (Normal) (G1 Evacuation Pause)
[2020-11-06T10:29:30.491+0800][gc,task       ] GC(99) Using 10 workers of 10 for evacuation
[2020-11-06T10:29:30.497+0800][gc,phases     ] GC(99)   Pre Evacuate Collection Set: 0.0ms
[2020-11-06T10:29:30.498+0800][gc,phases     ] GC(99)   Evacuate Collection Set: 6.0ms
[2020-11-06T10:29:30.498+0800][gc,phases     ] GC(99)   Post Evacuate Collection Set: 0.4ms
[2020-11-06T10:29:30.498+0800][gc,phases     ] GC(99)   Other: 1.2ms
[2020-11-06T10:29:30.498+0800][gc,heap       ] GC(99) Eden regions: 610->0(609)
[2020-11-06T10:29:30.498+0800][gc,heap       ] GC(99) Survivor regions: 4->5(77)
[2020-11-06T10:29:30.498+0800][gc,heap       ] GC(99) Old regions: 14->14
[2020-11-06T10:29:30.498+0800][gc,heap       ] GC(99) Humongous regions: 130->130
[2020-11-06T10:29:30.498+0800][gc,metaspace  ] GC(99) Metaspace: 37110K->37110K(1083392K)
[2020-11-06T10:29:30.498+0800][gc            ] GC(99) Pause Young (Normal) (G1 Evacuation Pause) 756M->147M(1024M) 7.767ms
[2020-11-06T10:29:30.498+0800][gc,cpu        ] GC(99) User=0.02s Sys=0.02s Real=0.00s
[2020-11-06T10:38:40.616+0800][gc,start      ] GC(100) Pause Young (Normal) (G1 Evacuation Pause)
[2020-11-06T10:38:40.616+0800][gc,task       ] GC(100) Using 10 workers of 10 for evacuation
[2020-11-06T10:38:40.619+0800][gc,phases     ] GC(100)   Pre Evacuate Collection Set: 0.0ms
[2020-11-06T10:38:40.619+0800][gc,phases     ] GC(100)   Evacuate Collection Set: 2.9ms
[2020-11-06T10:38:40.619+0800][gc,phases     ] GC(100)   Post Evacuate Collection Set: 0.3ms
[2020-11-06T10:38:40.619+0800][gc,phases     ] GC(100)   Other: 0.3ms
[2020-11-06T10:38:40.619+0800][gc,heap       ] GC(100) Eden regions: 609->0(609)
[2020-11-06T10:38:40.619+0800][gc,heap       ] GC(100) Survivor regions: 5->5(77)
[2020-11-06T10:38:40.619+0800][gc,heap       ] GC(100) Old regions: 14->14
[2020-11-06T10:38:40.619+0800][gc,heap       ] GC(100) Humongous regions: 130->130
[2020-11-06T10:38:40.619+0800][gc,metaspace  ] GC(100) Metaspace: 37110K->37110K(1083392K)
[2020-11-06T10:38:40.619+0800][gc            ] GC(100) Pause Young (Normal) (G1 Evacuation Pause) 756M->147M(1024M) 3.720ms
[2020-11-06T10:38:40.620+0800][gc,cpu        ] GC(100) User=0.03s Sys=0.00s Real=0.01s
[2020-11-06T10:47:58.273+0800][gc,start      ] GC(101) Pause Young (Normal) (G1 Evacuation Pause)
[2020-11-06T10:47:58.273+0800][gc,task       ] GC(101) Using 10 workers of 10 for evacuation
[2020-11-06T10:47:58.280+0800][gc,phases     ] GC(101)   Pre Evacuate Collection Set: 0.0ms
[2020-11-06T10:47:58.280+0800][gc,phases     ] GC(101)   Evacuate Collection Set: 5.6ms
[2020-11-06T10:47:58.280+0800][gc,phases     ] GC(101)   Post Evacuate Collection Set: 0.4ms
[2020-11-06T10:47:58.280+0800][gc,phases     ] GC(101)   Other: 0.7ms
[2020-11-06T10:47:58.280+0800][gc,heap       ] GC(101) Eden regions: 609->0(609)
[2020-11-06T10:47:58.280+0800][gc,heap       ] GC(101) Survivor regions: 5->5(77)
[2020-11-06T10:47:58.280+0800][gc,heap       ] GC(101) Old regions: 14->14
[2020-11-06T10:47:58.280+0800][gc,heap       ] GC(101) Humongous regions: 130->130
[2020-11-06T10:47:58.280+0800][gc,metaspace  ] GC(101) Metaspace: 37118K->37118K(1083392K)
[2020-11-06T10:47:58.280+0800][gc            ] GC(101) Pause Young (Normal) (G1 Evacuation Pause) 756M->147M(1024M) 7.092ms
[2020-11-06T10:47:58.280+0800][gc,cpu        ] GC(101) User=0.02s Sys=0.01s Real=0.01s
[2020-11-06T11:29:48.507+0800][gc,start      ] GC(102) Pause Young (Normal) (G1 Evacuation Pause)
[2020-11-06T11:29:48.508+0800][gc,task       ] GC(102) Using 10 workers of 10 for evacuation
[2020-11-06T11:29:48.512+0800][gc,phases     ] GC(102)   Pre Evacuate Collection Set: 0.0ms
[2020-11-06T11:29:48.512+0800][gc,phases     ] GC(102)   Evacuate Collection Set: 3.6ms
[2020-11-06T11:29:48.512+0800][gc,phases     ] GC(102)   Post Evacuate Collection Set: 0.4ms
[2020-11-06T11:29:48.512+0800][gc,phases     ] GC(102)   Other: 0.7ms
[2020-11-06T11:29:48.512+0800][gc,heap       ] GC(102) Eden regions: 609->0(609)
[2020-11-06T11:29:48.512+0800][gc,heap       ] GC(102) Survivor regions: 5->5(77)
[2020-11-06T11:29:48.512+0800][gc,heap       ] GC(102) Old regions: 14->14
[2020-11-06T11:29:48.512+0800][gc,heap       ] GC(102) Humongous regions: 130->130
[2020-11-06T11:29:48.512+0800][gc,metaspace  ] GC(102) Metaspace: 37130K->37130K(1083392K)
[2020-11-06T11:29:48.512+0800][gc            ] GC(102) Pause Young (Normal) (G1 Evacuation Pause) 756M->147M(1024M) 4.914ms
[2020-11-06T11:29:48.512+0800][gc,cpu        ] GC(102) User=0.04s Sys=0.01s Real=0.01s
[2020-11-06T11:41:20.870+0800][gc,start      ] GC(103) Pause Young (Normal) (G1 Evacuation Pause)
[2020-11-06T11:41:20.871+0800][gc,task       ] GC(103) Using 10 workers of 10 for evacuation
[2020-11-06T11:41:20.878+0800][gc,phases     ] GC(103)   Pre Evacuate Collection Set: 0.0ms
[2020-11-06T11:41:20.879+0800][gc,phases     ] GC(103)   Evacuate Collection Set: 6.0ms
[2020-11-06T11:41:20.879+0800][gc,phases     ] GC(103)   Post Evacuate Collection Set: 0.6ms
[2020-11-06T11:41:20.879+0800][gc,phases     ] GC(103)   Other: 1.6ms
[2020-11-06T11:41:20.879+0800][gc,heap       ] GC(103) Eden regions: 609->0(609)
[2020-11-06T11:41:20.879+0800][gc,heap       ] GC(103) Survivor regions: 5->5(77)
[2020-11-06T11:41:20.879+0800][gc,heap       ] GC(103) Old regions: 14->14
[2020-11-06T11:41:20.879+0800][gc,heap       ] GC(103) Humongous regions: 130->130
[2020-11-06T11:41:20.879+0800][gc,metaspace  ] GC(103) Metaspace: 37137K->37137K(1083392K)
[2020-11-06T11:41:20.879+0800][gc            ] GC(103) Pause Young (Normal) (G1 Evacuation Pause) 756M->148M(1024M) 8.357ms
[2020-11-06T11:41:20.879+0800][gc,cpu        ] GC(103) User=0.04s Sys=0.01s Real=0.00s
[2020-11-06T11:50:04.370+0800][gc,start      ] GC(104) Pause Young (Normal) (G1 Evacuation Pause)
[2020-11-06T11:50:04.370+0800][gc,task       ] GC(104) Using 10 workers of 10 for evacuation
[2020-11-06T11:50:04.376+0800][gc,phases     ] GC(104)   Pre Evacuate Collection Set: 0.0ms
[2020-11-06T11:50:04.376+0800][gc,phases     ] GC(104)   Evacuate Collection Set: 5.3ms
[2020-11-06T11:50:04.376+0800][gc,phases     ] GC(104)   Post Evacuate Collection Set: 0.3ms
[2020-11-06T11:50:04.376+0800][gc,phases     ] GC(104)   Other: 0.2ms
[2020-11-06T11:50:04.376+0800][gc,heap       ] GC(104) Eden regions: 609->0(609)
[2020-11-06T11:50:04.376+0800][gc,heap       ] GC(104) Survivor regions: 5->5(77)
[2020-11-06T11:50:04.376+0800][gc,heap       ] GC(104) Old regions: 14->14
[2020-11-06T11:50:04.376+0800][gc,heap       ] GC(104) Humongous regions: 130->130
[2020-11-06T11:50:04.376+0800][gc,metaspace  ] GC(104) Metaspace: 37137K->37137K(1083392K)
[2020-11-06T11:50:04.376+0800][gc            ] GC(104) Pause Young (Normal) (G1 Evacuation Pause) 757M->147M(1024M) 6.002ms
[2020-11-06T11:50:04.376+0800][gc,cpu        ] GC(104) User=0.03s Sys=0.01s Real=0.00s
[2020-11-06T11:58:27.140+0800][gc,start      ] GC(105) Pause Young (Normal) (G1 Evacuation Pause)
[2020-11-06T11:58:27.140+0800][gc,task       ] GC(105) Using 10 workers of 10 for evacuation
[2020-11-06T11:58:27.145+0800][gc,phases     ] GC(105)   Pre Evacuate Collection Set: 0.1ms
[2020-11-06T11:58:27.145+0800][gc,phases     ] GC(105)   Evacuate Collection Set: 3.6ms
[2020-11-06T11:58:27.145+0800][gc,phases     ] GC(105)   Post Evacuate Collection Set: 0.4ms
[2020-11-06T11:58:27.145+0800][gc,phases     ] GC(105)   Other: 2.2ms
[2020-11-06T11:58:27.145+0800][gc,heap       ] GC(105) Eden regions: 609->0(609)
[2020-11-06T11:58:27.145+0800][gc,heap       ] GC(105) Survivor regions: 5->5(77)
[2020-11-06T11:58:27.145+0800][gc,heap       ] GC(105) Old regions: 14->14
[2020-11-06T11:58:27.145+0800][gc,heap       ] GC(105) Humongous regions: 130->130
[2020-11-06T11:58:27.145+0800][gc,metaspace  ] GC(105) Metaspace: 37137K->37137K(1083392K)
[2020-11-06T11:58:27.145+0800][gc            ] GC(105) Pause Young (Normal) (G1 Evacuation Pause) 756M->147M(1024M) 5.315ms
[2020-11-06T11:58:27.145+0800][gc,cpu        ] GC(105) User=0.03s Sys=0.01s Real=0.00s
[2020-11-06T12:06:52.594+0800][gc,start      ] GC(106) Pause Young (Normal) (G1 Evacuation Pause)
[2020-11-06T12:06:52.595+0800][gc,task       ] GC(106) Using 10 workers of 10 for evacuation
[2020-11-06T12:06:52.601+0800][gc,phases     ] GC(106)   Pre Evacuate Collection Set: 0.0ms
[2020-11-06T12:06:52.601+0800][gc,phases     ] GC(106)   Evacuate Collection Set: 5.2ms
[2020-11-06T12:06:52.601+0800][gc,phases     ] GC(106)   Post Evacuate Collection Set: 0.6ms
[2020-11-06T12:06:52.601+0800][gc,phases     ] GC(106)   Other: 1.3ms
[2020-11-06T12:06:52.601+0800][gc,heap       ] GC(106) Eden regions: 609->0(609)
[2020-11-06T12:06:52.602+0800][gc,heap       ] GC(106) Survivor regions: 5->5(77)
[2020-11-06T12:06:52.602+0800][gc,heap       ] GC(106) Old regions: 14->14
[2020-11-06T12:06:52.602+0800][gc,heap       ] GC(106) Humongous regions: 130->130
[2020-11-06T12:06:52.602+0800][gc,metaspace  ] GC(106) Metaspace: 37140K->37140K(1083392K)
[2020-11-06T12:06:52.602+0800][gc            ] GC(106) Pause Young (Normal) (G1 Evacuation Pause) 756M->148M(1024M) 7.263ms
[2020-11-06T12:06:52.602+0800][gc,cpu        ] GC(106) User=0.04s Sys=0.01s Real=0.01s
[2020-11-06T12:15:28.522+0800][gc,start      ] GC(107) Pause Young (Normal) (G1 Evacuation Pause)
[2020-11-06T12:15:28.522+0800][gc,task       ] GC(107) Using 10 workers of 10 for evacuation
[2020-11-06T12:15:28.525+0800][gc,phases     ] GC(107)   Pre Evacuate Collection Set: 0.0ms
[2020-11-06T12:15:28.526+0800][gc,phases     ] GC(107)   Evacuate Collection Set: 2.9ms
[2020-11-06T12:15:28.526+0800][gc,phases     ] GC(107)   Post Evacuate Collection Set: 0.4ms
[2020-11-06T12:15:28.526+0800][gc,phases     ] GC(107)   Other: 0.3ms
[2020-11-06T12:15:28.526+0800][gc,heap       ] GC(107) Eden regions: 609->0(610)
[2020-11-06T12:15:28.526+0800][gc,heap       ] GC(107) Survivor regions: 5->4(77)
[2020-11-06T12:15:28.526+0800][gc,heap       ] GC(107) Old regions: 14->14
[2020-11-06T12:15:28.526+0800][gc,heap       ] GC(107) Humongous regions: 130->130
[2020-11-06T12:15:28.526+0800][gc,metaspace  ] GC(107) Metaspace: 37140K->37140K(1083392K)
[2020-11-06T12:15:28.526+0800][gc            ] GC(107) Pause Young (Normal) (G1 Evacuation Pause) 757M->147M(1024M) 3.855ms
[2020-11-06T12:15:28.526+0800][gc,cpu        ] GC(107) User=0.03s Sys=0.00s Real=0.00s
[2020-11-06T12:58:48.210+0800][gc,start      ] GC(108) Pause Young (Normal) (G1 Evacuation Pause)
[2020-11-06T12:58:48.210+0800][gc,task       ] GC(108) Using 10 workers of 10 for evacuation
[2020-11-06T12:58:48.218+0800][gc,phases     ] GC(108)   Pre Evacuate Collection Set: 0.0ms
[2020-11-06T12:58:48.218+0800][gc,phases     ] GC(108)   Evacuate Collection Set: 6.4ms
[2020-11-06T12:58:48.218+0800][gc,phases     ] GC(108)   Post Evacuate Collection Set: 0.5ms
[2020-11-06T12:58:48.218+0800][gc,phases     ] GC(108)   Other: 1.0ms
[2020-11-06T12:58:48.218+0800][gc,heap       ] GC(108) Eden regions: 610->0(608)
[2020-11-06T12:58:48.218+0800][gc,heap       ] GC(108) Survivor regions: 4->6(77)
[2020-11-06T12:58:48.218+0800][gc,heap       ] GC(108) Old regions: 14->14
[2020-11-06T12:58:48.218+0800][gc,heap       ] GC(108) Humongous regions: 130->130
[2020-11-06T12:58:48.218+0800][gc,metaspace  ] GC(108) Metaspace: 37150K->37150K(1083392K)
[2020-11-06T12:58:48.218+0800][gc            ] GC(108) Pause Young (Normal) (G1 Evacuation Pause) 757M->148M(1024M) 8.166ms
[2020-11-06T12:58:48.218+0800][gc,cpu        ] GC(108) User=0.04s Sys=0.01s Real=0.00s
[2020-11-06T13:26:31.570+0800][gc,start      ] GC(109) Pause Young (Normal) (G1 Evacuation Pause)
[2020-11-06T13:26:31.571+0800][gc,task       ] GC(109) Using 10 workers of 10 for evacuation
[2020-11-06T13:26:31.575+0800][gc,phases     ] GC(109)   Pre Evacuate Collection Set: 0.1ms
[2020-11-06T13:26:31.575+0800][gc,phases     ] GC(109)   Evacuate Collection Set: 3.4ms
[2020-11-06T13:26:31.575+0800][gc,phases     ] GC(109)   Post Evacuate Collection Set: 0.5ms
[2020-11-06T13:26:31.575+0800][gc,phases     ] GC(109)   Other: 1.1ms
[2020-11-06T13:26:31.575+0800][gc,heap       ] GC(109) Eden regions: 608->0(609)
[2020-11-06T13:26:31.575+0800][gc,heap       ] GC(109) Survivor regions: 6->5(77)
[2020-11-06T13:26:31.575+0800][gc,heap       ] GC(109) Old regions: 14->14
[2020-11-06T13:26:31.575+0800][gc,heap       ] GC(109) Humongous regions: 130->130
[2020-11-06T13:26:31.576+0800][gc,metaspace  ] GC(109) Metaspace: 37218K->37218K(1083392K)
[2020-11-06T13:26:31.576+0800][gc            ] GC(109) Pause Young (Normal) (G1 Evacuation Pause) 756M->147M(1024M) 5.180ms
[2020-11-06T13:26:31.576+0800][gc,cpu        ] GC(109) User=0.03s Sys=0.01s Real=0.00s
[2020-11-06T13:34:26.100+0800][gc,start      ] GC(110) Pause Young (Normal) (G1 Evacuation Pause)
[2020-11-06T13:34:26.100+0800][gc,task       ] GC(110) Using 10 workers of 10 for evacuation
[2020-11-06T13:34:26.107+0800][gc,phases     ] GC(110)   Pre Evacuate Collection Set: 0.0ms
[2020-11-06T13:34:26.107+0800][gc,phases     ] GC(110)   Evacuate Collection Set: 5.2ms
[2020-11-06T13:34:26.107+0800][gc,phases     ] GC(110)   Post Evacuate Collection Set: 1.0ms
[2020-11-06T13:34:26.107+0800][gc,phases     ] GC(110)   Other: 2.5ms
[2020-11-06T13:34:26.107+0800][gc,heap       ] GC(110) Eden regions: 609->0(609)
[2020-11-06T13:34:26.107+0800][gc,heap       ] GC(110) Survivor regions: 5->5(77)
[2020-11-06T13:34:26.107+0800][gc,heap       ] GC(110) Old regions: 14->14
[2020-11-06T13:34:26.107+0800][gc,heap       ] GC(110) Humongous regions: 130->130
[2020-11-06T13:34:26.107+0800][gc,metaspace  ] GC(110) Metaspace: 37218K->37218K(1083392K)
[2020-11-06T13:34:26.107+0800][gc            ] GC(110) Pause Young (Normal) (G1 Evacuation Pause) 756M->148M(1024M) 7.441ms
[2020-11-06T13:34:26.107+0800][gc,cpu        ] GC(110) User=0.04s Sys=0.01s Real=0.00s
[2020-11-06T13:42:22.897+0800][gc,start      ] GC(111) Pause Young (Normal) (G1 Evacuation Pause)
[2020-11-06T13:42:22.897+0800][gc,task       ] GC(111) Using 10 workers of 10 for evacuation
[2020-11-06T13:42:22.902+0800][gc,phases     ] GC(111)   Pre Evacuate Collection Set: 0.0ms
[2020-11-06T13:42:22.902+0800][gc,phases     ] GC(111)   Evacuate Collection Set: 4.4ms
[2020-11-06T13:42:22.903+0800][gc,phases     ] GC(111)   Post Evacuate Collection Set: 0.5ms
[2020-11-06T13:42:22.903+0800][gc,phases     ] GC(111)   Other: 0.3ms
[2020-11-06T13:42:22.903+0800][gc,heap       ] GC(111) Eden regions: 609->0(609)
[2020-11-06T13:42:22.903+0800][gc,heap       ] GC(111) Survivor regions: 5->5(77)
[2020-11-06T13:42:22.903+0800][gc,heap       ] GC(111) Old regions: 14->14
[2020-11-06T13:42:22.903+0800][gc,heap       ] GC(111) Humongous regions: 130->130
[2020-11-06T13:42:22.903+0800][gc,metaspace  ] GC(111) Metaspace: 37218K->37218K(1083392K)
[2020-11-06T13:42:22.903+0800][gc            ] GC(111) Pause Young (Normal) (G1 Evacuation Pause) 757M->148M(1024M) 5.320ms
[2020-11-06T13:42:22.903+0800][gc,cpu        ] GC(111) User=0.03s Sys=0.01s Real=0.01s
[2020-11-06T13:50:21.878+0800][gc,start      ] GC(112) Pause Young (Normal) (G1 Evacuation Pause)
[2020-11-06T13:50:21.879+0800][gc,task       ] GC(112) Using 10 workers of 10 for evacuation
[2020-11-06T13:50:21.885+0800][gc,phases     ] GC(112)   Pre Evacuate Collection Set: 0.0ms
[2020-11-06T13:50:21.885+0800][gc,phases     ] GC(112)   Evacuate Collection Set: 5.5ms
[2020-11-06T13:50:21.885+0800][gc,phases     ] GC(112)   Post Evacuate Collection Set: 0.3ms
[2020-11-06T13:50:21.885+0800][gc,phases     ] GC(112)   Other: 0.4ms
[2020-11-06T13:50:21.885+0800][gc,heap       ] GC(112) Eden regions: 609->0(608)
[2020-11-06T13:50:21.885+0800][gc,heap       ] GC(112) Survivor regions: 5->6(77)
[2020-11-06T13:50:21.885+0800][gc,heap       ] GC(112) Old regions: 14->14
[2020-11-06T13:50:21.885+0800][gc,heap       ] GC(112) Humongous regions: 130->130
[2020-11-06T13:50:21.885+0800][gc,metaspace  ] GC(112) Metaspace: 37218K->37218K(1083392K)
[2020-11-06T13:50:21.885+0800][gc            ] GC(112) Pause Young (Normal) (G1 Evacuation Pause) 757M->148M(1024M) 6.486ms
[2020-11-06T13:50:21.885+0800][gc,cpu        ] GC(112) User=0.04s Sys=0.01s Real=0.01s
[2020-11-06T13:58:33.969+0800][gc,start      ] GC(113) Pause Young (Normal) (G1 Evacuation Pause)
[2020-11-06T13:58:33.970+0800][gc,task       ] GC(113) Using 10 workers of 10 for evacuation
[2020-11-06T13:58:33.974+0800][gc,phases     ] GC(113)   Pre Evacuate Collection Set: 0.0ms
[2020-11-06T13:58:33.974+0800][gc,phases     ] GC(113)   Evacuate Collection Set: 2.5ms
[2020-11-06T13:58:33.974+0800][gc,phases     ] GC(113)   Post Evacuate Collection Set: 0.3ms
[2020-11-06T13:58:33.974+0800][gc,phases     ] GC(113)   Other: 1.4ms
[2020-11-06T13:58:33.974+0800][gc,heap       ] GC(113) Eden regions: 608->0(610)
[2020-11-06T13:58:33.974+0800][gc,heap       ] GC(113) Survivor regions: 6->4(77)
[2020-11-06T13:58:33.974+0800][gc,heap       ] GC(113) Old regions: 14->14
[2020-11-06T13:58:33.974+0800][gc,heap       ] GC(113) Humongous regions: 130->130
[2020-11-06T13:58:33.974+0800][gc,metaspace  ] GC(113) Metaspace: 37218K->37218K(1083392K)
[2020-11-06T13:58:33.974+0800][gc            ] GC(113) Pause Young (Normal) (G1 Evacuation Pause) 756M->147M(1024M) 4.424ms
[2020-11-06T13:58:33.974+0800][gc,cpu        ] GC(113) User=0.02s Sys=0.00s Real=0.01s
[2020-11-06T14:07:27.971+0800][gc,start      ] GC(114) Pause Young (Normal) (G1 Evacuation Pause)
[2020-11-06T14:07:27.972+0800][gc,task       ] GC(114) Using 10 workers of 10 for evacuation
[2020-11-06T14:07:27.977+0800][gc,phases     ] GC(114)   Pre Evacuate Collection Set: 0.0ms
[2020-11-06T14:07:27.977+0800][gc,phases     ] GC(114)   Evacuate Collection Set: 4.2ms
[2020-11-06T14:07:27.977+0800][gc,phases     ] GC(114)   Post Evacuate Collection Set: 0.4ms
[2020-11-06T14:07:27.977+0800][gc,phases     ] GC(114)   Other: 0.8ms
[2020-11-06T14:07:27.977+0800][gc,heap       ] GC(114) Eden regions: 610->0(609)
[2020-11-06T14:07:27.977+0800][gc,heap       ] GC(114) Survivor regions: 4->5(77)
[2020-11-06T14:07:27.977+0800][gc,heap       ] GC(114) Old regions: 14->14
[2020-11-06T14:07:27.977+0800][gc,heap       ] GC(114) Humongous regions: 130->130
[2020-11-06T14:07:27.977+0800][gc,metaspace  ] GC(114) Metaspace: 37218K->37218K(1083392K)
[2020-11-06T14:07:27.977+0800][gc            ] GC(114) Pause Young (Normal) (G1 Evacuation Pause) 757M->147M(1024M) 5.455ms
[2020-11-06T14:07:27.977+0800][gc,cpu        ] GC(114) User=0.04s Sys=0.00s Real=0.00s
[2020-11-06T14:16:21.261+0800][gc,start      ] GC(115) Pause Young (Normal) (G1 Evacuation Pause)
[2020-11-06T14:16:21.262+0800][gc,task       ] GC(115) Using 10 workers of 10 for evacuation
[2020-11-06T14:16:21.265+0800][gc,phases     ] GC(115)   Pre Evacuate Collection Set: 0.0ms
[2020-11-06T14:16:21.265+0800][gc,phases     ] GC(115)   Evacuate Collection Set: 2.7ms
[2020-11-06T14:16:21.266+0800][gc,phases     ] GC(115)   Post Evacuate Collection Set: 0.4ms
[2020-11-06T14:16:21.266+0800][gc,phases     ] GC(115)   Other: 1.4ms
[2020-11-06T14:16:21.266+0800][gc,heap       ] GC(115) Eden regions: 609->0(609)
[2020-11-06T14:16:21.266+0800][gc,heap       ] GC(115) Survivor regions: 5->5(77)
[2020-11-06T14:16:21.266+0800][gc,heap       ] GC(115) Old regions: 14->14
[2020-11-06T14:16:21.266+0800][gc,heap       ] GC(115) Humongous regions: 130->130
[2020-11-06T14:16:21.266+0800][gc,metaspace  ] GC(115) Metaspace: 37218K->37218K(1083392K)
[2020-11-06T14:16:21.266+0800][gc            ] GC(115) Pause Young (Normal) (G1 Evacuation Pause) 756M->147M(1024M) 5.074ms
[2020-11-06T14:16:21.266+0800][gc,cpu        ] GC(115) User=0.03s Sys=0.01s Real=0.00s
[2020-11-06T14:24:38.699+0800][gc,start      ] GC(116) Pause Young (Normal) (G1 Evacuation Pause)
[2020-11-06T14:24:38.700+0800][gc,task       ] GC(116) Using 10 workers of 10 for evacuation
[2020-11-06T14:24:38.706+0800][gc,phases     ] GC(116)   Pre Evacuate Collection Set: 0.0ms
[2020-11-06T14:24:38.706+0800][gc,phases     ] GC(116)   Evacuate Collection Set: 4.9ms
[2020-11-06T14:24:38.706+0800][gc,phases     ] GC(116)   Post Evacuate Collection Set: 0.4ms
[2020-11-06T14:24:38.706+0800][gc,phases     ] GC(116)   Other: 1.1ms
[2020-11-06T14:24:38.706+0800][gc,heap       ] GC(116) Eden regions: 609->0(609)
[2020-11-06T14:24:38.706+0800][gc,heap       ] GC(116) Survivor regions: 5->5(77)
[2020-11-06T14:24:38.706+0800][gc,heap       ] GC(116) Old regions: 14->14
[2020-11-06T14:24:38.706+0800][gc,heap       ] GC(116) Humongous regions: 130->130
[2020-11-06T14:24:38.706+0800][gc,metaspace  ] GC(116) Metaspace: 37220K->37220K(1083392K)
[2020-11-06T14:24:38.706+0800][gc            ] GC(116) Pause Young (Normal) (G1 Evacuation Pause) 756M->148M(1024M) 6.491ms
[2020-11-06T14:24:38.706+0800][gc,cpu        ] GC(116) User=0.04s Sys=0.01s Real=0.01s
[2020-11-06T14:32:52.458+0800][gc,start      ] GC(117) Pause Young (Normal) (G1 Evacuation Pause)
[2020-11-06T14:32:52.460+0800][gc,task       ] GC(117) Using 10 workers of 10 for evacuation
[2020-11-06T14:32:52.471+0800][gc,phases     ] GC(117)   Pre Evacuate Collection Set: 0.1ms
[2020-11-06T14:32:52.471+0800][gc,phases     ] GC(117)   Evacuate Collection Set: 7.3ms
[2020-11-06T14:32:52.471+0800][gc,phases     ] GC(117)   Post Evacuate Collection Set: 3.1ms
[2020-11-06T14:32:52.471+0800][gc,phases     ] GC(117)   Other: 3.6ms
[2020-11-06T14:32:52.471+0800][gc,heap       ] GC(117) Eden regions: 609->0(610)
[2020-11-06T14:32:52.471+0800][gc,heap       ] GC(117) Survivor regions: 5->4(77)
[2020-11-06T14:32:52.471+0800][gc,heap       ] GC(117) Old regions: 14->14
[2020-11-06T14:32:52.471+0800][gc,heap       ] GC(117) Humongous regions: 130->130
[2020-11-06T14:32:52.471+0800][gc,metaspace  ] GC(117) Metaspace: 37220K->37220K(1083392K)
[2020-11-06T14:32:52.471+0800][gc            ] GC(117) Pause Young (Normal) (G1 Evacuation Pause) 757M->147M(1024M) 12.898ms
[2020-11-06T14:32:52.471+0800][gc,cpu        ] GC(117) User=0.08s Sys=0.00s Real=0.02s
[2020-11-06T14:41:32.277+0800][gc,start      ] GC(118) Pause Young (Normal) (G1 Evacuation Pause)
[2020-11-06T14:41:32.277+0800][gc,task       ] GC(118) Using 10 workers of 10 for evacuation
[2020-11-06T14:41:32.282+0800][gc,phases     ] GC(118)   Pre Evacuate Collection Set: 0.1ms
[2020-11-06T14:41:32.282+0800][gc,phases     ] GC(118)   Evacuate Collection Set: 4.7ms
[2020-11-06T14:41:32.282+0800][gc,phases     ] GC(118)   Post Evacuate Collection Set: 0.4ms
[2020-11-06T14:41:32.282+0800][gc,phases     ] GC(118)   Other: 0.7ms
[2020-11-06T14:41:32.282+0800][gc,heap       ] GC(118) Eden regions: 610->0(609)
[2020-11-06T14:41:32.282+0800][gc,heap       ] GC(118) Survivor regions: 4->5(77)
[2020-11-06T14:41:32.282+0800][gc,heap       ] GC(118) Old regions: 14->14
[2020-11-06T14:41:32.282+0800][gc,heap       ] GC(118) Humongous regions: 130->130
[2020-11-06T14:41:32.282+0800][gc,metaspace  ] GC(118) Metaspace: 37220K->37220K(1083392K)
[2020-11-06T14:41:32.283+0800][gc            ] GC(118) Pause Young (Normal) (G1 Evacuation Pause) 757M->147M(1024M) 5.963ms
[2020-11-06T14:41:32.283+0800][gc,cpu        ] GC(118) User=0.03s Sys=0.01s Real=0.01s
[2020-11-06T14:50:15.978+0800][gc,start      ] GC(119) Pause Young (Normal) (G1 Evacuation Pause)
[2020-11-06T14:50:15.979+0800][gc,task       ] GC(119) Using 10 workers of 10 for evacuation
[2020-11-06T14:50:15.986+0800][gc,phases     ] GC(119)   Pre Evacuate Collection Set: 0.0ms
[2020-11-06T14:50:15.986+0800][gc,phases     ] GC(119)   Evacuate Collection Set: 5.7ms
[2020-11-06T14:50:15.986+0800][gc,phases     ] GC(119)   Post Evacuate Collection Set: 1.0ms
[2020-11-06T14:50:15.986+0800][gc,phases     ] GC(119)   Other: 0.8ms
[2020-11-06T14:50:15.986+0800][gc,heap       ] GC(119) Eden regions: 609->0(608)
[2020-11-06T14:50:15.986+0800][gc,heap       ] GC(119) Survivor regions: 5->6(77)
[2020-11-06T14:50:15.986+0800][gc,heap       ] GC(119) Old regions: 14->14
[2020-11-06T14:50:15.986+0800][gc,heap       ] GC(119) Humongous regions: 130->130
[2020-11-06T14:50:15.986+0800][gc,metaspace  ] GC(119) Metaspace: 37220K->37220K(1083392K)
[2020-11-06T14:50:15.986+0800][gc            ] GC(119) Pause Young (Normal) (G1 Evacuation Pause) 756M->148M(1024M) 7.624ms
[2020-11-06T14:50:15.986+0800][gc,cpu        ] GC(119) User=0.03s Sys=0.01s Real=0.01s
[2020-11-06T14:58:16.894+0800][gc,start      ] GC(120) Pause Young (Normal) (G1 Evacuation Pause)
[2020-11-06T14:58:16.895+0800][gc,task       ] GC(120) Using 10 workers of 10 for evacuation
[2020-11-06T14:58:16.917+0800][gc,mmu        ] GC(120) MMU target violated: 21.0ms (20.0ms/21.0ms)
[2020-11-06T14:58:16.917+0800][gc,phases     ] GC(120)   Pre Evacuate Collection Set: 0.9ms
[2020-11-06T14:58:16.917+0800][gc,phases     ] GC(120)   Evacuate Collection Set: 18.3ms
[2020-11-06T14:58:16.917+0800][gc,phases     ] GC(120)   Post Evacuate Collection Set: 1.0ms
[2020-11-06T14:58:16.917+0800][gc,phases     ] GC(120)   Other: 2.9ms
[2020-11-06T14:58:16.917+0800][gc,heap       ] GC(120) Eden regions: 608->0(609)
[2020-11-06T14:58:16.917+0800][gc,heap       ] GC(120) Survivor regions: 6->5(77)
[2020-11-06T14:58:16.917+0800][gc,heap       ] GC(120) Old regions: 14->14
[2020-11-06T14:58:16.917+0800][gc,heap       ] GC(120) Humongous regions: 130->130
[2020-11-06T14:58:16.917+0800][gc,metaspace  ] GC(120) Metaspace: 37220K->37220K(1083392K)
[2020-11-06T14:58:16.917+0800][gc            ] GC(120) Pause Young (Normal) (G1 Evacuation Pause) 756M->148M(1024M) 22.592ms
[2020-11-06T14:58:16.917+0800][gc,cpu        ] GC(120) User=0.03s Sys=0.07s Real=0.02s
[2020-11-06T15:06:18.005+0800][gc,start      ] GC(121) Pause Young (Normal) (G1 Evacuation Pause)
[2020-11-06T15:06:18.006+0800][gc,task       ] GC(121) Using 10 workers of 10 for evacuation
[2020-11-06T15:06:18.027+0800][gc,mmu        ] GC(121) MMU target violated: 21.0ms (20.0ms/21.0ms)
[2020-11-06T15:06:18.028+0800][gc,phases     ] GC(121)   Pre Evacuate Collection Set: 0.0ms
[2020-11-06T15:06:18.028+0800][gc,phases     ] GC(121)   Evacuate Collection Set: 19.9ms
[2020-11-06T15:06:18.028+0800][gc,phases     ] GC(121)   Post Evacuate Collection Set: 0.9ms
[2020-11-06T15:06:18.028+0800][gc,phases     ] GC(121)   Other: 1.4ms
[2020-11-06T15:06:18.028+0800][gc,heap       ] GC(121) Eden regions: 609->0(609)
[2020-11-06T15:06:18.028+0800][gc,heap       ] GC(121) Survivor regions: 5->5(77)
[2020-11-06T15:06:18.028+0800][gc,heap       ] GC(121) Old regions: 14->14
[2020-11-06T15:06:18.028+0800][gc,heap       ] GC(121) Humongous regions: 130->130
[2020-11-06T15:06:18.028+0800][gc,metaspace  ] GC(121) Metaspace: 37223K->37223K(1083392K)
[2020-11-06T15:06:18.028+0800][gc            ] GC(121) Pause Young (Normal) (G1 Evacuation Pause) 757M->147M(1024M) 22.362ms
[2020-11-06T15:06:18.028+0800][gc,cpu        ] GC(121) User=0.03s Sys=0.05s Real=0.02s
[2020-11-06T15:14:17.575+0800][gc,start      ] GC(122) Pause Young (Normal) (G1 Evacuation Pause)
[2020-11-06T15:14:17.581+0800][gc,task       ] GC(122) Using 10 workers of 10 for evacuation
[2020-11-06T15:14:17.587+0800][gc,phases     ] GC(122)   Pre Evacuate Collection Set: 0.1ms
[2020-11-06T15:14:17.587+0800][gc,phases     ] GC(122)   Evacuate Collection Set: 5.3ms
[2020-11-06T15:14:17.587+0800][gc,phases     ] GC(122)   Post Evacuate Collection Set: 0.4ms
[2020-11-06T15:14:17.587+0800][gc,phases     ] GC(122)   Other: 6.1ms
[2020-11-06T15:14:17.587+0800][gc,heap       ] GC(122) Eden regions: 609->0(610)
[2020-11-06T15:14:17.587+0800][gc,heap       ] GC(122) Survivor regions: 5->4(77)
[2020-11-06T15:14:17.587+0800][gc,heap       ] GC(122) Old regions: 14->14
[2020-11-06T15:14:17.587+0800][gc,heap       ] GC(122) Humongous regions: 130->130
[2020-11-06T15:14:17.587+0800][gc,metaspace  ] GC(122) Metaspace: 37223K->37223K(1083392K)
[2020-11-06T15:14:17.587+0800][gc            ] GC(122) Pause Young (Normal) (G1 Evacuation Pause) 756M->147M(1024M) 11.949ms
[2020-11-06T15:14:17.587+0800][gc,cpu        ] GC(122) User=0.02s Sys=0.01s Real=0.01s
[2020-11-06T15:22:17.154+0800][gc,start      ] GC(123) Pause Young (Normal) (G1 Evacuation Pause)
[2020-11-06T15:22:17.155+0800][gc,task       ] GC(123) Using 10 workers of 10 for evacuation
[2020-11-06T15:22:17.164+0800][gc,phases     ] GC(123)   Pre Evacuate Collection Set: 0.0ms
[2020-11-06T15:22:17.164+0800][gc,phases     ] GC(123)   Evacuate Collection Set: 8.1ms
[2020-11-06T15:22:17.164+0800][gc,phases     ] GC(123)   Post Evacuate Collection Set: 0.9ms
[2020-11-06T15:22:17.164+0800][gc,phases     ] GC(123)   Other: 0.7ms
[2020-11-06T15:22:17.164+0800][gc,heap       ] GC(123) Eden regions: 610->0(609)
[2020-11-06T15:22:17.164+0800][gc,heap       ] GC(123) Survivor regions: 4->5(77)
[2020-11-06T15:22:17.164+0800][gc,heap       ] GC(123) Old regions: 14->14
[2020-11-06T15:22:17.164+0800][gc,heap       ] GC(123) Humongous regions: 130->130
[2020-11-06T15:22:17.164+0800][gc,metaspace  ] GC(123) Metaspace: 37240K->37240K(1083392K)
[2020-11-06T15:22:17.164+0800][gc            ] GC(123) Pause Young (Normal) (G1 Evacuation Pause) 757M->148M(1024M) 9.889ms
[2020-11-06T15:22:17.164+0800][gc,cpu        ] GC(123) User=0.03s Sys=0.02s Real=0.01s
[2020-11-06T15:30:17.418+0800][gc,start      ] GC(124) Pause Young (Normal) (G1 Evacuation Pause)
[2020-11-06T15:30:17.418+0800][gc,task       ] GC(124) Using 10 workers of 10 for evacuation
[2020-11-06T15:30:17.424+0800][gc,phases     ] GC(124)   Pre Evacuate Collection Set: 0.0ms
[2020-11-06T15:30:17.424+0800][gc,phases     ] GC(124)   Evacuate Collection Set: 5.1ms
[2020-11-06T15:30:17.424+0800][gc,phases     ] GC(124)   Post Evacuate Collection Set: 0.3ms
[2020-11-06T15:30:17.424+0800][gc,phases     ] GC(124)   Other: 0.7ms
[2020-11-06T15:30:17.424+0800][gc,heap       ] GC(124) Eden regions: 609->0(609)
[2020-11-06T15:30:17.424+0800][gc,heap       ] GC(124) Survivor regions: 5->5(77)
[2020-11-06T15:30:17.424+0800][gc,heap       ] GC(124) Old regions: 14->14
[2020-11-06T15:30:17.424+0800][gc,heap       ] GC(124) Humongous regions: 130->130
[2020-11-06T15:30:17.424+0800][gc,metaspace  ] GC(124) Metaspace: 37240K->37240K(1083392K)
[2020-11-06T15:30:17.424+0800][gc            ] GC(124) Pause Young (Normal) (G1 Evacuation Pause) 757M->148M(1024M) 6.334ms
[2020-11-06T15:30:17.424+0800][gc,cpu        ] GC(124) User=0.03s Sys=0.01s Real=0.01s
[2020-11-06T15:38:18.807+0800][gc,start      ] GC(125) Pause Young (Normal) (G1 Evacuation Pause)
[2020-11-06T15:38:18.807+0800][gc,task       ] GC(125) Using 10 workers of 10 for evacuation
[2020-11-06T15:38:18.816+0800][gc,phases     ] GC(125)   Pre Evacuate Collection Set: 0.1ms
[2020-11-06T15:38:18.816+0800][gc,phases     ] GC(125)   Evacuate Collection Set: 6.7ms
[2020-11-06T15:38:18.816+0800][gc,phases     ] GC(125)   Post Evacuate Collection Set: 1.2ms
[2020-11-06T15:38:18.816+0800][gc,phases     ] GC(125)   Other: 0.9ms
[2020-11-06T15:38:18.816+0800][gc,heap       ] GC(125) Eden regions: 609->0(609)
[2020-11-06T15:38:18.816+0800][gc,heap       ] GC(125) Survivor regions: 5->5(77)
[2020-11-06T15:38:18.816+0800][gc,heap       ] GC(125) Old regions: 14->14
[2020-11-06T15:38:18.816+0800][gc,heap       ] GC(125) Humongous regions: 130->130
[2020-11-06T15:38:18.816+0800][gc,metaspace  ] GC(125) Metaspace: 37240K->37240K(1083392K)
[2020-11-06T15:38:18.816+0800][gc            ] GC(125) Pause Young (Normal) (G1 Evacuation Pause) 757M->147M(1024M) 9.022ms
[2020-11-06T15:38:18.816+0800][gc,cpu        ] GC(125) User=0.04s Sys=0.01s Real=0.01s
[2020-11-06T15:46:20.641+0800][gc,start      ] GC(126) Pause Young (Normal) (G1 Evacuation Pause)
[2020-11-06T15:46:20.641+0800][gc,task       ] GC(126) Using 10 workers of 10 for evacuation
[2020-11-06T15:46:20.646+0800][gc,phases     ] GC(126)   Pre Evacuate Collection Set: 0.1ms
[2020-11-06T15:46:20.646+0800][gc,phases     ] GC(126)   Evacuate Collection Set: 3.1ms
[2020-11-06T15:46:20.646+0800][gc,phases     ] GC(126)   Post Evacuate Collection Set: 1.5ms
[2020-11-06T15:46:20.646+0800][gc,phases     ] GC(126)   Other: 0.8ms
[2020-11-06T15:46:20.646+0800][gc,heap       ] GC(126) Eden regions: 609->0(610)
[2020-11-06T15:46:20.646+0800][gc,heap       ] GC(126) Survivor regions: 5->4(77)
[2020-11-06T15:46:20.646+0800][gc,heap       ] GC(126) Old regions: 14->14
[2020-11-06T15:46:20.646+0800][gc,heap       ] GC(126) Humongous regions: 130->130
[2020-11-06T15:46:20.646+0800][gc,metaspace  ] GC(126) Metaspace: 37243K->37243K(1083392K)
[2020-11-06T15:46:20.646+0800][gc            ] GC(126) Pause Young (Normal) (G1 Evacuation Pause) 756M->147M(1024M) 5.564ms
[2020-11-06T15:46:20.646+0800][gc,cpu        ] GC(126) User=0.02s Sys=0.00s Real=0.00s
[2020-11-06T15:54:28.801+0800][gc,start      ] GC(127) Pause Young (Normal) (G1 Evacuation Pause)
[2020-11-06T15:54:28.803+0800][gc,task       ] GC(127) Using 10 workers of 10 for evacuation
[2020-11-06T15:54:28.807+0800][gc,phases     ] GC(127)   Pre Evacuate Collection Set: 0.0ms
[2020-11-06T15:54:28.807+0800][gc,phases     ] GC(127)   Evacuate Collection Set: 4.2ms
[2020-11-06T15:54:28.807+0800][gc,phases     ] GC(127)   Post Evacuate Collection Set: 0.4ms
[2020-11-06T15:54:28.807+0800][gc,phases     ] GC(127)   Other: 1.4ms
[2020-11-06T15:54:28.807+0800][gc,heap       ] GC(127) Eden regions: 610->0(609)
[2020-11-06T15:54:28.808+0800][gc,heap       ] GC(127) Survivor regions: 4->5(77)
[2020-11-06T15:54:28.808+0800][gc,heap       ] GC(127) Old regions: 14->14
[2020-11-06T15:54:28.808+0800][gc,heap       ] GC(127) Humongous regions: 130->130
[2020-11-06T15:54:28.808+0800][gc,metaspace  ] GC(127) Metaspace: 37243K->37243K(1083392K)
[2020-11-06T15:54:28.808+0800][gc            ] GC(127) Pause Young (Normal) (G1 Evacuation Pause) 757M->147M(1024M) 6.090ms
[2020-11-06T15:54:28.808+0800][gc,cpu        ] GC(127) User=0.03s Sys=0.01s Real=0.00s
[2020-11-06T16:02:31.575+0800][gc,start      ] GC(128) Pause Young (Normal) (G1 Evacuation Pause)
[2020-11-06T16:02:31.576+0800][gc,task       ] GC(128) Using 10 workers of 10 for evacuation
[2020-11-06T16:02:31.580+0800][gc,phases     ] GC(128)   Pre Evacuate Collection Set: 0.0ms
[2020-11-06T16:02:31.580+0800][gc,phases     ] GC(128)   Evacuate Collection Set: 2.8ms
[2020-11-06T16:02:31.580+0800][gc,phases     ] GC(128)   Post Evacuate Collection Set: 1.2ms
[2020-11-06T16:02:31.581+0800][gc,phases     ] GC(128)   Other: 1.6ms
[2020-11-06T16:02:31.581+0800][gc,heap       ] GC(128) Eden regions: 609->0(610)
[2020-11-06T16:02:31.581+0800][gc,heap       ] GC(128) Survivor regions: 5->4(77)
[2020-11-06T16:02:31.581+0800][gc,heap       ] GC(128) Old regions: 14->15
[2020-11-06T16:02:31.581+0800][gc,heap       ] GC(128) Humongous regions: 130->130
[2020-11-06T16:02:31.581+0800][gc,metaspace  ] GC(128) Metaspace: 37243K->37243K(1083392K)
[2020-11-06T16:02:31.581+0800][gc            ] GC(128) Pause Young (Normal) (G1 Evacuation Pause) 756M->147M(1024M) 5.837ms
[2020-11-06T16:02:31.581+0800][gc,cpu        ] GC(128) User=0.03s Sys=0.00s Real=0.01s
[2020-11-06T16:10:34.726+0800][gc,start      ] GC(129) Pause Young (Normal) (G1 Evacuation Pause)
[2020-11-06T16:10:34.726+0800][gc,task       ] GC(129) Using 10 workers of 10 for evacuation
[2020-11-06T16:10:34.730+0800][gc,phases     ] GC(129)   Pre Evacuate Collection Set: 0.0ms
[2020-11-06T16:10:34.730+0800][gc,phases     ] GC(129)   Evacuate Collection Set: 3.3ms
[2020-11-06T16:10:34.730+0800][gc,phases     ] GC(129)   Post Evacuate Collection Set: 0.4ms
[2020-11-06T16:10:34.734+0800][gc,phases     ] GC(129)   Other: 0.3ms
[2020-11-06T16:10:34.734+0800][gc,heap       ] GC(129) Eden regions: 610->0(610)
[2020-11-06T16:10:34.734+0800][gc,heap       ] GC(129) Survivor regions: 4->4(77)
[2020-11-06T16:10:34.734+0800][gc,heap       ] GC(129) Old regions: 15->15
[2020-11-06T16:10:34.734+0800][gc,heap       ] GC(129) Humongous regions: 130->130
[2020-11-06T16:10:34.734+0800][gc,metaspace  ] GC(129) Metaspace: 37243K->37243K(1083392K)
[2020-11-06T16:10:34.734+0800][gc            ] GC(129) Pause Young (Normal) (G1 Evacuation Pause) 757M->147M(1024M) 8.357ms
[2020-11-06T16:10:34.734+0800][gc,cpu        ] GC(129) User=0.03s Sys=0.01s Real=0.01s
[2020-11-06T16:18:36.661+0800][gc,start      ] GC(130) Pause Young (Normal) (G1 Evacuation Pause)
[2020-11-06T16:18:36.662+0800][gc,task       ] GC(130) Using 10 workers of 10 for evacuation
[2020-11-06T16:18:36.675+0800][gc,phases     ] GC(130)   Pre Evacuate Collection Set: 0.8ms
[2020-11-06T16:18:36.675+0800][gc,phases     ] GC(130)   Evacuate Collection Set: 10.9ms
[2020-11-06T16:18:36.675+0800][gc,phases     ] GC(130)   Post Evacuate Collection Set: 1.0ms
[2020-11-06T16:18:36.675+0800][gc,phases     ] GC(130)   Other: 1.6ms
[2020-11-06T16:18:36.675+0800][gc,heap       ] GC(130) Eden regions: 610->0(609)
[2020-11-06T16:18:36.675+0800][gc,heap       ] GC(130) Survivor regions: 4->5(77)
[2020-11-06T16:18:36.675+0800][gc,heap       ] GC(130) Old regions: 15->15
[2020-11-06T16:18:36.675+0800][gc,heap       ] GC(130) Humongous regions: 130->130
[2020-11-06T16:18:36.675+0800][gc,metaspace  ] GC(130) Metaspace: 37243K->37243K(1083392K)
[2020-11-06T16:18:36.675+0800][gc            ] GC(130) Pause Young (Normal) (G1 Evacuation Pause) 757M->148M(1024M) 14.390ms
[2020-11-06T16:18:36.675+0800][gc,cpu        ] GC(130) User=0.03s Sys=0.04s Real=0.01s
[2020-11-06T16:26:36.361+0800][gc,start      ] GC(131) Pause Young (Normal) (G1 Evacuation Pause)
[2020-11-06T16:26:36.362+0800][gc,task       ] GC(131) Using 10 workers of 10 for evacuation
[2020-11-06T16:26:36.366+0800][gc,phases     ] GC(131)   Pre Evacuate Collection Set: 0.0ms
[2020-11-06T16:26:36.366+0800][gc,phases     ] GC(131)   Evacuate Collection Set: 3.4ms
[2020-11-06T16:26:36.366+0800][gc,phases     ] GC(131)   Post Evacuate Collection Set: 0.4ms
[2020-11-06T16:26:36.366+0800][gc,phases     ] GC(131)   Other: 1.2ms
[2020-11-06T16:26:36.366+0800][gc,heap       ] GC(131) Eden regions: 609->0(610)
[2020-11-06T16:26:36.366+0800][gc,heap       ] GC(131) Survivor regions: 5->4(77)
[2020-11-06T16:26:36.366+0800][gc,heap       ] GC(131) Old regions: 15->15
[2020-11-06T16:26:36.366+0800][gc,heap       ] GC(131) Humongous regions: 130->130
[2020-11-06T16:26:36.366+0800][gc,metaspace  ] GC(131) Metaspace: 37243K->37243K(1083392K)
[2020-11-06T16:26:36.366+0800][gc            ] GC(131) Pause Young (Normal) (G1 Evacuation Pause) 757M->148M(1024M) 5.139ms
[2020-11-06T16:26:36.366+0800][gc,cpu        ] GC(131) User=0.02s Sys=0.00s Real=0.00s
[2020-11-06T16:34:39.655+0800][gc,start      ] GC(132) Pause Young (Normal) (G1 Evacuation Pause)
[2020-11-06T16:34:39.655+0800][gc,task       ] GC(132) Using 10 workers of 10 for evacuation
[2020-11-06T16:34:39.660+0800][gc,phases     ] GC(132)   Pre Evacuate Collection Set: 0.0ms
[2020-11-06T16:34:39.660+0800][gc,phases     ] GC(132)   Evacuate Collection Set: 4.1ms
[2020-11-06T16:34:39.660+0800][gc,phases     ] GC(132)   Post Evacuate Collection Set: 0.4ms
[2020-11-06T16:34:39.660+0800][gc,phases     ] GC(132)   Other: 0.5ms
[2020-11-06T16:34:39.660+0800][gc,heap       ] GC(132) Eden regions: 610->0(610)
[2020-11-06T16:34:39.660+0800][gc,heap       ] GC(132) Survivor regions: 4->4(77)
[2020-11-06T16:34:39.660+0800][gc,heap       ] GC(132) Old regions: 15->15
[2020-11-06T16:34:39.660+0800][gc,heap       ] GC(132) Humongous regions: 130->130
[2020-11-06T16:34:39.660+0800][gc,metaspace  ] GC(132) Metaspace: 37243K->37243K(1083392K)
[2020-11-06T16:34:39.660+0800][gc            ] GC(132) Pause Young (Normal) (G1 Evacuation Pause) 758M->148M(1024M) 5.089ms
[2020-11-06T16:34:39.660+0800][gc,cpu        ] GC(132) User=0.03s Sys=0.00s Real=0.01s
[2020-11-06T16:42:44.398+0800][gc,start      ] GC(133) Pause Young (Normal) (G1 Evacuation Pause)
[2020-11-06T16:42:44.399+0800][gc,task       ] GC(133) Using 10 workers of 10 for evacuation
[2020-11-06T16:42:44.403+0800][gc,phases     ] GC(133)   Pre Evacuate Collection Set: 0.0ms
[2020-11-06T16:42:44.403+0800][gc,phases     ] GC(133)   Evacuate Collection Set: 3.1ms
[2020-11-06T16:42:44.403+0800][gc,phases     ] GC(133)   Post Evacuate Collection Set: 0.4ms
[2020-11-06T16:42:44.403+0800][gc,phases     ] GC(133)   Other: 1.3ms
[2020-11-06T16:42:44.403+0800][gc,heap       ] GC(133) Eden regions: 610->0(610)
[2020-11-06T16:42:44.403+0800][gc,heap       ] GC(133) Survivor regions: 4->4(77)
[2020-11-06T16:42:44.403+0800][gc,heap       ] GC(133) Old regions: 15->15
[2020-11-06T16:42:44.403+0800][gc,heap       ] GC(133) Humongous regions: 130->130
[2020-11-06T16:42:44.403+0800][gc,metaspace  ] GC(133) Metaspace: 37243K->37243K(1083392K)
[2020-11-06T16:42:44.403+0800][gc            ] GC(133) Pause Young (Normal) (G1 Evacuation Pause) 758M->148M(1024M) 4.887ms
[2020-11-06T16:42:44.403+0800][gc,cpu        ] GC(133) User=0.03s Sys=0.01s Real=0.01s
[2020-11-06T16:50:51.664+0800][gc,start      ] GC(134) Pause Young (Normal) (G1 Evacuation Pause)
[2020-11-06T16:50:51.664+0800][gc,task       ] GC(134) Using 10 workers of 10 for evacuation
[2020-11-06T16:50:51.668+0800][gc,phases     ] GC(134)   Pre Evacuate Collection Set: 0.0ms
[2020-11-06T16:50:51.668+0800][gc,phases     ] GC(134)   Evacuate Collection Set: 2.9ms
[2020-11-06T16:50:51.668+0800][gc,phases     ] GC(134)   Post Evacuate Collection Set: 0.9ms
[2020-11-06T16:50:51.668+0800][gc,phases     ] GC(134)   Other: 0.6ms
[2020-11-06T16:50:51.668+0800][gc,heap       ] GC(134) Eden regions: 610->0(610)
[2020-11-06T16:50:51.668+0800][gc,heap       ] GC(134) Survivor regions: 4->4(77)
[2020-11-06T16:50:51.669+0800][gc,heap       ] GC(134) Old regions: 15->16
[2020-11-06T16:50:51.669+0800][gc,heap       ] GC(134) Humongous regions: 130->130
[2020-11-06T16:50:51.669+0800][gc,metaspace  ] GC(134) Metaspace: 37243K->37243K(1083392K)
[2020-11-06T16:50:51.669+0800][gc            ] GC(134) Pause Young (Normal) (G1 Evacuation Pause) 758M->148M(1024M) 4.636ms
[2020-11-06T16:50:51.669+0800][gc,cpu        ] GC(134) User=0.03s Sys=0.00s Real=0.00s
[2020-11-06T16:58:55.255+0800][gc,start      ] GC(135) Pause Young (Normal) (G1 Evacuation Pause)
[2020-11-06T16:58:55.255+0800][gc,task       ] GC(135) Using 10 workers of 10 for evacuation
[2020-11-06T16:58:55.258+0800][gc,phases     ] GC(135)   Pre Evacuate Collection Set: 0.0ms
[2020-11-06T16:58:55.259+0800][gc,phases     ] GC(135)   Evacuate Collection Set: 2.1ms
[2020-11-06T16:58:55.259+0800][gc,phases     ] GC(135)   Post Evacuate Collection Set: 0.8ms
[2020-11-06T16:58:55.259+0800][gc,phases     ] GC(135)   Other: 0.9ms
[2020-11-06T16:58:55.259+0800][gc,heap       ] GC(135) Eden regions: 610->0(610)
[2020-11-06T16:58:55.259+0800][gc,heap       ] GC(135) Survivor regions: 4->4(77)
[2020-11-06T16:58:55.259+0800][gc,heap       ] GC(135) Old regions: 16->16
[2020-11-06T16:58:55.259+0800][gc,heap       ] GC(135) Humongous regions: 130->130
[2020-11-06T16:58:55.259+0800][gc,metaspace  ] GC(135) Metaspace: 37243K->37243K(1083392K)
[2020-11-06T16:58:55.259+0800][gc            ] GC(135) Pause Young (Normal) (G1 Evacuation Pause) 758M->148M(1024M) 3.908ms
[2020-11-06T16:58:55.259+0800][gc,cpu        ] GC(135) User=0.02s Sys=0.00s Real=0.00s
[2020-11-06T17:06:59.593+0800][gc,start      ] GC(136) Pause Young (Normal) (G1 Evacuation Pause)
[2020-11-06T17:06:59.594+0800][gc,task       ] GC(136) Using 10 workers of 10 for evacuation
[2020-11-06T17:06:59.599+0800][gc,phases     ] GC(136)   Pre Evacuate Collection Set: 0.0ms
[2020-11-06T17:06:59.599+0800][gc,phases     ] GC(136)   Evacuate Collection Set: 4.5ms
[2020-11-06T17:06:59.600+0800][gc,phases     ] GC(136)   Post Evacuate Collection Set: 0.4ms
[2020-11-06T17:06:59.600+0800][gc,phases     ] GC(136)   Other: 1.3ms
[2020-11-06T17:06:59.600+0800][gc,heap       ] GC(136) Eden regions: 610->0(610)
[2020-11-06T17:06:59.600+0800][gc,heap       ] GC(136) Survivor regions: 4->4(77)
[2020-11-06T17:06:59.600+0800][gc,heap       ] GC(136) Old regions: 16->16
[2020-11-06T17:06:59.600+0800][gc,heap       ] GC(136) Humongous regions: 130->130
[2020-11-06T17:06:59.600+0800][gc,metaspace  ] GC(136) Metaspace: 37243K->37243K(1083392K)
[2020-11-06T17:06:59.600+0800][gc            ] GC(136) Pause Young (Normal) (G1 Evacuation Pause) 758M->148M(1024M) 6.807ms
[2020-11-06T17:06:59.600+0800][gc,cpu        ] GC(136) User=0.03s Sys=0.00s Real=0.01s
[2020-11-06T17:15:02.854+0800][gc,start      ] GC(137) Pause Young (Normal) (G1 Evacuation Pause)
[2020-11-06T17:15:02.855+0800][gc,task       ] GC(137) Using 10 workers of 10 for evacuation
[2020-11-06T17:15:02.859+0800][gc,phases     ] GC(137)   Pre Evacuate Collection Set: 0.1ms
[2020-11-06T17:15:02.860+0800][gc,phases     ] GC(137)   Evacuate Collection Set: 3.4ms
[2020-11-06T17:15:02.860+0800][gc,phases     ] GC(137)   Post Evacuate Collection Set: 1.1ms
[2020-11-06T17:15:02.860+0800][gc,phases     ] GC(137)   Other: 1.0ms
[2020-11-06T17:15:02.860+0800][gc,heap       ] GC(137) Eden regions: 610->0(610)
[2020-11-06T17:15:02.860+0800][gc,heap       ] GC(137) Survivor regions: 4->4(77)
[2020-11-06T17:15:02.860+0800][gc,heap       ] GC(137) Old regions: 16->16
[2020-11-06T17:15:02.860+0800][gc,heap       ] GC(137) Humongous regions: 130->130
[2020-11-06T17:15:02.860+0800][gc,metaspace  ] GC(137) Metaspace: 37243K->37243K(1083392K)
[2020-11-06T17:15:02.860+0800][gc            ] GC(137) Pause Young (Normal) (G1 Evacuation Pause) 758M->148M(1024M) 5.718ms
[2020-11-06T17:15:02.860+0800][gc,cpu        ] GC(137) User=0.02s Sys=0.00s Real=0.01s
[2020-11-06T17:23:03.488+0800][gc,start      ] GC(138) Pause Young (Normal) (G1 Evacuation Pause)
[2020-11-06T17:23:03.489+0800][gc,task       ] GC(138) Using 10 workers of 10 for evacuation
[2020-11-06T17:23:03.494+0800][gc,phases     ] GC(138)   Pre Evacuate Collection Set: 0.0ms
[2020-11-06T17:23:03.494+0800][gc,phases     ] GC(138)   Evacuate Collection Set: 3.0ms
[2020-11-06T17:23:03.494+0800][gc,phases     ] GC(138)   Post Evacuate Collection Set: 1.5ms
[2020-11-06T17:23:03.494+0800][gc,phases     ] GC(138)   Other: 0.8ms
[2020-11-06T17:23:03.494+0800][gc,heap       ] GC(138) Eden regions: 610->0(610)
[2020-11-06T17:23:03.494+0800][gc,heap       ] GC(138) Survivor regions: 4->4(77)
[2020-11-06T17:23:03.494+0800][gc,heap       ] GC(138) Old regions: 16->16
[2020-11-06T17:23:03.494+0800][gc,heap       ] GC(138) Humongous regions: 130->130
[2020-11-06T17:23:03.494+0800][gc,metaspace  ] GC(138) Metaspace: 37243K->37243K(1083392K)
[2020-11-06T17:23:03.494+0800][gc            ] GC(138) Pause Young (Normal) (G1 Evacuation Pause) 758M->148M(1024M) 5.462ms
[2020-11-06T17:23:03.494+0800][gc,cpu        ] GC(138) User=0.02s Sys=0.00s Real=0.01s
[2020-11-06T17:31:06.196+0800][gc,start      ] GC(139) Pause Young (Normal) (G1 Evacuation Pause)
[2020-11-06T17:31:06.197+0800][gc,task       ] GC(139) Using 10 workers of 10 for evacuation
[2020-11-06T17:31:06.202+0800][gc,phases     ] GC(139)   Pre Evacuate Collection Set: 0.0ms
[2020-11-06T17:31:06.202+0800][gc,phases     ] GC(139)   Evacuate Collection Set: 3.6ms
[2020-11-06T17:31:06.202+0800][gc,phases     ] GC(139)   Post Evacuate Collection Set: 0.9ms
[2020-11-06T17:31:06.202+0800][gc,phases     ] GC(139)   Other: 1.1ms
[2020-11-06T17:31:06.202+0800][gc,heap       ] GC(139) Eden regions: 610->0(610)
[2020-11-06T17:31:06.202+0800][gc,heap       ] GC(139) Survivor regions: 4->4(77)
[2020-11-06T17:31:06.202+0800][gc,heap       ] GC(139) Old regions: 16->16
[2020-11-06T17:31:06.202+0800][gc,heap       ] GC(139) Humongous regions: 130->130
[2020-11-06T17:31:06.202+0800][gc,metaspace  ] GC(139) Metaspace: 37243K->37243K(1083392K)
[2020-11-06T17:31:06.202+0800][gc            ] GC(139) Pause Young (Normal) (G1 Evacuation Pause) 758M->148M(1024M) 5.729ms
[2020-11-06T17:31:06.202+0800][gc,cpu        ] GC(139) User=0.03s Sys=0.00s Real=0.01s
[2020-11-06T17:39:09.645+0800][gc,start      ] GC(140) Pause Young (Normal) (G1 Evacuation Pause)
[2020-11-06T17:39:09.646+0800][gc,task       ] GC(140) Using 10 workers of 10 for evacuation
[2020-11-06T17:39:09.652+0800][gc,phases     ] GC(140)   Pre Evacuate Collection Set: 0.0ms
[2020-11-06T17:39:09.652+0800][gc,phases     ] GC(140)   Evacuate Collection Set: 5.0ms
[2020-11-06T17:39:09.652+0800][gc,phases     ] GC(140)   Post Evacuate Collection Set: 1.1ms
[2020-11-06T17:39:09.652+0800][gc,phases     ] GC(140)   Other: 2.2ms
[2020-11-06T17:39:09.652+0800][gc,heap       ] GC(140) Eden regions: 610->0(610)
[2020-11-06T17:39:09.652+0800][gc,heap       ] GC(140) Survivor regions: 4->4(77)
[2020-11-06T17:39:09.652+0800][gc,heap       ] GC(140) Old regions: 16->16
[2020-11-06T17:39:09.652+0800][gc,heap       ] GC(140) Humongous regions: 130->130
[2020-11-06T17:39:09.652+0800][gc,metaspace  ] GC(140) Metaspace: 37243K->37243K(1083392K)
[2020-11-06T17:39:09.652+0800][gc            ] GC(140) Pause Young (Normal) (G1 Evacuation Pause) 758M->148M(1024M) 7.675ms
[2020-11-06T17:39:09.652+0800][gc,cpu        ] GC(140) User=0.02s Sys=0.00s Real=0.01s
[2020-11-06T17:47:14.274+0800][gc,start      ] GC(141) Pause Young (Normal) (G1 Evacuation Pause)
[2020-11-06T17:47:14.274+0800][gc,task       ] GC(141) Using 10 workers of 10 for evacuation
[2020-11-06T17:47:14.279+0800][gc,phases     ] GC(141)   Pre Evacuate Collection Set: 0.0ms
[2020-11-06T17:47:14.279+0800][gc,phases     ] GC(141)   Evacuate Collection Set: 4.3ms
[2020-11-06T17:47:14.279+0800][gc,phases     ] GC(141)   Post Evacuate Collection Set: 0.4ms
[2020-11-06T17:47:14.279+0800][gc,phases     ] GC(141)   Other: 0.3ms
[2020-11-06T17:47:14.279+0800][gc,heap       ] GC(141) Eden regions: 610->0(610)
[2020-11-06T17:47:14.279+0800][gc,heap       ] GC(141) Survivor regions: 4->4(77)
[2020-11-06T17:47:14.279+0800][gc,heap       ] GC(141) Old regions: 16->16
[2020-11-06T17:47:14.279+0800][gc,heap       ] GC(141) Humongous regions: 130->130
[2020-11-06T17:47:14.280+0800][gc,metaspace  ] GC(141) Metaspace: 37243K->37243K(1083392K)
[2020-11-06T17:47:14.280+0800][gc            ] GC(141) Pause Young (Normal) (G1 Evacuation Pause) 758M->148M(1024M) 5.143ms
[2020-11-06T17:47:14.280+0800][gc,cpu        ] GC(141) User=0.02s Sys=0.00s Real=0.01s
[2020-11-06T17:55:19.133+0800][gc,start      ] GC(142) Pause Young (Normal) (G1 Evacuation Pause)
[2020-11-06T17:55:19.134+0800][gc,task       ] GC(142) Using 10 workers of 10 for evacuation
[2020-11-06T17:55:19.138+0800][gc,phases     ] GC(142)   Pre Evacuate Collection Set: 0.0ms
[2020-11-06T17:55:19.138+0800][gc,phases     ] GC(142)   Evacuate Collection Set: 3.5ms
[2020-11-06T17:55:19.138+0800][gc,phases     ] GC(142)   Post Evacuate Collection Set: 0.4ms
[2020-11-06T17:55:19.138+0800][gc,phases     ] GC(142)   Other: 1.2ms
[2020-11-06T17:55:19.138+0800][gc,heap       ] GC(142) Eden regions: 610->0(610)
[2020-11-06T17:55:19.138+0800][gc,heap       ] GC(142) Survivor regions: 4->4(77)
[2020-11-06T17:55:19.138+0800][gc,heap       ] GC(142) Old regions: 16->16
[2020-11-06T17:55:19.138+0800][gc,heap       ] GC(142) Humongous regions: 130->130
[2020-11-06T17:55:19.138+0800][gc,metaspace  ] GC(142) Metaspace: 37243K->37243K(1083392K)
[2020-11-06T17:55:19.138+0800][gc            ] GC(142) Pause Young (Normal) (G1 Evacuation Pause) 758M->148M(1024M) 5.315ms
[2020-11-06T17:55:19.138+0800][gc,cpu        ] GC(142) User=0.02s Sys=0.00s Real=0.00s
[2020-11-06T18:03:24.714+0800][gc,start      ] GC(143) Pause Young (Normal) (G1 Evacuation Pause)
[2020-11-06T18:03:24.715+0800][gc,task       ] GC(143) Using 10 workers of 10 for evacuation
[2020-11-06T18:03:24.719+0800][gc,phases     ] GC(143)   Pre Evacuate Collection Set: 0.0ms
[2020-11-06T18:03:24.719+0800][gc,phases     ] GC(143)   Evacuate Collection Set: 3.4ms
[2020-11-06T18:03:24.719+0800][gc,phases     ] GC(143)   Post Evacuate Collection Set: 0.4ms
[2020-11-06T18:03:24.719+0800][gc,phases     ] GC(143)   Other: 0.9ms
[2020-11-06T18:03:24.719+0800][gc,heap       ] GC(143) Eden regions: 610->0(610)
[2020-11-06T18:03:24.719+0800][gc,heap       ] GC(143) Survivor regions: 4->4(77)
[2020-11-06T18:03:24.719+0800][gc,heap       ] GC(143) Old regions: 16->16
[2020-11-06T18:03:24.719+0800][gc,heap       ] GC(143) Humongous regions: 130->130
[2020-11-06T18:03:24.719+0800][gc,metaspace  ] GC(143) Metaspace: 37243K->37243K(1083392K)
[2020-11-06T18:03:24.719+0800][gc            ] GC(143) Pause Young (Normal) (G1 Evacuation Pause) 758M->148M(1024M) 5.281ms
[2020-11-06T18:03:24.719+0800][gc,cpu        ] GC(143) User=0.02s Sys=0.00s Real=0.00s
[2020-11-06T18:04:49.965+0800][gc,heap,exit  ] Heap
[2020-11-06T18:04:49.966+0800][gc,heap,exit  ]  garbage-first heap   total 1048576K, used 265785K [0x00000007c0000000, 0x0000000800000000)
[2020-11-06T18:04:49.966+0800][gc,heap,exit  ]   region size 1024K, 116 young (118784K), 4 survivors (4096K)
[2020-11-06T18:04:49.966+0800][gc,heap,exit  ]  Metaspace       used 37395K, capacity 37787K, committed 38576K, reserved 1083392K
[2020-11-06T18:04:49.966+0800][gc,heap,exit  ]   class space    used 4459K, capacity 4595K, committed 4608K, reserved 1048576K
