[2020-11-02T15:22:34.239+0800][gc,heap] Heap region size: 1M
[2020-11-02T15:22:34.247+0800][gc     ] Using G1
[2020-11-02T15:22:34.248+0800][gc,heap,coops] Heap address: 0x00000007c0000000, size: 1024 MB, Compressed Oops mode: Zero based, Oop shift amount: 3
[2020-11-02T15:22:35.192+0800][gc,start     ] GC(0) Pause Young (Concurrent Start) (Metadata GC Threshold)
[2020-11-02T15:22:35.192+0800][gc,task      ] GC(0) Using 10 workers of 10 for evacuation
[2020-11-02T15:22:35.198+0800][gc,phases    ] GC(0)   Pre Evacuate Collection Set: 0.0ms
[2020-11-02T15:22:35.198+0800][gc,phases    ] GC(0)   Evacuate Collection Set: 5.0ms
[2020-11-02T15:22:35.198+0800][gc,phases    ] GC(0)   Post Evacuate Collection Set: 0.4ms
[2020-11-02T15:22:35.198+0800][gc,phases    ] GC(0)   Other: 0.7ms
[2020-11-02T15:22:35.198+0800][gc,heap      ] GC(0) Eden regions: 41->0(45)
[2020-11-02T15:22:35.198+0800][gc,heap      ] GC(0) Survivor regions: 0->6(7)
[2020-11-02T15:22:35.198+0800][gc,heap      ] GC(0) Old regions: 0->0
[2020-11-02T15:22:35.198+0800][gc,heap      ] GC(0) Humongous regions: 1->1
[2020-11-02T15:22:35.198+0800][gc,metaspace ] GC(0) Metaspace: 20661K->20661K(1069056K)
[2020-11-02T15:22:35.198+0800][gc           ] GC(0) Pause Young (Concurrent Start) (Metadata GC Threshold) 42M->6M(1024M) 6.219ms
[2020-11-02T15:22:35.198+0800][gc,cpu       ] GC(0) User=0.03s Sys=0.01s Real=0.00s
[2020-11-02T15:22:35.198+0800][gc           ] GC(1) Concurrent Cycle
[2020-11-02T15:22:35.198+0800][gc,marking   ] GC(1) Concurrent Clear Claimed Marks
[2020-11-02T15:22:35.198+0800][gc,marking   ] GC(1) Concurrent Clear Claimed Marks 0.025ms
[2020-11-02T15:22:35.198+0800][gc,marking   ] GC(1) Concurrent Scan Root Regions
[2020-11-02T15:22:35.199+0800][gc,marking   ] GC(1) Concurrent Scan Root Regions 1.491ms
[2020-11-02T15:22:35.199+0800][gc,marking   ] GC(1) Concurrent Mark (0.986s)
[2020-11-02T15:22:35.199+0800][gc,marking   ] GC(1) Concurrent Mark From Roots
[2020-11-02T15:22:35.199+0800][gc,task      ] GC(1) Using 3 workers of 3 for marking
[2020-11-02T15:22:35.200+0800][gc,marking   ] GC(1) Concurrent Mark From Roots 0.172ms
[2020-11-02T15:22:35.200+0800][gc,marking   ] GC(1) Concurrent Preclean
[2020-11-02T15:22:35.200+0800][gc,marking   ] GC(1) Concurrent Preclean 0.044ms
[2020-11-02T15:22:35.200+0800][gc,marking   ] GC(1) Concurrent Mark (0.986s, 0.986s) 0.289ms
[2020-11-02T15:22:35.200+0800][gc,start     ] GC(1) Pause Remark
[2020-11-02T15:22:35.201+0800][gc,stringtable] GC(1) Cleaned string and symbol table, strings: 7884 processed, 0 removed, symbols: 66348 processed, 37 removed
[2020-11-02T15:22:35.201+0800][gc            ] GC(1) Pause Remark 7M->7M(1024M) 1.052ms
[2020-11-02T15:22:35.201+0800][gc,cpu        ] GC(1) User=0.01s Sys=0.00s Real=0.00s
[2020-11-02T15:22:35.201+0800][gc,marking    ] GC(1) Concurrent Rebuild Remembered Sets
[2020-11-02T15:22:35.201+0800][gc,marking    ] GC(1) Concurrent Rebuild Remembered Sets 0.072ms
[2020-11-02T15:22:35.201+0800][gc,start      ] GC(1) Pause Cleanup
[2020-11-02T15:22:35.201+0800][gc            ] GC(1) Pause Cleanup 7M->7M(1024M) 0.117ms
[2020-11-02T15:22:35.201+0800][gc,cpu        ] GC(1) User=0.00s Sys=0.00s Real=0.00s
[2020-11-02T15:22:35.202+0800][gc,marking    ] GC(1) Concurrent Cleanup for Next Mark
[2020-11-02T15:22:35.207+0800][gc,marking    ] GC(1) Concurrent Cleanup for Next Mark 4.978ms
[2020-11-02T15:22:35.207+0800][gc            ] GC(1) Concurrent Cycle 8.690ms
[2020-11-02T15:22:35.921+0800][gc,start      ] GC(2) Pause Young (Normal) (G1 Evacuation Pause)
[2020-11-02T15:22:35.921+0800][gc,task       ] GC(2) Using 10 workers of 10 for evacuation
[2020-11-02T15:22:35.927+0800][gc,phases     ] GC(2)   Pre Evacuate Collection Set: 0.0ms
[2020-11-02T15:22:35.927+0800][gc,phases     ] GC(2)   Evacuate Collection Set: 5.4ms
[2020-11-02T15:22:35.927+0800][gc,phases     ] GC(2)   Post Evacuate Collection Set: 0.4ms
[2020-11-02T15:22:35.927+0800][gc,phases     ] GC(2)   Other: 0.2ms
[2020-11-02T15:22:35.927+0800][gc,heap       ] GC(2) Eden regions: 45->0(47)
[2020-11-02T15:22:35.927+0800][gc,heap       ] GC(2) Survivor regions: 6->4(7)
[2020-11-02T15:22:35.927+0800][gc,heap       ] GC(2) Old regions: 0->6
[2020-11-02T15:22:35.927+0800][gc,heap       ] GC(2) Humongous regions: 130->130
[2020-11-02T15:22:35.927+0800][gc,metaspace  ] GC(2) Metaspace: 30157K->30157K(1077248K)
[2020-11-02T15:22:35.927+0800][gc            ] GC(2) Pause Young (Normal) (G1 Evacuation Pause) 180M->138M(1024M) 6.065ms
[2020-11-02T15:22:35.927+0800][gc,cpu        ] GC(2) User=0.04s Sys=0.01s Real=0.00s
[2020-11-02T15:30:14.121+0800][gc,start      ] GC(3) Pause Young (Normal) (G1 Evacuation Pause)
[2020-11-02T15:30:14.122+0800][gc,task       ] GC(3) Using 10 workers of 10 for evacuation
[2020-11-02T15:30:14.134+0800][gc,phases     ] GC(3)   Pre Evacuate Collection Set: 1.4ms
[2020-11-02T15:30:14.134+0800][gc,phases     ] GC(3)   Evacuate Collection Set: 10.9ms
[2020-11-02T15:30:14.134+0800][gc,phases     ] GC(3)   Post Evacuate Collection Set: 0.3ms
[2020-11-02T15:30:14.134+0800][gc,phases     ] GC(3)   Other: 0.9ms
[2020-11-02T15:30:14.134+0800][gc,heap       ] GC(3) Eden regions: 47->0(45)
[2020-11-02T15:30:14.134+0800][gc,heap       ] GC(3) Survivor regions: 4->6(7)
[2020-11-02T15:30:14.134+0800][gc,heap       ] GC(3) Old regions: 6->6
[2020-11-02T15:30:14.134+0800][gc,heap       ] GC(3) Humongous regions: 130->130
[2020-11-02T15:30:14.134+0800][gc,metaspace  ] GC(3) Metaspace: 34734K->34734K(1081344K)
[2020-11-02T15:30:14.134+0800][gc            ] GC(3) Pause Young (Normal) (G1 Evacuation Pause) 185M->141M(1024M) 13.461ms
[2020-11-02T15:30:14.134+0800][gc,cpu        ] GC(3) User=0.03s Sys=0.04s Real=0.01s
[2020-11-02T15:32:40.122+0800][gc,start      ] GC(4) Pause Young (Normal) (G1 Evacuation Pause)
[2020-11-02T15:32:40.124+0800][gc,task       ] GC(4) Using 10 workers of 10 for evacuation
[2020-11-02T15:32:40.129+0800][gc,phases     ] GC(4)   Pre Evacuate Collection Set: 0.0ms
[2020-11-02T15:32:40.129+0800][gc,phases     ] GC(4)   Evacuate Collection Set: 4.5ms
[2020-11-02T15:32:40.129+0800][gc,phases     ] GC(4)   Post Evacuate Collection Set: 0.3ms
[2020-11-02T15:32:40.129+0800][gc,phases     ] GC(4)   Other: 2.6ms
[2020-11-02T15:32:40.129+0800][gc,heap       ] GC(4) Eden regions: 45->0(48)
[2020-11-02T15:32:40.129+0800][gc,heap       ] GC(4) Survivor regions: 6->3(7)
[2020-11-02T15:32:40.129+0800][gc,heap       ] GC(4) Old regions: 6->9
[2020-11-02T15:32:40.129+0800][gc,heap       ] GC(4) Humongous regions: 130->130
[2020-11-02T15:32:40.129+0800][gc,metaspace  ] GC(4) Metaspace: 34791K->34791K(1081344K)
[2020-11-02T15:32:40.129+0800][gc            ] GC(4) Pause Young (Normal) (G1 Evacuation Pause) 186M->141M(1024M) 7.587ms
[2020-11-02T15:32:40.129+0800][gc,cpu        ] GC(4) User=0.04s Sys=0.00s Real=0.00s
[2020-11-02T15:34:50.677+0800][gc,start      ] GC(5) Pause Young (Concurrent Start) (Metadata GC Threshold)
[2020-11-02T15:34:50.677+0800][gc,task       ] GC(5) Using 10 workers of 10 for evacuation
[2020-11-02T15:34:50.681+0800][gc,phases     ] GC(5)   Pre Evacuate Collection Set: 0.1ms
[2020-11-02T15:34:50.681+0800][gc,phases     ] GC(5)   Evacuate Collection Set: 3.0ms
[2020-11-02T15:34:50.681+0800][gc,phases     ] GC(5)   Post Evacuate Collection Set: 0.2ms
[2020-11-02T15:34:50.681+0800][gc,phases     ] GC(5)   Other: 0.8ms
[2020-11-02T15:34:50.681+0800][gc,heap       ] GC(5) Eden regions: 38->0(47)
[2020-11-02T15:34:50.681+0800][gc,heap       ] GC(5) Survivor regions: 3->4(7)
[2020-11-02T15:34:50.681+0800][gc,heap       ] GC(5) Old regions: 9->9
[2020-11-02T15:34:50.681+0800][gc,heap       ] GC(5) Humongous regions: 130->130
[2020-11-02T15:34:50.681+0800][gc,metaspace  ] GC(5) Metaspace: 34865K->34865K(1081344K)
[2020-11-02T15:34:50.681+0800][gc            ] GC(5) Pause Young (Concurrent Start) (Metadata GC Threshold) 178M->141M(1024M) 4.151ms
[2020-11-02T15:34:50.681+0800][gc,cpu        ] GC(5) User=0.02s Sys=0.00s Real=0.01s
[2020-11-02T15:34:50.681+0800][gc            ] GC(6) Concurrent Cycle
[2020-11-02T15:34:50.681+0800][gc,marking    ] GC(6) Concurrent Clear Claimed Marks
[2020-11-02T15:34:50.681+0800][gc,marking    ] GC(6) Concurrent Clear Claimed Marks 0.022ms
[2020-11-02T15:34:50.681+0800][gc,marking    ] GC(6) Concurrent Scan Root Regions
[2020-11-02T15:34:50.683+0800][gc,marking    ] GC(6) Concurrent Scan Root Regions 1.379ms
[2020-11-02T15:34:50.683+0800][gc,marking    ] GC(6) Concurrent Mark (736.474s)
[2020-11-02T15:34:50.683+0800][gc,marking    ] GC(6) Concurrent Mark From Roots
[2020-11-02T15:34:50.683+0800][gc,task       ] GC(6) Using 3 workers of 3 for marking
[2020-11-02T15:34:50.688+0800][gc,marking    ] GC(6) Concurrent Mark From Roots 5.467ms
[2020-11-02T15:34:50.688+0800][gc,marking    ] GC(6) Concurrent Preclean
[2020-11-02T15:34:50.688+0800][gc,marking    ] GC(6) Concurrent Preclean 0.056ms
[2020-11-02T15:34:50.688+0800][gc,marking    ] GC(6) Concurrent Mark (736.474s, 736.480s) 5.572ms
[2020-11-02T15:34:50.689+0800][gc,start      ] GC(6) Pause Remark
[2020-11-02T15:34:50.690+0800][gc,stringtable] GC(6) Cleaned string and symbol table, strings: 14641 processed, 19 removed, symbols: 94975 processed, 18 removed
[2020-11-02T15:34:50.691+0800][gc            ] GC(6) Pause Remark 142M->142M(1024M) 2.072ms
[2020-11-02T15:34:50.691+0800][gc,cpu        ] GC(6) User=0.01s Sys=0.00s Real=0.01s
[2020-11-02T15:34:50.691+0800][gc,marking    ] GC(6) Concurrent Rebuild Remembered Sets
[2020-11-02T15:34:50.694+0800][gc,marking    ] GC(6) Concurrent Rebuild Remembered Sets 3.566ms
[2020-11-02T15:34:50.694+0800][gc,start      ] GC(6) Pause Cleanup
[2020-11-02T15:34:50.695+0800][gc            ] GC(6) Pause Cleanup 142M->142M(1024M) 0.135ms
[2020-11-02T15:34:50.695+0800][gc,cpu        ] GC(6) User=0.00s Sys=0.00s Real=0.00s
[2020-11-02T15:34:50.695+0800][gc,marking    ] GC(6) Concurrent Cleanup for Next Mark
[2020-11-02T15:34:50.700+0800][gc,marking    ] GC(6) Concurrent Cleanup for Next Mark 5.114ms
[2020-11-02T15:34:50.700+0800][gc            ] GC(6) Concurrent Cycle 18.370ms
[2020-11-02T15:37:44.185+0800][gc,start      ] GC(7) Pause Young (Normal) (G1 Evacuation Pause)
[2020-11-02T15:37:44.186+0800][gc,task       ] GC(7) Using 10 workers of 10 for evacuation
[2020-11-02T15:37:44.189+0800][gc,phases     ] GC(7)   Pre Evacuate Collection Set: 0.0ms
[2020-11-02T15:37:44.189+0800][gc,phases     ] GC(7)   Evacuate Collection Set: 2.4ms
[2020-11-02T15:37:44.189+0800][gc,phases     ] GC(7)   Post Evacuate Collection Set: 0.3ms
[2020-11-02T15:37:44.189+0800][gc,phases     ] GC(7)   Other: 1.4ms
[2020-11-02T15:37:44.189+0800][gc,heap       ] GC(7) Eden regions: 47->0(48)
[2020-11-02T15:37:44.189+0800][gc,heap       ] GC(7) Survivor regions: 4->3(7)
[2020-11-02T15:37:44.189+0800][gc,heap       ] GC(7) Old regions: 9->9
[2020-11-02T15:37:44.189+0800][gc,heap       ] GC(7) Humongous regions: 130->130
[2020-11-02T15:37:44.189+0800][gc,metaspace  ] GC(7) Metaspace: 34925K->34925K(1081344K)
[2020-11-02T15:37:44.189+0800][gc            ] GC(7) Pause Young (Normal) (G1 Evacuation Pause) 188M->141M(1024M) 4.326ms
[2020-11-02T15:37:44.189+0800][gc,cpu        ] GC(7) User=0.02s Sys=0.00s Real=0.00s
[2020-11-02T15:40:41.736+0800][gc,start      ] GC(8) Pause Young (Normal) (G1 Evacuation Pause)
[2020-11-02T15:40:41.737+0800][gc,task       ] GC(8) Using 10 workers of 10 for evacuation
[2020-11-02T15:40:41.742+0800][gc,phases     ] GC(8)   Pre Evacuate Collection Set: 0.5ms
[2020-11-02T15:40:41.742+0800][gc,phases     ] GC(8)   Evacuate Collection Set: 3.4ms
[2020-11-02T15:40:41.742+0800][gc,phases     ] GC(8)   Post Evacuate Collection Set: 0.3ms
[2020-11-02T15:40:41.742+0800][gc,phases     ] GC(8)   Other: 1.1ms
[2020-11-02T15:40:41.742+0800][gc,heap       ] GC(8) Eden regions: 48->0(51)
[2020-11-02T15:40:41.742+0800][gc,heap       ] GC(8) Survivor regions: 3->3(7)
[2020-11-02T15:40:41.742+0800][gc,heap       ] GC(8) Old regions: 9->9
[2020-11-02T15:40:41.742+0800][gc,heap       ] GC(8) Humongous regions: 130->130
[2020-11-02T15:40:41.742+0800][gc,metaspace  ] GC(8) Metaspace: 34970K->34970K(1081344K)
[2020-11-02T15:40:41.742+0800][gc            ] GC(8) Pause Young (Normal) (G1 Evacuation Pause) 189M->141M(1024M) 5.371ms
[2020-11-02T15:40:41.742+0800][gc,cpu        ] GC(8) User=0.02s Sys=0.01s Real=0.01s
[2020-11-02T15:43:50.757+0800][gc,start      ] GC(9) Pause Young (Normal) (G1 Evacuation Pause)
[2020-11-02T15:43:50.759+0800][gc,task       ] GC(9) Using 10 workers of 10 for evacuation
[2020-11-02T15:43:50.765+0800][gc,phases     ] GC(9)   Pre Evacuate Collection Set: 1.5ms
[2020-11-02T15:43:50.765+0800][gc,phases     ] GC(9)   Evacuate Collection Set: 3.7ms
[2020-11-02T15:43:50.765+0800][gc,phases     ] GC(9)   Post Evacuate Collection Set: 0.2ms
[2020-11-02T15:43:50.765+0800][gc,phases     ] GC(9)   Other: 2.0ms
[2020-11-02T15:43:50.765+0800][gc,heap       ] GC(9) Eden regions: 51->0(68)
[2020-11-02T15:43:50.765+0800][gc,heap       ] GC(9) Survivor regions: 3->3(7)
[2020-11-02T15:43:50.765+0800][gc,heap       ] GC(9) Old regions: 9->9
[2020-11-02T15:43:50.765+0800][gc,heap       ] GC(9) Humongous regions: 130->130
[2020-11-02T15:43:50.765+0800][gc,metaspace  ] GC(9) Metaspace: 35008K->35008K(1081344K)
[2020-11-02T15:43:50.765+0800][gc            ] GC(9) Pause Young (Normal) (G1 Evacuation Pause) 192M->141M(1024M) 7.501ms
[2020-11-02T15:43:50.765+0800][gc,cpu        ] GC(9) User=0.02s Sys=0.01s Real=0.01s
[2020-11-02T15:48:01.350+0800][gc,start      ] GC(10) Pause Young (Normal) (G1 Evacuation Pause)
[2020-11-02T15:48:01.350+0800][gc,task       ] GC(10) Using 10 workers of 10 for evacuation
[2020-11-02T15:48:01.354+0800][gc,phases     ] GC(10)   Pre Evacuate Collection Set: 0.1ms
[2020-11-02T15:48:01.354+0800][gc,phases     ] GC(10)   Evacuate Collection Set: 2.5ms
[2020-11-02T15:48:01.354+0800][gc,phases     ] GC(10)   Post Evacuate Collection Set: 0.3ms
[2020-11-02T15:48:01.354+0800][gc,phases     ] GC(10)   Other: 0.9ms
[2020-11-02T15:48:01.354+0800][gc,heap       ] GC(10) Eden regions: 68->0(100)
[2020-11-02T15:48:01.354+0800][gc,heap       ] GC(10) Survivor regions: 3->3(9)
[2020-11-02T15:48:01.354+0800][gc,heap       ] GC(10) Old regions: 9->9
[2020-11-02T15:48:01.354+0800][gc,heap       ] GC(10) Humongous regions: 130->130
[2020-11-02T15:48:01.354+0800][gc,metaspace  ] GC(10) Metaspace: 35047K->35047K(1081344K)
[2020-11-02T15:48:01.354+0800][gc            ] GC(10) Pause Young (Normal) (G1 Evacuation Pause) 209M->141M(1024M) 3.940ms
[2020-11-02T15:48:01.354+0800][gc,cpu        ] GC(10) User=0.01s Sys=0.00s Real=0.00s
[2020-11-02T15:54:09.447+0800][gc,start      ] GC(11) Pause Young (Normal) (G1 Evacuation Pause)
[2020-11-02T15:54:09.448+0800][gc,task       ] GC(11) Using 10 workers of 10 for evacuation
[2020-11-02T15:54:09.453+0800][gc,phases     ] GC(11)   Pre Evacuate Collection Set: 0.0ms
[2020-11-02T15:54:09.453+0800][gc,phases     ] GC(11)   Evacuate Collection Set: 3.3ms
[2020-11-02T15:54:09.453+0800][gc,phases     ] GC(11)   Post Evacuate Collection Set: 1.0ms
[2020-11-02T15:54:09.453+0800][gc,phases     ] GC(11)   Other: 1.4ms
[2020-11-02T15:54:09.453+0800][gc,heap       ] GC(11) Eden regions: 100->0(133)
[2020-11-02T15:54:09.453+0800][gc,heap       ] GC(11) Survivor regions: 3->3(13)
[2020-11-02T15:54:09.453+0800][gc,heap       ] GC(11) Old regions: 9->9
[2020-11-02T15:54:09.453+0800][gc,heap       ] GC(11) Humongous regions: 130->130
[2020-11-02T15:54:09.453+0800][gc,metaspace  ] GC(11) Metaspace: 35071K->35071K(1081344K)
[2020-11-02T15:54:09.453+0800][gc            ] GC(11) Pause Young (Normal) (G1 Evacuation Pause) 241M->141M(1024M) 5.778ms
[2020-11-02T15:54:09.453+0800][gc,cpu        ] GC(11) User=0.03s Sys=0.01s Real=0.01s
[2020-11-02T16:02:19.202+0800][gc,start      ] GC(12) Pause Young (Normal) (G1 Evacuation Pause)
[2020-11-02T16:02:19.203+0800][gc,task       ] GC(12) Using 10 workers of 10 for evacuation
[2020-11-02T16:02:19.211+0800][gc,phases     ] GC(12)   Pre Evacuate Collection Set: 1.2ms
[2020-11-02T16:02:19.211+0800][gc,phases     ] GC(12)   Evacuate Collection Set: 5.4ms
[2020-11-02T16:02:19.211+0800][gc,phases     ] GC(12)   Post Evacuate Collection Set: 0.3ms
[2020-11-02T16:02:19.211+0800][gc,phases     ] GC(12)   Other: 3.5ms
[2020-11-02T16:02:19.211+0800][gc,heap       ] GC(12) Eden regions: 133->0(157)
[2020-11-02T16:02:19.211+0800][gc,heap       ] GC(12) Survivor regions: 3->3(17)
[2020-11-02T16:02:19.211+0800][gc,heap       ] GC(12) Old regions: 9->9
[2020-11-02T16:02:19.211+0800][gc,heap       ] GC(12) Humongous regions: 130->130
[2020-11-02T16:02:19.211+0800][gc,metaspace  ] GC(12) Metaspace: 35094K->35094K(1081344K)
[2020-11-02T16:02:19.211+0800][gc            ] GC(12) Pause Young (Normal) (G1 Evacuation Pause) 274M->141M(1024M) 9.220ms
[2020-11-02T16:02:19.211+0800][gc,cpu        ] GC(12) User=0.02s Sys=0.02s Real=0.01s
[2020-11-02T16:12:04.201+0800][gc,start      ] GC(13) Pause Young (Normal) (G1 Evacuation Pause)
[2020-11-02T16:12:04.201+0800][gc,task       ] GC(13) Using 10 workers of 10 for evacuation
[2020-11-02T16:12:04.206+0800][gc,phases     ] GC(13)   Pre Evacuate Collection Set: 0.0ms
[2020-11-02T16:12:04.206+0800][gc,phases     ] GC(13)   Evacuate Collection Set: 4.0ms
[2020-11-02T16:12:04.206+0800][gc,phases     ] GC(13)   Post Evacuate Collection Set: 0.3ms
[2020-11-02T16:12:04.206+0800][gc,phases     ] GC(13)   Other: 0.3ms
[2020-11-02T16:12:04.206+0800][gc,heap       ] GC(13) Eden regions: 157->0(174)
[2020-11-02T16:12:04.206+0800][gc,heap       ] GC(13) Survivor regions: 3->4(20)
[2020-11-02T16:12:04.206+0800][gc,heap       ] GC(13) Old regions: 9->9
[2020-11-02T16:12:04.206+0800][gc,heap       ] GC(13) Humongous regions: 130->130
[2020-11-02T16:12:04.206+0800][gc,metaspace  ] GC(13) Metaspace: 35111K->35111K(1081344K)
[2020-11-02T16:12:04.206+0800][gc            ] GC(13) Pause Young (Normal) (G1 Evacuation Pause) 298M->142M(1024M) 4.816ms
[2020-11-02T16:12:04.206+0800][gc,cpu        ] GC(13) User=0.03s Sys=0.00s Real=0.00s
[2020-11-02T16:22:43.013+0800][gc,start      ] GC(14) Pause Young (Normal) (G1 Evacuation Pause)
[2020-11-02T16:22:43.014+0800][gc,task       ] GC(14) Using 10 workers of 10 for evacuation
[2020-11-02T16:22:43.023+0800][gc,phases     ] GC(14)   Pre Evacuate Collection Set: 0.7ms
[2020-11-02T16:22:43.023+0800][gc,phases     ] GC(14)   Evacuate Collection Set: 6.0ms
[2020-11-02T16:22:43.023+0800][gc,phases     ] GC(14)   Post Evacuate Collection Set: 1.0ms
[2020-11-02T16:22:43.023+0800][gc,phases     ] GC(14)   Other: 1.9ms
[2020-11-02T16:22:43.023+0800][gc,heap       ] GC(14) Eden regions: 174->0(610)
[2020-11-02T16:22:43.023+0800][gc,heap       ] GC(14) Survivor regions: 4->4(23)
[2020-11-02T16:22:43.023+0800][gc,heap       ] GC(14) Old regions: 9->9
[2020-11-02T16:22:43.023+0800][gc,heap       ] GC(14) Humongous regions: 130->130
[2020-11-02T16:22:43.023+0800][gc,metaspace  ] GC(14) Metaspace: 35155K->35155K(1081344K)
[2020-11-02T16:22:43.023+0800][gc            ] GC(14) Pause Young (Normal) (G1 Evacuation Pause) 316M->142M(1024M) 9.706ms
[2020-11-02T16:22:43.023+0800][gc,cpu        ] GC(14) User=0.03s Sys=0.02s Real=0.01s
[2020-11-02T17:01:00.477+0800][gc,start      ] GC(15) Pause Young (Normal) (G1 Evacuation Pause)
[2020-11-02T17:01:00.478+0800][gc,task       ] GC(15) Using 10 workers of 10 for evacuation
[2020-11-02T17:01:00.493+0800][gc,phases     ] GC(15)   Pre Evacuate Collection Set: 1.0ms
[2020-11-02T17:01:00.493+0800][gc,phases     ] GC(15)   Evacuate Collection Set: 10.6ms
[2020-11-02T17:01:00.493+0800][gc,phases     ] GC(15)   Post Evacuate Collection Set: 1.1ms
[2020-11-02T17:01:00.493+0800][gc,phases     ] GC(15)   Other: 2.7ms
[2020-11-02T17:01:00.493+0800][gc,heap       ] GC(15) Eden regions: 610->0(610)
[2020-11-02T17:01:00.493+0800][gc,heap       ] GC(15) Survivor regions: 4->4(77)
[2020-11-02T17:01:00.493+0800][gc,heap       ] GC(15) Old regions: 9->9
[2020-11-02T17:01:00.493+0800][gc,heap       ] GC(15) Humongous regions: 130->130
[2020-11-02T17:01:00.493+0800][gc,metaspace  ] GC(15) Metaspace: 35248K->35248K(1081344K)
[2020-11-02T17:01:00.493+0800][gc            ] GC(15) Pause Young (Normal) (G1 Evacuation Pause) 752M->142M(1024M) 15.430ms
[2020-11-02T17:01:00.493+0800][gc,cpu        ] GC(15) User=0.03s Sys=0.05s Real=0.02s
[2020-11-03T08:20:09.545+0800][gc,start      ] GC(16) Pause Young (Normal) (G1 Evacuation Pause)
[2020-11-03T08:20:09.545+0800][gc,task       ] GC(16) Using 10 workers of 10 for evacuation
[2020-11-03T08:20:09.581+0800][gc,mmu        ] GC(16) MMU target violated: 21.0ms (20.0ms/21.0ms)
[2020-11-03T08:20:09.581+0800][gc,phases     ] GC(16)   Pre Evacuate Collection Set: 2.9ms
[2020-11-03T08:20:09.581+0800][gc,phases     ] GC(16)   Evacuate Collection Set: 26.8ms
[2020-11-03T08:20:09.581+0800][gc,phases     ] GC(16)   Post Evacuate Collection Set: 2.8ms
[2020-11-03T08:20:09.581+0800][gc,phases     ] GC(16)   Other: 4.7ms
[2020-11-03T08:20:09.581+0800][gc,heap       ] GC(16) Eden regions: 610->0(191)
[2020-11-03T08:20:09.581+0800][gc,heap       ] GC(16) Survivor regions: 4->4(77)
[2020-11-03T08:20:09.581+0800][gc,heap       ] GC(16) Old regions: 9->9
[2020-11-03T08:20:09.581+0800][gc,heap       ] GC(16) Humongous regions: 130->130
[2020-11-03T08:20:09.581+0800][gc,metaspace  ] GC(16) Metaspace: 35880K->35880K(1081344K)
[2020-11-03T08:20:09.581+0800][gc            ] GC(16) Pause Young (Normal) (G1 Evacuation Pause) 752M->142M(1024M) 36.577ms
[2020-11-03T08:20:09.581+0800][gc,cpu        ] GC(16) User=0.03s Sys=0.12s Real=0.04s
[2020-11-03T09:17:47.439+0800][gc,start      ] GC(17) Pause Young (Normal) (G1 Evacuation Pause)
[2020-11-03T09:17:47.440+0800][gc,task       ] GC(17) Using 10 workers of 10 for evacuation
[2020-11-03T09:17:47.465+0800][gc,mmu        ] GC(17) MMU target violated: 21.0ms (20.0ms/21.0ms)
[2020-11-03T09:17:47.465+0800][gc,phases     ] GC(17)   Pre Evacuate Collection Set: 4.3ms
[2020-11-03T09:17:47.465+0800][gc,phases     ] GC(17)   Evacuate Collection Set: 17.0ms
[2020-11-03T09:17:47.465+0800][gc,phases     ] GC(17)   Post Evacuate Collection Set: 2.0ms
[2020-11-03T09:17:47.465+0800][gc,phases     ] GC(17)   Other: 2.3ms
[2020-11-03T09:17:47.465+0800][gc,heap       ] GC(17) Eden regions: 191->0(91)
[2020-11-03T09:17:47.465+0800][gc,heap       ] GC(17) Survivor regions: 4->3(25)
[2020-11-03T09:17:47.465+0800][gc,heap       ] GC(17) Old regions: 9->9
[2020-11-03T09:17:47.465+0800][gc,heap       ] GC(17) Humongous regions: 130->130
[2020-11-03T09:17:47.465+0800][gc,metaspace  ] GC(17) Metaspace: 35953K->35953K(1081344K)
[2020-11-03T09:17:47.465+0800][gc            ] GC(17) Pause Young (Normal) (G1 Evacuation Pause) 333M->141M(1024M) 25.584ms
[2020-11-03T09:17:47.465+0800][gc,cpu        ] GC(17) User=0.03s Sys=0.06s Real=0.03s
[2020-11-03T09:27:58.780+0800][gc,start      ] GC(18) Pause Young (Normal) (G1 Evacuation Pause)
[2020-11-03T09:27:58.780+0800][gc,task       ] GC(18) Using 10 workers of 10 for evacuation
[2020-11-03T09:27:58.783+0800][gc,phases     ] GC(18)   Pre Evacuate Collection Set: 0.0ms
[2020-11-03T09:27:58.783+0800][gc,phases     ] GC(18)   Evacuate Collection Set: 2.1ms
[2020-11-03T09:27:58.783+0800][gc,phases     ] GC(18)   Post Evacuate Collection Set: 0.2ms
[2020-11-03T09:27:58.783+0800][gc,phases     ] GC(18)   Other: 0.5ms
[2020-11-03T09:27:58.783+0800][gc,heap       ] GC(18) Eden regions: 91->0(105)
[2020-11-03T09:27:58.783+0800][gc,heap       ] GC(18) Survivor regions: 3->4(12)
[2020-11-03T09:27:58.783+0800][gc,heap       ] GC(18) Old regions: 9->9
[2020-11-03T09:27:58.783+0800][gc,heap       ] GC(18) Humongous regions: 130->130
[2020-11-03T09:27:58.783+0800][gc,metaspace  ] GC(18) Metaspace: 35955K->35955K(1081344K)
[2020-11-03T09:27:58.783+0800][gc            ] GC(18) Pause Young (Normal) (G1 Evacuation Pause) 232M->142M(1024M) 2.838ms
[2020-11-03T09:27:58.783+0800][gc,cpu        ] GC(18) User=0.02s Sys=0.00s Real=0.00s
[2020-11-03T09:31:43.077+0800][gc,heap,exit  ] Heap
[2020-11-03T09:31:43.077+0800][gc,heap,exit  ]  garbage-first heap   total 1048576K, used 186128K [0x00000007c0000000, 0x0000000800000000)
[2020-11-03T09:31:43.077+0800][gc,heap,exit  ]   region size 1024K, 44 young (45056K), 4 survivors (4096K)
[2020-11-03T09:31:43.077+0800][gc,heap,exit  ]  Metaspace       used 36553K, capacity 36935K, committed 37936K, reserved 1083392K
[2020-11-03T09:31:43.077+0800][gc,heap,exit  ]   class space    used 4514K, capacity 4635K, committed 4736K, reserved 1048576K
