[2020-11-07T23:48:52.363+0800][gc,phases     ] GC(87)   Post Evacuate Collection Set: 0.4ms
[2020-11-07T23:48:52.363+0800][gc,phases     ] GC(87)   Other: 0.3ms
[2020-11-07T23:48:52.363+0800][gc,heap       ] GC(87) Eden regions: 611->0(610)
[2020-11-07T23:48:52.363+0800][gc,heap       ] GC(87) Survivor regions: 3->4(77)
[2020-11-07T23:48:52.363+0800][gc,heap       ] GC(87) Old regions: 104->104
[2020-11-07T23:48:52.363+0800][gc,heap       ] GC(87) Humongous regions: 130->130
[2020-11-07T23:48:52.363+0800][gc,metaspace  ] GC(87) Metaspace: 36890K->36890K(1083392K)
[2020-11-07T23:48:52.363+0800][gc            ] GC(87) Pause Young (Normal) (G1 Evacuation Pause) 847M->237M(1024M) 8.272ms
[2020-11-07T23:48:52.363+0800][gc,cpu        ] GC(87) User=0.02s Sys=0.00s Real=0.01s
[2020-11-08T00:10:47.179+0800][gc,start      ] GC(88) Pause Young (Normal) (G1 Evacuation Pause)
[2020-11-08T00:10:47.180+0800][gc,task       ] GC(88) Using 10 workers of 10 for evacuation
[2020-11-08T00:10:47.193+0800][gc,phases     ] GC(88)   Pre Evacuate Collection Set: 0.7ms
[2020-11-08T00:10:47.193+0800][gc,phases     ] GC(88)   Evacuate Collection Set: 9.8ms
[2020-11-08T00:10:47.193+0800][gc,phases     ] GC(88)   Post Evacuate Collection Set: 1.5ms
[2020-11-08T00:10:47.193+0800][gc,phases     ] GC(88)   Other: 1.4ms
[2020-11-08T00:10:47.193+0800][gc,heap       ] GC(88) Eden regions: 610->0(610)
[2020-11-08T00:10:47.193+0800][gc,heap       ] GC(88) Survivor regions: 4->4(77)
[2020-11-08T00:10:47.193+0800][gc,heap       ] GC(88) Old regions: 104->104
[2020-11-08T00:10:47.193+0800][gc,heap       ] GC(88) Humongous regions: 130->130
[2020-11-08T00:10:47.193+0800][gc,metaspace  ] GC(88) Metaspace: 36901K->36901K(1083392K)
[2020-11-08T00:10:47.193+0800][gc            ] GC(88) Pause Young (Normal) (G1 Evacuation Pause) 847M->237M(1024M) 13.606ms
[2020-11-08T00:10:47.193+0800][gc,cpu        ] GC(88) User=0.02s Sys=0.04s Real=0.02s
[2020-11-08T00:54:08.930+0800][gc,start      ] GC(89) Pause Young (Normal) (G1 Evacuation Pause)
[2020-11-08T00:54:08.930+0800][gc,task       ] GC(89) Using 10 workers of 10 for evacuation
[2020-11-08T00:54:08.937+0800][gc,phases     ] GC(89)   Pre Evacuate Collection Set: 0.0ms
[2020-11-08T00:54:08.937+0800][gc,phases     ] GC(89)   Evacuate Collection Set: 6.4ms
[2020-11-08T00:54:08.937+0800][gc,phases     ] GC(89)   Post Evacuate Collection Set: 0.4ms
[2020-11-08T00:54:08.937+0800][gc,phases     ] GC(89)   Other: 0.4ms
[2020-11-08T00:54:08.937+0800][gc,heap       ] GC(89) Eden regions: 610->0(610)
[2020-11-08T00:54:08.937+0800][gc,heap       ] GC(89) Survivor regions: 4->4(77)
[2020-11-08T00:54:08.937+0800][gc,heap       ] GC(89) Old regions: 104->104
[2020-11-08T00:54:08.937+0800][gc,heap       ] GC(89) Humongous regions: 130->130
[2020-11-08T00:54:08.937+0800][gc,metaspace  ] GC(89) Metaspace: 36911K->36911K(1083392K)
[2020-11-08T00:54:08.937+0800][gc            ] GC(89) Pause Young (Normal) (G1 Evacuation Pause) 847M->237M(1024M) 7.339ms
[2020-11-08T00:54:08.937+0800][gc,cpu        ] GC(89) User=0.03s Sys=0.01s Real=0.00s
[2020-11-08T02:33:11.330+0800][gc,start      ] GC(90) Pause Young (Normal) (G1 Evacuation Pause)
[2020-11-08T02:33:11.330+0800][gc,task       ] GC(90) Using 10 workers of 10 for evacuation
[2020-11-08T02:33:11.334+0800][gc,phases     ] GC(90)   Pre Evacuate Collection Set: 0.0ms
[2020-11-08T02:33:11.334+0800][gc,phases     ] GC(90)   Evacuate Collection Set: 3.3ms
[2020-11-08T02:33:11.334+0800][gc,phases     ] GC(90)   Post Evacuate Collection Set: 0.4ms
[2020-11-08T02:33:11.334+0800][gc,phases     ] GC(90)   Other: 0.6ms
[2020-11-08T02:33:11.334+0800][gc,heap       ] GC(90) Eden regions: 610->0(610)
[2020-11-08T02:33:11.334+0800][gc,heap       ] GC(90) Survivor regions: 4->4(77)
[2020-11-08T02:33:11.334+0800][gc,heap       ] GC(90) Old regions: 104->104
[2020-11-08T02:33:11.334+0800][gc,heap       ] GC(90) Humongous regions: 130->130
[2020-11-08T02:33:11.334+0800][gc,metaspace  ] GC(90) Metaspace: 36937K->36937K(1083392K)
[2020-11-08T02:33:11.334+0800][gc            ] GC(90) Pause Young (Normal) (G1 Evacuation Pause) 847M->237M(1024M) 4.504ms
[2020-11-08T02:33:11.334+0800][gc,cpu        ] GC(90) User=0.03s Sys=0.00s Real=0.00s
[2020-11-08T02:41:15.752+0800][gc,start      ] GC(91) Pause Young (Normal) (G1 Evacuation Pause)
[2020-11-08T02:41:15.753+0800][gc,task       ] GC(91) Using 10 workers of 10 for evacuation
[2020-11-08T02:41:15.757+0800][gc,phases     ] GC(91)   Pre Evacuate Collection Set: 0.1ms
[2020-11-08T02:41:15.758+0800][gc,phases     ] GC(91)   Evacuate Collection Set: 3.9ms
[2020-11-08T02:41:15.758+0800][gc,phases     ] GC(91)   Post Evacuate Collection Set: 0.5ms
[2020-11-08T02:41:15.758+0800][gc,phases     ] GC(91)   Other: 1.0ms
[2020-11-08T02:41:15.758+0800][gc,heap       ] GC(91) Eden regions: 610->0(610)
[2020-11-08T02:41:15.758+0800][gc,heap       ] GC(91) Survivor regions: 4->4(77)
[2020-11-08T02:41:15.758+0800][gc,heap       ] GC(91) Old regions: 104->104
[2020-11-08T02:41:15.758+0800][gc,heap       ] GC(91) Humongous regions: 130->130
[2020-11-08T02:41:15.758+0800][gc,metaspace  ] GC(91) Metaspace: 36937K->36937K(1083392K)
[2020-11-08T02:41:15.758+0800][gc            ] GC(91) Pause Young (Normal) (G1 Evacuation Pause) 847M->237M(1024M) 5.519ms
[2020-11-08T02:41:15.758+0800][gc,cpu        ] GC(91) User=0.03s Sys=0.01s Real=0.00s
[2020-11-08T03:15:36.889+0800][gc,start      ] GC(92) Pause Young (Normal) (G1 Evacuation Pause)
[2020-11-08T03:15:36.890+0800][gc,task       ] GC(92) Using 10 workers of 10 for evacuation
[2020-11-08T03:15:36.894+0800][gc,phases     ] GC(92)   Pre Evacuate Collection Set: 0.0ms
[2020-11-08T03:15:36.894+0800][gc,phases     ] GC(92)   Evacuate Collection Set: 3.3ms
[2020-11-08T03:15:36.894+0800][gc,phases     ] GC(92)   Post Evacuate Collection Set: 0.4ms
[2020-11-08T03:15:36.894+0800][gc,phases     ] GC(92)   Other: 1.3ms
[2020-11-08T03:15:36.894+0800][gc,heap       ] GC(92) Eden regions: 610->0(610)
[2020-11-08T03:15:36.894+0800][gc,heap       ] GC(92) Survivor regions: 4->4(77)
[2020-11-08T03:15:36.894+0800][gc,heap       ] GC(92) Old regions: 104->104
[2020-11-08T03:15:36.894+0800][gc,heap       ] GC(92) Humongous regions: 130->130
[2020-11-08T03:15:36.894+0800][gc,metaspace  ] GC(92) Metaspace: 36941K->36941K(1083392K)
[2020-11-08T03:15:36.894+0800][gc            ] GC(92) Pause Young (Normal) (G1 Evacuation Pause) 847M->237M(1024M) 5.097ms
[2020-11-08T03:15:36.894+0800][gc,cpu        ] GC(92) User=0.03s Sys=0.00s Real=0.01s
[2020-11-08T03:23:38.474+0800][gc,start      ] GC(93) Pause Young (Normal) (G1 Evacuation Pause)
[2020-11-08T03:23:38.476+0800][gc,task       ] GC(93) Using 10 workers of 10 for evacuation
[2020-11-08T03:23:38.480+0800][gc,phases     ] GC(93)   Pre Evacuate Collection Set: 0.0ms
[2020-11-08T03:23:38.480+0800][gc,phases     ] GC(93)   Evacuate Collection Set: 2.6ms
[2020-11-08T03:23:38.480+0800][gc,phases     ] GC(93)   Post Evacuate Collection Set: 1.2ms
[2020-11-08T03:23:38.480+0800][gc,phases     ] GC(93)   Other: 1.5ms
[2020-11-08T03:23:38.480+0800][gc,heap       ] GC(93) Eden regions: 610->0(611)
[2020-11-08T03:23:38.480+0800][gc,heap       ] GC(93) Survivor regions: 4->3(77)
[2020-11-08T03:23:38.480+0800][gc,heap       ] GC(93) Old regions: 104->104
[2020-11-08T03:23:38.480+0800][gc,heap       ] GC(93) Humongous regions: 130->130
[2020-11-08T03:23:38.480+0800][gc,metaspace  ] GC(93) Metaspace: 36982K->36982K(1083392K)
[2020-11-08T03:23:38.480+0800][gc            ] GC(93) Pause Young (Normal) (G1 Evacuation Pause) 847M->236M(1024M) 5.546ms
[2020-11-08T03:23:38.480+0800][gc,cpu        ] GC(93) User=0.02s Sys=0.00s Real=0.01s
[2020-11-08T07:34:38.847+0800][gc,start      ] GC(94) Pause Young (Normal) (G1 Evacuation Pause)
[2020-11-08T07:34:38.851+0800][gc,task       ] GC(94) Using 10 workers of 10 for evacuation
[2020-11-08T07:34:38.888+0800][gc,mmu        ] GC(94) MMU target violated: 21.0ms (20.0ms/21.0ms)
[2020-11-08T07:34:38.889+0800][gc,phases     ] GC(94)   Pre Evacuate Collection Set: 1.3ms
[2020-11-08T07:34:38.889+0800][gc,phases     ] GC(94)   Evacuate Collection Set: 28.2ms
[2020-11-08T07:34:38.889+0800][gc,phases     ] GC(94)   Post Evacuate Collection Set: 2.0ms
[2020-11-08T07:34:38.889+0800][gc,phases     ] GC(94)   Other: 15.4ms
[2020-11-08T07:34:38.889+0800][gc,heap       ] GC(94) Eden regions: 611->0(610)
[2020-11-08T07:34:38.889+0800][gc,heap       ] GC(94) Survivor regions: 3->4(77)
[2020-11-08T07:34:38.889+0800][gc,heap       ] GC(94) Old regions: 104->104
[2020-11-08T07:34:38.889+0800][gc,heap       ] GC(94) Humongous regions: 130->130
[2020-11-08T07:34:38.889+0800][gc,metaspace  ] GC(94) Metaspace: 37092K->37092K(1083392K)
[2020-11-08T07:34:38.889+0800][gc            ] GC(94) Pause Young (Normal) (G1 Evacuation Pause) 847M->237M(1024M) 43.929ms
[2020-11-08T07:34:38.889+0800][gc,cpu        ] GC(94) User=0.03s Sys=0.08s Real=0.04s
[2020-11-08T07:42:37.069+0800][gc,start      ] GC(95) Pause Young (Normal) (G1 Evacuation Pause)
[2020-11-08T07:42:37.069+0800][gc,task       ] GC(95) Using 10 workers of 10 for evacuation
[2020-11-08T07:42:37.076+0800][gc,phases     ] GC(95)   Pre Evacuate Collection Set: 0.0ms
[2020-11-08T07:42:37.076+0800][gc,phases     ] GC(95)   Evacuate Collection Set: 6.5ms
[2020-11-08T07:42:37.076+0800][gc,phases     ] GC(95)   Post Evacuate Collection Set: 0.4ms
[2020-11-08T07:42:37.076+0800][gc,phases     ] GC(95)   Other: 0.7ms
[2020-11-08T07:42:37.076+0800][gc,heap       ] GC(95) Eden regions: 610->0(610)
[2020-11-08T07:42:37.076+0800][gc,heap       ] GC(95) Survivor regions: 4->4(77)
[2020-11-08T07:42:37.076+0800][gc,heap       ] GC(95) Old regions: 104->104
[2020-11-08T07:42:37.076+0800][gc,heap       ] GC(95) Humongous regions: 130->130
[2020-11-08T07:42:37.076+0800][gc,metaspace  ] GC(95) Metaspace: 37100K->37100K(1083392K)
[2020-11-08T07:42:37.076+0800][gc            ] GC(95) Pause Young (Normal) (G1 Evacuation Pause) 847M->237M(1024M) 7.706ms
[2020-11-08T07:42:37.076+0800][gc,cpu        ] GC(95) User=0.02s Sys=0.02s Real=0.01s
[2020-11-08T07:50:23.105+0800][gc,start      ] GC(96) Pause Young (Normal) (G1 Evacuation Pause)
[2020-11-08T07:50:23.106+0800][gc,task       ] GC(96) Using 10 workers of 10 for evacuation
[2020-11-08T07:50:23.114+0800][gc,phases     ] GC(96)   Pre Evacuate Collection Set: 0.0ms
[2020-11-08T07:50:23.114+0800][gc,phases     ] GC(96)   Evacuate Collection Set: 7.8ms
[2020-11-08T07:50:23.114+0800][gc,phases     ] GC(96)   Post Evacuate Collection Set: 0.4ms
[2020-11-08T07:50:23.114+0800][gc,phases     ] GC(96)   Other: 1.1ms
[2020-11-08T07:50:23.114+0800][gc,heap       ] GC(96) Eden regions: 610->0(609)
[2020-11-08T07:50:23.114+0800][gc,heap       ] GC(96) Survivor regions: 4->5(77)
[2020-11-08T07:50:23.114+0800][gc,heap       ] GC(96) Old regions: 104->104
[2020-11-08T07:50:23.114+0800][gc,heap       ] GC(96) Humongous regions: 130->130
[2020-11-08T07:50:23.114+0800][gc,metaspace  ] GC(96) Metaspace: 37100K->37100K(1083392K)
[2020-11-08T07:50:23.114+0800][gc            ] GC(96) Pause Young (Normal) (G1 Evacuation Pause) 847M->238M(1024M) 9.452ms
[2020-11-08T07:50:23.114+0800][gc,cpu        ] GC(96) User=0.03s Sys=0.02s Real=0.01s
[2020-11-08T07:58:20.322+0800][gc,start      ] GC(97) Pause Young (Normal) (G1 Evacuation Pause)
[2020-11-08T07:58:20.324+0800][gc,task       ] GC(97) Using 10 workers of 10 for evacuation
[2020-11-08T07:58:20.328+0800][gc,phases     ] GC(97)   Pre Evacuate Collection Set: 0.1ms
[2020-11-08T07:58:20.328+0800][gc,phases     ] GC(97)   Evacuate Collection Set: 3.3ms
[2020-11-08T07:58:20.328+0800][gc,phases     ] GC(97)   Post Evacuate Collection Set: 0.5ms
[2020-11-08T07:58:20.328+0800][gc,phases     ] GC(97)   Other: 2.1ms
[2020-11-08T07:58:20.328+0800][gc,heap       ] GC(97) Eden regions: 609->0(610)
[2020-11-08T07:58:20.328+0800][gc,heap       ] GC(97) Survivor regions: 5->4(77)
[2020-11-08T07:58:20.328+0800][gc,heap       ] GC(97) Old regions: 104->104
[2020-11-08T07:58:20.328+0800][gc,heap       ] GC(97) Humongous regions: 130->130
[2020-11-08T07:58:20.328+0800][gc,metaspace  ] GC(97) Metaspace: 37111K->37111K(1083392K)
[2020-11-08T07:58:20.328+0800][gc            ] GC(97) Pause Young (Normal) (G1 Evacuation Pause) 847M->237M(1024M) 6.182ms
[2020-11-08T07:58:20.328+0800][gc,cpu        ] GC(97) User=0.03s Sys=0.00s Real=0.00s
[2020-11-08T08:06:29.178+0800][gc,start      ] GC(98) Pause Young (Normal) (G1 Evacuation Pause)
[2020-11-08T08:06:29.179+0800][gc,task       ] GC(98) Using 10 workers of 10 for evacuation
[2020-11-08T08:06:29.185+0800][gc,phases     ] GC(98)   Pre Evacuate Collection Set: 0.0ms
[2020-11-08T08:06:29.185+0800][gc,phases     ] GC(98)   Evacuate Collection Set: 5.2ms
[2020-11-08T08:06:29.185+0800][gc,phases     ] GC(98)   Post Evacuate Collection Set: 0.4ms
[2020-11-08T08:06:29.185+0800][gc,phases     ] GC(98)   Other: 1.7ms
[2020-11-08T08:06:29.185+0800][gc,heap       ] GC(98) Eden regions: 610->0(610)
[2020-11-08T08:06:29.185+0800][gc,heap       ] GC(98) Survivor regions: 4->4(77)
[2020-11-08T08:06:29.185+0800][gc,heap       ] GC(98) Old regions: 104->104
[2020-11-08T08:06:29.185+0800][gc,heap       ] GC(98) Humongous regions: 130->130
[2020-11-08T08:06:29.185+0800][gc,metaspace  ] GC(98) Metaspace: 37111K->37111K(1083392K)
[2020-11-08T08:06:29.185+0800][gc            ] GC(98) Pause Young (Normal) (G1 Evacuation Pause) 847M->237M(1024M) 7.429ms
[2020-11-08T08:06:29.185+0800][gc,cpu        ] GC(98) User=0.02s Sys=0.01s Real=0.01s
[2020-11-08T08:28:52.947+0800][gc,start      ] GC(99) Pause Young (Normal) (G1 Evacuation Pause)
[2020-11-08T08:28:52.947+0800][gc,task       ] GC(99) Using 10 workers of 10 for evacuation
[2020-11-08T08:28:52.954+0800][gc,phases     ] GC(99)   Pre Evacuate Collection Set: 0.0ms
[2020-11-08T08:28:52.954+0800][gc,phases     ] GC(99)   Evacuate Collection Set: 5.1ms
[2020-11-08T08:28:52.954+0800][gc,phases     ] GC(99)   Post Evacuate Collection Set: 1.1ms
[2020-11-08T08:28:52.954+0800][gc,phases     ] GC(99)   Other: 0.3ms
[2020-11-08T08:28:52.954+0800][gc,heap       ] GC(99) Eden regions: 610->0(609)
[2020-11-08T08:28:52.954+0800][gc,heap       ] GC(99) Survivor regions: 4->5(77)
[2020-11-08T08:28:52.954+0800][gc,heap       ] GC(99) Old regions: 104->104
[2020-11-08T08:28:52.954+0800][gc,heap       ] GC(99) Humongous regions: 130->130
[2020-11-08T08:28:52.954+0800][gc,metaspace  ] GC(99) Metaspace: 37121K->37121K(1083392K)
[2020-11-08T08:28:52.954+0800][gc            ] GC(99) Pause Young (Normal) (G1 Evacuation Pause) 847M->238M(1024M) 6.667ms
[2020-11-08T08:28:52.954+0800][gc,cpu        ] GC(99) User=0.03s Sys=0.01s Real=0.01s
[2020-11-08T08:36:55.206+0800][gc,start      ] GC(100) Pause Young (Normal) (G1 Evacuation Pause)
[2020-11-08T08:36:55.207+0800][gc,task       ] GC(100) Using 10 workers of 10 for evacuation
[2020-11-08T08:36:55.210+0800][gc,phases     ] GC(100)   Pre Evacuate Collection Set: 0.0ms
[2020-11-08T08:36:55.210+0800][gc,phases     ] GC(100)   Evacuate Collection Set: 2.6ms
[2020-11-08T08:36:55.210+0800][gc,phases     ] GC(100)   Post Evacuate Collection Set: 0.4ms
[2020-11-08T08:36:55.210+0800][gc,phases     ] GC(100)   Other: 1.2ms
[2020-11-08T08:36:55.210+0800][gc,heap       ] GC(100) Eden regions: 609->0(610)
[2020-11-08T08:36:55.210+0800][gc,heap       ] GC(100) Survivor regions: 5->4(77)
[2020-11-08T08:36:55.210+0800][gc,heap       ] GC(100) Old regions: 104->104
[2020-11-08T08:36:55.210+0800][gc,heap       ] GC(100) Humongous regions: 130->130
[2020-11-08T08:36:55.210+0800][gc,metaspace  ] GC(100) Metaspace: 37124K->37124K(1083392K)
[2020-11-08T08:36:55.210+0800][gc            ] GC(100) Pause Young (Normal) (G1 Evacuation Pause) 847M->237M(1024M) 4.254ms
[2020-11-08T08:36:55.210+0800][gc,cpu        ] GC(100) User=0.03s Sys=0.00s Real=0.01s
[2020-11-08T08:45:01.820+0800][gc,start      ] GC(101) Pause Young (Normal) (G1 Evacuation Pause)
[2020-11-08T08:45:01.821+0800][gc,task       ] GC(101) Using 10 workers of 10 for evacuation
[2020-11-08T08:45:01.827+0800][gc,phases     ] GC(101)   Pre Evacuate Collection Set: 0.0ms
[2020-11-08T08:45:01.827+0800][gc,phases     ] GC(101)   Evacuate Collection Set: 3.7ms
[2020-11-08T08:45:01.827+0800][gc,phases     ] GC(101)   Post Evacuate Collection Set: 2.5ms
[2020-11-08T08:45:01.827+0800][gc,phases     ] GC(101)   Other: 1.0ms
[2020-11-08T08:45:01.827+0800][gc,heap       ] GC(101) Eden regions: 610->0(610)
[2020-11-08T08:45:01.827+0800][gc,heap       ] GC(101) Survivor regions: 4->4(77)
[2020-11-08T08:45:01.827+0800][gc,heap       ] GC(101) Old regions: 104->104
[2020-11-08T08:45:01.827+0800][gc,heap       ] GC(101) Humongous regions: 130->130
[2020-11-08T08:45:01.827+0800][gc,metaspace  ] GC(101) Metaspace: 37124K->37124K(1083392K)
[2020-11-08T08:45:01.828+0800][gc            ] GC(101) Pause Young (Normal) (G1 Evacuation Pause) 847M->237M(1024M) 7.379ms
[2020-11-08T08:45:01.828+0800][gc,cpu        ] GC(101) User=0.03s Sys=0.00s Real=0.00s
[2020-11-08T08:53:05.298+0800][gc,start      ] GC(102) Pause Young (Normal) (G1 Evacuation Pause)
[2020-11-08T08:53:05.298+0800][gc,task       ] GC(102) Using 10 workers of 10 for evacuation
[2020-11-08T08:53:05.301+0800][gc,phases     ] GC(102)   Pre Evacuate Collection Set: 0.0ms
[2020-11-08T08:53:05.301+0800][gc,phases     ] GC(102)   Evacuate Collection Set: 2.2ms
[2020-11-08T08:53:05.301+0800][gc,phases     ] GC(102)   Post Evacuate Collection Set: 0.3ms
[2020-11-08T08:53:05.301+0800][gc,phases     ] GC(102)   Other: 0.3ms
[2020-11-08T08:53:05.301+0800][gc,heap       ] GC(102) Eden regions: 610->0(610)
[2020-11-08T08:53:05.301+0800][gc,heap       ] GC(102) Survivor regions: 4->4(77)
[2020-11-08T08:53:05.301+0800][gc,heap       ] GC(102) Old regions: 104->104
[2020-11-08T08:53:05.301+0800][gc,heap       ] GC(102) Humongous regions: 130->130
[2020-11-08T08:53:05.301+0800][gc,metaspace  ] GC(102) Metaspace: 37124K->37124K(1083392K)
[2020-11-08T08:53:05.301+0800][gc            ] GC(102) Pause Young (Normal) (G1 Evacuation Pause) 847M->237M(1024M) 3.010ms
[2020-11-08T08:53:05.301+0800][gc,cpu        ] GC(102) User=0.02s Sys=0.00s Real=0.01s
[2020-11-08T09:01:06.534+0800][gc,start      ] GC(103) Pause Young (Normal) (G1 Evacuation Pause)
[2020-11-08T09:01:06.534+0800][gc,task       ] GC(103) Using 10 workers of 10 for evacuation
[2020-11-08T09:01:06.540+0800][gc,phases     ] GC(103)   Pre Evacuate Collection Set: 0.0ms
[2020-11-08T09:01:06.540+0800][gc,phases     ] GC(103)   Evacuate Collection Set: 4.6ms
[2020-11-08T09:01:06.540+0800][gc,phases     ] GC(103)   Post Evacuate Collection Set: 0.4ms
[2020-11-08T09:01:06.540+0800][gc,phases     ] GC(103)   Other: 1.1ms
[2020-11-08T09:01:06.540+0800][gc,heap       ] GC(103) Eden regions: 610->0(609)
[2020-11-08T09:01:06.540+0800][gc,heap       ] GC(103) Survivor regions: 4->5(77)
[2020-11-08T09:01:06.540+0800][gc,heap       ] GC(103) Old regions: 104->104
[2020-11-08T09:01:06.540+0800][gc,heap       ] GC(103) Humongous regions: 130->130
[2020-11-08T09:01:06.540+0800][gc,metaspace  ] GC(103) Metaspace: 37124K->37124K(1083392K)
[2020-11-08T09:01:06.540+0800][gc            ] GC(103) Pause Young (Normal) (G1 Evacuation Pause) 847M->238M(1024M) 6.265ms
[2020-11-08T09:01:06.540+0800][gc,cpu        ] GC(103) User=0.03s Sys=0.00s Real=0.01s
[2020-11-08T09:09:04.210+0800][gc,start      ] GC(104) Pause Young (Normal) (G1 Evacuation Pause)
[2020-11-08T09:09:04.211+0800][gc,task       ] GC(104) Using 10 workers of 10 for evacuation
[2020-11-08T09:09:04.215+0800][gc,phases     ] GC(104)   Pre Evacuate Collection Set: 0.0ms
[2020-11-08T09:09:04.215+0800][gc,phases     ] GC(104)   Evacuate Collection Set: 2.8ms
[2020-11-08T09:09:04.215+0800][gc,phases     ] GC(104)   Post Evacuate Collection Set: 0.4ms
[2020-11-08T09:09:04.215+0800][gc,phases     ] GC(104)   Other: 1.4ms
[2020-11-08T09:09:04.215+0800][gc,heap       ] GC(104) Eden regions: 609->0(610)
[2020-11-08T09:09:04.215+0800][gc,heap       ] GC(104) Survivor regions: 5->4(77)
[2020-11-08T09:09:04.215+0800][gc,heap       ] GC(104) Old regions: 104->105
[2020-11-08T09:09:04.215+0800][gc,heap       ] GC(104) Humongous regions: 130->130
[2020-11-08T09:09:04.215+0800][gc,metaspace  ] GC(104) Metaspace: 37124K->37124K(1083392K)
[2020-11-08T09:09:04.215+0800][gc            ] GC(104) Pause Young (Normal) (G1 Evacuation Pause) 847M->237M(1024M) 4.811ms
[2020-11-08T09:09:04.215+0800][gc,cpu        ] GC(104) User=0.03s Sys=0.00s Real=0.00s
[2020-11-08T09:17:06.242+0800][gc,start      ] GC(105) Pause Young (Normal) (G1 Evacuation Pause)
[2020-11-08T09:17:06.243+0800][gc,task       ] GC(105) Using 10 workers of 10 for evacuation
[2020-11-08T09:17:06.247+0800][gc,phases     ] GC(105)   Pre Evacuate Collection Set: 0.1ms
[2020-11-08T09:17:06.247+0800][gc,phases     ] GC(105)   Evacuate Collection Set: 3.4ms
[2020-11-08T09:17:06.247+0800][gc,phases     ] GC(105)   Post Evacuate Collection Set: 0.5ms
[2020-11-08T09:17:06.247+0800][gc,phases     ] GC(105)   Other: 0.8ms
[2020-11-08T09:17:06.247+0800][gc,heap       ] GC(105) Eden regions: 610->0(610)
[2020-11-08T09:17:06.247+0800][gc,heap       ] GC(105) Survivor regions: 4->4(77)
[2020-11-08T09:17:06.247+0800][gc,heap       ] GC(105) Old regions: 105->105
[2020-11-08T09:17:06.247+0800][gc,heap       ] GC(105) Humongous regions: 130->130
[2020-11-08T09:17:06.247+0800][gc,metaspace  ] GC(105) Metaspace: 37124K->37124K(1083392K)
[2020-11-08T09:17:06.247+0800][gc            ] GC(105) Pause Young (Normal) (G1 Evacuation Pause) 847M->237M(1024M) 4.812ms
[2020-11-08T09:17:06.247+0800][gc,cpu        ] GC(105) User=0.02s Sys=0.00s Real=0.00s
