[2020-11-05T12:20:52.009+0800][gc,heap] Heap region size: 1M
[2020-11-05T12:20:52.017+0800][gc     ] Using G1
[2020-11-05T12:20:52.017+0800][gc,heap,coops] Heap address: 0x00000007c0000000, size: 1024 MB, Compressed Oops mode: Zero based, Oop shift amount: 3
[2020-11-05T12:20:52.846+0800][gc,start     ] GC(0) Pause Young (Concurrent Start) (Metadata GC Threshold)
[2020-11-05T12:20:52.847+0800][gc,task      ] GC(0) Using 10 workers of 10 for evacuation
[2020-11-05T12:20:52.852+0800][gc,phases    ] GC(0)   Pre Evacuate Collection Set: 0.0ms
[2020-11-05T12:20:52.852+0800][gc,phases    ] GC(0)   Evacuate Collection Set: 4.6ms
[2020-11-05T12:20:52.852+0800][gc,phases    ] GC(0)   Post Evacuate Collection Set: 0.3ms
[2020-11-05T12:20:52.852+0800][gc,phases    ] GC(0)   Other: 0.8ms
[2020-11-05T12:20:52.852+0800][gc,heap      ] GC(0) Eden regions: 41->0(45)
[2020-11-05T12:20:52.852+0800][gc,heap      ] GC(0) Survivor regions: 0->6(7)
[2020-11-05T12:20:52.852+0800][gc,heap      ] GC(0) Old regions: 0->0
[2020-11-05T12:20:52.852+0800][gc,heap      ] GC(0) Humongous regions: 1->1
[2020-11-05T12:20:52.852+0800][gc,metaspace ] GC(0) Metaspace: 20601K->20601K(1069056K)
[2020-11-05T12:20:52.852+0800][gc           ] GC(0) Pause Young (Concurrent Start) (Metadata GC Threshold) 41M->6M(1024M) 5.844ms
[2020-11-05T12:20:52.852+0800][gc,cpu       ] GC(0) User=0.03s Sys=0.01s Real=0.01s
[2020-11-05T12:20:52.852+0800][gc           ] GC(1) Concurrent Cycle
[2020-11-05T12:20:52.852+0800][gc,marking   ] GC(1) Concurrent Clear Claimed Marks
[2020-11-05T12:20:52.852+0800][gc,marking   ] GC(1) Concurrent Clear Claimed Marks 0.025ms
[2020-11-05T12:20:52.852+0800][gc,marking   ] GC(1) Concurrent Scan Root Regions
[2020-11-05T12:20:52.854+0800][gc,marking   ] GC(1) Concurrent Scan Root Regions 1.565ms
[2020-11-05T12:20:52.854+0800][gc,marking   ] GC(1) Concurrent Mark (0.870s)
[2020-11-05T12:20:52.854+0800][gc,marking   ] GC(1) Concurrent Mark From Roots
[2020-11-05T12:20:52.854+0800][gc,task      ] GC(1) Using 3 workers of 3 for marking
[2020-11-05T12:20:52.854+0800][gc,marking   ] GC(1) Concurrent Mark From Roots 0.179ms
[2020-11-05T12:20:52.854+0800][gc,marking   ] GC(1) Concurrent Preclean
[2020-11-05T12:20:52.854+0800][gc,marking   ] GC(1) Concurrent Preclean 0.033ms
[2020-11-05T12:20:52.854+0800][gc,marking   ] GC(1) Concurrent Mark (0.870s, 0.870s) 0.251ms
[2020-11-05T12:20:52.854+0800][gc,start     ] GC(1) Pause Remark
[2020-11-05T12:20:52.855+0800][gc,stringtable] GC(1) Cleaned string and symbol table, strings: 7877 processed, 0 removed, symbols: 66310 processed, 36 removed
[2020-11-05T12:20:52.855+0800][gc            ] GC(1) Pause Remark 7M->7M(1024M) 1.065ms
[2020-11-05T12:20:52.855+0800][gc,cpu        ] GC(1) User=0.00s Sys=0.00s Real=0.00s
[2020-11-05T12:20:52.855+0800][gc,marking    ] GC(1) Concurrent Rebuild Remembered Sets
[2020-11-05T12:20:52.856+0800][gc,marking    ] GC(1) Concurrent Rebuild Remembered Sets 0.078ms
[2020-11-05T12:20:52.856+0800][gc,start      ] GC(1) Pause Cleanup
[2020-11-05T12:20:52.856+0800][gc            ] GC(1) Pause Cleanup 7M->7M(1024M) 0.157ms
[2020-11-05T12:20:52.856+0800][gc,cpu        ] GC(1) User=0.00s Sys=0.00s Real=0.00s
[2020-11-05T12:20:52.856+0800][gc,marking    ] GC(1) Concurrent Cleanup for Next Mark
[2020-11-05T12:20:52.861+0800][gc,marking    ] GC(1) Concurrent Cleanup for Next Mark 5.326ms
[2020-11-05T12:20:52.861+0800][gc            ] GC(1) Concurrent Cycle 9.058ms
[2020-11-05T12:20:53.537+0800][gc,start      ] GC(2) Pause Young (Normal) (G1 Evacuation Pause)
[2020-11-05T12:20:53.537+0800][gc,task       ] GC(2) Using 10 workers of 10 for evacuation
[2020-11-05T12:20:53.543+0800][gc,phases     ] GC(2)   Pre Evacuate Collection Set: 0.0ms
[2020-11-05T12:20:53.543+0800][gc,phases     ] GC(2)   Evacuate Collection Set: 4.8ms
[2020-11-05T12:20:53.543+0800][gc,phases     ] GC(2)   Post Evacuate Collection Set: 0.3ms
[2020-11-05T12:20:53.543+0800][gc,phases     ] GC(2)   Other: 0.1ms
[2020-11-05T12:20:53.543+0800][gc,heap       ] GC(2) Eden regions: 45->0(47)
[2020-11-05T12:20:53.543+0800][gc,heap       ] GC(2) Survivor regions: 6->4(7)
[2020-11-05T12:20:53.543+0800][gc,heap       ] GC(2) Old regions: 0->6
[2020-11-05T12:20:53.543+0800][gc,heap       ] GC(2) Humongous regions: 130->130
[2020-11-05T12:20:53.543+0800][gc,metaspace  ] GC(2) Metaspace: 30286K->30286K(1077248K)
[2020-11-05T12:20:53.543+0800][gc            ] GC(2) Pause Young (Normal) (G1 Evacuation Pause) 180M->138M(1024M) 5.390ms
[2020-11-05T12:20:53.543+0800][gc,cpu        ] GC(2) User=0.04s Sys=0.01s Real=0.01s
[2020-11-05T12:25:53.762+0800][gc,start      ] GC(3) Pause Young (Concurrent Start) (Metadata GC Threshold)
[2020-11-05T12:25:53.762+0800][gc,task       ] GC(3) Using 10 workers of 10 for evacuation
[2020-11-05T12:25:53.765+0800][gc,phases     ] GC(3)   Pre Evacuate Collection Set: 0.0ms
[2020-11-05T12:25:53.765+0800][gc,phases     ] GC(3)   Evacuate Collection Set: 2.7ms
[2020-11-05T12:25:53.765+0800][gc,phases     ] GC(3)   Post Evacuate Collection Set: 0.2ms
[2020-11-05T12:25:53.765+0800][gc,phases     ] GC(3)   Other: 0.2ms
[2020-11-05T12:25:53.765+0800][gc,heap       ] GC(3) Eden regions: 46->0(45)
[2020-11-05T12:25:53.765+0800][gc,heap       ] GC(3) Survivor regions: 4->6(7)
[2020-11-05T12:25:53.765+0800][gc,heap       ] GC(3) Old regions: 6->6
[2020-11-05T12:25:53.765+0800][gc,heap       ] GC(3) Humongous regions: 130->130
[2020-11-05T12:25:53.765+0800][gc,metaspace  ] GC(3) Metaspace: 34861K->34861K(1081344K)
[2020-11-05T12:25:53.765+0800][gc            ] GC(3) Pause Young (Concurrent Start) (Metadata GC Threshold) 184M->140M(1024M) 3.289ms
[2020-11-05T12:25:53.765+0800][gc,cpu        ] GC(3) User=0.02s Sys=0.00s Real=0.00s
[2020-11-05T12:25:53.765+0800][gc            ] GC(4) Concurrent Cycle
[2020-11-05T12:25:53.765+0800][gc,marking    ] GC(4) Concurrent Clear Claimed Marks
[2020-11-05T12:25:53.765+0800][gc,marking    ] GC(4) Concurrent Clear Claimed Marks 0.028ms
[2020-11-05T12:25:53.765+0800][gc,marking    ] GC(4) Concurrent Scan Root Regions
[2020-11-05T12:25:53.767+0800][gc,marking    ] GC(4) Concurrent Scan Root Regions 1.918ms
[2020-11-05T12:25:53.767+0800][gc,marking    ] GC(4) Concurrent Mark (301.753s)
[2020-11-05T12:25:53.767+0800][gc,marking    ] GC(4) Concurrent Mark From Roots
[2020-11-05T12:25:53.767+0800][gc,task       ] GC(4) Using 3 workers of 3 for marking
[2020-11-05T12:25:53.771+0800][gc,marking    ] GC(4) Concurrent Mark From Roots 3.599ms
[2020-11-05T12:25:53.771+0800][gc,marking    ] GC(4) Concurrent Preclean
[2020-11-05T12:25:53.771+0800][gc,marking    ] GC(4) Concurrent Preclean 0.087ms
[2020-11-05T12:25:53.771+0800][gc,marking    ] GC(4) Concurrent Mark (301.753s, 301.757s) 3.776ms
[2020-11-05T12:25:53.771+0800][gc,start      ] GC(4) Pause Remark
[2020-11-05T12:25:53.774+0800][gc,stringtable] GC(4) Cleaned string and symbol table, strings: 12755 processed, 19 removed, symbols: 93037 processed, 19 removed
[2020-11-05T12:25:53.774+0800][gc            ] GC(4) Pause Remark 141M->141M(1024M) 2.737ms
[2020-11-05T12:25:53.774+0800][gc,cpu        ] GC(4) User=0.02s Sys=0.00s Real=0.00s
[2020-11-05T12:25:53.774+0800][gc,marking    ] GC(4) Concurrent Rebuild Remembered Sets
[2020-11-05T12:25:53.777+0800][gc,marking    ] GC(4) Concurrent Rebuild Remembered Sets 2.579ms
[2020-11-05T12:25:53.777+0800][gc,start      ] GC(4) Pause Cleanup
[2020-11-05T12:25:53.777+0800][gc            ] GC(4) Pause Cleanup 141M->141M(1024M) 0.178ms
[2020-11-05T12:25:53.777+0800][gc,cpu        ] GC(4) User=0.00s Sys=0.00s Real=0.00s
[2020-11-05T12:25:53.777+0800][gc,marking    ] GC(4) Concurrent Cleanup for Next Mark
[2020-11-05T12:25:53.783+0800][gc,marking    ] GC(4) Concurrent Cleanup for Next Mark 6.183ms
[2020-11-05T12:25:53.783+0800][gc            ] GC(4) Concurrent Cycle 18.075ms
[2020-11-05T12:27:42.097+0800][gc,start      ] GC(5) Pause Young (Normal) (G1 Evacuation Pause)
[2020-11-05T12:27:42.097+0800][gc,task       ] GC(5) Using 10 workers of 10 for evacuation
[2020-11-05T12:27:42.100+0800][gc,phases     ] GC(5)   Pre Evacuate Collection Set: 0.0ms
[2020-11-05T12:27:42.101+0800][gc,phases     ] GC(5)   Evacuate Collection Set: 3.1ms
[2020-11-05T12:27:42.101+0800][gc,phases     ] GC(5)   Post Evacuate Collection Set: 0.2ms
[2020-11-05T12:27:42.101+0800][gc,phases     ] GC(5)   Other: 0.2ms
[2020-11-05T12:27:42.101+0800][gc,heap       ] GC(5) Eden regions: 45->0(48)
[2020-11-05T12:27:42.101+0800][gc,heap       ] GC(5) Survivor regions: 6->3(7)
[2020-11-05T12:27:42.101+0800][gc,heap       ] GC(5) Old regions: 6->9
[2020-11-05T12:27:42.101+0800][gc,heap       ] GC(5) Humongous regions: 130->130
[2020-11-05T12:27:42.101+0800][gc,metaspace  ] GC(5) Metaspace: 34923K->34923K(1081344K)
[2020-11-05T12:27:42.101+0800][gc            ] GC(5) Pause Young (Normal) (G1 Evacuation Pause) 185M->141M(1024M) 3.736ms
[2020-11-05T12:27:42.101+0800][gc,cpu        ] GC(5) User=0.03s Sys=0.01s Real=0.01s
[2020-11-05T12:29:39.606+0800][gc,start      ] GC(6) Pause Young (Normal) (G1 Evacuation Pause)
[2020-11-05T12:29:39.606+0800][gc,task       ] GC(6) Using 10 workers of 10 for evacuation
[2020-11-05T12:29:39.608+0800][gc,phases     ] GC(6)   Pre Evacuate Collection Set: 0.0ms
[2020-11-05T12:29:39.608+0800][gc,phases     ] GC(6)   Evacuate Collection Set: 1.9ms
[2020-11-05T12:29:39.608+0800][gc,phases     ] GC(6)   Post Evacuate Collection Set: 0.2ms
[2020-11-05T12:29:39.608+0800][gc,phases     ] GC(6)   Other: 0.2ms
[2020-11-05T12:29:39.608+0800][gc,heap       ] GC(6) Eden regions: 48->0(48)
[2020-11-05T12:29:39.608+0800][gc,heap       ] GC(6) Survivor regions: 3->3(7)
[2020-11-05T12:29:39.608+0800][gc,heap       ] GC(6) Old regions: 9->9
[2020-11-05T12:29:39.608+0800][gc,heap       ] GC(6) Humongous regions: 130->130
[2020-11-05T12:29:39.608+0800][gc,metaspace  ] GC(6) Metaspace: 34993K->34993K(1081344K)
[2020-11-05T12:29:39.608+0800][gc            ] GC(6) Pause Young (Normal) (G1 Evacuation Pause) 189M->141M(1024M) 2.434ms
[2020-11-05T12:29:39.608+0800][gc,cpu        ] GC(6) User=0.02s Sys=0.00s Real=0.00s
[2020-11-05T12:31:42.109+0800][gc,start      ] GC(7) Pause Young (Normal) (G1 Evacuation Pause)
[2020-11-05T12:31:42.109+0800][gc,task       ] GC(7) Using 10 workers of 10 for evacuation
[2020-11-05T12:31:42.111+0800][gc,phases     ] GC(7)   Pre Evacuate Collection Set: 0.0ms
[2020-11-05T12:31:42.111+0800][gc,phases     ] GC(7)   Evacuate Collection Set: 1.2ms
[2020-11-05T12:31:42.111+0800][gc,phases     ] GC(7)   Post Evacuate Collection Set: 0.2ms
[2020-11-05T12:31:42.111+0800][gc,phases     ] GC(7)   Other: 0.2ms
[2020-11-05T12:31:42.111+0800][gc,heap       ] GC(7) Eden regions: 48->0(48)
[2020-11-05T12:31:42.111+0800][gc,heap       ] GC(7) Survivor regions: 3->3(7)
[2020-11-05T12:31:42.111+0800][gc,heap       ] GC(7) Old regions: 9->9
[2020-11-05T12:31:42.111+0800][gc,heap       ] GC(7) Humongous regions: 130->130
[2020-11-05T12:31:42.111+0800][gc,metaspace  ] GC(7) Metaspace: 35047K->35047K(1081344K)
[2020-11-05T12:31:42.111+0800][gc            ] GC(7) Pause Young (Normal) (G1 Evacuation Pause) 189M->141M(1024M) 1.680ms
[2020-11-05T12:31:42.111+0800][gc,cpu        ] GC(7) User=0.02s Sys=0.00s Real=0.01s
[2020-11-05T12:33:27.912+0800][gc,start      ] GC(8) Pause Young (Normal) (G1 Evacuation Pause)
[2020-11-05T12:33:27.913+0800][gc,task       ] GC(8) Using 10 workers of 10 for evacuation
[2020-11-05T12:33:27.915+0800][gc,phases     ] GC(8)   Pre Evacuate Collection Set: 0.0ms
[2020-11-05T12:33:27.915+0800][gc,phases     ] GC(8)   Evacuate Collection Set: 2.3ms
[2020-11-05T12:33:27.915+0800][gc,phases     ] GC(8)   Post Evacuate Collection Set: 0.2ms
[2020-11-05T12:33:27.915+0800][gc,phases     ] GC(8)   Other: 1.0ms
[2020-11-05T12:33:27.915+0800][gc,heap       ] GC(8) Eden regions: 48->0(63)
[2020-11-05T12:33:27.915+0800][gc,heap       ] GC(8) Survivor regions: 3->3(7)
[2020-11-05T12:33:27.915+0800][gc,heap       ] GC(8) Old regions: 9->9
[2020-11-05T12:33:27.915+0800][gc,heap       ] GC(8) Humongous regions: 130->130
[2020-11-05T12:33:27.915+0800][gc,metaspace  ] GC(8) Metaspace: 35141K->35141K(1081344K)
[2020-11-05T12:33:27.915+0800][gc            ] GC(8) Pause Young (Normal) (G1 Evacuation Pause) 189M->141M(1024M) 3.614ms
[2020-11-05T12:33:27.915+0800][gc,cpu        ] GC(8) User=0.02s Sys=0.00s Real=0.00s
[2020-11-05T12:35:32.523+0800][gc,start      ] GC(9) Pause Young (Normal) (G1 Evacuation Pause)
[2020-11-05T12:35:32.524+0800][gc,task       ] GC(9) Using 10 workers of 10 for evacuation
[2020-11-05T12:35:32.527+0800][gc,phases     ] GC(9)   Pre Evacuate Collection Set: 0.1ms
[2020-11-05T12:35:32.527+0800][gc,phases     ] GC(9)   Evacuate Collection Set: 2.1ms
[2020-11-05T12:35:32.527+0800][gc,phases     ] GC(9)   Post Evacuate Collection Set: 0.2ms
[2020-11-05T12:35:32.527+0800][gc,phases     ] GC(9)   Other: 1.0ms
[2020-11-05T12:35:32.527+0800][gc,heap       ] GC(9) Eden regions: 63->0(81)
[2020-11-05T12:35:32.527+0800][gc,heap       ] GC(9) Survivor regions: 3->3(9)
[2020-11-05T12:35:32.527+0800][gc,heap       ] GC(9) Old regions: 9->9
[2020-11-05T12:35:32.527+0800][gc,heap       ] GC(9) Humongous regions: 130->130
[2020-11-05T12:35:32.527+0800][gc,metaspace  ] GC(9) Metaspace: 35158K->35158K(1081344K)
[2020-11-05T12:35:32.527+0800][gc            ] GC(9) Pause Young (Normal) (G1 Evacuation Pause) 204M->141M(1024M) 3.436ms
[2020-11-05T12:35:32.527+0800][gc,cpu        ] GC(9) User=0.02s Sys=0.00s Real=0.00s
[2020-11-05T12:38:14.229+0800][gc,start      ] GC(10) Pause Young (Normal) (G1 Evacuation Pause)
[2020-11-05T12:38:14.229+0800][gc,task       ] GC(10) Using 10 workers of 10 for evacuation
[2020-11-05T12:38:14.233+0800][gc,phases     ] GC(10)   Pre Evacuate Collection Set: 0.0ms
[2020-11-05T12:38:14.233+0800][gc,phases     ] GC(10)   Evacuate Collection Set: 2.8ms
[2020-11-05T12:38:14.233+0800][gc,phases     ] GC(10)   Post Evacuate Collection Set: 0.2ms
[2020-11-05T12:38:14.233+0800][gc,phases     ] GC(10)   Other: 1.0ms
[2020-11-05T12:38:14.233+0800][gc,heap       ] GC(10) Eden regions: 81->0(118)
[2020-11-05T12:38:14.233+0800][gc,heap       ] GC(10) Survivor regions: 3->4(11)
[2020-11-05T12:38:14.233+0800][gc,heap       ] GC(10) Old regions: 9->9
[2020-11-05T12:38:14.233+0800][gc,heap       ] GC(10) Humongous regions: 130->130
[2020-11-05T12:38:14.233+0800][gc,metaspace  ] GC(10) Metaspace: 35184K->35184K(1081344K)
[2020-11-05T12:38:14.233+0800][gc            ] GC(10) Pause Young (Normal) (G1 Evacuation Pause) 222M->142M(1024M) 4.257ms
[2020-11-05T12:38:14.233+0800][gc,cpu        ] GC(10) User=0.02s Sys=0.00s Real=0.01s
[2020-11-05T12:42:09.750+0800][gc,start      ] GC(11) Pause Young (Normal) (G1 Evacuation Pause)
[2020-11-05T12:42:09.751+0800][gc,task       ] GC(11) Using 10 workers of 10 for evacuation
[2020-11-05T12:42:09.755+0800][gc,phases     ] GC(11)   Pre Evacuate Collection Set: 0.0ms
[2020-11-05T12:42:09.755+0800][gc,phases     ] GC(11)   Evacuate Collection Set: 2.9ms
[2020-11-05T12:42:09.755+0800][gc,phases     ] GC(11)   Post Evacuate Collection Set: 0.6ms
[2020-11-05T12:42:09.755+0800][gc,phases     ] GC(11)   Other: 1.3ms
[2020-11-05T12:42:09.755+0800][gc,heap       ] GC(11) Eden regions: 118->0(610)
[2020-11-05T12:42:09.755+0800][gc,heap       ] GC(11) Survivor regions: 4->4(16)
[2020-11-05T12:42:09.755+0800][gc,heap       ] GC(11) Old regions: 9->9
[2020-11-05T12:42:09.755+0800][gc,heap       ] GC(11) Humongous regions: 130->130
[2020-11-05T12:42:09.755+0800][gc,metaspace  ] GC(11) Metaspace: 35227K->35227K(1081344K)
[2020-11-05T12:42:09.755+0800][gc            ] GC(11) Pause Young (Normal) (G1 Evacuation Pause) 260M->142M(1024M) 4.935ms
[2020-11-05T12:42:09.755+0800][gc,cpu        ] GC(11) User=0.03s Sys=0.01s Real=0.00s
[2020-11-05T13:13:41.277+0800][gc,start      ] GC(12) Pause Young (Normal) (G1 Evacuation Pause)
[2020-11-05T13:13:41.278+0800][gc,task       ] GC(12) Using 10 workers of 10 for evacuation
[2020-11-05T13:13:41.283+0800][gc,phases     ] GC(12)   Pre Evacuate Collection Set: 0.1ms
[2020-11-05T13:13:41.283+0800][gc,phases     ] GC(12)   Evacuate Collection Set: 3.5ms
[2020-11-05T13:13:41.283+0800][gc,phases     ] GC(12)   Post Evacuate Collection Set: 1.6ms
[2020-11-05T13:13:41.283+0800][gc,phases     ] GC(12)   Other: 1.5ms
[2020-11-05T13:13:41.283+0800][gc,heap       ] GC(12) Eden regions: 610->0(610)
[2020-11-05T13:13:41.283+0800][gc,heap       ] GC(12) Survivor regions: 4->4(77)
[2020-11-05T13:13:41.283+0800][gc,heap       ] GC(12) Old regions: 9->9
[2020-11-05T13:13:41.283+0800][gc,heap       ] GC(12) Humongous regions: 130->130
[2020-11-05T13:13:41.283+0800][gc,metaspace  ] GC(12) Metaspace: 35495K->35495K(1081344K)
[2020-11-05T13:13:41.283+0800][gc            ] GC(12) Pause Young (Normal) (G1 Evacuation Pause) 752M->141M(1024M) 6.874ms
[2020-11-05T13:13:41.284+0800][gc,cpu        ] GC(12) User=0.03s Sys=0.01s Real=0.01s
[2020-11-05T14:23:07.920+0800][gc,start      ] GC(13) Pause Young (Normal) (G1 Evacuation Pause)
[2020-11-05T14:23:07.921+0800][gc,task       ] GC(13) Using 10 workers of 10 for evacuation
[2020-11-05T14:23:07.937+0800][gc,phases     ] GC(13)   Pre Evacuate Collection Set: 0.7ms
[2020-11-05T14:23:07.937+0800][gc,phases     ] GC(13)   Evacuate Collection Set: 14.1ms
[2020-11-05T14:23:07.937+0800][gc,phases     ] GC(13)   Post Evacuate Collection Set: 1.2ms
[2020-11-05T14:23:07.937+0800][gc,phases     ] GC(13)   Other: 2.3ms
[2020-11-05T14:23:07.937+0800][gc,heap       ] GC(13) Eden regions: 610->0(610)
[2020-11-05T14:23:07.937+0800][gc,heap       ] GC(13) Survivor regions: 4->4(77)
[2020-11-05T14:23:07.937+0800][gc,heap       ] GC(13) Old regions: 9->9
[2020-11-05T14:23:07.937+0800][gc,heap       ] GC(13) Humongous regions: 130->130
[2020-11-05T14:23:07.937+0800][gc,metaspace  ] GC(13) Metaspace: 35780K->35780K(1081344K)
[2020-11-05T14:23:07.937+0800][gc            ] GC(13) Pause Young (Normal) (G1 Evacuation Pause) 751M->142M(1024M) 17.323ms
[2020-11-05T14:23:07.937+0800][gc,cpu        ] GC(13) User=0.02s Sys=0.07s Real=0.01s
[2020-11-05T14:49:26.820+0800][gc,start      ] GC(14) Pause Young (Normal) (G1 Evacuation Pause)
[2020-11-05T14:49:26.821+0800][gc,task       ] GC(14) Using 10 workers of 10 for evacuation
[2020-11-05T14:49:26.827+0800][gc,phases     ] GC(14)   Pre Evacuate Collection Set: 0.0ms
[2020-11-05T14:49:26.827+0800][gc,phases     ] GC(14)   Evacuate Collection Set: 5.6ms
[2020-11-05T14:49:26.827+0800][gc,phases     ] GC(14)   Post Evacuate Collection Set: 1.0ms
[2020-11-05T14:49:26.827+0800][gc,phases     ] GC(14)   Other: 0.9ms
[2020-11-05T14:49:26.827+0800][gc,heap       ] GC(14) Eden regions: 610->0(610)
[2020-11-05T14:49:26.827+0800][gc,heap       ] GC(14) Survivor regions: 4->4(77)
[2020-11-05T14:49:26.827+0800][gc,heap       ] GC(14) Old regions: 9->9
[2020-11-05T14:49:26.828+0800][gc,heap       ] GC(14) Humongous regions: 130->130
[2020-11-05T14:49:26.828+0800][gc,metaspace  ] GC(14) Metaspace: 36041K->36041K(1081344K)
[2020-11-05T14:49:26.828+0800][gc            ] GC(14) Pause Young (Normal) (G1 Evacuation Pause) 752M->142M(1024M) 7.591ms
[2020-11-05T14:49:26.828+0800][gc,cpu        ] GC(14) User=0.02s Sys=0.02s Real=0.00s
[2020-11-05T15:08:37.521+0800][gc,start      ] GC(15) Pause Young (Normal) (G1 Evacuation Pause)
[2020-11-05T15:08:37.522+0800][gc,task       ] GC(15) Using 10 workers of 10 for evacuation
[2020-11-05T15:08:37.562+0800][gc,mmu        ] GC(15) MMU target violated: 21.0ms (20.0ms/21.0ms)
[2020-11-05T15:08:37.562+0800][gc,phases     ] GC(15)   Pre Evacuate Collection Set: 1.9ms
[2020-11-05T15:08:37.562+0800][gc,phases     ] GC(15)   Evacuate Collection Set: 35.1ms
[2020-11-05T15:08:37.562+0800][gc,phases     ] GC(15)   Post Evacuate Collection Set: 1.1ms
[2020-11-05T15:08:37.562+0800][gc,phases     ] GC(15)   Other: 4.6ms
[2020-11-05T15:08:37.562+0800][gc,heap       ] GC(15) Eden regions: 610->0(98)
[2020-11-05T15:08:37.562+0800][gc,heap       ] GC(15) Survivor regions: 4->5(77)
[2020-11-05T15:08:37.562+0800][gc,heap       ] GC(15) Old regions: 9->9
[2020-11-05T15:08:37.562+0800][gc,heap       ] GC(15) Humongous regions: 130->130
[2020-11-05T15:08:37.562+0800][gc,metaspace  ] GC(15) Metaspace: 36081K->36081K(1081344K)
[2020-11-05T15:08:37.562+0800][gc            ] GC(15) Pause Young (Normal) (G1 Evacuation Pause) 752M->143M(1024M) 41.582ms
[2020-11-05T15:08:37.562+0800][gc,cpu        ] GC(15) User=0.03s Sys=0.11s Real=0.04s
[2020-11-05T15:11:54.316+0800][gc,start      ] GC(16) Pause Young (Normal) (G1 Evacuation Pause)
[2020-11-05T15:11:54.317+0800][gc,task       ] GC(16) Using 10 workers of 10 for evacuation
[2020-11-05T15:11:54.329+0800][gc,phases     ] GC(16)   Pre Evacuate Collection Set: 0.0ms
[2020-11-05T15:11:54.329+0800][gc,phases     ] GC(16)   Evacuate Collection Set: 12.2ms
[2020-11-05T15:11:54.329+0800][gc,phases     ] GC(16)   Post Evacuate Collection Set: 0.3ms
[2020-11-05T15:11:54.329+0800][gc,phases     ] GC(16)   Other: 0.6ms
[2020-11-05T15:11:54.329+0800][gc,heap       ] GC(16) Eden regions: 98->0(101)
[2020-11-05T15:11:54.329+0800][gc,heap       ] GC(16) Survivor regions: 5->5(13)
[2020-11-05T15:11:54.330+0800][gc,heap       ] GC(16) Old regions: 9->9
[2020-11-05T15:11:54.330+0800][gc,heap       ] GC(16) Humongous regions: 130->130
[2020-11-05T15:11:54.330+0800][gc,metaspace  ] GC(16) Metaspace: 36082K->36082K(1081344K)
[2020-11-05T15:11:54.330+0800][gc            ] GC(16) Pause Young (Normal) (G1 Evacuation Pause) 241M->143M(1024M) 13.299ms
[2020-11-05T15:11:54.330+0800][gc,cpu        ] GC(16) User=0.03s Sys=0.04s Real=0.02s
[2020-11-05T15:15:18.724+0800][gc,start      ] GC(17) Pause Young (Normal) (G1 Evacuation Pause)
[2020-11-05T15:15:18.725+0800][gc,task       ] GC(17) Using 10 workers of 10 for evacuation
[2020-11-05T15:15:18.737+0800][gc,phases     ] GC(17)   Pre Evacuate Collection Set: 0.0ms
[2020-11-05T15:15:18.737+0800][gc,phases     ] GC(17)   Evacuate Collection Set: 12.0ms
[2020-11-05T15:15:18.737+0800][gc,phases     ] GC(17)   Post Evacuate Collection Set: 0.3ms
[2020-11-05T15:15:18.738+0800][gc,phases     ] GC(17)   Other: 1.0ms
[2020-11-05T15:15:18.738+0800][gc,heap       ] GC(17) Eden regions: 101->0(109)
[2020-11-05T15:15:18.738+0800][gc,heap       ] GC(17) Survivor regions: 5->5(14)
[2020-11-05T15:15:18.738+0800][gc,heap       ] GC(17) Old regions: 9->9
[2020-11-05T15:15:18.738+0800][gc,heap       ] GC(17) Humongous regions: 130->130
[2020-11-05T15:15:18.738+0800][gc,metaspace  ] GC(17) Metaspace: 36082K->36082K(1081344K)
[2020-11-05T15:15:18.738+0800][gc            ] GC(17) Pause Young (Normal) (G1 Evacuation Pause) 244M->142M(1024M) 13.387ms
[2020-11-05T15:15:18.738+0800][gc,cpu        ] GC(17) User=0.03s Sys=0.04s Real=0.01s
[2020-11-05T15:18:59.587+0800][gc,start      ] GC(18) Pause Young (Normal) (G1 Evacuation Pause)
[2020-11-05T15:18:59.588+0800][gc,task       ] GC(18) Using 10 workers of 10 for evacuation
[2020-11-05T15:18:59.599+0800][gc,phases     ] GC(18)   Pre Evacuate Collection Set: 0.1ms
[2020-11-05T15:18:59.599+0800][gc,phases     ] GC(18)   Evacuate Collection Set: 10.4ms
[2020-11-05T15:18:59.599+0800][gc,phases     ] GC(18)   Post Evacuate Collection Set: 0.2ms
[2020-11-05T15:18:59.599+0800][gc,phases     ] GC(18)   Other: 0.9ms
[2020-11-05T15:18:59.599+0800][gc,heap       ] GC(18) Eden regions: 109->0(118)
[2020-11-05T15:18:59.599+0800][gc,heap       ] GC(18) Survivor regions: 5->4(15)
[2020-11-05T15:18:59.599+0800][gc,heap       ] GC(18) Old regions: 9->9
[2020-11-05T15:18:59.599+0800][gc,heap       ] GC(18) Humongous regions: 130->130
[2020-11-05T15:18:59.599+0800][gc,metaspace  ] GC(18) Metaspace: 36082K->36082K(1081344K)
[2020-11-05T15:18:59.599+0800][gc            ] GC(18) Pause Young (Normal) (G1 Evacuation Pause) 251M->142M(1024M) 11.792ms
[2020-11-05T15:18:59.599+0800][gc,cpu        ] GC(18) User=0.02s Sys=0.03s Real=0.01s
[2020-11-05T15:22:52.723+0800][gc,start      ] GC(19) Pause Young (Normal) (G1 Evacuation Pause)
[2020-11-05T15:22:52.724+0800][gc,task       ] GC(19) Using 10 workers of 10 for evacuation
[2020-11-05T15:22:52.734+0800][gc,phases     ] GC(19)   Pre Evacuate Collection Set: 0.0ms
[2020-11-05T15:22:52.734+0800][gc,phases     ] GC(19)   Evacuate Collection Set: 9.9ms
[2020-11-05T15:22:52.734+0800][gc,phases     ] GC(19)   Post Evacuate Collection Set: 0.2ms
[2020-11-05T15:22:52.734+0800][gc,phases     ] GC(19)   Other: 1.5ms
[2020-11-05T15:22:52.734+0800][gc,heap       ] GC(19) Eden regions: 118->0(128)
[2020-11-05T15:22:52.734+0800][gc,heap       ] GC(19) Survivor regions: 4->4(16)
[2020-11-05T15:22:52.734+0800][gc,heap       ] GC(19) Old regions: 9->10
[2020-11-05T15:22:52.734+0800][gc,heap       ] GC(19) Humongous regions: 130->130
[2020-11-05T15:22:52.734+0800][gc,metaspace  ] GC(19) Metaspace: 36084K->36084K(1081344K)
[2020-11-05T15:22:52.734+0800][gc            ] GC(19) Pause Young (Normal) (G1 Evacuation Pause) 260M->142M(1024M) 11.786ms
[2020-11-05T15:22:52.734+0800][gc,cpu        ] GC(19) User=0.03s Sys=0.03s Real=0.01s
[2020-11-05T15:27:10.846+0800][gc,start      ] GC(20) Pause Young (Normal) (G1 Evacuation Pause)
[2020-11-05T15:27:10.847+0800][gc,task       ] GC(20) Using 10 workers of 10 for evacuation
[2020-11-05T15:27:10.857+0800][gc,phases     ] GC(20)   Pre Evacuate Collection Set: 0.5ms
[2020-11-05T15:27:10.857+0800][gc,phases     ] GC(20)   Evacuate Collection Set: 8.6ms
[2020-11-05T15:27:10.857+0800][gc,phases     ] GC(20)   Post Evacuate Collection Set: 0.4ms
[2020-11-05T15:27:10.857+0800][gc,phases     ] GC(20)   Other: 1.8ms
[2020-11-05T15:27:10.858+0800][gc,heap       ] GC(20) Eden regions: 128->0(140)
[2020-11-05T15:27:10.858+0800][gc,heap       ] GC(20) Survivor regions: 4->4(17)
[2020-11-05T15:27:10.858+0800][gc,heap       ] GC(20) Old regions: 10->10
[2020-11-05T15:27:10.858+0800][gc,heap       ] GC(20) Humongous regions: 130->130
[2020-11-05T15:27:10.858+0800][gc,metaspace  ] GC(20) Metaspace: 36090K->36090K(1081344K)
[2020-11-05T15:27:10.858+0800][gc            ] GC(20) Pause Young (Normal) (G1 Evacuation Pause) 270M->142M(1024M) 11.484ms
[2020-11-05T15:27:10.858+0800][gc,cpu        ] GC(20) User=0.02s Sys=0.04s Real=0.01s
[2020-11-05T15:31:53.818+0800][gc,start      ] GC(21) Pause Young (Normal) (G1 Evacuation Pause)
[2020-11-05T15:31:53.818+0800][gc,task       ] GC(21) Using 10 workers of 10 for evacuation
[2020-11-05T15:31:53.829+0800][gc,phases     ] GC(21)   Pre Evacuate Collection Set: 0.1ms
[2020-11-05T15:31:53.829+0800][gc,phases     ] GC(21)   Evacuate Collection Set: 9.8ms
[2020-11-05T15:31:53.829+0800][gc,phases     ] GC(21)   Post Evacuate Collection Set: 0.4ms
[2020-11-05T15:31:53.829+0800][gc,phases     ] GC(21)   Other: 0.4ms
[2020-11-05T15:31:53.829+0800][gc,heap       ] GC(21) Eden regions: 140->0(152)
[2020-11-05T15:31:53.829+0800][gc,heap       ] GC(21) Survivor regions: 4->4(18)
[2020-11-05T15:31:53.829+0800][gc,heap       ] GC(21) Old regions: 10->10
[2020-11-05T15:31:53.829+0800][gc,heap       ] GC(21) Humongous regions: 130->130
[2020-11-05T15:31:53.829+0800][gc,metaspace  ] GC(21) Metaspace: 36106K->36106K(1081344K)
[2020-11-05T15:31:53.829+0800][gc            ] GC(21) Pause Young (Normal) (G1 Evacuation Pause) 282M->142M(1024M) 10.848ms
[2020-11-05T15:31:53.829+0800][gc,cpu        ] GC(21) User=0.02s Sys=0.02s Real=0.01s
[2020-11-05T15:37:02.706+0800][gc,start      ] GC(22) Pause Young (Normal) (G1 Evacuation Pause)
[2020-11-05T15:37:02.706+0800][gc,task       ] GC(22) Using 10 workers of 10 for evacuation
[2020-11-05T15:37:02.716+0800][gc,phases     ] GC(22)   Pre Evacuate Collection Set: 0.0ms
[2020-11-05T15:37:02.716+0800][gc,phases     ] GC(22)   Evacuate Collection Set: 10.0ms
[2020-11-05T15:37:02.716+0800][gc,phases     ] GC(22)   Post Evacuate Collection Set: 0.2ms
[2020-11-05T15:37:02.716+0800][gc,phases     ] GC(22)   Other: 0.3ms
[2020-11-05T15:37:02.716+0800][gc,heap       ] GC(22) Eden regions: 152->0(165)
[2020-11-05T15:37:02.716+0800][gc,heap       ] GC(22) Survivor regions: 4->4(20)
[2020-11-05T15:37:02.716+0800][gc,heap       ] GC(22) Old regions: 10->10
[2020-11-05T15:37:02.716+0800][gc,heap       ] GC(22) Humongous regions: 130->130
[2020-11-05T15:37:02.716+0800][gc,metaspace  ] GC(22) Metaspace: 36107K->36107K(1081344K)
[2020-11-05T15:37:02.716+0800][gc            ] GC(22) Pause Young (Normal) (G1 Evacuation Pause) 294M->142M(1024M) 10.608ms
[2020-11-05T15:37:02.717+0800][gc,cpu        ] GC(22) User=0.02s Sys=0.03s Real=0.01s
[2020-11-05T15:42:37.118+0800][gc,start      ] GC(23) Pause Young (Normal) (G1 Evacuation Pause)
[2020-11-05T15:42:37.119+0800][gc,task       ] GC(23) Using 10 workers of 10 for evacuation
[2020-11-05T15:42:37.129+0800][gc,phases     ] GC(23)   Pre Evacuate Collection Set: 0.0ms
[2020-11-05T15:42:37.130+0800][gc,phases     ] GC(23)   Evacuate Collection Set: 10.0ms
[2020-11-05T15:42:37.130+0800][gc,phases     ] GC(23)   Post Evacuate Collection Set: 0.2ms
[2020-11-05T15:42:37.130+0800][gc,phases     ] GC(23)   Other: 0.9ms
[2020-11-05T15:42:37.130+0800][gc,heap       ] GC(23) Eden regions: 165->0(187)
[2020-11-05T15:42:37.130+0800][gc,heap       ] GC(23) Survivor regions: 4->4(22)
[2020-11-05T15:42:37.130+0800][gc,heap       ] GC(23) Old regions: 10->10
[2020-11-05T15:42:37.130+0800][gc,heap       ] GC(23) Humongous regions: 130->130
[2020-11-05T15:42:37.130+0800][gc,metaspace  ] GC(23) Metaspace: 36110K->36110K(1081344K)
[2020-11-05T15:42:37.130+0800][gc            ] GC(23) Pause Young (Normal) (G1 Evacuation Pause) 307M->142M(1024M) 11.293ms
[2020-11-05T15:42:37.130+0800][gc,cpu        ] GC(23) User=0.02s Sys=0.03s Real=0.02s
[2020-11-05T15:48:56.399+0800][gc,start      ] GC(24) Pause Young (Normal) (G1 Evacuation Pause)
[2020-11-05T15:48:56.400+0800][gc,task       ] GC(24) Using 10 workers of 10 for evacuation
[2020-11-05T15:48:56.409+0800][gc,phases     ] GC(24)   Pre Evacuate Collection Set: 0.1ms
[2020-11-05T15:48:56.409+0800][gc,phases     ] GC(24)   Evacuate Collection Set: 8.6ms
[2020-11-05T15:48:56.409+0800][gc,phases     ] GC(24)   Post Evacuate Collection Set: 0.2ms
[2020-11-05T15:48:56.409+0800][gc,phases     ] GC(24)   Other: 0.5ms
[2020-11-05T15:48:56.409+0800][gc,heap       ] GC(24) Eden regions: 187->0(225)
[2020-11-05T15:48:56.409+0800][gc,heap       ] GC(24) Survivor regions: 4->4(24)
[2020-11-05T15:48:56.409+0800][gc,heap       ] GC(24) Old regions: 10->10
[2020-11-05T15:48:56.409+0800][gc,heap       ] GC(24) Humongous regions: 130->130
[2020-11-05T15:48:56.409+0800][gc,metaspace  ] GC(24) Metaspace: 36115K->36115K(1081344K)
[2020-11-05T15:48:56.409+0800][gc            ] GC(24) Pause Young (Normal) (G1 Evacuation Pause) 329M->142M(1024M) 9.566ms
[2020-11-05T15:48:56.409+0800][gc,cpu        ] GC(24) User=0.02s Sys=0.03s Real=0.01s
[2020-11-05T15:56:33.024+0800][gc,start      ] GC(25) Pause Young (Normal) (G1 Evacuation Pause)
[2020-11-05T15:56:33.025+0800][gc,task       ] GC(25) Using 10 workers of 10 for evacuation
[2020-11-05T15:56:33.035+0800][gc,phases     ] GC(25)   Pre Evacuate Collection Set: 0.0ms
[2020-11-05T15:56:33.035+0800][gc,phases     ] GC(25)   Evacuate Collection Set: 8.8ms
[2020-11-05T15:56:33.035+0800][gc,phases     ] GC(25)   Post Evacuate Collection Set: 0.8ms
[2020-11-05T15:56:33.035+0800][gc,phases     ] GC(25)   Other: 0.9ms
[2020-11-05T15:56:33.035+0800][gc,heap       ] GC(25) Eden regions: 225->0(261)
[2020-11-05T15:56:33.035+0800][gc,heap       ] GC(25) Survivor regions: 4->3(29)
[2020-11-05T15:56:33.035+0800][gc,heap       ] GC(25) Old regions: 10->10
[2020-11-05T15:56:33.035+0800][gc,heap       ] GC(25) Humongous regions: 130->130
[2020-11-05T15:56:33.035+0800][gc,metaspace  ] GC(25) Metaspace: 36139K->36139K(1081344K)
[2020-11-05T15:56:33.035+0800][gc            ] GC(25) Pause Young (Normal) (G1 Evacuation Pause) 367M->142M(1024M) 10.644ms
[2020-11-05T15:56:33.035+0800][gc,cpu        ] GC(25) User=0.03s Sys=0.03s Real=0.01s
[2020-11-05T16:05:22.285+0800][gc,start      ] GC(26) Pause Young (Normal) (G1 Evacuation Pause)
[2020-11-05T16:05:22.285+0800][gc,task       ] GC(26) Using 10 workers of 10 for evacuation
[2020-11-05T16:05:22.294+0800][gc,phases     ] GC(26)   Pre Evacuate Collection Set: 0.0ms
[2020-11-05T16:05:22.294+0800][gc,phases     ] GC(26)   Evacuate Collection Set: 8.3ms
[2020-11-05T16:05:22.294+0800][gc,phases     ] GC(26)   Post Evacuate Collection Set: 0.3ms
[2020-11-05T16:05:22.294+0800][gc,phases     ] GC(26)   Other: 0.9ms
[2020-11-05T16:05:22.294+0800][gc,heap       ] GC(26) Eden regions: 261->0(273)
[2020-11-05T16:05:22.294+0800][gc,heap       ] GC(26) Survivor regions: 3->4(33)
[2020-11-05T16:05:22.294+0800][gc,heap       ] GC(26) Old regions: 10->10
[2020-11-05T16:05:22.294+0800][gc,heap       ] GC(26) Humongous regions: 130->130
[2020-11-05T16:05:22.294+0800][gc,metaspace  ] GC(26) Metaspace: 36159K->36159K(1081344K)
[2020-11-05T16:05:22.294+0800][gc            ] GC(26) Pause Young (Normal) (G1 Evacuation Pause) 403M->143M(1024M) 9.667ms
[2020-11-05T16:05:22.294+0800][gc,cpu        ] GC(26) User=0.02s Sys=0.04s Real=0.01s
[2020-11-05T16:14:38.533+0800][gc,start      ] GC(27) Pause Young (Normal) (G1 Evacuation Pause)
[2020-11-05T16:14:38.534+0800][gc,task       ] GC(27) Using 10 workers of 10 for evacuation
[2020-11-05T16:14:38.546+0800][gc,phases     ] GC(27)   Pre Evacuate Collection Set: 0.0ms
[2020-11-05T16:14:38.546+0800][gc,phases     ] GC(27)   Evacuate Collection Set: 10.8ms
[2020-11-05T16:14:38.546+0800][gc,phases     ] GC(27)   Post Evacuate Collection Set: 0.3ms
[2020-11-05T16:14:38.546+0800][gc,phases     ] GC(27)   Other: 1.4ms
[2020-11-05T16:14:38.546+0800][gc,heap       ] GC(27) Eden regions: 273->0(287)
[2020-11-05T16:14:38.546+0800][gc,heap       ] GC(27) Survivor regions: 4->4(35)
[2020-11-05T16:14:38.546+0800][gc,heap       ] GC(27) Old regions: 10->10
[2020-11-05T16:14:38.546+0800][gc,heap       ] GC(27) Humongous regions: 130->130
[2020-11-05T16:14:38.546+0800][gc,metaspace  ] GC(27) Metaspace: 36164K->36164K(1081344K)
[2020-11-05T16:14:38.546+0800][gc            ] GC(27) Pause Young (Normal) (G1 Evacuation Pause) 416M->143M(1024M) 12.639ms
[2020-11-05T16:14:38.546+0800][gc,cpu        ] GC(27) User=0.03s Sys=0.04s Real=0.01s
[2020-11-05T16:24:05.326+0800][gc,start      ] GC(28) Pause Young (Normal) (G1 Evacuation Pause)
[2020-11-05T16:24:05.326+0800][gc,task       ] GC(28) Using 10 workers of 10 for evacuation
[2020-11-05T16:24:05.334+0800][gc,phases     ] GC(28)   Pre Evacuate Collection Set: 0.0ms
[2020-11-05T16:24:05.334+0800][gc,phases     ] GC(28)   Evacuate Collection Set: 7.6ms
[2020-11-05T16:24:05.334+0800][gc,phases     ] GC(28)   Post Evacuate Collection Set: 0.3ms
[2020-11-05T16:24:05.334+0800][gc,phases     ] GC(28)   Other: 0.2ms
[2020-11-05T16:24:05.334+0800][gc,heap       ] GC(28) Eden regions: 287->0(311)
[2020-11-05T16:24:05.334+0800][gc,heap       ] GC(28) Survivor regions: 4->3(37)
[2020-11-05T16:24:05.334+0800][gc,heap       ] GC(28) Old regions: 10->10
[2020-11-05T16:24:05.334+0800][gc,heap       ] GC(28) Humongous regions: 130->130
[2020-11-05T16:24:05.334+0800][gc,metaspace  ] GC(28) Metaspace: 36170K->36170K(1081344K)
[2020-11-05T16:24:05.334+0800][gc            ] GC(28) Pause Young (Normal) (G1 Evacuation Pause) 430M->142M(1024M) 8.279ms
[2020-11-05T16:24:05.334+0800][gc,cpu        ] GC(28) User=0.02s Sys=0.03s Real=0.01s
[2020-11-05T16:32:23.957+0800][gc,start      ] GC(29) Pause Young (Normal) (G1 Evacuation Pause)
[2020-11-05T16:32:23.958+0800][gc,task       ] GC(29) Using 10 workers of 10 for evacuation
[2020-11-05T16:32:23.968+0800][gc,phases     ] GC(29)   Pre Evacuate Collection Set: 0.8ms
[2020-11-05T16:32:23.968+0800][gc,phases     ] GC(29)   Evacuate Collection Set: 8.2ms
[2020-11-05T16:32:23.968+0800][gc,phases     ] GC(29)   Post Evacuate Collection Set: 0.6ms
[2020-11-05T16:32:23.968+0800][gc,phases     ] GC(29)   Other: 1.0ms
[2020-11-05T16:32:23.968+0800][gc,heap       ] GC(29) Eden regions: 311->0(331)
[2020-11-05T16:32:23.968+0800][gc,heap       ] GC(29) Survivor regions: 3->4(40)
[2020-11-05T16:32:23.968+0800][gc,heap       ] GC(29) Old regions: 10->11
[2020-11-05T16:32:23.968+0800][gc,heap       ] GC(29) Humongous regions: 130->130
[2020-11-05T16:32:23.968+0800][gc,metaspace  ] GC(29) Metaspace: 36455K->36455K(1083392K)
[2020-11-05T16:32:23.968+0800][gc            ] GC(29) Pause Young (Normal) (G1 Evacuation Pause) 453M->143M(1024M) 10.696ms
[2020-11-05T16:32:23.968+0800][gc,cpu        ] GC(29) User=0.02s Sys=0.03s Real=0.01s
[2020-11-05T16:43:37.209+0800][gc,start      ] GC(30) Pause Young (Normal) (G1 Evacuation Pause)
[2020-11-05T16:43:37.209+0800][gc,task       ] GC(30) Using 10 workers of 10 for evacuation
[2020-11-05T16:43:37.221+0800][gc,phases     ] GC(30)   Pre Evacuate Collection Set: 0.0ms
[2020-11-05T16:43:37.221+0800][gc,phases     ] GC(30)   Evacuate Collection Set: 11.5ms
[2020-11-05T16:43:37.221+0800][gc,phases     ] GC(30)   Post Evacuate Collection Set: 0.3ms
[2020-11-05T16:43:37.222+0800][gc,phases     ] GC(30)   Other: 0.9ms
[2020-11-05T16:43:37.222+0800][gc,heap       ] GC(30) Eden regions: 331->0(333)
[2020-11-05T16:43:37.222+0800][gc,heap       ] GC(30) Survivor regions: 4->4(42)
[2020-11-05T16:43:37.222+0800][gc,heap       ] GC(30) Old regions: 11->11
[2020-11-05T16:43:37.222+0800][gc,heap       ] GC(30) Humongous regions: 130->130
[2020-11-05T16:43:37.222+0800][gc,metaspace  ] GC(30) Metaspace: 36478K->36478K(1083392K)
[2020-11-05T16:43:37.222+0800][gc            ] GC(30) Pause Young (Normal) (G1 Evacuation Pause) 474M->143M(1024M) 12.851ms
[2020-11-05T16:43:37.222+0800][gc,cpu        ] GC(30) User=0.03s Sys=0.04s Real=0.02s
[2020-11-05T16:54:22.802+0800][gc,start      ] GC(31) Pause Young (Normal) (G1 Evacuation Pause)
[2020-11-05T16:54:22.802+0800][gc,task       ] GC(31) Using 10 workers of 10 for evacuation
[2020-11-05T16:54:22.813+0800][gc,phases     ] GC(31)   Pre Evacuate Collection Set: 0.0ms
[2020-11-05T16:54:22.813+0800][gc,phases     ] GC(31)   Evacuate Collection Set: 10.4ms
[2020-11-05T16:54:22.813+0800][gc,phases     ] GC(31)   Post Evacuate Collection Set: 0.3ms
[2020-11-05T16:54:22.813+0800][gc,phases     ] GC(31)   Other: 0.7ms
[2020-11-05T16:54:22.813+0800][gc,heap       ] GC(31) Eden regions: 333->0(350)
[2020-11-05T16:54:22.813+0800][gc,heap       ] GC(31) Survivor regions: 4->4(43)
[2020-11-05T16:54:22.813+0800][gc,heap       ] GC(31) Old regions: 11->11
[2020-11-05T16:54:22.813+0800][gc,heap       ] GC(31) Humongous regions: 130->130
[2020-11-05T16:54:22.813+0800][gc,metaspace  ] GC(31) Metaspace: 36515K->36515K(1083392K)
[2020-11-05T16:54:22.813+0800][gc            ] GC(31) Pause Young (Normal) (G1 Evacuation Pause) 476M->143M(1024M) 11.479ms
[2020-11-05T16:54:22.813+0800][gc,cpu        ] GC(31) User=0.03s Sys=0.03s Real=0.01s
[2020-11-05T17:03:26.816+0800][gc,start      ] GC(32) Pause Young (Normal) (G1 Evacuation Pause)
[2020-11-05T17:03:26.817+0800][gc,task       ] GC(32) Using 10 workers of 10 for evacuation
[2020-11-05T17:03:26.828+0800][gc,phases     ] GC(32)   Pre Evacuate Collection Set: 0.0ms
[2020-11-05T17:03:26.828+0800][gc,phases     ] GC(32)   Evacuate Collection Set: 9.9ms
[2020-11-05T17:03:26.828+0800][gc,phases     ] GC(32)   Post Evacuate Collection Set: 0.3ms
[2020-11-05T17:03:26.828+0800][gc,phases     ] GC(32)   Other: 2.4ms
[2020-11-05T17:03:26.828+0800][gc,heap       ] GC(32) Eden regions: 350->0(377)
[2020-11-05T17:03:26.828+0800][gc,heap       ] GC(32) Survivor regions: 4->4(45)
[2020-11-05T17:03:26.828+0800][gc,heap       ] GC(32) Old regions: 11->11
[2020-11-05T17:03:26.828+0800][gc,heap       ] GC(32) Humongous regions: 130->130
[2020-11-05T17:03:26.828+0800][gc,metaspace  ] GC(32) Metaspace: 36521K->36521K(1083392K)
[2020-11-05T17:03:26.828+0800][gc            ] GC(32) Pause Young (Normal) (G1 Evacuation Pause) 493M->143M(1024M) 11.924ms
[2020-11-05T17:03:26.828+0800][gc,cpu        ] GC(32) User=0.02s Sys=0.04s Real=0.01s
[2020-11-05T17:12:27.495+0800][gc,start      ] GC(33) Pause Young (Normal) (G1 Evacuation Pause)
[2020-11-05T17:12:27.496+0800][gc,task       ] GC(33) Using 10 workers of 10 for evacuation
[2020-11-05T17:12:27.506+0800][gc,phases     ] GC(33)   Pre Evacuate Collection Set: 0.0ms
[2020-11-05T17:12:27.506+0800][gc,phases     ] GC(33)   Evacuate Collection Set: 9.3ms
[2020-11-05T17:12:27.506+0800][gc,phases     ] GC(33)   Post Evacuate Collection Set: 0.5ms
[2020-11-05T17:12:27.506+0800][gc,phases     ] GC(33)   Other: 0.7ms
[2020-11-05T17:12:27.506+0800][gc,heap       ] GC(33) Eden regions: 377->0(410)
[2020-11-05T17:12:27.506+0800][gc,heap       ] GC(33) Survivor regions: 4->3(48)
[2020-11-05T17:12:27.506+0800][gc,heap       ] GC(33) Old regions: 11->11
[2020-11-05T17:12:27.506+0800][gc,heap       ] GC(33) Humongous regions: 130->130
[2020-11-05T17:12:27.506+0800][gc,metaspace  ] GC(33) Metaspace: 36525K->36525K(1083392K)
[2020-11-05T17:12:27.506+0800][gc            ] GC(33) Pause Young (Normal) (G1 Evacuation Pause) 520M->142M(1024M) 10.645ms
[2020-11-05T17:12:27.506+0800][gc,cpu        ] GC(33) User=0.03s Sys=0.03s Real=0.01s
[2020-11-05T17:21:54.111+0800][gc,start      ] GC(34) Pause Young (Normal) (G1 Evacuation Pause)
[2020-11-05T17:21:54.112+0800][gc,task       ] GC(34) Using 10 workers of 10 for evacuation
[2020-11-05T17:21:54.123+0800][gc,phases     ] GC(34)   Pre Evacuate Collection Set: 0.1ms
[2020-11-05T17:21:54.123+0800][gc,phases     ] GC(34)   Evacuate Collection Set: 10.6ms
[2020-11-05T17:21:54.123+0800][gc,phases     ] GC(34)   Post Evacuate Collection Set: 0.4ms
[2020-11-05T17:21:54.124+0800][gc,phases     ] GC(34)   Other: 1.3ms
[2020-11-05T17:21:54.124+0800][gc,heap       ] GC(34) Eden regions: 410->0(416)
[2020-11-05T17:21:54.124+0800][gc,heap       ] GC(34) Survivor regions: 3->4(52)
[2020-11-05T17:21:54.124+0800][gc,heap       ] GC(34) Old regions: 11->11
[2020-11-05T17:21:54.124+0800][gc,heap       ] GC(34) Humongous regions: 130->130
[2020-11-05T17:21:54.124+0800][gc,metaspace  ] GC(34) Metaspace: 36534K->36534K(1083392K)
[2020-11-05T17:21:54.124+0800][gc            ] GC(34) Pause Young (Normal) (G1 Evacuation Pause) 552M->143M(1024M) 12.499ms
[2020-11-05T17:21:54.124+0800][gc,cpu        ] GC(34) User=0.02s Sys=0.04s Real=0.01s
[2020-11-05T17:31:40.100+0800][gc,start      ] GC(35) Pause Young (Normal) (G1 Evacuation Pause)
[2020-11-05T17:31:40.100+0800][gc,task       ] GC(35) Using 10 workers of 10 for evacuation
[2020-11-05T17:31:40.111+0800][gc,phases     ] GC(35)   Pre Evacuate Collection Set: 0.0ms
[2020-11-05T17:31:40.111+0800][gc,phases     ] GC(35)   Evacuate Collection Set: 10.5ms
[2020-11-05T17:31:40.111+0800][gc,phases     ] GC(35)   Post Evacuate Collection Set: 0.3ms
[2020-11-05T17:31:40.111+0800][gc,phases     ] GC(35)   Other: 0.4ms
[2020-11-05T17:31:40.111+0800][gc,heap       ] GC(35) Eden regions: 416->0(424)
[2020-11-05T17:31:40.111+0800][gc,heap       ] GC(35) Survivor regions: 4->4(53)
[2020-11-05T17:31:40.111+0800][gc,heap       ] GC(35) Old regions: 11->11
[2020-11-05T17:31:40.111+0800][gc,heap       ] GC(35) Humongous regions: 130->130
[2020-11-05T17:31:40.111+0800][gc,metaspace  ] GC(35) Metaspace: 36534K->36534K(1083392K)
[2020-11-05T17:31:40.111+0800][gc            ] GC(35) Pause Young (Normal) (G1 Evacuation Pause) 559M->143M(1024M) 11.259ms
[2020-11-05T17:31:40.111+0800][gc,cpu        ] GC(35) User=0.02s Sys=0.05s Real=0.01s
[2020-11-05T17:41:36.327+0800][gc,start      ] GC(36) Pause Young (Normal) (G1 Evacuation Pause)
[2020-11-05T17:41:36.328+0800][gc,task       ] GC(36) Using 10 workers of 10 for evacuation
[2020-11-05T17:41:36.346+0800][gc,phases     ] GC(36)   Pre Evacuate Collection Set: 0.0ms
[2020-11-05T17:41:36.346+0800][gc,phases     ] GC(36)   Evacuate Collection Set: 16.8ms
[2020-11-05T17:41:36.346+0800][gc,phases     ] GC(36)   Post Evacuate Collection Set: 0.3ms
[2020-11-05T17:41:36.346+0800][gc,phases     ] GC(36)   Other: 3.7ms
[2020-11-05T17:41:36.346+0800][gc,heap       ] GC(36) Eden regions: 424->0(421)
[2020-11-05T17:41:36.346+0800][gc,heap       ] GC(36) Survivor regions: 4->5(54)
[2020-11-05T17:41:36.346+0800][gc,heap       ] GC(36) Old regions: 11->11
[2020-11-05T17:41:36.346+0800][gc,heap       ] GC(36) Humongous regions: 130->130
[2020-11-05T17:41:36.346+0800][gc,metaspace  ] GC(36) Metaspace: 36546K->36546K(1083392K)
[2020-11-05T17:41:36.346+0800][gc            ] GC(36) Pause Young (Normal) (G1 Evacuation Pause) 567M->144M(1024M) 19.018ms
[2020-11-05T17:41:36.346+0800][gc,cpu        ] GC(36) User=0.02s Sys=0.05s Real=0.02s
[2020-11-05T17:51:28.842+0800][gc,start      ] GC(37) Pause Young (Normal) (G1 Evacuation Pause)
[2020-11-05T17:51:28.842+0800][gc,task       ] GC(37) Using 10 workers of 10 for evacuation
[2020-11-05T17:51:28.848+0800][gc,phases     ] GC(37)   Pre Evacuate Collection Set: 0.0ms
[2020-11-05T17:51:28.848+0800][gc,phases     ] GC(37)   Evacuate Collection Set: 4.9ms
[2020-11-05T17:51:28.848+0800][gc,phases     ] GC(37)   Post Evacuate Collection Set: 0.3ms
[2020-11-05T17:51:28.848+0800][gc,phases     ] GC(37)   Other: 0.3ms
[2020-11-05T17:51:28.848+0800][gc,heap       ] GC(37) Eden regions: 421->0(447)
[2020-11-05T17:51:28.848+0800][gc,heap       ] GC(37) Survivor regions: 5->4(54)
[2020-11-05T17:51:28.848+0800][gc,heap       ] GC(37) Old regions: 11->11
[2020-11-05T17:51:28.848+0800][gc,heap       ] GC(37) Humongous regions: 130->130
[2020-11-05T17:51:28.848+0800][gc,metaspace  ] GC(37) Metaspace: 36550K->36550K(1083392K)
[2020-11-05T17:51:28.848+0800][gc            ] GC(37) Pause Young (Normal) (G1 Evacuation Pause) 565M->143M(1024M) 5.688ms
[2020-11-05T17:51:28.848+0800][gc,cpu        ] GC(37) User=0.02s Sys=0.01s Real=0.00s
[2020-11-05T18:05:05.309+0800][gc,start      ] GC(38) Pause Young (Normal) (G1 Evacuation Pause)
[2020-11-05T18:05:05.309+0800][gc,task       ] GC(38) Using 10 workers of 10 for evacuation
[2020-11-05T18:05:05.325+0800][gc,phases     ] GC(38)   Pre Evacuate Collection Set: 1.0ms
[2020-11-05T18:05:05.325+0800][gc,phases     ] GC(38)   Evacuate Collection Set: 13.6ms
[2020-11-05T18:05:05.325+0800][gc,phases     ] GC(38)   Post Evacuate Collection Set: 0.7ms
[2020-11-05T18:05:05.325+0800][gc,phases     ] GC(38)   Other: 1.4ms
[2020-11-05T18:05:05.325+0800][gc,heap       ] GC(38) Eden regions: 447->0(441)
[2020-11-05T18:05:05.325+0800][gc,heap       ] GC(38) Survivor regions: 4->4(57)
[2020-11-05T18:05:05.325+0800][gc,heap       ] GC(38) Old regions: 11->11
[2020-11-05T18:05:05.325+0800][gc,heap       ] GC(38) Humongous regions: 130->130
[2020-11-05T18:05:05.325+0800][gc,metaspace  ] GC(38) Metaspace: 36577K->36577K(1083392K)
[2020-11-05T18:05:05.325+0800][gc            ] GC(38) Pause Young (Normal) (G1 Evacuation Pause) 590M->143M(1024M) 16.824ms
[2020-11-05T18:05:05.325+0800][gc,cpu        ] GC(38) User=0.02s Sys=0.05s Real=0.02s
[2020-11-05T18:24:45.209+0800][gc,start      ] GC(39) Pause Young (Normal) (G1 Evacuation Pause)
[2020-11-05T18:24:45.210+0800][gc,task       ] GC(39) Using 10 workers of 10 for evacuation
[2020-11-05T18:24:45.213+0800][gc,phases     ] GC(39)   Pre Evacuate Collection Set: 0.0ms
[2020-11-05T18:24:45.213+0800][gc,phases     ] GC(39)   Evacuate Collection Set: 2.8ms
[2020-11-05T18:24:45.213+0800][gc,phases     ] GC(39)   Post Evacuate Collection Set: 0.4ms
[2020-11-05T18:24:45.213+0800][gc,phases     ] GC(39)   Other: 1.2ms
[2020-11-05T18:24:45.213+0800][gc,heap       ] GC(39) Eden regions: 441->0(504)
[2020-11-05T18:24:45.213+0800][gc,heap       ] GC(39) Survivor regions: 4->4(56)
[2020-11-05T18:24:45.213+0800][gc,heap       ] GC(39) Old regions: 11->11
[2020-11-05T18:24:45.213+0800][gc,heap       ] GC(39) Humongous regions: 130->130
[2020-11-05T18:24:45.213+0800][gc,metaspace  ] GC(39) Metaspace: 36589K->36589K(1083392K)
[2020-11-05T18:24:45.213+0800][gc            ] GC(39) Pause Young (Normal) (G1 Evacuation Pause) 584M->143M(1024M) 4.565ms
[2020-11-05T18:24:45.213+0800][gc,cpu        ] GC(39) User=0.03s Sys=0.00s Real=0.01s
[2020-11-05T18:36:33.424+0800][gc,start      ] GC(40) Pause Young (Normal) (G1 Evacuation Pause)
[2020-11-05T18:36:33.426+0800][gc,task       ] GC(40) Using 10 workers of 10 for evacuation
[2020-11-05T18:36:33.457+0800][gc,mmu        ] GC(40) MMU target violated: 21.0ms (20.0ms/21.0ms)
[2020-11-05T18:36:33.457+0800][gc,phases     ] GC(40)   Pre Evacuate Collection Set: 1.5ms
[2020-11-05T18:36:33.457+0800][gc,phases     ] GC(40)   Evacuate Collection Set: 22.5ms
[2020-11-05T18:36:33.457+0800][gc,phases     ] GC(40)   Post Evacuate Collection Set: 0.8ms
[2020-11-05T18:36:33.457+0800][gc,phases     ] GC(40)   Other: 9.4ms
[2020-11-05T18:36:33.457+0800][gc,heap       ] GC(40) Eden regions: 504->0(433)
[2020-11-05T18:36:33.457+0800][gc,heap       ] GC(40) Survivor regions: 4->4(64)
[2020-11-05T18:36:33.457+0800][gc,heap       ] GC(40) Old regions: 11->11
[2020-11-05T18:36:33.457+0800][gc,heap       ] GC(40) Humongous regions: 130->130
[2020-11-05T18:36:33.457+0800][gc,metaspace  ] GC(40) Metaspace: 36590K->36590K(1083392K)
[2020-11-05T18:36:33.457+0800][gc            ] GC(40) Pause Young (Normal) (G1 Evacuation Pause) 647M->143M(1024M) 32.634ms
[2020-11-05T18:36:33.457+0800][gc,cpu        ] GC(40) User=0.03s Sys=0.06s Real=0.03s
[2020-11-05T21:05:17.859+0800][gc,start      ] GC(41) Pause Young (Normal) (G1 Evacuation Pause)
[2020-11-05T21:05:17.860+0800][gc,task       ] GC(41) Using 10 workers of 10 for evacuation
[2020-11-05T21:05:17.909+0800][gc,mmu        ] GC(41) MMU target violated: 21.0ms (20.0ms/21.0ms)
[2020-11-05T21:05:17.909+0800][gc,phases     ] GC(41)   Pre Evacuate Collection Set: 9.5ms
[2020-11-05T21:05:17.909+0800][gc,phases     ] GC(41)   Evacuate Collection Set: 31.8ms
[2020-11-05T21:05:17.909+0800][gc,phases     ] GC(41)   Post Evacuate Collection Set: 3.5ms
[2020-11-05T21:05:17.909+0800][gc,phases     ] GC(41)   Other: 6.2ms
[2020-11-05T21:05:17.909+0800][gc,heap       ] GC(41) Eden regions: 433->0(46)
[2020-11-05T21:05:17.909+0800][gc,heap       ] GC(41) Survivor regions: 4->5(55)
[2020-11-05T21:05:17.909+0800][gc,heap       ] GC(41) Old regions: 11->11
[2020-11-05T21:05:17.909+0800][gc,heap       ] GC(41) Humongous regions: 130->130
[2020-11-05T21:05:17.909+0800][gc,metaspace  ] GC(41) Metaspace: 36692K->36692K(1083392K)
[2020-11-05T21:05:17.909+0800][gc            ] GC(41) Pause Young (Normal) (G1 Evacuation Pause) 576M->144M(1024M) 49.936ms
[2020-11-05T21:05:17.909+0800][gc,cpu        ] GC(41) User=0.02s Sys=0.08s Real=0.05s
[2020-11-05T21:06:14.588+0800][gc,start      ] GC(42) Pause Young (Normal) (G1 Evacuation Pause)
[2020-11-05T21:06:14.588+0800][gc,task       ] GC(42) Using 10 workers of 10 for evacuation
[2020-11-05T21:06:14.597+0800][gc,phases     ] GC(42)   Pre Evacuate Collection Set: 0.0ms
[2020-11-05T21:06:14.597+0800][gc,phases     ] GC(42)   Evacuate Collection Set: 8.6ms
[2020-11-05T21:06:14.597+0800][gc,phases     ] GC(42)   Post Evacuate Collection Set: 0.3ms
[2020-11-05T21:06:14.597+0800][gc,phases     ] GC(42)   Other: 0.2ms
[2020-11-05T21:06:14.597+0800][gc,heap       ] GC(42) Eden regions: 46->0(47)
[2020-11-05T21:06:14.597+0800][gc,heap       ] GC(42) Survivor regions: 5->4(7)
[2020-11-05T21:06:14.597+0800][gc,heap       ] GC(42) Old regions: 11->11
[2020-11-05T21:06:14.597+0800][gc,heap       ] GC(42) Humongous regions: 130->130
[2020-11-05T21:06:14.597+0800][gc,metaspace  ] GC(42) Metaspace: 36695K->36695K(1083392K)
[2020-11-05T21:06:14.597+0800][gc            ] GC(42) Pause Young (Normal) (G1 Evacuation Pause) 190M->143M(1024M) 9.245ms
[2020-11-05T21:06:14.597+0800][gc,cpu        ] GC(42) User=0.03s Sys=0.04s Real=0.01s
[2020-11-05T21:07:10.259+0800][gc,start      ] GC(43) Pause Young (Normal) (G1 Evacuation Pause)
[2020-11-05T21:07:10.259+0800][gc,task       ] GC(43) Using 10 workers of 10 for evacuation
[2020-11-05T21:07:10.268+0800][gc,phases     ] GC(43)   Pre Evacuate Collection Set: 0.0ms
[2020-11-05T21:07:10.268+0800][gc,phases     ] GC(43)   Evacuate Collection Set: 9.3ms
[2020-11-05T21:07:10.268+0800][gc,phases     ] GC(43)   Post Evacuate Collection Set: 0.2ms
[2020-11-05T21:07:10.268+0800][gc,phases     ] GC(43)   Other: 0.3ms
[2020-11-05T21:07:10.268+0800][gc,heap       ] GC(43) Eden regions: 47->0(75)
[2020-11-05T21:07:10.268+0800][gc,heap       ] GC(43) Survivor regions: 4->4(7)
[2020-11-05T21:07:10.268+0800][gc,heap       ] GC(43) Old regions: 11->11
[2020-11-05T21:07:10.268+0800][gc,heap       ] GC(43) Humongous regions: 130->130
[2020-11-05T21:07:10.268+0800][gc,metaspace  ] GC(43) Metaspace: 36695K->36695K(1083392K)
[2020-11-05T21:07:10.268+0800][gc            ] GC(43) Pause Young (Normal) (G1 Evacuation Pause) 190M->143M(1024M) 9.809ms
[2020-11-05T21:07:10.268+0800][gc,cpu        ] GC(43) User=0.02s Sys=0.03s Real=0.01s
[2020-11-05T21:08:39.986+0800][gc,start      ] GC(44) Pause Young (Normal) (G1 Evacuation Pause)
[2020-11-05T21:08:39.986+0800][gc,task       ] GC(44) Using 10 workers of 10 for evacuation
[2020-11-05T21:08:39.995+0800][gc,phases     ] GC(44)   Pre Evacuate Collection Set: 0.0ms
[2020-11-05T21:08:39.996+0800][gc,phases     ] GC(44)   Evacuate Collection Set: 9.2ms
[2020-11-05T21:08:39.996+0800][gc,phases     ] GC(44)   Post Evacuate Collection Set: 0.2ms
[2020-11-05T21:08:39.996+0800][gc,phases     ] GC(44)   Other: 0.2ms
[2020-11-05T21:08:39.996+0800][gc,heap       ] GC(44) Eden regions: 75->0(129)
[2020-11-05T21:08:39.996+0800][gc,heap       ] GC(44) Survivor regions: 4->4(10)
[2020-11-05T21:08:39.996+0800][gc,heap       ] GC(44) Old regions: 11->11
[2020-11-05T21:08:39.996+0800][gc,heap       ] GC(44) Humongous regions: 130->130
[2020-11-05T21:08:39.996+0800][gc,metaspace  ] GC(44) Metaspace: 36698K->36698K(1083392K)
[2020-11-05T21:08:39.996+0800][gc            ] GC(44) Pause Young (Normal) (G1 Evacuation Pause) 218M->143M(1024M) 9.789ms
[2020-11-05T21:08:39.996+0800][gc,cpu        ] GC(44) User=0.02s Sys=0.03s Real=0.01s
[2020-11-05T21:11:12.635+0800][gc,start      ] GC(45) Pause Young (Normal) (G1 Evacuation Pause)
[2020-11-05T21:11:12.636+0800][gc,task       ] GC(45) Using 10 workers of 10 for evacuation
[2020-11-05T21:11:12.645+0800][gc,phases     ] GC(45)   Pre Evacuate Collection Set: 0.0ms
[2020-11-05T21:11:12.645+0800][gc,phases     ] GC(45)   Evacuate Collection Set: 8.9ms
[2020-11-05T21:11:12.645+0800][gc,phases     ] GC(45)   Post Evacuate Collection Set: 0.3ms
[2020-11-05T21:11:12.645+0800][gc,phases     ] GC(45)   Other: 0.3ms
[2020-11-05T21:11:12.645+0800][gc,heap       ] GC(45) Eden regions: 127->0(188)
[2020-11-05T21:11:12.645+0800][gc,heap       ] GC(45) Survivor regions: 4->5(17)
[2020-11-05T21:11:12.645+0800][gc,heap       ] GC(45) Old regions: 11->11
[2020-11-05T21:11:12.645+0800][gc,heap       ] GC(45) Humongous regions: 130->130
[2020-11-05T21:11:12.645+0800][gc,metaspace  ] GC(45) Metaspace: 36700K->36700K(1083392K)
[2020-11-05T21:11:12.645+0800][gc            ] GC(45) Pause Young (Normal) (G1 Evacuation Pause) 270M->144M(1024M) 9.632ms
[2020-11-05T21:11:12.645+0800][gc,cpu        ] GC(45) User=0.03s Sys=0.03s Real=0.01s
[2020-11-05T21:14:57.012+0800][gc,start      ] GC(46) Pause Young (Normal) (G1 Evacuation Pause)
[2020-11-05T21:14:57.013+0800][gc,task       ] GC(46) Using 10 workers of 10 for evacuation
[2020-11-05T21:14:57.019+0800][gc,phases     ] GC(46)   Pre Evacuate Collection Set: 0.0ms
[2020-11-05T21:14:57.019+0800][gc,phases     ] GC(46)   Evacuate Collection Set: 5.8ms
[2020-11-05T21:14:57.019+0800][gc,phases     ] GC(46)   Post Evacuate Collection Set: 0.7ms
[2020-11-05T21:14:57.019+0800][gc,phases     ] GC(46)   Other: 0.5ms
[2020-11-05T21:14:57.019+0800][gc,heap       ] GC(46) Eden regions: 186->0(263)
[2020-11-05T21:14:57.019+0800][gc,heap       ] GC(46) Survivor regions: 5->5(24)
[2020-11-05T21:14:57.019+0800][gc,heap       ] GC(46) Old regions: 11->11
[2020-11-05T21:14:57.020+0800][gc,heap       ] GC(46) Humongous regions: 130->130
[2020-11-05T21:14:57.020+0800][gc,metaspace  ] GC(46) Metaspace: 36700K->36700K(1083392K)
[2020-11-05T21:14:57.020+0800][gc            ] GC(46) Pause Young (Normal) (G1 Evacuation Pause) 330M->144M(1024M) 7.157ms
[2020-11-05T21:14:57.020+0800][gc,cpu        ] GC(46) User=0.02s Sys=0.02s Real=0.01s
[2020-11-05T21:20:45.059+0800][gc,start      ] GC(47) Pause Young (Normal) (G1 Evacuation Pause)
[2020-11-05T21:20:45.059+0800][gc,task       ] GC(47) Using 10 workers of 10 for evacuation
[2020-11-05T21:20:45.063+0800][gc,phases     ] GC(47)   Pre Evacuate Collection Set: 0.0ms
[2020-11-05T21:20:45.063+0800][gc,phases     ] GC(47)   Evacuate Collection Set: 3.5ms
[2020-11-05T21:20:45.063+0800][gc,phases     ] GC(47)   Post Evacuate Collection Set: 0.4ms
[2020-11-05T21:20:45.063+0800][gc,phases     ] GC(47)   Other: 0.6ms
[2020-11-05T21:20:45.063+0800][gc,heap       ] GC(47) Eden regions: 261->0(459)
[2020-11-05T21:20:45.063+0800][gc,heap       ] GC(47) Survivor regions: 5->5(34)
[2020-11-05T21:20:45.063+0800][gc,heap       ] GC(47) Old regions: 11->11
[2020-11-05T21:20:45.063+0800][gc,heap       ] GC(47) Humongous regions: 130->130
[2020-11-05T21:20:45.063+0800][gc,metaspace  ] GC(47) Metaspace: 36702K->36702K(1083392K)
[2020-11-05T21:20:45.063+0800][gc            ] GC(47) Pause Young (Normal) (G1 Evacuation Pause) 405M->144M(1024M) 4.650ms
[2020-11-05T21:20:45.063+0800][gc,cpu        ] GC(47) User=0.03s Sys=0.00s Real=0.01s
[2020-11-05T21:30:49.435+0800][gc,start      ] GC(48) Pause Young (Normal) (G1 Evacuation Pause)
[2020-11-05T21:30:49.436+0800][gc,task       ] GC(48) Using 10 workers of 10 for evacuation
[2020-11-05T21:30:49.453+0800][gc,phases     ] GC(48)   Pre Evacuate Collection Set: 0.0ms
[2020-11-05T21:30:49.453+0800][gc,phases     ] GC(48)   Evacuate Collection Set: 15.6ms
[2020-11-05T21:30:49.453+0800][gc,phases     ] GC(48)   Post Evacuate Collection Set: 0.4ms
[2020-11-05T21:30:49.453+0800][gc,phases     ] GC(48)   Other: 1.6ms
[2020-11-05T21:30:49.453+0800][gc,heap       ] GC(48) Eden regions: 458->0(437)
[2020-11-05T21:30:49.453+0800][gc,heap       ] GC(48) Survivor regions: 5->6(58)
[2020-11-05T21:30:49.453+0800][gc,heap       ] GC(48) Old regions: 11->11
[2020-11-05T21:30:49.453+0800][gc,heap       ] GC(48) Humongous regions: 130->130
[2020-11-05T21:30:49.453+0800][gc,metaspace  ] GC(48) Metaspace: 36711K->36711K(1083392K)
[2020-11-05T21:30:49.453+0800][gc            ] GC(48) Pause Young (Normal) (G1 Evacuation Pause) 602M->145M(1024M) 17.665ms
[2020-11-05T21:30:49.453+0800][gc,cpu        ] GC(48) User=0.03s Sys=0.04s Real=0.02s
[2020-11-05T21:41:12.724+0800][gc,start      ] GC(49) Pause Young (Normal) (G1 Evacuation Pause)
[2020-11-05T21:41:12.725+0800][gc,task       ] GC(49) Using 10 workers of 10 for evacuation
[2020-11-05T21:41:12.728+0800][gc,phases     ] GC(49)   Pre Evacuate Collection Set: 0.1ms
[2020-11-05T21:41:12.728+0800][gc,phases     ] GC(49)   Evacuate Collection Set: 2.8ms
[2020-11-05T21:41:12.728+0800][gc,phases     ] GC(49)   Post Evacuate Collection Set: 0.4ms
[2020-11-05T21:41:12.729+0800][gc,phases     ] GC(49)   Other: 1.0ms
[2020-11-05T21:41:12.729+0800][gc,heap       ] GC(49) Eden regions: 436->0(608)
[2020-11-05T21:41:12.729+0800][gc,heap       ] GC(49) Survivor regions: 6->6(56)
[2020-11-05T21:41:12.729+0800][gc,heap       ] GC(49) Old regions: 11->11
[2020-11-05T21:41:12.729+0800][gc,heap       ] GC(49) Humongous regions: 130->130
[2020-11-05T21:41:12.729+0800][gc,metaspace  ] GC(49) Metaspace: 36722K->36722K(1083392K)
[2020-11-05T21:41:12.729+0800][gc            ] GC(49) Pause Young (Normal) (G1 Evacuation Pause) 581M->145M(1024M) 4.403ms
[2020-11-05T21:41:12.729+0800][gc,cpu        ] GC(49) User=0.02s Sys=0.00s Real=0.00s
[2020-11-05T22:36:55.342+0800][gc,start      ] GC(50) Pause Young (Normal) (G1 Evacuation Pause)
[2020-11-05T22:36:55.343+0800][gc,task       ] GC(50) Using 10 workers of 10 for evacuation
[2020-11-05T22:36:55.358+0800][gc,phases     ] GC(50)   Pre Evacuate Collection Set: 0.1ms
[2020-11-05T22:36:55.358+0800][gc,phases     ] GC(50)   Evacuate Collection Set: 14.5ms
[2020-11-05T22:36:55.358+0800][gc,phases     ] GC(50)   Post Evacuate Collection Set: 0.5ms
[2020-11-05T22:36:55.358+0800][gc,phases     ] GC(50)   Other: 0.9ms
[2020-11-05T22:36:55.358+0800][gc,heap       ] GC(50) Eden regions: 608->0(608)
[2020-11-05T22:36:55.358+0800][gc,heap       ] GC(50) Survivor regions: 6->6(77)
[2020-11-05T22:36:55.359+0800][gc,heap       ] GC(50) Old regions: 11->11
[2020-11-05T22:36:55.359+0800][gc,heap       ] GC(50) Humongous regions: 130->130
[2020-11-05T22:36:55.359+0800][gc,metaspace  ] GC(50) Metaspace: 36755K->36755K(1083392K)
[2020-11-05T22:36:55.359+0800][gc            ] GC(50) Pause Young (Normal) (G1 Evacuation Pause) 753M->145M(1024M) 16.125ms
[2020-11-05T22:36:55.359+0800][gc,cpu        ] GC(50) User=0.03s Sys=0.04s Real=0.01s
[2020-11-05T23:25:32.370+0800][gc,start      ] GC(51) Pause Young (Normal) (G1 Evacuation Pause)
[2020-11-05T23:25:32.371+0800][gc,task       ] GC(51) Using 10 workers of 10 for evacuation
[2020-11-05T23:25:32.388+0800][gc,phases     ] GC(51)   Pre Evacuate Collection Set: 0.0ms
[2020-11-05T23:25:32.388+0800][gc,phases     ] GC(51)   Evacuate Collection Set: 15.2ms
[2020-11-05T23:25:32.388+0800][gc,phases     ] GC(51)   Post Evacuate Collection Set: 1.0ms
[2020-11-05T23:25:32.388+0800][gc,phases     ] GC(51)   Other: 1.1ms
[2020-11-05T23:25:32.388+0800][gc,heap       ] GC(51) Eden regions: 608->0(609)
[2020-11-05T23:25:32.388+0800][gc,heap       ] GC(51) Survivor regions: 6->5(77)
[2020-11-05T23:25:32.388+0800][gc,heap       ] GC(51) Old regions: 11->11
[2020-11-05T23:25:32.388+0800][gc,heap       ] GC(51) Humongous regions: 130->130
[2020-11-05T23:25:32.388+0800][gc,metaspace  ] GC(51) Metaspace: 36815K->36815K(1083392K)
[2020-11-05T23:25:32.388+0800][gc            ] GC(51) Pause Young (Normal) (G1 Evacuation Pause) 753M->145M(1024M) 17.748ms
[2020-11-05T23:25:32.388+0800][gc,cpu        ] GC(51) User=0.09s Sys=0.04s Real=0.01s
[2020-11-06T00:00:58.041+0800][gc,start      ] GC(52) Pause Young (Normal) (G1 Evacuation Pause)
[2020-11-06T00:00:58.042+0800][gc,task       ] GC(52) Using 10 workers of 10 for evacuation
[2020-11-06T00:00:58.118+0800][gc,mmu        ] GC(52) MMU target violated: 21.0ms (20.0ms/21.0ms)
[2020-11-06T00:00:58.118+0800][gc,phases     ] GC(52)   Pre Evacuate Collection Set: 1.8ms
[2020-11-06T00:00:58.118+0800][gc,phases     ] GC(52)   Evacuate Collection Set: 66.8ms
[2020-11-06T00:00:58.118+0800][gc,phases     ] GC(52)   Post Evacuate Collection Set: 3.9ms
[2020-11-06T00:00:58.118+0800][gc,phases     ] GC(52)   Other: 4.7ms
[2020-11-06T00:00:58.118+0800][gc,heap       ] GC(52) Eden regions: 609->0(45)
[2020-11-06T00:00:58.118+0800][gc,heap       ] GC(52) Survivor regions: 5->6(77)
[2020-11-06T00:00:58.119+0800][gc,heap       ] GC(52) Old regions: 11->11
[2020-11-06T00:00:58.119+0800][gc,heap       ] GC(52) Humongous regions: 130->130
[2020-11-06T00:00:58.119+0800][gc,metaspace  ] GC(52) Metaspace: 36869K->36869K(1083392K)
[2020-11-06T00:00:58.119+0800][gc            ] GC(52) Pause Young (Normal) (G1 Evacuation Pause) 754M->145M(1024M) 77.501ms
[2020-11-06T00:00:58.119+0800][gc,cpu        ] GC(52) User=0.11s Sys=0.25s Real=0.07s
[2020-11-06T00:02:11.435+0800][gc,start      ] GC(53) Pause Young (Normal) (G1 Evacuation Pause)
[2020-11-06T00:02:11.435+0800][gc,task       ] GC(53) Using 10 workers of 10 for evacuation
[2020-11-06T00:02:11.471+0800][gc,mmu        ] GC(53) MMU target violated: 21.0ms (20.0ms/21.0ms)
[2020-11-06T00:02:11.471+0800][gc,phases     ] GC(53)   Pre Evacuate Collection Set: 0.1ms
[2020-11-06T00:02:11.471+0800][gc,phases     ] GC(53)   Evacuate Collection Set: 34.5ms
[2020-11-06T00:02:11.471+0800][gc,phases     ] GC(53)   Post Evacuate Collection Set: 0.7ms
[2020-11-06T00:02:11.471+0800][gc,phases     ] GC(53)   Other: 0.7ms
[2020-11-06T00:02:11.471+0800][gc,heap       ] GC(53) Eden regions: 45->0(47)
[2020-11-06T00:02:11.471+0800][gc,heap       ] GC(53) Survivor regions: 6->4(7)
[2020-11-06T00:02:11.471+0800][gc,heap       ] GC(53) Old regions: 11->12
[2020-11-06T00:02:11.471+0800][gc,heap       ] GC(53) Humongous regions: 130->130
[2020-11-06T00:02:11.471+0800][gc,metaspace  ] GC(53) Metaspace: 36876K->36876K(1083392K)
[2020-11-06T00:02:11.471+0800][gc            ] GC(53) Pause Young (Normal) (G1 Evacuation Pause) 190M->144M(1024M) 36.361ms
[2020-11-06T00:02:11.471+0800][gc,cpu        ] GC(53) User=0.09s Sys=0.13s Real=0.04s
[2020-11-06T00:03:49.926+0800][gc,start      ] GC(54) Pause Young (Normal) (G1 Evacuation Pause)
[2020-11-06T00:03:49.926+0800][gc,task       ] GC(54) Using 10 workers of 10 for evacuation
[2020-11-06T00:03:49.970+0800][gc,mmu        ] GC(54) MMU target violated: 21.0ms (20.0ms/21.0ms)
[2020-11-06T00:03:49.971+0800][gc,phases     ] GC(54)   Pre Evacuate Collection Set: 0.0ms
[2020-11-06T00:03:49.971+0800][gc,phases     ] GC(54)   Evacuate Collection Set: 43.5ms
[2020-11-06T00:03:49.971+0800][gc,phases     ] GC(54)   Post Evacuate Collection Set: 0.5ms
[2020-11-06T00:03:49.971+0800][gc,phases     ] GC(54)   Other: 0.8ms
[2020-11-06T00:03:49.971+0800][gc,heap       ] GC(54) Eden regions: 47->0(47)
[2020-11-06T00:03:49.971+0800][gc,heap       ] GC(54) Survivor regions: 4->4(7)
[2020-11-06T00:03:49.971+0800][gc,heap       ] GC(54) Old regions: 12->12
[2020-11-06T00:03:49.971+0800][gc,heap       ] GC(54) Humongous regions: 130->130
[2020-11-06T00:03:49.971+0800][gc,metaspace  ] GC(54) Metaspace: 36892K->36892K(1083392K)
[2020-11-06T00:03:49.971+0800][gc            ] GC(54) Pause Young (Normal) (G1 Evacuation Pause) 191M->145M(1024M) 45.238ms
[2020-11-06T00:03:49.971+0800][gc,cpu        ] GC(54) User=0.08s Sys=0.14s Real=0.05s
[2020-11-06T00:09:56.040+0800][gc,start      ] GC(55) Pause Young (Normal) (G1 Evacuation Pause)
[2020-11-06T00:09:56.040+0800][gc,task       ] GC(55) Using 10 workers of 10 for evacuation
[2020-11-06T00:09:56.058+0800][gc,phases     ] GC(55)   Pre Evacuate Collection Set: 0.0ms
[2020-11-06T00:09:56.058+0800][gc,phases     ] GC(55)   Evacuate Collection Set: 16.3ms
[2020-11-06T00:09:56.058+0800][gc,phases     ] GC(55)   Post Evacuate Collection Set: 0.5ms
[2020-11-06T00:09:56.058+0800][gc,phases     ] GC(55)   Other: 0.6ms
[2020-11-06T00:09:56.058+0800][gc,heap       ] GC(55) Eden regions: 47->0(47)
[2020-11-06T00:09:56.058+0800][gc,heap       ] GC(55) Survivor regions: 4->4(7)
[2020-11-06T00:09:56.058+0800][gc,heap       ] GC(55) Old regions: 12->13
[2020-11-06T00:09:56.058+0800][gc,heap       ] GC(55) Humongous regions: 130->130
[2020-11-06T00:09:56.058+0800][gc,metaspace  ] GC(55) Metaspace: 36892K->36892K(1083392K)
[2020-11-06T00:09:56.058+0800][gc            ] GC(55) Pause Young (Normal) (G1 Evacuation Pause) 192M->145M(1024M) 17.853ms
[2020-11-06T00:09:56.058+0800][gc,cpu        ] GC(55) User=0.07s Sys=0.05s Real=0.01s
[2020-11-06T00:14:28.472+0800][gc,start      ] GC(56) Pause Young (Normal) (G1 Evacuation Pause)
[2020-11-06T00:14:28.472+0800][gc,task       ] GC(56) Using 10 workers of 10 for evacuation
[2020-11-06T00:14:28.474+0800][gc,phases     ] GC(56)   Pre Evacuate Collection Set: 0.0ms
[2020-11-06T00:14:28.474+0800][gc,phases     ] GC(56)   Evacuate Collection Set: 2.1ms
[2020-11-06T00:14:28.474+0800][gc,phases     ] GC(56)   Post Evacuate Collection Set: 0.2ms
[2020-11-06T00:14:28.474+0800][gc,phases     ] GC(56)   Other: 0.2ms
[2020-11-06T00:14:28.475+0800][gc,heap       ] GC(56) Eden regions: 47->0(47)
[2020-11-06T00:14:28.475+0800][gc,heap       ] GC(56) Survivor regions: 4->4(7)
[2020-11-06T00:14:28.475+0800][gc,heap       ] GC(56) Old regions: 13->13
[2020-11-06T00:14:28.475+0800][gc,heap       ] GC(56) Humongous regions: 130->130
[2020-11-06T00:14:28.475+0800][gc,metaspace  ] GC(56) Metaspace: 36914K->36914K(1083392K)
[2020-11-06T00:14:28.475+0800][gc            ] GC(56) Pause Young (Normal) (G1 Evacuation Pause) 192M->145M(1024M) 2.676ms
[2020-11-06T00:14:28.475+0800][gc,cpu        ] GC(56) User=0.02s Sys=0.00s Real=0.00s
[2020-11-06T00:15:35.800+0800][gc,start      ] GC(57) Pause Young (Normal) (G1 Evacuation Pause)
[2020-11-06T00:15:35.800+0800][gc,task       ] GC(57) Using 10 workers of 10 for evacuation
[2020-11-06T00:15:35.806+0800][gc,phases     ] GC(57)   Pre Evacuate Collection Set: 0.0ms
[2020-11-06T00:15:35.806+0800][gc,phases     ] GC(57)   Evacuate Collection Set: 5.3ms
[2020-11-06T00:15:35.806+0800][gc,phases     ] GC(57)   Post Evacuate Collection Set: 0.5ms
[2020-11-06T00:15:35.806+0800][gc,phases     ] GC(57)   Other: 0.6ms
[2020-11-06T00:15:35.807+0800][gc,heap       ] GC(57) Eden regions: 47->0(47)
[2020-11-06T00:15:35.807+0800][gc,heap       ] GC(57) Survivor regions: 4->4(7)
[2020-11-06T00:15:35.807+0800][gc,heap       ] GC(57) Old regions: 13->13
[2020-11-06T00:15:35.807+0800][gc,heap       ] GC(57) Humongous regions: 130->130
[2020-11-06T00:15:35.807+0800][gc,metaspace  ] GC(57) Metaspace: 36914K->36914K(1083392K)
[2020-11-06T00:15:35.807+0800][gc            ] GC(57) Pause Young (Normal) (G1 Evacuation Pause) 192M->145M(1024M) 6.784ms
[2020-11-06T00:15:35.807+0800][gc,cpu        ] GC(57) User=0.05s Sys=0.01s Real=0.00s
[2020-11-06T00:55:38.939+0800][gc,start      ] GC(58) Pause Young (Normal) (G1 Evacuation Pause)
[2020-11-06T00:55:38.939+0800][gc,task       ] GC(58) Using 10 workers of 10 for evacuation
[2020-11-06T00:55:38.944+0800][gc,phases     ] GC(58)   Pre Evacuate Collection Set: 0.1ms
[2020-11-06T00:55:38.944+0800][gc,phases     ] GC(58)   Evacuate Collection Set: 4.5ms
[2020-11-06T00:55:38.944+0800][gc,phases     ] GC(58)   Post Evacuate Collection Set: 0.5ms
[2020-11-06T00:55:38.944+0800][gc,phases     ] GC(58)   Other: 0.5ms
[2020-11-06T00:55:38.944+0800][gc,heap       ] GC(58) Eden regions: 47->0(77)
[2020-11-06T00:55:38.944+0800][gc,heap       ] GC(58) Survivor regions: 4->3(7)
[2020-11-06T00:55:38.944+0800][gc,heap       ] GC(58) Old regions: 13->13
[2020-11-06T00:55:38.944+0800][gc,heap       ] GC(58) Humongous regions: 130->130
[2020-11-06T00:55:38.945+0800][gc,metaspace  ] GC(58) Metaspace: 36914K->36914K(1083392K)
[2020-11-06T00:55:38.945+0800][gc            ] GC(58) Pause Young (Normal) (G1 Evacuation Pause) 192M->144M(1024M) 6.069ms
[2020-11-06T00:55:38.945+0800][gc,cpu        ] GC(58) User=0.04s Sys=0.00s Real=0.01s
[2020-11-06T00:57:26.249+0800][gc,start      ] GC(59) Pause Young (Normal) (G1 Evacuation Pause)
[2020-11-06T00:57:26.249+0800][gc,task       ] GC(59) Using 10 workers of 10 for evacuation
[2020-11-06T00:57:26.283+0800][gc,mmu        ] GC(59) MMU target violated: 21.0ms (20.0ms/21.0ms)
[2020-11-06T00:57:26.284+0800][gc,phases     ] GC(59)   Pre Evacuate Collection Set: 0.1ms
[2020-11-06T00:57:26.284+0800][gc,phases     ] GC(59)   Evacuate Collection Set: 33.1ms
[2020-11-06T00:57:26.284+0800][gc,phases     ] GC(59)   Post Evacuate Collection Set: 0.6ms
[2020-11-06T00:57:26.284+0800][gc,phases     ] GC(59)   Other: 0.7ms
[2020-11-06T00:57:26.284+0800][gc,heap       ] GC(59) Eden regions: 77->0(48)
[2020-11-06T00:57:26.284+0800][gc,heap       ] GC(59) Survivor regions: 3->3(10)
[2020-11-06T00:57:26.284+0800][gc,heap       ] GC(59) Old regions: 13->13
[2020-11-06T00:57:26.284+0800][gc,heap       ] GC(59) Humongous regions: 130->130
[2020-11-06T00:57:26.284+0800][gc,metaspace  ] GC(59) Metaspace: 36914K->36914K(1083392K)
[2020-11-06T00:57:26.284+0800][gc            ] GC(59) Pause Young (Normal) (G1 Evacuation Pause) 221M->144M(1024M) 34.830ms
[2020-11-06T00:57:26.284+0800][gc,cpu        ] GC(59) User=0.07s Sys=0.12s Real=0.04s
[2020-11-06T00:58:33.694+0800][gc,start      ] GC(60) Pause Young (Normal) (G1 Evacuation Pause)
[2020-11-06T00:58:33.694+0800][gc,task       ] GC(60) Using 10 workers of 10 for evacuation
[2020-11-06T00:58:33.699+0800][gc,phases     ] GC(60)   Pre Evacuate Collection Set: 0.0ms
[2020-11-06T00:58:33.699+0800][gc,phases     ] GC(60)   Evacuate Collection Set: 4.2ms
[2020-11-06T00:58:33.699+0800][gc,phases     ] GC(60)   Post Evacuate Collection Set: 0.4ms
[2020-11-06T00:58:33.699+0800][gc,phases     ] GC(60)   Other: 0.5ms
[2020-11-06T00:58:33.699+0800][gc,heap       ] GC(60) Eden regions: 48->0(51)
[2020-11-06T00:58:33.700+0800][gc,heap       ] GC(60) Survivor regions: 3->3(7)
[2020-11-06T00:58:33.700+0800][gc,heap       ] GC(60) Old regions: 13->13
[2020-11-06T00:58:33.700+0800][gc,heap       ] GC(60) Humongous regions: 130->130
[2020-11-06T00:58:33.700+0800][gc,metaspace  ] GC(60) Metaspace: 36914K->36914K(1083392K)
[2020-11-06T00:58:33.700+0800][gc            ] GC(60) Pause Young (Normal) (G1 Evacuation Pause) 192M->144M(1024M) 5.537ms
[2020-11-06T00:58:33.700+0800][gc,cpu        ] GC(60) User=0.04s Sys=0.00s Real=0.01s
[2020-11-06T00:59:45.765+0800][gc,start      ] GC(61) Pause Young (Normal) (G1 Evacuation Pause)
[2020-11-06T00:59:45.765+0800][gc,task       ] GC(61) Using 10 workers of 10 for evacuation
[2020-11-06T00:59:45.770+0800][gc,phases     ] GC(61)   Pre Evacuate Collection Set: 0.0ms
[2020-11-06T00:59:45.770+0800][gc,phases     ] GC(61)   Evacuate Collection Set: 4.4ms
[2020-11-06T00:59:45.770+0800][gc,phases     ] GC(61)   Post Evacuate Collection Set: 0.4ms
[2020-11-06T00:59:45.770+0800][gc,phases     ] GC(61)   Other: 0.5ms
[2020-11-06T00:59:45.770+0800][gc,heap       ] GC(61) Eden regions: 51->0(61)
[2020-11-06T00:59:45.770+0800][gc,heap       ] GC(61) Survivor regions: 3->3(7)
[2020-11-06T00:59:45.770+0800][gc,heap       ] GC(61) Old regions: 13->13
[2020-11-06T00:59:45.770+0800][gc,heap       ] GC(61) Humongous regions: 130->130
[2020-11-06T00:59:45.770+0800][gc,metaspace  ] GC(61) Metaspace: 36914K->36914K(1083392K)
[2020-11-06T00:59:45.770+0800][gc            ] GC(61) Pause Young (Normal) (G1 Evacuation Pause) 195M->144M(1024M) 5.692ms
[2020-11-06T00:59:45.770+0800][gc,cpu        ] GC(61) User=0.04s Sys=0.00s Real=0.01s
[2020-11-06T01:01:11.670+0800][gc,start      ] GC(62) Pause Young (Normal) (G1 Evacuation Pause)
[2020-11-06T01:01:11.670+0800][gc,task       ] GC(62) Using 10 workers of 10 for evacuation
[2020-11-06T01:01:11.676+0800][gc,phases     ] GC(62)   Pre Evacuate Collection Set: 0.0ms
[2020-11-06T01:01:11.676+0800][gc,phases     ] GC(62)   Evacuate Collection Set: 4.3ms
[2020-11-06T01:01:11.676+0800][gc,phases     ] GC(62)   Post Evacuate Collection Set: 0.5ms
[2020-11-06T01:01:11.676+0800][gc,phases     ] GC(62)   Other: 0.5ms
[2020-11-06T01:01:11.676+0800][gc,heap       ] GC(62) Eden regions: 61->0(78)
[2020-11-06T01:01:11.676+0800][gc,heap       ] GC(62) Survivor regions: 3->3(8)
[2020-11-06T01:01:11.676+0800][gc,heap       ] GC(62) Old regions: 13->13
[2020-11-06T01:01:11.676+0800][gc,heap       ] GC(62) Humongous regions: 130->130
[2020-11-06T01:01:11.676+0800][gc,metaspace  ] GC(62) Metaspace: 36914K->36914K(1083392K)
[2020-11-06T01:01:11.676+0800][gc            ] GC(62) Pause Young (Normal) (G1 Evacuation Pause) 205M->144M(1024M) 5.718ms
[2020-11-06T01:01:11.676+0800][gc,cpu        ] GC(62) User=0.04s Sys=0.00s Real=0.00s
[2020-11-06T01:35:46.014+0800][gc,start      ] GC(63) Pause Young (Normal) (G1 Evacuation Pause)
[2020-11-06T01:35:46.015+0800][gc,task       ] GC(63) Using 10 workers of 10 for evacuation
[2020-11-06T01:35:46.029+0800][gc,phases     ] GC(63)   Pre Evacuate Collection Set: 0.1ms
[2020-11-06T01:35:46.030+0800][gc,phases     ] GC(63)   Evacuate Collection Set: 13.7ms
[2020-11-06T01:35:46.030+0800][gc,phases     ] GC(63)   Post Evacuate Collection Set: 0.5ms
[2020-11-06T01:35:46.030+0800][gc,phases     ] GC(63)   Other: 1.1ms
[2020-11-06T01:35:46.030+0800][gc,heap       ] GC(63) Eden regions: 78->0(82)
[2020-11-06T01:35:46.030+0800][gc,heap       ] GC(63) Survivor regions: 3->3(11)
[2020-11-06T01:35:46.030+0800][gc,heap       ] GC(63) Old regions: 13->13
[2020-11-06T01:35:46.030+0800][gc,heap       ] GC(63) Humongous regions: 130->130
[2020-11-06T01:35:46.030+0800][gc,metaspace  ] GC(63) Metaspace: 36918K->36918K(1083392K)
[2020-11-06T01:35:46.030+0800][gc            ] GC(63) Pause Young (Normal) (G1 Evacuation Pause) 222M->144M(1024M) 15.853ms
[2020-11-06T01:35:46.030+0800][gc,cpu        ] GC(63) User=0.07s Sys=0.03s Real=0.02s
[2020-11-06T01:37:41.389+0800][gc,start      ] GC(64) Pause Young (Normal) (G1 Evacuation Pause)
[2020-11-06T01:37:41.390+0800][gc,task       ] GC(64) Using 10 workers of 10 for evacuation
[2020-11-06T01:37:41.413+0800][gc,mmu        ] GC(64) MMU target violated: 21.0ms (20.0ms/21.0ms)
[2020-11-06T01:37:41.413+0800][gc,phases     ] GC(64)   Pre Evacuate Collection Set: 0.1ms
[2020-11-06T01:37:41.413+0800][gc,phases     ] GC(64)   Evacuate Collection Set: 22.1ms
[2020-11-06T01:37:41.413+0800][gc,phases     ] GC(64)   Post Evacuate Collection Set: 0.6ms
[2020-11-06T01:37:41.414+0800][gc,phases     ] GC(64)   Other: 1.2ms
[2020-11-06T01:37:41.414+0800][gc,heap       ] GC(64) Eden regions: 82->0(66)
[2020-11-06T01:37:41.414+0800][gc,heap       ] GC(64) Survivor regions: 3->3(11)
[2020-11-06T01:37:41.414+0800][gc,heap       ] GC(64) Old regions: 13->13
[2020-11-06T01:37:41.414+0800][gc,heap       ] GC(64) Humongous regions: 130->130
[2020-11-06T01:37:41.414+0800][gc,metaspace  ] GC(64) Metaspace: 36918K->36918K(1083392K)
[2020-11-06T01:37:41.414+0800][gc            ] GC(64) Pause Young (Normal) (G1 Evacuation Pause) 226M->144M(1024M) 24.562ms
[2020-11-06T01:37:41.414+0800][gc,cpu        ] GC(64) User=0.05s Sys=0.08s Real=0.03s
[2020-11-06T02:33:45.225+0800][gc,start      ] GC(65) Pause Young (Normal) (G1 Evacuation Pause)
[2020-11-06T02:33:45.225+0800][gc,task       ] GC(65) Using 10 workers of 10 for evacuation
[2020-11-06T02:33:45.231+0800][gc,phases     ] GC(65)   Pre Evacuate Collection Set: 0.0ms
[2020-11-06T02:33:45.231+0800][gc,phases     ] GC(65)   Evacuate Collection Set: 5.0ms
[2020-11-06T02:33:45.231+0800][gc,phases     ] GC(65)   Post Evacuate Collection Set: 0.6ms
[2020-11-06T02:33:45.231+0800][gc,phases     ] GC(65)   Other: 0.6ms
[2020-11-06T02:33:45.231+0800][gc,heap       ] GC(65) Eden regions: 66->0(83)
[2020-11-06T02:33:45.231+0800][gc,heap       ] GC(65) Survivor regions: 3->3(9)
[2020-11-06T02:33:45.231+0800][gc,heap       ] GC(65) Old regions: 13->13
[2020-11-06T02:33:45.231+0800][gc,heap       ] GC(65) Humongous regions: 130->130
[2020-11-06T02:33:45.231+0800][gc,metaspace  ] GC(65) Metaspace: 36918K->36918K(1083392K)
[2020-11-06T02:33:45.231+0800][gc            ] GC(65) Pause Young (Normal) (G1 Evacuation Pause) 210M->144M(1024M) 6.758ms
[2020-11-06T02:33:45.231+0800][gc,cpu        ] GC(65) User=0.04s Sys=0.00s Real=0.01s
[2020-11-06T02:38:38.821+0800][gc,start      ] GC(66) Pause Young (Normal) (G1 Evacuation Pause)
[2020-11-06T02:38:38.822+0800][gc,task       ] GC(66) Using 10 workers of 10 for evacuation
[2020-11-06T02:38:38.846+0800][gc,mmu        ] GC(66) MMU target violated: 21.0ms (20.0ms/21.0ms)
[2020-11-06T02:38:38.846+0800][gc,phases     ] GC(66)   Pre Evacuate Collection Set: 0.1ms
[2020-11-06T02:38:38.846+0800][gc,phases     ] GC(66)   Evacuate Collection Set: 22.5ms
[2020-11-06T02:38:38.846+0800][gc,phases     ] GC(66)   Post Evacuate Collection Set: 0.6ms
[2020-11-06T02:38:38.846+0800][gc,phases     ] GC(66)   Other: 1.3ms
[2020-11-06T02:38:38.846+0800][gc,heap       ] GC(66) Eden regions: 83->0(65)
[2020-11-06T02:38:38.846+0800][gc,heap       ] GC(66) Survivor regions: 3->3(11)
[2020-11-06T02:38:38.846+0800][gc,heap       ] GC(66) Old regions: 13->13
[2020-11-06T02:38:38.846+0800][gc,heap       ] GC(66) Humongous regions: 130->130
[2020-11-06T02:38:38.846+0800][gc,metaspace  ] GC(66) Metaspace: 36950K->36950K(1083392K)
[2020-11-06T02:38:38.846+0800][gc            ] GC(66) Pause Young (Normal) (G1 Evacuation Pause) 227M->145M(1024M) 24.932ms
[2020-11-06T02:38:38.846+0800][gc,cpu        ] GC(66) User=0.07s Sys=0.05s Real=0.02s
[2020-11-06T05:49:14.886+0800][gc,start      ] GC(67) Pause Young (Normal) (G1 Evacuation Pause)
[2020-11-06T05:49:14.891+0800][gc,task       ] GC(67) Using 10 workers of 10 for evacuation
[2020-11-06T05:49:14.894+0800][gc,phases     ] GC(67)   Pre Evacuate Collection Set: 0.0ms
[2020-11-06T05:49:14.894+0800][gc,phases     ] GC(67)   Evacuate Collection Set: 2.4ms
[2020-11-06T05:49:14.894+0800][gc,phases     ] GC(67)   Post Evacuate Collection Set: 0.2ms
[2020-11-06T05:49:14.894+0800][gc,phases     ] GC(67)   Other: 5.1ms
[2020-11-06T05:49:14.894+0800][gc,heap       ] GC(67) Eden regions: 65->0(100)
[2020-11-06T05:49:14.894+0800][gc,heap       ] GC(67) Survivor regions: 3->3(9)
[2020-11-06T05:49:14.894+0800][gc,heap       ] GC(67) Old regions: 13->13
[2020-11-06T05:49:14.894+0800][gc,heap       ] GC(67) Humongous regions: 130->130
[2020-11-06T05:49:14.894+0800][gc,metaspace  ] GC(67) Metaspace: 36957K->36957K(1083392K)
[2020-11-06T05:49:14.894+0800][gc            ] GC(67) Pause Young (Normal) (G1 Evacuation Pause) 210M->144M(1024M) 7.930ms
[2020-11-06T05:49:14.894+0800][gc,cpu        ] GC(67) User=0.02s Sys=0.00s Real=0.01s
[2020-11-06T05:51:30.923+0800][gc,start      ] GC(68) Pause Young (Normal) (G1 Evacuation Pause)
[2020-11-06T05:51:30.923+0800][gc,task       ] GC(68) Using 10 workers of 10 for evacuation
[2020-11-06T05:51:30.932+0800][gc,phases     ] GC(68)   Pre Evacuate Collection Set: 0.2ms
[2020-11-06T05:51:30.932+0800][gc,phases     ] GC(68)   Evacuate Collection Set: 8.6ms
[2020-11-06T05:51:30.932+0800][gc,phases     ] GC(68)   Post Evacuate Collection Set: 0.3ms
[2020-11-06T05:51:30.932+0800][gc,phases     ] GC(68)   Other: 0.6ms
[2020-11-06T05:51:30.932+0800][gc,heap       ] GC(68) Eden regions: 100->0(130)
[2020-11-06T05:51:30.933+0800][gc,heap       ] GC(68) Survivor regions: 3->3(13)
[2020-11-06T05:51:30.933+0800][gc,heap       ] GC(68) Old regions: 13->13
[2020-11-06T05:51:30.933+0800][gc,heap       ] GC(68) Humongous regions: 130->130
[2020-11-06T05:51:30.933+0800][gc,metaspace  ] GC(68) Metaspace: 36957K->36957K(1083392K)
[2020-11-06T05:51:30.933+0800][gc            ] GC(68) Pause Young (Normal) (G1 Evacuation Pause) 244M->145M(1024M) 9.743ms
[2020-11-06T05:51:30.933+0800][gc,cpu        ] GC(68) User=0.02s Sys=0.03s Real=0.01s
[2020-11-06T05:54:33.938+0800][gc,start      ] GC(69) Pause Young (Normal) (G1 Evacuation Pause)
[2020-11-06T05:54:33.938+0800][gc,task       ] GC(69) Using 10 workers of 10 for evacuation
[2020-11-06T05:54:33.946+0800][gc,phases     ] GC(69)   Pre Evacuate Collection Set: 0.0ms
[2020-11-06T05:54:33.946+0800][gc,phases     ] GC(69)   Evacuate Collection Set: 7.5ms
[2020-11-06T05:54:33.946+0800][gc,phases     ] GC(69)   Post Evacuate Collection Set: 0.2ms
[2020-11-06T05:54:33.946+0800][gc,phases     ] GC(69)   Other: 0.3ms
[2020-11-06T05:54:33.946+0800][gc,heap       ] GC(69) Eden regions: 130->0(175)
[2020-11-06T05:54:33.946+0800][gc,heap       ] GC(69) Survivor regions: 3->3(17)
[2020-11-06T05:54:33.946+0800][gc,heap       ] GC(69) Old regions: 13->13
[2020-11-06T05:54:33.946+0800][gc,heap       ] GC(69) Humongous regions: 130->130
[2020-11-06T05:54:33.946+0800][gc,metaspace  ] GC(69) Metaspace: 36957K->36957K(1083392K)
[2020-11-06T05:54:33.946+0800][gc            ] GC(69) Pause Young (Normal) (G1 Evacuation Pause) 275M->144M(1024M) 8.190ms
[2020-11-06T05:54:33.946+0800][gc,cpu        ] GC(69) User=0.02s Sys=0.03s Real=0.01s
[2020-11-06T05:58:39.941+0800][gc,start      ] GC(70) Pause Young (Normal) (G1 Evacuation Pause)
[2020-11-06T05:58:39.941+0800][gc,task       ] GC(70) Using 10 workers of 10 for evacuation
[2020-11-06T05:58:39.952+0800][gc,phases     ] GC(70)   Pre Evacuate Collection Set: 0.2ms
[2020-11-06T05:58:39.952+0800][gc,phases     ] GC(70)   Evacuate Collection Set: 9.1ms
[2020-11-06T05:58:39.952+0800][gc,phases     ] GC(70)   Post Evacuate Collection Set: 0.9ms
[2020-11-06T05:58:39.952+0800][gc,phases     ] GC(70)   Other: 0.5ms
[2020-11-06T05:58:39.952+0800][gc,heap       ] GC(70) Eden regions: 175->0(210)
[2020-11-06T05:58:39.952+0800][gc,heap       ] GC(70) Survivor regions: 3->3(23)
[2020-11-06T05:58:39.952+0800][gc,heap       ] GC(70) Old regions: 13->13
[2020-11-06T05:58:39.952+0800][gc,heap       ] GC(70) Humongous regions: 130->130
[2020-11-06T05:58:39.952+0800][gc,metaspace  ] GC(70) Metaspace: 36957K->36957K(1083392K)
[2020-11-06T05:58:39.952+0800][gc            ] GC(70) Pause Young (Normal) (G1 Evacuation Pause) 319M->144M(1024M) 10.884ms
[2020-11-06T05:58:39.952+0800][gc,cpu        ] GC(70) User=0.02s Sys=0.03s Real=0.01s
[2020-11-06T06:03:32.289+0800][gc,start      ] GC(71) Pause Young (Normal) (G1 Evacuation Pause)
[2020-11-06T06:03:32.289+0800][gc,task       ] GC(71) Using 10 workers of 10 for evacuation
[2020-11-06T06:03:32.299+0800][gc,phases     ] GC(71)   Pre Evacuate Collection Set: 0.0ms
[2020-11-06T06:03:32.299+0800][gc,phases     ] GC(71)   Evacuate Collection Set: 9.5ms
[2020-11-06T06:03:32.299+0800][gc,phases     ] GC(71)   Post Evacuate Collection Set: 0.2ms
[2020-11-06T06:03:32.299+0800][gc,phases     ] GC(71)   Other: 0.4ms
[2020-11-06T06:03:32.299+0800][gc,heap       ] GC(71) Eden regions: 210->0(240)
[2020-11-06T06:03:32.299+0800][gc,heap       ] GC(71) Survivor regions: 3->3(27)
[2020-11-06T06:03:32.299+0800][gc,heap       ] GC(71) Old regions: 13->13
[2020-11-06T06:03:32.299+0800][gc,heap       ] GC(71) Humongous regions: 130->130
[2020-11-06T06:03:32.299+0800][gc,metaspace  ] GC(71) Metaspace: 36975K->36975K(1083392K)
[2020-11-06T06:03:32.299+0800][gc            ] GC(71) Pause Young (Normal) (G1 Evacuation Pause) 354M->145M(1024M) 10.322ms
[2020-11-06T06:03:32.299+0800][gc,cpu        ] GC(71) User=0.02s Sys=0.03s Real=0.01s
[2020-11-06T06:08:49.527+0800][gc,start      ] GC(72) Pause Young (Normal) (G1 Evacuation Pause)
[2020-11-06T06:08:49.527+0800][gc,task       ] GC(72) Using 10 workers of 10 for evacuation
[2020-11-06T06:08:49.537+0800][gc,phases     ] GC(72)   Pre Evacuate Collection Set: 0.0ms
[2020-11-06T06:08:49.537+0800][gc,phases     ] GC(72)   Evacuate Collection Set: 9.6ms
[2020-11-06T06:08:49.537+0800][gc,phases     ] GC(72)   Post Evacuate Collection Set: 0.3ms
[2020-11-06T06:08:49.537+0800][gc,phases     ] GC(72)   Other: 0.6ms
[2020-11-06T06:08:49.537+0800][gc,heap       ] GC(72) Eden regions: 240->0(296)
[2020-11-06T06:08:49.537+0800][gc,heap       ] GC(72) Survivor regions: 3->4(31)
[2020-11-06T06:08:49.537+0800][gc,heap       ] GC(72) Old regions: 13->13
[2020-11-06T06:08:49.537+0800][gc,heap       ] GC(72) Humongous regions: 130->130
[2020-11-06T06:08:49.537+0800][gc,metaspace  ] GC(72) Metaspace: 36984K->36984K(1083392K)
[2020-11-06T06:08:49.537+0800][gc            ] GC(72) Pause Young (Normal) (G1 Evacuation Pause) 385M->145M(1024M) 10.595ms
[2020-11-06T06:08:49.537+0800][gc,cpu        ] GC(72) User=0.02s Sys=0.03s Real=0.01s
[2020-11-06T06:14:48.202+0800][gc,start      ] GC(73) Pause Young (Normal) (G1 Evacuation Pause)
[2020-11-06T06:14:48.202+0800][gc,task       ] GC(73) Using 10 workers of 10 for evacuation
[2020-11-06T06:14:48.222+0800][gc,phases     ] GC(73)   Pre Evacuate Collection Set: 0.0ms
[2020-11-06T06:14:48.222+0800][gc,phases     ] GC(73)   Evacuate Collection Set: 18.5ms
[2020-11-06T06:14:48.222+0800][gc,phases     ] GC(73)   Post Evacuate Collection Set: 0.6ms
[2020-11-06T06:14:48.222+0800][gc,phases     ] GC(73)   Other: 0.3ms
[2020-11-06T06:14:48.222+0800][gc,heap       ] GC(73) Eden regions: 295->0(362)
[2020-11-06T06:14:48.222+0800][gc,heap       ] GC(73) Survivor regions: 4->3(38)
[2020-11-06T06:14:48.222+0800][gc,heap       ] GC(73) Old regions: 13->13
[2020-11-06T06:14:48.222+0800][gc,heap       ] GC(73) Humongous regions: 130->130
[2020-11-06T06:14:48.222+0800][gc,metaspace  ] GC(73) Metaspace: 36984K->36984K(1083392K)
[2020-11-06T06:14:48.222+0800][gc            ] GC(73) Pause Young (Normal) (G1 Evacuation Pause) 440M->145M(1024M) 19.597ms
[2020-11-06T06:14:48.222+0800][gc,cpu        ] GC(73) User=0.02s Sys=0.02s Real=0.02s
[2020-11-06T06:22:04.740+0800][gc,start      ] GC(74) Pause Young (Normal) (G1 Evacuation Pause)
[2020-11-06T06:22:04.740+0800][gc,task       ] GC(74) Using 10 workers of 10 for evacuation
[2020-11-06T06:22:04.750+0800][gc,phases     ] GC(74)   Pre Evacuate Collection Set: 0.1ms
[2020-11-06T06:22:04.750+0800][gc,phases     ] GC(74)   Evacuate Collection Set: 8.7ms
[2020-11-06T06:22:04.750+0800][gc,phases     ] GC(74)   Post Evacuate Collection Set: 0.5ms
[2020-11-06T06:22:04.750+0800][gc,phases     ] GC(74)   Other: 0.7ms
[2020-11-06T06:22:04.750+0800][gc,heap       ] GC(74) Eden regions: 361->0(401)
[2020-11-06T06:22:04.750+0800][gc,heap       ] GC(74) Survivor regions: 3->3(46)
[2020-11-06T06:22:04.750+0800][gc,heap       ] GC(74) Old regions: 13->13
[2020-11-06T06:22:04.750+0800][gc,heap       ] GC(74) Humongous regions: 130->130
[2020-11-06T06:22:04.750+0800][gc,metaspace  ] GC(74) Metaspace: 36984K->36984K(1083392K)
[2020-11-06T06:22:04.750+0800][gc            ] GC(74) Pause Young (Normal) (G1 Evacuation Pause) 506M->145M(1024M) 10.176ms
[2020-11-06T06:22:04.750+0800][gc,cpu        ] GC(74) User=0.02s Sys=0.03s Real=0.01s
[2020-11-06T06:29:47.921+0800][gc,start      ] GC(75) Pause Young (Normal) (G1 Evacuation Pause)
[2020-11-06T06:29:47.921+0800][gc,task       ] GC(75) Using 10 workers of 10 for evacuation
[2020-11-06T06:29:47.932+0800][gc,phases     ] GC(75)   Pre Evacuate Collection Set: 0.0ms
[2020-11-06T06:29:47.932+0800][gc,phases     ] GC(75)   Evacuate Collection Set: 10.4ms
[2020-11-06T06:29:47.932+0800][gc,phases     ] GC(75)   Post Evacuate Collection Set: 0.3ms
[2020-11-06T06:29:47.932+0800][gc,phases     ] GC(75)   Other: 0.8ms
[2020-11-06T06:29:47.932+0800][gc,heap       ] GC(75) Eden regions: 401->0(414)
[2020-11-06T06:29:47.932+0800][gc,heap       ] GC(75) Survivor regions: 3->4(51)
[2020-11-06T06:29:47.932+0800][gc,heap       ] GC(75) Old regions: 13->13
[2020-11-06T06:29:47.932+0800][gc,heap       ] GC(75) Humongous regions: 130->130
[2020-11-06T06:29:47.932+0800][gc,metaspace  ] GC(75) Metaspace: 36990K->36990K(1083392K)
[2020-11-06T06:29:47.932+0800][gc            ] GC(75) Pause Young (Normal) (G1 Evacuation Pause) 546M->145M(1024M) 11.614ms
[2020-11-06T06:29:47.932+0800][gc,cpu        ] GC(75) User=0.02s Sys=0.03s Real=0.01s
[2020-11-06T06:37:16.565+0800][gc,start      ] GC(76) Pause Young (Normal) (G1 Evacuation Pause)
[2020-11-06T06:37:16.565+0800][gc,task       ] GC(76) Using 10 workers of 10 for evacuation
[2020-11-06T06:37:16.576+0800][gc,phases     ] GC(76)   Pre Evacuate Collection Set: 0.0ms
[2020-11-06T06:37:16.576+0800][gc,phases     ] GC(76)   Evacuate Collection Set: 10.0ms
[2020-11-06T06:37:16.576+0800][gc,phases     ] GC(76)   Post Evacuate Collection Set: 0.3ms
[2020-11-06T06:37:16.576+0800][gc,phases     ] GC(76)   Other: 0.3ms
[2020-11-06T06:37:16.576+0800][gc,heap       ] GC(76) Eden regions: 414->0(425)
[2020-11-06T06:37:16.576+0800][gc,heap       ] GC(76) Survivor regions: 4->4(53)
[2020-11-06T06:37:16.576+0800][gc,heap       ] GC(76) Old regions: 13->13
[2020-11-06T06:37:16.576+0800][gc,heap       ] GC(76) Humongous regions: 130->130
[2020-11-06T06:37:16.576+0800][gc,metaspace  ] GC(76) Metaspace: 36994K->36994K(1083392K)
[2020-11-06T06:37:16.576+0800][gc            ] GC(76) Pause Young (Normal) (G1 Evacuation Pause) 559M->146M(1024M) 10.770ms
[2020-11-06T06:37:16.576+0800][gc,cpu        ] GC(76) User=0.03s Sys=0.03s Real=0.01s
[2020-11-06T06:51:20.909+0800][gc,start      ] GC(77) Pause Young (Normal) (G1 Evacuation Pause)
[2020-11-06T06:51:20.909+0800][gc,task       ] GC(77) Using 10 workers of 10 for evacuation
[2020-11-06T06:51:20.923+0800][gc,phases     ] GC(77)   Pre Evacuate Collection Set: 0.0ms
[2020-11-06T06:51:20.924+0800][gc,phases     ] GC(77)   Evacuate Collection Set: 13.7ms
[2020-11-06T06:51:20.924+0800][gc,phases     ] GC(77)   Post Evacuate Collection Set: 0.3ms
[2020-11-06T06:51:20.924+0800][gc,phases     ] GC(77)   Other: 0.8ms
[2020-11-06T06:51:20.924+0800][gc,heap       ] GC(77) Eden regions: 425->0(425)
[2020-11-06T06:51:20.924+0800][gc,heap       ] GC(77) Survivor regions: 4->4(54)
[2020-11-06T06:51:20.924+0800][gc,heap       ] GC(77) Old regions: 13->13
[2020-11-06T06:51:20.924+0800][gc,heap       ] GC(77) Humongous regions: 130->130
[2020-11-06T06:51:20.924+0800][gc,metaspace  ] GC(77) Metaspace: 37003K->37003K(1083392K)
[2020-11-06T06:51:20.924+0800][gc            ] GC(77) Pause Young (Normal) (G1 Evacuation Pause) 571M->145M(1024M) 14.930ms
[2020-11-06T06:51:20.924+0800][gc,cpu        ] GC(77) User=0.03s Sys=0.04s Real=0.02s
[2020-11-06T06:58:54.930+0800][gc,start      ] GC(78) Pause Young (Normal) (G1 Evacuation Pause)
[2020-11-06T06:58:54.931+0800][gc,task       ] GC(78) Using 10 workers of 10 for evacuation
[2020-11-06T06:58:54.936+0800][gc,phases     ] GC(78)   Pre Evacuate Collection Set: 0.0ms
[2020-11-06T06:58:54.936+0800][gc,phases     ] GC(78)   Evacuate Collection Set: 4.3ms
[2020-11-06T06:58:54.936+0800][gc,phases     ] GC(78)   Post Evacuate Collection Set: 0.3ms
[2020-11-06T06:58:54.936+0800][gc,phases     ] GC(78)   Other: 1.0ms
[2020-11-06T06:58:54.936+0800][gc,heap       ] GC(78) Eden regions: 425->0(457)
[2020-11-06T06:58:54.936+0800][gc,heap       ] GC(78) Survivor regions: 4->4(54)
[2020-11-06T06:58:54.936+0800][gc,heap       ] GC(78) Old regions: 13->13
[2020-11-06T06:58:54.936+0800][gc,heap       ] GC(78) Humongous regions: 130->130
[2020-11-06T06:58:54.936+0800][gc,metaspace  ] GC(78) Metaspace: 37016K->37016K(1083392K)
[2020-11-06T06:58:54.936+0800][gc            ] GC(78) Pause Young (Normal) (G1 Evacuation Pause) 570M->146M(1024M) 5.724ms
[2020-11-06T06:58:54.936+0800][gc,cpu        ] GC(78) User=0.02s Sys=0.01s Real=0.00s
[2020-11-06T07:07:04.488+0800][gc,start      ] GC(79) Pause Young (Normal) (G1 Evacuation Pause)
[2020-11-06T07:07:04.489+0800][gc,task       ] GC(79) Using 10 workers of 10 for evacuation
[2020-11-06T07:07:04.501+0800][gc,phases     ] GC(79)   Pre Evacuate Collection Set: 0.1ms
[2020-11-06T07:07:04.501+0800][gc,phases     ] GC(79)   Evacuate Collection Set: 11.8ms
[2020-11-06T07:07:04.501+0800][gc,phases     ] GC(79)   Post Evacuate Collection Set: 0.5ms
[2020-11-06T07:07:04.502+0800][gc,phases     ] GC(79)   Other: 0.8ms
[2020-11-06T07:07:04.502+0800][gc,heap       ] GC(79) Eden regions: 456->0(470)
[2020-11-06T07:07:04.502+0800][gc,heap       ] GC(79) Survivor regions: 4->4(58)
[2020-11-06T07:07:04.502+0800][gc,heap       ] GC(79) Old regions: 13->13
[2020-11-06T07:07:04.502+0800][gc,heap       ] GC(79) Humongous regions: 130->130
[2020-11-06T07:07:04.502+0800][gc,metaspace  ] GC(79) Metaspace: 37016K->37016K(1083392K)
[2020-11-06T07:07:04.502+0800][gc            ] GC(79) Pause Young (Normal) (G1 Evacuation Pause) 602M->145M(1024M) 13.329ms
[2020-11-06T07:07:04.502+0800][gc,cpu        ] GC(79) User=0.03s Sys=0.04s Real=0.02s
[2020-11-06T07:15:31.595+0800][gc,start      ] GC(80) Pause Young (Normal) (G1 Evacuation Pause)
[2020-11-06T07:15:31.596+0800][gc,task       ] GC(80) Using 10 workers of 10 for evacuation
[2020-11-06T07:15:31.607+0800][gc,phases     ] GC(80)   Pre Evacuate Collection Set: 0.0ms
[2020-11-06T07:15:31.607+0800][gc,phases     ] GC(80)   Evacuate Collection Set: 10.9ms
[2020-11-06T07:15:31.607+0800][gc,phases     ] GC(80)   Post Evacuate Collection Set: 0.4ms
[2020-11-06T07:15:31.607+0800][gc,phases     ] GC(80)   Other: 1.1ms
[2020-11-06T07:15:31.608+0800][gc,heap       ] GC(80) Eden regions: 470->0(486)
[2020-11-06T07:15:31.608+0800][gc,heap       ] GC(80) Survivor regions: 4->4(60)
[2020-11-06T07:15:31.608+0800][gc,heap       ] GC(80) Old regions: 13->13
[2020-11-06T07:15:31.608+0800][gc,heap       ] GC(80) Humongous regions: 130->130
[2020-11-06T07:15:31.608+0800][gc,metaspace  ] GC(80) Metaspace: 37026K->37026K(1083392K)
[2020-11-06T07:15:31.608+0800][gc            ] GC(80) Pause Young (Normal) (G1 Evacuation Pause) 615M->146M(1024M) 12.504ms
[2020-11-06T07:15:31.608+0800][gc,cpu        ] GC(80) User=0.02s Sys=0.04s Real=0.01s
[2020-11-06T07:30:12.934+0800][gc,start      ] GC(81) Pause Young (Normal) (G1 Evacuation Pause)
[2020-11-06T07:30:12.934+0800][gc,task       ] GC(81) Using 10 workers of 10 for evacuation
[2020-11-06T07:30:12.944+0800][gc,phases     ] GC(81)   Pre Evacuate Collection Set: 0.1ms
[2020-11-06T07:30:12.944+0800][gc,phases     ] GC(81)   Evacuate Collection Set: 9.5ms
[2020-11-06T07:30:12.944+0800][gc,phases     ] GC(81)   Post Evacuate Collection Set: 0.3ms
[2020-11-06T07:30:12.944+0800][gc,phases     ] GC(81)   Other: 0.6ms
[2020-11-06T07:30:12.944+0800][gc,heap       ] GC(81) Eden regions: 486->0(514)
[2020-11-06T07:30:12.945+0800][gc,heap       ] GC(81) Survivor regions: 4->4(62)
[2020-11-06T07:30:12.945+0800][gc,heap       ] GC(81) Old regions: 13->13
[2020-11-06T07:30:12.945+0800][gc,heap       ] GC(81) Humongous regions: 130->130
[2020-11-06T07:30:12.945+0800][gc,metaspace  ] GC(81) Metaspace: 37029K->37029K(1083392K)
[2020-11-06T07:30:12.945+0800][gc            ] GC(81) Pause Young (Normal) (G1 Evacuation Pause) 632M->146M(1024M) 10.554ms
[2020-11-06T07:30:12.945+0800][gc,cpu        ] GC(81) User=0.02s Sys=0.03s Real=0.01s
[2020-11-06T07:38:28.805+0800][gc,start      ] GC(82) Pause Young (Normal) (G1 Evacuation Pause)
[2020-11-06T07:38:28.806+0800][gc,task       ] GC(82) Using 10 workers of 10 for evacuation
[2020-11-06T07:38:28.819+0800][gc,phases     ] GC(82)   Pre Evacuate Collection Set: 0.1ms
[2020-11-06T07:38:28.819+0800][gc,phases     ] GC(82)   Evacuate Collection Set: 12.4ms
[2020-11-06T07:38:28.819+0800][gc,phases     ] GC(82)   Post Evacuate Collection Set: 0.3ms
[2020-11-06T07:38:28.819+0800][gc,phases     ] GC(82)   Other: 0.9ms
[2020-11-06T07:38:28.819+0800][gc,heap       ] GC(82) Eden regions: 514->0(521)
[2020-11-06T07:38:28.819+0800][gc,heap       ] GC(82) Survivor regions: 4->4(65)
[2020-11-06T07:38:28.819+0800][gc,heap       ] GC(82) Old regions: 13->13
[2020-11-06T07:38:28.819+0800][gc,heap       ] GC(82) Humongous regions: 130->130
[2020-11-06T07:38:28.819+0800][gc,metaspace  ] GC(82) Metaspace: 37044K->37044K(1083392K)
[2020-11-06T07:38:28.819+0800][gc            ] GC(82) Pause Young (Normal) (G1 Evacuation Pause) 660M->146M(1024M) 13.785ms
[2020-11-06T07:38:28.819+0800][gc,cpu        ] GC(82) User=0.03s Sys=0.04s Real=0.01s
[2020-11-06T07:46:52.812+0800][gc,start      ] GC(83) Pause Young (Normal) (G1 Evacuation Pause)
[2020-11-06T07:46:52.812+0800][gc,task       ] GC(83) Using 10 workers of 10 for evacuation
[2020-11-06T07:46:52.821+0800][gc,phases     ] GC(83)   Pre Evacuate Collection Set: 0.0ms
[2020-11-06T07:46:52.821+0800][gc,phases     ] GC(83)   Evacuate Collection Set: 9.0ms
[2020-11-06T07:46:52.821+0800][gc,phases     ] GC(83)   Post Evacuate Collection Set: 0.3ms
[2020-11-06T07:46:52.821+0800][gc,phases     ] GC(83)   Other: 0.2ms
[2020-11-06T07:46:52.821+0800][gc,heap       ] GC(83) Eden regions: 521->0(544)
[2020-11-06T07:46:52.821+0800][gc,heap       ] GC(83) Survivor regions: 4->4(66)
[2020-11-06T07:46:52.821+0800][gc,heap       ] GC(83) Old regions: 13->13
[2020-11-06T07:46:52.821+0800][gc,heap       ] GC(83) Humongous regions: 130->130
[2020-11-06T07:46:52.821+0800][gc,metaspace  ] GC(83) Metaspace: 37050K->37050K(1083392K)
[2020-11-06T07:46:52.821+0800][gc            ] GC(83) Pause Young (Normal) (G1 Evacuation Pause) 667M->146M(1024M) 9.679ms
[2020-11-06T07:46:52.821+0800][gc,cpu        ] GC(83) User=0.03s Sys=0.03s Real=0.01s
[2020-11-06T07:56:13.576+0800][gc,start      ] GC(84) Pause Young (Normal) (G1 Evacuation Pause)
[2020-11-06T07:56:13.576+0800][gc,task       ] GC(84) Using 10 workers of 10 for evacuation
[2020-11-06T07:56:13.589+0800][gc,phases     ] GC(84)   Pre Evacuate Collection Set: 0.0ms
[2020-11-06T07:56:13.589+0800][gc,phases     ] GC(84)   Evacuate Collection Set: 13.2ms
[2020-11-06T07:56:13.589+0800][gc,phases     ] GC(84)   Post Evacuate Collection Set: 0.3ms
[2020-11-06T07:56:13.589+0800][gc,phases     ] GC(84)   Other: 0.2ms
[2020-11-06T07:56:13.589+0800][gc,heap       ] GC(84) Eden regions: 544->0(550)
[2020-11-06T07:56:13.589+0800][gc,heap       ] GC(84) Survivor regions: 4->5(69)
[2020-11-06T07:56:13.589+0800][gc,heap       ] GC(84) Old regions: 13->13
[2020-11-06T07:56:13.589+0800][gc,heap       ] GC(84) Humongous regions: 130->130
[2020-11-06T07:56:13.589+0800][gc,metaspace  ] GC(84) Metaspace: 37050K->37050K(1083392K)
[2020-11-06T07:56:13.589+0800][gc            ] GC(84) Pause Young (Normal) (G1 Evacuation Pause) 690M->146M(1024M) 13.864ms
[2020-11-06T07:56:13.589+0800][gc,cpu        ] GC(84) User=0.03s Sys=0.04s Real=0.01s
[2020-11-06T08:05:02.380+0800][gc,start      ] GC(85) Pause Young (Normal) (G1 Evacuation Pause)
[2020-11-06T08:05:02.380+0800][gc,task       ] GC(85) Using 10 workers of 10 for evacuation
[2020-11-06T08:05:02.389+0800][gc,phases     ] GC(85)   Pre Evacuate Collection Set: 0.0ms
[2020-11-06T08:05:02.390+0800][gc,phases     ] GC(85)   Evacuate Collection Set: 9.2ms
[2020-11-06T08:05:02.390+0800][gc,phases     ] GC(85)   Post Evacuate Collection Set: 0.4ms
[2020-11-06T08:05:02.390+0800][gc,phases     ] GC(85)   Other: 0.2ms
[2020-11-06T08:05:02.390+0800][gc,heap       ] GC(85) Eden regions: 550->0(563)
[2020-11-06T08:05:02.390+0800][gc,heap       ] GC(85) Survivor regions: 5->4(70)
[2020-11-06T08:05:02.390+0800][gc,heap       ] GC(85) Old regions: 13->13
[2020-11-06T08:05:02.390+0800][gc,heap       ] GC(85) Humongous regions: 130->130
[2020-11-06T08:05:02.390+0800][gc,metaspace  ] GC(85) Metaspace: 37050K->37050K(1083392K)
[2020-11-06T08:05:02.390+0800][gc            ] GC(85) Pause Young (Normal) (G1 Evacuation Pause) 696M->146M(1024M) 10.077ms
[2020-11-06T08:05:02.390+0800][gc,cpu        ] GC(85) User=0.03s Sys=0.03s Real=0.01s
[2020-11-06T08:13:53.540+0800][gc,start      ] GC(86) Pause Young (Normal) (G1 Evacuation Pause)
[2020-11-06T08:13:53.541+0800][gc,task       ] GC(86) Using 10 workers of 10 for evacuation
[2020-11-06T08:13:53.553+0800][gc,phases     ] GC(86)   Pre Evacuate Collection Set: 0.0ms
[2020-11-06T08:13:53.553+0800][gc,phases     ] GC(86)   Evacuate Collection Set: 11.6ms
[2020-11-06T08:13:53.553+0800][gc,phases     ] GC(86)   Post Evacuate Collection Set: 0.4ms
[2020-11-06T08:13:53.553+0800][gc,phases     ] GC(86)   Other: 1.0ms
[2020-11-06T08:13:53.553+0800][gc,heap       ] GC(86) Eden regions: 563->0(572)
[2020-11-06T08:13:53.553+0800][gc,heap       ] GC(86) Survivor regions: 4->5(71)
[2020-11-06T08:13:53.553+0800][gc,heap       ] GC(86) Old regions: 13->13
[2020-11-06T08:13:53.553+0800][gc,heap       ] GC(86) Humongous regions: 130->130
[2020-11-06T08:13:53.553+0800][gc,metaspace  ] GC(86) Metaspace: 37053K->37053K(1083392K)
[2020-11-06T08:13:53.554+0800][gc            ] GC(86) Pause Young (Normal) (G1 Evacuation Pause) 709M->147M(1024M) 13.137ms
[2020-11-06T08:13:53.554+0800][gc,cpu        ] GC(86) User=0.03s Sys=0.04s Real=0.01s
