[2020-11-06T18:44:15.568+0800][gc,heap] Heap region size: 1M
[2020-11-06T18:44:15.577+0800][gc     ] Using G1
[2020-11-06T18:44:15.577+0800][gc,heap,coops] Heap address: 0x00000007c0000000, size: 1024 MB, Compressed Oops mode: Zero based, Oop shift amount: 3
[2020-11-06T18:44:16.645+0800][gc,start     ] GC(0) Pause Young (Concurrent Start) (Metadata GC Threshold)
[2020-11-06T18:44:16.645+0800][gc,task      ] GC(0) Using 10 workers of 10 for evacuation
[2020-11-06T18:44:16.651+0800][gc,phases    ] GC(0)   Pre Evacuate Collection Set: 0.0ms
[2020-11-06T18:44:16.651+0800][gc,phases    ] GC(0)   Evacuate Collection Set: 5.0ms
[2020-11-06T18:44:16.651+0800][gc,phases    ] GC(0)   Post Evacuate Collection Set: 0.3ms
[2020-11-06T18:44:16.651+0800][gc,phases    ] GC(0)   Other: 0.7ms
[2020-11-06T18:44:16.651+0800][gc,heap      ] GC(0) Eden regions: 41->0(45)
[2020-11-06T18:44:16.651+0800][gc,heap      ] GC(0) Survivor regions: 0->6(7)
[2020-11-06T18:44:16.651+0800][gc,heap      ] GC(0) Old regions: 0->0
[2020-11-06T18:44:16.651+0800][gc,heap      ] GC(0) Humongous regions: 1->1
[2020-11-06T18:44:16.651+0800][gc,metaspace ] GC(0) Metaspace: 20660K->20660K(1069056K)
[2020-11-06T18:44:16.651+0800][gc           ] GC(0) Pause Young (Concurrent Start) (Metadata GC Threshold) 42M->6M(1024M) 6.176ms
[2020-11-06T18:44:16.651+0800][gc,cpu       ] GC(0) User=0.03s Sys=0.02s Real=0.01s
[2020-11-06T18:44:16.651+0800][gc           ] GC(1) Concurrent Cycle
[2020-11-06T18:44:16.651+0800][gc,marking   ] GC(1) Concurrent Clear Claimed Marks
[2020-11-06T18:44:16.651+0800][gc,marking   ] GC(1) Concurrent Clear Claimed Marks 0.024ms
[2020-11-06T18:44:16.651+0800][gc,marking   ] GC(1) Concurrent Scan Root Regions
[2020-11-06T18:44:16.652+0800][gc,marking   ] GC(1) Concurrent Scan Root Regions 1.451ms
[2020-11-06T18:44:16.652+0800][gc,marking   ] GC(1) Concurrent Mark (1.120s)
[2020-11-06T18:44:16.652+0800][gc,marking   ] GC(1) Concurrent Mark From Roots
[2020-11-06T18:44:16.652+0800][gc,task      ] GC(1) Using 3 workers of 3 for marking
[2020-11-06T18:44:16.653+0800][gc,marking   ] GC(1) Concurrent Mark From Roots 0.181ms
[2020-11-06T18:44:16.653+0800][gc,marking   ] GC(1) Concurrent Preclean
[2020-11-06T18:44:16.653+0800][gc,marking   ] GC(1) Concurrent Preclean 0.035ms
[2020-11-06T18:44:16.653+0800][gc,marking   ] GC(1) Concurrent Mark (1.120s, 1.120s) 0.270ms
[2020-11-06T18:44:16.653+0800][gc,start     ] GC(1) Pause Remark
[2020-11-06T18:44:16.654+0800][gc,stringtable] GC(1) Cleaned string and symbol table, strings: 7883 processed, 0 removed, symbols: 66470 processed, 36 removed
[2020-11-06T18:44:16.654+0800][gc            ] GC(1) Pause Remark 7M->7M(1024M) 1.128ms
[2020-11-06T18:44:16.654+0800][gc,cpu        ] GC(1) User=0.01s Sys=0.00s Real=0.00s
[2020-11-06T18:44:16.654+0800][gc,marking    ] GC(1) Concurrent Rebuild Remembered Sets
[2020-11-06T18:44:16.654+0800][gc,marking    ] GC(1) Concurrent Rebuild Remembered Sets 0.079ms
[2020-11-06T18:44:16.654+0800][gc,start      ] GC(1) Pause Cleanup
[2020-11-06T18:44:16.655+0800][gc            ] GC(1) Pause Cleanup 7M->7M(1024M) 0.117ms
[2020-11-06T18:44:16.655+0800][gc,cpu        ] GC(1) User=0.00s Sys=0.00s Real=0.00s
[2020-11-06T18:44:16.655+0800][gc,marking    ] GC(1) Concurrent Cleanup for Next Mark
[2020-11-06T18:44:16.660+0800][gc,marking    ] GC(1) Concurrent Cleanup for Next Mark 5.542ms
[2020-11-06T18:44:16.660+0800][gc            ] GC(1) Concurrent Cycle 9.304ms
[2020-11-06T18:44:17.390+0800][gc,start      ] GC(2) Pause Young (Normal) (G1 Evacuation Pause)
[2020-11-06T18:44:17.390+0800][gc,task       ] GC(2) Using 10 workers of 10 for evacuation
[2020-11-06T18:44:17.396+0800][gc,phases     ] GC(2)   Pre Evacuate Collection Set: 0.0ms
[2020-11-06T18:44:17.396+0800][gc,phases     ] GC(2)   Evacuate Collection Set: 5.7ms
[2020-11-06T18:44:17.396+0800][gc,phases     ] GC(2)   Post Evacuate Collection Set: 0.8ms
[2020-11-06T18:44:17.396+0800][gc,phases     ] GC(2)   Other: 0.2ms
[2020-11-06T18:44:17.397+0800][gc,heap       ] GC(2) Eden regions: 45->0(47)
[2020-11-06T18:44:17.397+0800][gc,heap       ] GC(2) Survivor regions: 6->4(7)
[2020-11-06T18:44:17.397+0800][gc,heap       ] GC(2) Old regions: 0->6
[2020-11-06T18:44:17.397+0800][gc,heap       ] GC(2) Humongous regions: 130->130
[2020-11-06T18:44:17.397+0800][gc,metaspace  ] GC(2) Metaspace: 28827K->28827K(1075200K)
[2020-11-06T18:44:17.397+0800][gc            ] GC(2) Pause Young (Normal) (G1 Evacuation Pause) 180M->138M(1024M) 7.097ms
[2020-11-06T18:44:17.397+0800][gc,cpu        ] GC(2) User=0.04s Sys=0.01s Real=0.00s
[2020-11-06T18:44:46.281+0800][gc,start      ] GC(3) Pause Young (Normal) (G1 Evacuation Pause)
[2020-11-06T18:44:46.282+0800][gc,task       ] GC(3) Using 10 workers of 10 for evacuation
[2020-11-06T18:44:46.287+0800][gc,phases     ] GC(3)   Pre Evacuate Collection Set: 0.1ms
[2020-11-06T18:44:46.287+0800][gc,phases     ] GC(3)   Evacuate Collection Set: 3.6ms
[2020-11-06T18:44:46.287+0800][gc,phases     ] GC(3)   Post Evacuate Collection Set: 0.4ms
[2020-11-06T18:44:46.287+0800][gc,phases     ] GC(3)   Other: 1.0ms
[2020-11-06T18:44:46.287+0800][gc,heap       ] GC(3) Eden regions: 47->0(45)
[2020-11-06T18:44:46.287+0800][gc,heap       ] GC(3) Survivor regions: 4->6(7)
[2020-11-06T18:44:46.287+0800][gc,heap       ] GC(3) Old regions: 6->6
[2020-11-06T18:44:46.287+0800][gc,heap       ] GC(3) Humongous regions: 130->130
[2020-11-06T18:44:46.287+0800][gc,metaspace  ] GC(3) Metaspace: 34374K->34374K(1081344K)
[2020-11-06T18:44:46.287+0800][gc            ] GC(3) Pause Young (Normal) (G1 Evacuation Pause) 185M->140M(1024M) 5.317ms
[2020-11-06T18:44:46.287+0800][gc,cpu        ] GC(3) User=0.03s Sys=0.00s Real=0.00s
[2020-11-06T18:45:17.747+0800][gc,start      ] GC(4) Pause Young (Normal) (G1 Evacuation Pause)
[2020-11-06T18:45:17.747+0800][gc,task       ] GC(4) Using 10 workers of 10 for evacuation
[2020-11-06T18:45:17.751+0800][gc,phases     ] GC(4)   Pre Evacuate Collection Set: 0.0ms
[2020-11-06T18:45:17.751+0800][gc,phases     ] GC(4)   Evacuate Collection Set: 3.6ms
[2020-11-06T18:45:17.751+0800][gc,phases     ] GC(4)   Post Evacuate Collection Set: 0.2ms
[2020-11-06T18:45:17.751+0800][gc,phases     ] GC(4)   Other: 0.8ms
[2020-11-06T18:45:17.751+0800][gc,heap       ] GC(4) Eden regions: 45->0(48)
[2020-11-06T18:45:17.751+0800][gc,heap       ] GC(4) Survivor regions: 6->3(7)
[2020-11-06T18:45:17.752+0800][gc,heap       ] GC(4) Old regions: 6->9
[2020-11-06T18:45:17.752+0800][gc,heap       ] GC(4) Humongous regions: 130->130
[2020-11-06T18:45:17.752+0800][gc,metaspace  ] GC(4) Metaspace: 34567K->34567K(1081344K)
[2020-11-06T18:45:17.752+0800][gc            ] GC(4) Pause Young (Normal) (G1 Evacuation Pause) 185M->141M(1024M) 4.758ms
[2020-11-06T18:45:17.752+0800][gc,cpu        ] GC(4) User=0.03s Sys=0.00s Real=0.01s
[2020-11-06T18:45:56.963+0800][gc,start      ] GC(5) Pause Young (Normal) (G1 Evacuation Pause)
[2020-11-06T18:45:56.963+0800][gc,task       ] GC(5) Using 10 workers of 10 for evacuation
[2020-11-06T18:45:56.967+0800][gc,phases     ] GC(5)   Pre Evacuate Collection Set: 0.0ms
[2020-11-06T18:45:56.967+0800][gc,phases     ] GC(5)   Evacuate Collection Set: 3.8ms
[2020-11-06T18:45:56.967+0800][gc,phases     ] GC(5)   Post Evacuate Collection Set: 0.2ms
[2020-11-06T18:45:56.967+0800][gc,phases     ] GC(5)   Other: 0.2ms
[2020-11-06T18:45:56.967+0800][gc,heap       ] GC(5) Eden regions: 48->0(47)
[2020-11-06T18:45:56.967+0800][gc,heap       ] GC(5) Survivor regions: 3->4(7)
[2020-11-06T18:45:56.967+0800][gc,heap       ] GC(5) Old regions: 9->9
[2020-11-06T18:45:56.967+0800][gc,heap       ] GC(5) Humongous regions: 130->130
[2020-11-06T18:45:56.967+0800][gc,metaspace  ] GC(5) Metaspace: 34635K->34635K(1081344K)
[2020-11-06T18:45:56.967+0800][gc            ] GC(5) Pause Young (Normal) (G1 Evacuation Pause) 189M->142M(1024M) 4.358ms
[2020-11-06T18:45:56.967+0800][gc,cpu        ] GC(5) User=0.03s Sys=0.00s Real=0.00s
[2020-11-06T18:46:37.531+0800][gc,start      ] GC(6) Pause Young (Normal) (G1 Evacuation Pause)
[2020-11-06T18:46:37.531+0800][gc,task       ] GC(6) Using 10 workers of 10 for evacuation
[2020-11-06T18:46:37.535+0800][gc,phases     ] GC(6)   Pre Evacuate Collection Set: 0.0ms
[2020-11-06T18:46:37.535+0800][gc,phases     ] GC(6)   Evacuate Collection Set: 3.3ms
[2020-11-06T18:46:37.535+0800][gc,phases     ] GC(6)   Post Evacuate Collection Set: 0.2ms
[2020-11-06T18:46:37.535+0800][gc,phases     ] GC(6)   Other: 0.4ms
[2020-11-06T18:46:37.535+0800][gc,heap       ] GC(6) Eden regions: 47->0(48)
[2020-11-06T18:46:37.535+0800][gc,heap       ] GC(6) Survivor regions: 4->3(7)
[2020-11-06T18:46:37.535+0800][gc,heap       ] GC(6) Old regions: 9->10
[2020-11-06T18:46:37.535+0800][gc,heap       ] GC(6) Humongous regions: 130->130
[2020-11-06T18:46:37.535+0800][gc,metaspace  ] GC(6) Metaspace: 34679K->34679K(1081344K)
[2020-11-06T18:46:37.535+0800][gc            ] GC(6) Pause Young (Normal) (G1 Evacuation Pause) 189M->142M(1024M) 3.984ms
[2020-11-06T18:46:37.535+0800][gc,cpu        ] GC(6) User=0.03s Sys=0.01s Real=0.00s
[2020-11-06T18:47:19.309+0800][gc,start      ] GC(7) Pause Young (Normal) (G1 Evacuation Pause)
[2020-11-06T18:47:19.309+0800][gc,task       ] GC(7) Using 10 workers of 10 for evacuation
[2020-11-06T18:47:19.311+0800][gc,phases     ] GC(7)   Pre Evacuate Collection Set: 0.1ms
[2020-11-06T18:47:19.311+0800][gc,phases     ] GC(7)   Evacuate Collection Set: 1.8ms
[2020-11-06T18:47:19.311+0800][gc,phases     ] GC(7)   Post Evacuate Collection Set: 0.2ms
[2020-11-06T18:47:19.312+0800][gc,phases     ] GC(7)   Other: 0.3ms
[2020-11-06T18:47:19.312+0800][gc,heap       ] GC(7) Eden regions: 48->0(50)
[2020-11-06T18:47:19.312+0800][gc,heap       ] GC(7) Survivor regions: 3->4(7)
[2020-11-06T18:47:19.312+0800][gc,heap       ] GC(7) Old regions: 10->10
[2020-11-06T18:47:19.312+0800][gc,heap       ] GC(7) Humongous regions: 130->130
[2020-11-06T18:47:19.312+0800][gc,metaspace  ] GC(7) Metaspace: 34743K->34743K(1081344K)
[2020-11-06T18:47:19.312+0800][gc            ] GC(7) Pause Young (Normal) (G1 Evacuation Pause) 190M->143M(1024M) 2.645ms
[2020-11-06T18:47:19.312+0800][gc,cpu        ] GC(7) User=0.02s Sys=0.00s Real=0.01s
[2020-11-06T20:41:44.600+0800][gc,start      ] GC(8) Pause Young (Normal) (G1 Evacuation Pause)
[2020-11-06T20:41:44.600+0800][gc,task       ] GC(8) Using 10 workers of 10 for evacuation
[2020-11-06T20:41:44.605+0800][gc,phases     ] GC(8)   Pre Evacuate Collection Set: 0.0ms
[2020-11-06T20:41:44.605+0800][gc,phases     ] GC(8)   Evacuate Collection Set: 4.7ms
[2020-11-06T20:41:44.605+0800][gc,phases     ] GC(8)   Post Evacuate Collection Set: 0.2ms
[2020-11-06T20:41:44.605+0800][gc,phases     ] GC(8)   Other: 0.4ms
[2020-11-06T20:41:44.605+0800][gc,heap       ] GC(8) Eden regions: 50->0(79)
[2020-11-06T20:41:44.605+0800][gc,heap       ] GC(8) Survivor regions: 4->6(7)
[2020-11-06T20:41:44.605+0800][gc,heap       ] GC(8) Old regions: 10->10
[2020-11-06T20:41:44.605+0800][gc,heap       ] GC(8) Humongous regions: 130->130
[2020-11-06T20:41:44.605+0800][gc,metaspace  ] GC(8) Metaspace: 35009K->35009K(1081344K)
[2020-11-06T20:41:44.606+0800][gc            ] GC(8) Pause Young (Normal) (G1 Evacuation Pause) 193M->145M(1024M) 5.493ms
[2020-11-06T20:41:44.606+0800][gc,cpu        ] GC(8) User=0.03s Sys=0.00s Real=0.00s
[2020-11-06T22:41:18.100+0800][gc,start      ] GC(9) Pause Young (Concurrent Start) (Metadata GC Threshold)
[2020-11-06T22:41:18.101+0800][gc,task       ] GC(9) Using 10 workers of 10 for evacuation
[2020-11-06T22:41:18.108+0800][gc,phases     ] GC(9)   Pre Evacuate Collection Set: 0.0ms
[2020-11-06T22:41:18.108+0800][gc,phases     ] GC(9)   Evacuate Collection Set: 7.3ms
[2020-11-06T22:41:18.108+0800][gc,phases     ] GC(9)   Post Evacuate Collection Set: 0.2ms
[2020-11-06T22:41:18.108+0800][gc,phases     ] GC(9)   Other: 0.7ms
[2020-11-06T22:41:18.108+0800][gc,heap       ] GC(9) Eden regions: 54->0(89)
[2020-11-06T22:41:18.108+0800][gc,heap       ] GC(9) Survivor regions: 6->9(11)
[2020-11-06T22:41:18.108+0800][gc,heap       ] GC(9) Old regions: 10->10
[2020-11-06T22:41:18.108+0800][gc,heap       ] GC(9) Humongous regions: 130->130
[2020-11-06T22:41:18.108+0800][gc,metaspace  ] GC(9) Metaspace: 35054K->35054K(1081344K)
[2020-11-06T22:41:18.108+0800][gc            ] GC(9) Pause Young (Concurrent Start) (Metadata GC Threshold) 198M->147M(1024M) 8.291ms
[2020-11-06T22:41:18.109+0800][gc,cpu        ] GC(9) User=0.05s Sys=0.01s Real=0.00s
[2020-11-06T22:41:18.109+0800][gc            ] GC(10) Concurrent Cycle
[2020-11-06T22:41:18.109+0800][gc,marking    ] GC(10) Concurrent Clear Claimed Marks
[2020-11-06T22:41:18.109+0800][gc,marking    ] GC(10) Concurrent Clear Claimed Marks 0.039ms
[2020-11-06T22:41:18.109+0800][gc,marking    ] GC(10) Concurrent Scan Root Regions
[2020-11-06T22:41:18.112+0800][gc,marking    ] GC(10) Concurrent Scan Root Regions 3.736ms
[2020-11-06T22:41:18.116+0800][gc,marking    ] GC(10) Concurrent Mark (273.345s)
[2020-11-06T22:41:18.116+0800][gc,marking    ] GC(10) Concurrent Mark From Roots
[2020-11-06T22:41:18.116+0800][gc,task       ] GC(10) Using 3 workers of 3 for marking
[2020-11-06T22:41:18.125+0800][gc,marking    ] GC(10) Concurrent Mark From Roots 8.775ms
[2020-11-06T22:41:18.125+0800][gc,marking    ] GC(10) Concurrent Preclean
[2020-11-06T22:41:18.125+0800][gc,marking    ] GC(10) Concurrent Preclean 0.102ms
[2020-11-06T22:41:18.125+0800][gc,marking    ] GC(10) Concurrent Mark (273.345s, 273.354s) 8.967ms
[2020-11-06T22:41:18.125+0800][gc,start      ] GC(10) Pause Remark
[2020-11-06T22:41:18.130+0800][gc,stringtable] GC(10) Cleaned string and symbol table, strings: 13115 processed, 19 removed, symbols: 92532 processed, 20 removed
[2020-11-06T22:41:18.130+0800][gc            ] GC(10) Pause Remark 148M->148M(1024M) 4.604ms
[2020-11-06T22:41:18.130+0800][gc,cpu        ] GC(10) User=0.02s Sys=0.00s Real=0.01s
[2020-11-06T22:41:18.130+0800][gc,marking    ] GC(10) Concurrent Rebuild Remembered Sets
[2020-11-06T22:41:18.135+0800][gc,marking    ] GC(10) Concurrent Rebuild Remembered Sets 5.414ms
[2020-11-06T22:41:18.136+0800][gc,start      ] GC(10) Pause Cleanup
[2020-11-06T22:41:18.136+0800][gc            ] GC(10) Pause Cleanup 148M->148M(1024M) 0.167ms
[2020-11-06T22:41:18.136+0800][gc,cpu        ] GC(10) User=0.00s Sys=0.00s Real=0.00s
[2020-11-06T22:41:18.136+0800][gc,marking    ] GC(10) Concurrent Cleanup for Next Mark
[2020-11-06T22:41:18.145+0800][gc,marking    ] GC(10) Concurrent Cleanup for Next Mark 8.806ms
[2020-11-06T22:41:18.145+0800][gc            ] GC(10) Concurrent Cycle 36.040ms
[2020-11-06T22:41:51.025+0800][gc,start      ] GC(11) Pause Young (Normal) (G1 Evacuation Pause)
[2020-11-06T22:41:51.025+0800][gc,task       ] GC(11) Using 10 workers of 10 for evacuation
[2020-11-06T22:41:51.033+0800][gc,phases     ] GC(11)   Pre Evacuate Collection Set: 0.0ms
[2020-11-06T22:41:51.034+0800][gc,phases     ] GC(11)   Evacuate Collection Set: 7.6ms
[2020-11-06T22:41:51.034+0800][gc,phases     ] GC(11)   Post Evacuate Collection Set: 0.3ms
[2020-11-06T22:41:51.034+0800][gc,phases     ] GC(11)   Other: 0.6ms
[2020-11-06T22:41:51.034+0800][gc,heap       ] GC(11) Eden regions: 42->0(151)
[2020-11-06T22:41:51.034+0800][gc,heap       ] GC(11) Survivor regions: 9->5(7)
[2020-11-06T22:41:51.034+0800][gc,heap       ] GC(11) Old regions: 10->17
[2020-11-06T22:41:51.034+0800][gc,heap       ] GC(11) Humongous regions: 130->130
[2020-11-06T22:41:51.034+0800][gc,metaspace  ] GC(11) Metaspace: 35067K->35067K(1081344K)
[2020-11-06T22:41:51.034+0800][gc            ] GC(11) Pause Young (Normal) (G1 Evacuation Pause) 189M->151M(1024M) 8.697ms
[2020-11-06T22:41:51.034+0800][gc,cpu        ] GC(11) User=0.06s Sys=0.01s Real=0.01s
[2020-11-06T22:44:01.447+0800][gc,start      ] GC(12) Pause Young (Normal) (G1 Evacuation Pause)
[2020-11-06T22:44:01.448+0800][gc,task       ] GC(12) Using 10 workers of 10 for evacuation
[2020-11-06T22:44:01.455+0800][gc,phases     ] GC(12)   Pre Evacuate Collection Set: 0.0ms
[2020-11-06T22:44:01.455+0800][gc,phases     ] GC(12)   Evacuate Collection Set: 6.4ms
[2020-11-06T22:44:01.455+0800][gc,phases     ] GC(12)   Post Evacuate Collection Set: 0.3ms
[2020-11-06T22:44:01.455+0800][gc,phases     ] GC(12)   Other: 1.0ms
[2020-11-06T22:44:01.455+0800][gc,heap       ] GC(12) Eden regions: 151->0(104)
[2020-11-06T22:44:01.455+0800][gc,heap       ] GC(12) Survivor regions: 5->10(20)
[2020-11-06T22:44:01.455+0800][gc,heap       ] GC(12) Old regions: 17->17
[2020-11-06T22:44:01.455+0800][gc,heap       ] GC(12) Humongous regions: 130->130
[2020-11-06T22:44:01.455+0800][gc,metaspace  ] GC(12) Metaspace: 35077K->35077K(1081344K)
[2020-11-06T22:44:01.455+0800][gc            ] GC(12) Pause Young (Normal) (G1 Evacuation Pause) 302M->156M(1024M) 7.906ms
[2020-11-06T22:44:01.455+0800][gc,cpu        ] GC(12) User=0.05s Sys=0.01s Real=0.01s
[2020-11-06T22:45:31.673+0800][gc,start      ] GC(13) Pause Young (Normal) (G1 Evacuation Pause)
[2020-11-06T22:45:31.674+0800][gc,task       ] GC(13) Using 10 workers of 10 for evacuation
[2020-11-06T22:45:31.682+0800][gc,phases     ] GC(13)   Pre Evacuate Collection Set: 0.0ms
[2020-11-06T22:45:31.682+0800][gc,phases     ] GC(13)   Evacuate Collection Set: 7.2ms
[2020-11-06T22:45:31.682+0800][gc,phases     ] GC(13)   Post Evacuate Collection Set: 0.2ms
[2020-11-06T22:45:31.682+0800][gc,phases     ] GC(13)   Other: 1.0ms
[2020-11-06T22:45:31.682+0800][gc,heap       ] GC(13) Eden regions: 104->0(140)
[2020-11-06T22:45:31.682+0800][gc,heap       ] GC(13) Survivor regions: 10->8(15)
[2020-11-06T22:45:31.682+0800][gc,heap       ] GC(13) Old regions: 17->21
[2020-11-06T22:45:31.682+0800][gc,heap       ] GC(13) Humongous regions: 130->130
[2020-11-06T22:45:31.682+0800][gc,metaspace  ] GC(13) Metaspace: 35084K->35084K(1081344K)
[2020-11-06T22:45:31.682+0800][gc            ] GC(13) Pause Young (Normal) (G1 Evacuation Pause) 260M->158M(1024M) 8.641ms
[2020-11-06T22:45:31.682+0800][gc,cpu        ] GC(13) User=0.06s Sys=0.01s Real=0.01s
[2020-11-06T22:47:33.201+0800][gc,start      ] GC(14) Pause Young (Normal) (G1 Evacuation Pause)
[2020-11-06T22:47:33.201+0800][gc,task       ] GC(14) Using 10 workers of 10 for evacuation
[2020-11-06T22:47:33.208+0800][gc,phases     ] GC(14)   Pre Evacuate Collection Set: 0.0ms
[2020-11-06T22:47:33.208+0800][gc,phases     ] GC(14)   Evacuate Collection Set: 6.3ms
[2020-11-06T22:47:33.208+0800][gc,phases     ] GC(14)   Post Evacuate Collection Set: 0.3ms
[2020-11-06T22:47:33.208+0800][gc,phases     ] GC(14)   Other: 0.3ms
[2020-11-06T22:47:33.208+0800][gc,heap       ] GC(14) Eden regions: 140->0(153)
[2020-11-06T22:47:33.208+0800][gc,heap       ] GC(14) Survivor regions: 8->11(19)
[2020-11-06T22:47:33.208+0800][gc,heap       ] GC(14) Old regions: 21->21
[2020-11-06T22:47:33.208+0800][gc,heap       ] GC(14) Humongous regions: 130->130
[2020-11-06T22:47:33.208+0800][gc,metaspace  ] GC(14) Metaspace: 35115K->35115K(1081344K)
[2020-11-06T22:47:33.208+0800][gc            ] GC(14) Pause Young (Normal) (G1 Evacuation Pause) 298M->161M(1024M) 7.050ms
[2020-11-06T22:47:33.208+0800][gc,cpu        ] GC(14) User=0.06s Sys=0.00s Real=0.00s
[2020-11-06T22:49:47.430+0800][gc,start      ] GC(15) Pause Young (Normal) (G1 Evacuation Pause)
[2020-11-06T22:49:47.430+0800][gc,task       ] GC(15) Using 10 workers of 10 for evacuation
[2020-11-06T22:49:47.439+0800][gc,phases     ] GC(15)   Pre Evacuate Collection Set: 0.0ms
[2020-11-06T22:49:47.439+0800][gc,phases     ] GC(15)   Evacuate Collection Set: 9.1ms
[2020-11-06T22:49:47.439+0800][gc,phases     ] GC(15)   Post Evacuate Collection Set: 0.2ms
[2020-11-06T22:49:47.439+0800][gc,phases     ] GC(15)   Other: 0.3ms
[2020-11-06T22:49:47.439+0800][gc,heap       ] GC(15) Eden regions: 153->0(158)
[2020-11-06T22:49:47.439+0800][gc,heap       ] GC(15) Survivor regions: 11->14(21)
[2020-11-06T22:49:47.439+0800][gc,heap       ] GC(15) Old regions: 21->21
[2020-11-06T22:49:47.439+0800][gc,heap       ] GC(15) Humongous regions: 130->130
[2020-11-06T22:49:47.439+0800][gc,metaspace  ] GC(15) Metaspace: 35124K->35124K(1081344K)
[2020-11-06T22:49:47.439+0800][gc            ] GC(15) Pause Young (Normal) (G1 Evacuation Pause) 314M->164M(1024M) 9.723ms
[2020-11-06T22:49:47.439+0800][gc,cpu        ] GC(15) User=0.07s Sys=0.02s Real=0.00s
[2020-11-06T22:52:05.805+0800][gc,start      ] GC(16) Pause Young (Normal) (G1 Evacuation Pause)
[2020-11-06T22:52:05.805+0800][gc,task       ] GC(16) Using 10 workers of 10 for evacuation
[2020-11-06T22:52:05.816+0800][gc,phases     ] GC(16)   Pre Evacuate Collection Set: 0.0ms
[2020-11-06T22:52:05.816+0800][gc,phases     ] GC(16)   Evacuate Collection Set: 9.6ms
[2020-11-06T22:52:05.816+0800][gc,phases     ] GC(16)   Post Evacuate Collection Set: 0.2ms
[2020-11-06T22:52:05.816+0800][gc,phases     ] GC(16)   Other: 1.3ms
[2020-11-06T22:52:05.816+0800][gc,heap       ] GC(16) Eden regions: 158->0(161)
[2020-11-06T22:52:05.816+0800][gc,heap       ] GC(16) Survivor regions: 14->13(22)
[2020-11-06T22:52:05.816+0800][gc,heap       ] GC(16) Old regions: 21->25
[2020-11-06T22:52:05.816+0800][gc,heap       ] GC(16) Humongous regions: 130->130
[2020-11-06T22:52:05.816+0800][gc,metaspace  ] GC(16) Metaspace: 35142K->35142K(1081344K)
[2020-11-06T22:52:05.816+0800][gc            ] GC(16) Pause Young (Normal) (G1 Evacuation Pause) 322M->167M(1024M) 11.247ms
[2020-11-06T22:52:05.817+0800][gc,cpu        ] GC(16) User=0.09s Sys=0.01s Real=0.01s
[2020-11-06T22:54:27.143+0800][gc,start      ] GC(17) Pause Young (Normal) (G1 Evacuation Pause)
[2020-11-06T22:54:27.143+0800][gc,task       ] GC(17) Using 10 workers of 10 for evacuation
[2020-11-06T22:54:27.154+0800][gc,phases     ] GC(17)   Pre Evacuate Collection Set: 0.0ms
[2020-11-06T22:54:27.154+0800][gc,phases     ] GC(17)   Evacuate Collection Set: 10.2ms
[2020-11-06T22:54:27.154+0800][gc,phases     ] GC(17)   Post Evacuate Collection Set: 0.3ms
[2020-11-06T22:54:27.154+0800][gc,phases     ] GC(17)   Other: 0.3ms
[2020-11-06T22:54:27.154+0800][gc,heap       ] GC(17) Eden regions: 161->0(185)
[2020-11-06T22:54:27.154+0800][gc,heap       ] GC(17) Survivor regions: 13->15(22)
[2020-11-06T22:54:27.154+0800][gc,heap       ] GC(17) Old regions: 25->28
[2020-11-06T22:54:27.154+0800][gc,heap       ] GC(17) Humongous regions: 130->130
[2020-11-06T22:54:27.154+0800][gc,metaspace  ] GC(17) Metaspace: 35169K->35169K(1081344K)
[2020-11-06T22:54:27.154+0800][gc            ] GC(17) Pause Young (Normal) (G1 Evacuation Pause) 328M->171M(1024M) 10.876ms
[2020-11-06T22:54:27.154+0800][gc,cpu        ] GC(17) User=0.10s Sys=0.00s Real=0.01s
[2020-11-06T22:57:09.163+0800][gc,start      ] GC(18) Pause Young (Normal) (G1 Evacuation Pause)
[2020-11-06T22:57:09.163+0800][gc,task       ] GC(18) Using 10 workers of 10 for evacuation
[2020-11-06T22:57:09.174+0800][gc,phases     ] GC(18)   Pre Evacuate Collection Set: 0.0ms
[2020-11-06T22:57:09.174+0800][gc,phases     ] GC(18)   Evacuate Collection Set: 10.0ms
[2020-11-06T22:57:09.174+0800][gc,phases     ] GC(18)   Post Evacuate Collection Set: 0.3ms
[2020-11-06T22:57:09.174+0800][gc,phases     ] GC(18)   Other: 0.2ms
[2020-11-06T22:57:09.174+0800][gc,heap       ] GC(18) Eden regions: 185->0(205)
[2020-11-06T22:57:09.174+0800][gc,heap       ] GC(18) Survivor regions: 15->16(25)
[2020-11-06T22:57:09.174+0800][gc,heap       ] GC(18) Old regions: 28->31
[2020-11-06T22:57:09.174+0800][gc,heap       ] GC(18) Humongous regions: 130->130
[2020-11-06T22:57:09.174+0800][gc,metaspace  ] GC(18) Metaspace: 35197K->35197K(1081344K)
[2020-11-06T22:57:09.174+0800][gc            ] GC(18) Pause Young (Normal) (G1 Evacuation Pause) 356M->175M(1024M) 10.641ms
[2020-11-06T22:57:09.174+0800][gc,cpu        ] GC(18) User=0.07s Sys=0.01s Real=0.01s
[2020-11-06T23:00:08.773+0800][gc,start      ] GC(19) Pause Young (Normal) (G1 Evacuation Pause)
[2020-11-06T23:00:08.773+0800][gc,task       ] GC(19) Using 10 workers of 10 for evacuation
[2020-11-06T23:00:08.786+0800][gc,phases     ] GC(19)   Pre Evacuate Collection Set: 0.0ms
[2020-11-06T23:00:08.786+0800][gc,phases     ] GC(19)   Evacuate Collection Set: 12.5ms
[2020-11-06T23:00:08.786+0800][gc,phases     ] GC(19)   Post Evacuate Collection Set: 0.3ms
[2020-11-06T23:00:08.786+0800][gc,phases     ] GC(19)   Other: 0.3ms
[2020-11-06T23:00:08.786+0800][gc,heap       ] GC(19) Eden regions: 205->0(266)
[2020-11-06T23:00:08.786+0800][gc,heap       ] GC(19) Survivor regions: 16->17(28)
[2020-11-06T23:00:08.786+0800][gc,heap       ] GC(19) Old regions: 31->34
[2020-11-06T23:00:08.786+0800][gc,heap       ] GC(19) Humongous regions: 130->130
[2020-11-06T23:00:08.786+0800][gc,metaspace  ] GC(19) Metaspace: 35207K->35207K(1081344K)
[2020-11-06T23:00:08.786+0800][gc            ] GC(19) Pause Young (Normal) (G1 Evacuation Pause) 380M->180M(1024M) 13.177ms
[2020-11-06T23:00:08.786+0800][gc,cpu        ] GC(19) User=0.10s Sys=0.01s Real=0.01s
[2020-11-06T23:04:02.462+0800][gc,start      ] GC(20) Pause Young (Normal) (G1 Evacuation Pause)
[2020-11-06T23:04:02.462+0800][gc,task       ] GC(20) Using 10 workers of 10 for evacuation
[2020-11-06T23:04:02.480+0800][gc,phases     ] GC(20)   Pre Evacuate Collection Set: 0.0ms
[2020-11-06T23:04:02.480+0800][gc,phases     ] GC(20)   Evacuate Collection Set: 16.3ms
[2020-11-06T23:04:02.480+0800][gc,phases     ] GC(20)   Post Evacuate Collection Set: 0.4ms
[2020-11-06T23:04:02.480+0800][gc,phases     ] GC(20)   Other: 1.2ms
[2020-11-06T23:04:02.480+0800][gc,heap       ] GC(20) Eden regions: 266->0(270)
[2020-11-06T23:04:02.480+0800][gc,heap       ] GC(20) Survivor regions: 17->22(36)
[2020-11-06T23:04:02.480+0800][gc,heap       ] GC(20) Old regions: 34->34
[2020-11-06T23:04:02.480+0800][gc,heap       ] GC(20) Humongous regions: 130->130
[2020-11-06T23:04:02.480+0800][gc,metaspace  ] GC(20) Metaspace: 35217K->35217K(1081344K)
[2020-11-06T23:04:02.480+0800][gc            ] GC(20) Pause Young (Normal) (G1 Evacuation Pause) 446M->185M(1024M) 18.055ms
[2020-11-06T23:04:02.480+0800][gc,cpu        ] GC(20) User=0.12s Sys=0.02s Real=0.02s
[2020-11-06T23:07:43.773+0800][gc,start      ] GC(21) Pause Young (Normal) (G1 Evacuation Pause)
[2020-11-06T23:07:43.773+0800][gc,task       ] GC(21) Using 10 workers of 10 for evacuation
[2020-11-06T23:07:43.789+0800][gc,phases     ] GC(21)   Pre Evacuate Collection Set: 0.0ms
[2020-11-06T23:07:43.789+0800][gc,phases     ] GC(21)   Evacuate Collection Set: 14.8ms
[2020-11-06T23:07:43.789+0800][gc,phases     ] GC(21)   Post Evacuate Collection Set: 0.3ms
[2020-11-06T23:07:43.789+0800][gc,phases     ] GC(21)   Other: 0.4ms
[2020-11-06T23:07:43.789+0800][gc,heap       ] GC(21) Eden regions: 270->0(247)
[2020-11-06T23:07:43.789+0800][gc,heap       ] GC(21) Survivor regions: 22->25(37)
[2020-11-06T23:07:43.789+0800][gc,heap       ] GC(21) Old regions: 34->38
[2020-11-06T23:07:43.789+0800][gc,heap       ] GC(21) Humongous regions: 130->130
[2020-11-06T23:07:43.789+0800][gc,metaspace  ] GC(21) Metaspace: 35785K->35785K(1081344K)
[2020-11-06T23:07:43.789+0800][gc            ] GC(21) Pause Young (Normal) (G1 Evacuation Pause) 455M->191M(1024M) 15.682ms
[2020-11-06T23:07:43.789+0800][gc,cpu        ] GC(21) User=0.13s Sys=0.01s Real=0.01s
[2020-11-07T06:31:32.920+0800][gc,start      ] GC(22) Pause Young (Normal) (G1 Evacuation Pause)
[2020-11-07T06:31:32.921+0800][gc,task       ] GC(22) Using 10 workers of 10 for evacuation
[2020-11-07T06:31:33.039+0800][gc,mmu        ] GC(22) MMU target violated: 21.0ms (20.0ms/21.0ms)
[2020-11-07T06:31:33.039+0800][gc,phases     ] GC(22)   Pre Evacuate Collection Set: 3.2ms
[2020-11-07T06:31:33.039+0800][gc,phases     ] GC(22)   Evacuate Collection Set: 110.5ms
[2020-11-07T06:31:33.039+0800][gc,phases     ] GC(22)   Post Evacuate Collection Set: 2.4ms
[2020-11-07T06:31:33.040+0800][gc,phases     ] GC(22)   Other: 4.6ms
[2020-11-07T06:31:33.040+0800][gc,heap       ] GC(22) Eden regions: 247->0(24)
[2020-11-07T06:31:33.040+0800][gc,heap       ] GC(22) Survivor regions: 25->27(34)
[2020-11-07T06:31:33.040+0800][gc,heap       ] GC(22) Old regions: 38->45
[2020-11-07T06:31:33.040+0800][gc,heap       ] GC(22) Humongous regions: 130->130
[2020-11-07T06:31:33.040+0800][gc,metaspace  ] GC(22) Metaspace: 35968K->35968K(1081344K)
[2020-11-07T06:31:33.040+0800][gc            ] GC(22) Pause Young (Normal) (G1 Evacuation Pause) 438M->201M(1024M) 120.257ms
[2020-11-07T06:31:33.040+0800][gc,cpu        ] GC(22) User=0.14s Sys=0.51s Real=0.12s
[2020-11-07T06:31:51.176+0800][gc,start      ] GC(23) Pause Young (Normal) (G1 Evacuation Pause)
[2020-11-07T06:31:51.177+0800][gc,task       ] GC(23) Using 10 workers of 10 for evacuation
[2020-11-07T06:31:51.193+0800][gc,phases     ] GC(23)   Pre Evacuate Collection Set: 0.0ms
[2020-11-07T06:31:51.193+0800][gc,phases     ] GC(23)   Evacuate Collection Set: 15.6ms
[2020-11-07T06:31:51.193+0800][gc,phases     ] GC(23)   Post Evacuate Collection Set: 0.2ms
[2020-11-07T06:31:51.193+0800][gc,phases     ] GC(23)   Other: 0.2ms
[2020-11-07T06:31:51.193+0800][gc,heap       ] GC(23) Eden regions: 24->0(108)
[2020-11-07T06:31:51.193+0800][gc,heap       ] GC(23) Survivor regions: 27->5(7)
[2020-11-07T06:31:51.193+0800][gc,heap       ] GC(23) Old regions: 45->70
[2020-11-07T06:31:51.193+0800][gc,heap       ] GC(23) Humongous regions: 130->130
[2020-11-07T06:31:51.193+0800][gc,metaspace  ] GC(23) Metaspace: 35971K->35971K(1081344K)
[2020-11-07T06:31:51.193+0800][gc            ] GC(23) Pause Young (Normal) (G1 Evacuation Pause) 225M->204M(1024M) 16.180ms
[2020-11-07T06:31:51.193+0800][gc,cpu        ] GC(23) User=0.12s Sys=0.02s Real=0.02s
[2020-11-07T06:33:16.088+0800][gc,start      ] GC(24) Pause Young (Normal) (G1 Evacuation Pause)
[2020-11-07T06:33:16.088+0800][gc,task       ] GC(24) Using 10 workers of 10 for evacuation
[2020-11-07T06:33:16.097+0800][gc,phases     ] GC(24)   Pre Evacuate Collection Set: 0.0ms
[2020-11-07T06:33:16.098+0800][gc,phases     ] GC(24)   Evacuate Collection Set: 8.8ms
[2020-11-07T06:33:16.098+0800][gc,phases     ] GC(24)   Post Evacuate Collection Set: 0.2ms
[2020-11-07T06:33:16.098+0800][gc,phases     ] GC(24)   Other: 0.2ms
[2020-11-07T06:33:16.098+0800][gc,heap       ] GC(24) Eden regions: 108->0(132)
[2020-11-07T06:33:16.098+0800][gc,heap       ] GC(24) Survivor regions: 5->5(15)
[2020-11-07T06:33:16.098+0800][gc,heap       ] GC(24) Old regions: 70->70
[2020-11-07T06:33:16.098+0800][gc,heap       ] GC(24) Humongous regions: 130->130
[2020-11-07T06:33:16.098+0800][gc,metaspace  ] GC(24) Metaspace: 35980K->35980K(1081344K)
[2020-11-07T06:33:16.098+0800][gc            ] GC(24) Pause Young (Normal) (G1 Evacuation Pause) 312M->203M(1024M) 9.462ms
[2020-11-07T06:33:16.098+0800][gc,cpu        ] GC(24) User=0.04s Sys=0.02s Real=0.01s
[2020-11-07T06:35:00.863+0800][gc,start      ] GC(25) Pause Young (Normal) (G1 Evacuation Pause)
[2020-11-07T06:35:00.863+0800][gc,task       ] GC(25) Using 10 workers of 10 for evacuation
[2020-11-07T06:35:00.878+0800][gc,phases     ] GC(25)   Pre Evacuate Collection Set: 0.0ms
[2020-11-07T06:35:00.878+0800][gc,phases     ] GC(25)   Evacuate Collection Set: 14.8ms
[2020-11-07T06:35:00.878+0800][gc,phases     ] GC(25)   Post Evacuate Collection Set: 0.2ms
[2020-11-07T06:35:00.878+0800][gc,phases     ] GC(25)   Other: 0.2ms
[2020-11-07T06:35:00.878+0800][gc,heap       ] GC(25) Eden regions: 132->0(93)
[2020-11-07T06:35:00.878+0800][gc,heap       ] GC(25) Survivor regions: 5->8(18)
[2020-11-07T06:35:00.878+0800][gc,heap       ] GC(25) Old regions: 70->70
[2020-11-07T06:35:00.878+0800][gc,heap       ] GC(25) Humongous regions: 130->130
[2020-11-07T06:35:00.878+0800][gc,metaspace  ] GC(25) Metaspace: 35980K->35980K(1081344K)
[2020-11-07T06:35:00.878+0800][gc            ] GC(25) Pause Young (Normal) (G1 Evacuation Pause) 335M->206M(1024M) 15.415ms
[2020-11-07T06:35:00.878+0800][gc,cpu        ] GC(25) User=0.04s Sys=0.05s Real=0.01s
[2020-11-07T06:36:14.221+0800][gc,start      ] GC(26) Pause Young (Normal) (G1 Evacuation Pause)
[2020-11-07T06:36:14.222+0800][gc,task       ] GC(26) Using 10 workers of 10 for evacuation
[2020-11-07T06:36:14.228+0800][gc,phases     ] GC(26)   Pre Evacuate Collection Set: 0.0ms
[2020-11-07T06:36:14.228+0800][gc,phases     ] GC(26)   Evacuate Collection Set: 5.8ms
[2020-11-07T06:36:14.228+0800][gc,phases     ] GC(26)   Post Evacuate Collection Set: 0.3ms
[2020-11-07T06:36:14.228+0800][gc,phases     ] GC(26)   Other: 0.2ms
[2020-11-07T06:36:14.228+0800][gc,heap       ] GC(26) Eden regions: 93->0(135)
[2020-11-07T06:36:14.228+0800][gc,heap       ] GC(26) Survivor regions: 8->8(13)
[2020-11-07T06:36:14.228+0800][gc,heap       ] GC(26) Old regions: 70->71
[2020-11-07T06:36:14.228+0800][gc,heap       ] GC(26) Humongous regions: 130->130
[2020-11-07T06:36:14.228+0800][gc,metaspace  ] GC(26) Metaspace: 35991K->35991K(1081344K)
[2020-11-07T06:36:14.228+0800][gc            ] GC(26) Pause Young (Normal) (G1 Evacuation Pause) 299M->208M(1024M) 6.481ms
[2020-11-07T06:36:14.228+0800][gc,cpu        ] GC(26) User=0.06s Sys=0.00s Real=0.00s
[2020-11-07T06:38:02.497+0800][gc,start      ] GC(27) Pause Young (Normal) (G1 Evacuation Pause)
[2020-11-07T06:38:02.497+0800][gc,task       ] GC(27) Using 10 workers of 10 for evacuation
[2020-11-07T06:38:02.520+0800][gc,mmu        ] GC(27) MMU target violated: 21.0ms (20.0ms/21.0ms)
[2020-11-07T06:38:02.520+0800][gc,phases     ] GC(27)   Pre Evacuate Collection Set: 0.0ms
[2020-11-07T06:38:02.520+0800][gc,phases     ] GC(27)   Evacuate Collection Set: 22.1ms
[2020-11-07T06:38:02.520+0800][gc,phases     ] GC(27)   Post Evacuate Collection Set: 0.2ms
[2020-11-07T06:38:02.520+0800][gc,phases     ] GC(27)   Other: 0.4ms
[2020-11-07T06:38:02.520+0800][gc,heap       ] GC(27) Eden regions: 135->0(71)
[2020-11-07T06:38:02.520+0800][gc,heap       ] GC(27) Survivor regions: 8->12(18)
[2020-11-07T06:38:02.520+0800][gc,heap       ] GC(27) Old regions: 71->71
[2020-11-07T06:38:02.520+0800][gc,heap       ] GC(27) Humongous regions: 130->130
[2020-11-07T06:38:02.520+0800][gc,metaspace  ] GC(27) Metaspace: 35997K->35997K(1081344K)
[2020-11-07T06:38:02.520+0800][gc            ] GC(27) Pause Young (Normal) (G1 Evacuation Pause) 343M->211M(1024M) 22.798ms
[2020-11-07T06:38:02.520+0800][gc,cpu        ] GC(27) User=0.06s Sys=0.08s Real=0.03s
[2020-11-07T06:38:56.975+0800][gc,start      ] GC(28) Pause Young (Normal) (G1 Evacuation Pause)
[2020-11-07T06:38:56.975+0800][gc,task       ] GC(28) Using 10 workers of 10 for evacuation
[2020-11-07T06:38:56.983+0800][gc,phases     ] GC(28)   Pre Evacuate Collection Set: 0.0ms
[2020-11-07T06:38:56.983+0800][gc,phases     ] GC(28)   Evacuate Collection Set: 7.3ms
[2020-11-07T06:38:56.983+0800][gc,phases     ] GC(28)   Post Evacuate Collection Set: 0.2ms
[2020-11-07T06:38:56.983+0800][gc,phases     ] GC(28)   Other: 0.2ms
[2020-11-07T06:38:56.983+0800][gc,heap       ] GC(28) Eden regions: 69->0(134)
[2020-11-07T06:38:56.983+0800][gc,heap       ] GC(28) Survivor regions: 12->8(11)
[2020-11-07T06:38:56.983+0800][gc,heap       ] GC(28) Old regions: 71->76
[2020-11-07T06:38:56.983+0800][gc,heap       ] GC(28) Humongous regions: 130->130
[2020-11-07T06:38:56.983+0800][gc,metaspace  ] GC(28) Metaspace: 35998K->35998K(1081344K)
[2020-11-07T06:38:56.983+0800][gc            ] GC(28) Pause Young (Normal) (G1 Evacuation Pause) 280M->213M(1024M) 7.914ms
[2020-11-07T06:38:56.983+0800][gc,cpu        ] GC(28) User=0.07s Sys=0.00s Real=0.01s
[2020-11-07T06:40:41.952+0800][gc,start      ] GC(29) Pause Young (Normal) (G1 Evacuation Pause)
[2020-11-07T06:40:41.952+0800][gc,task       ] GC(29) Using 10 workers of 10 for evacuation
[2020-11-07T06:40:41.959+0800][gc,phases     ] GC(29)   Pre Evacuate Collection Set: 0.0ms
[2020-11-07T06:40:41.959+0800][gc,phases     ] GC(29)   Evacuate Collection Set: 6.4ms
[2020-11-07T06:40:41.959+0800][gc,phases     ] GC(29)   Post Evacuate Collection Set: 0.3ms
[2020-11-07T06:40:41.959+0800][gc,phases     ] GC(29)   Other: 0.4ms
[2020-11-07T06:40:41.959+0800][gc,heap       ] GC(29) Eden regions: 134->0(149)
[2020-11-07T06:40:41.959+0800][gc,heap       ] GC(29) Survivor regions: 8->9(18)
[2020-11-07T06:40:41.959+0800][gc,heap       ] GC(29) Old regions: 76->76
[2020-11-07T06:40:41.959+0800][gc,heap       ] GC(29) Humongous regions: 130->130
[2020-11-07T06:40:41.959+0800][gc,metaspace  ] GC(29) Metaspace: 36014K->36014K(1081344K)
[2020-11-07T06:40:41.959+0800][gc            ] GC(29) Pause Young (Normal) (G1 Evacuation Pause) 347M->214M(1024M) 7.256ms
[2020-11-07T06:40:41.959+0800][gc,cpu        ] GC(29) User=0.06s Sys=0.00s Real=0.00s
[2020-11-07T06:42:39.599+0800][gc,start      ] GC(30) Pause Young (Normal) (G1 Evacuation Pause)
[2020-11-07T06:42:39.600+0800][gc,task       ] GC(30) Using 10 workers of 10 for evacuation
[2020-11-07T06:42:39.619+0800][gc,phases     ] GC(30)   Pre Evacuate Collection Set: 0.0ms
[2020-11-07T06:42:39.619+0800][gc,phases     ] GC(30)   Evacuate Collection Set: 19.0ms
[2020-11-07T06:42:39.619+0800][gc,phases     ] GC(30)   Post Evacuate Collection Set: 0.2ms
[2020-11-07T06:42:39.619+0800][gc,phases     ] GC(30)   Other: 1.0ms
[2020-11-07T06:42:39.619+0800][gc,heap       ] GC(30) Eden regions: 148->0(134)
[2020-11-07T06:42:39.619+0800][gc,heap       ] GC(30) Survivor regions: 9->13(20)
[2020-11-07T06:42:39.619+0800][gc,heap       ] GC(30) Old regions: 76->76
[2020-11-07T06:42:39.619+0800][gc,heap       ] GC(30) Humongous regions: 130->130
[2020-11-07T06:42:39.619+0800][gc,metaspace  ] GC(30) Metaspace: 36014K->36014K(1081344K)
[2020-11-07T06:42:39.619+0800][gc            ] GC(30) Pause Young (Normal) (G1 Evacuation Pause) 362M->218M(1024M) 20.344ms
[2020-11-07T06:42:39.619+0800][gc,cpu        ] GC(30) User=0.06s Sys=0.07s Real=0.02s
[2020-11-07T06:44:25.707+0800][gc,start      ] GC(31) Pause Young (Normal) (G1 Evacuation Pause)
[2020-11-07T06:44:25.707+0800][gc,task       ] GC(31) Using 10 workers of 10 for evacuation
[2020-11-07T06:44:25.718+0800][gc,phases     ] GC(31)   Pre Evacuate Collection Set: 0.0ms
[2020-11-07T06:44:25.719+0800][gc,phases     ] GC(31)   Evacuate Collection Set: 10.7ms
[2020-11-07T06:44:25.719+0800][gc,phases     ] GC(31)   Post Evacuate Collection Set: 0.3ms
[2020-11-07T06:44:25.719+0800][gc,phases     ] GC(31)   Other: 1.0ms
[2020-11-07T06:44:25.719+0800][gc,heap       ] GC(31) Eden regions: 134->0(147)
[2020-11-07T06:44:25.719+0800][gc,heap       ] GC(31) Survivor regions: 13->11(19)
[2020-11-07T06:44:25.719+0800][gc,heap       ] GC(31) Old regions: 76->81
[2020-11-07T06:44:25.719+0800][gc,heap       ] GC(31) Humongous regions: 130->130
[2020-11-07T06:44:25.719+0800][gc,metaspace  ] GC(31) Metaspace: 36021K->36021K(1081344K)
[2020-11-07T06:44:25.719+0800][gc            ] GC(31) Pause Young (Normal) (G1 Evacuation Pause) 352M->220M(1024M) 12.107ms
[2020-11-07T06:44:25.719+0800][gc,cpu        ] GC(31) User=0.08s Sys=0.01s Real=0.01s
[2020-11-07T06:46:21.702+0800][gc,start      ] GC(32) Pause Young (Normal) (G1 Evacuation Pause)
[2020-11-07T06:46:21.703+0800][gc,task       ] GC(32) Using 10 workers of 10 for evacuation
[2020-11-07T06:46:21.714+0800][gc,phases     ] GC(32)   Pre Evacuate Collection Set: 0.0ms
[2020-11-07T06:46:21.714+0800][gc,phases     ] GC(32)   Evacuate Collection Set: 10.5ms
[2020-11-07T06:46:21.714+0800][gc,phases     ] GC(32)   Post Evacuate Collection Set: 0.2ms
[2020-11-07T06:46:21.714+0800][gc,phases     ] GC(32)   Other: 1.0ms
[2020-11-07T06:46:21.714+0800][gc,heap       ] GC(32) Eden regions: 147->0(154)
[2020-11-07T06:46:21.714+0800][gc,heap       ] GC(32) Survivor regions: 11->14(20)
[2020-11-07T06:46:21.714+0800][gc,heap       ] GC(32) Old regions: 81->81
[2020-11-07T06:46:21.714+0800][gc,heap       ] GC(32) Humongous regions: 130->130
[2020-11-07T06:46:21.714+0800][gc,metaspace  ] GC(32) Metaspace: 36025K->36025K(1081344K)
[2020-11-07T06:46:21.714+0800][gc            ] GC(32) Pause Young (Normal) (G1 Evacuation Pause) 367M->223M(1024M) 11.926ms
[2020-11-07T06:46:21.714+0800][gc,cpu        ] GC(32) User=0.07s Sys=0.00s Real=0.01s
[2020-11-07T06:48:22.972+0800][gc,start      ] GC(33) Pause Young (Normal) (G1 Evacuation Pause)
[2020-11-07T06:48:22.973+0800][gc,task       ] GC(33) Using 10 workers of 10 for evacuation
[2020-11-07T06:48:22.992+0800][gc,phases     ] GC(33)   Pre Evacuate Collection Set: 0.0ms
[2020-11-07T06:48:22.992+0800][gc,phases     ] GC(33)   Evacuate Collection Set: 18.8ms
[2020-11-07T06:48:22.992+0800][gc,phases     ] GC(33)   Post Evacuate Collection Set: 0.3ms
[2020-11-07T06:48:22.992+0800][gc,phases     ] GC(33)   Other: 0.9ms
[2020-11-07T06:48:22.992+0800][gc,heap       ] GC(33) Eden regions: 154->0(149)
[2020-11-07T06:48:22.992+0800][gc,heap       ] GC(33) Survivor regions: 14->13(21)
[2020-11-07T06:48:22.992+0800][gc,heap       ] GC(33) Old regions: 81->84
[2020-11-07T06:48:22.992+0800][gc,heap       ] GC(33) Humongous regions: 130->130
[2020-11-07T06:48:22.992+0800][gc,metaspace  ] GC(33) Metaspace: 36027K->36027K(1081344K)
[2020-11-07T06:48:22.992+0800][gc            ] GC(33) Pause Young (Normal) (G1 Evacuation Pause) 377M->226M(1024M) 20.122ms
[2020-11-07T06:48:22.992+0800][gc,cpu        ] GC(33) User=0.08s Sys=0.05s Real=0.02s
[2020-11-07T06:50:20.086+0800][gc,start      ] GC(34) Pause Young (Normal) (G1 Evacuation Pause)
[2020-11-07T06:50:20.086+0800][gc,task       ] GC(34) Using 10 workers of 10 for evacuation
[2020-11-07T06:50:20.094+0800][gc,phases     ] GC(34)   Pre Evacuate Collection Set: 0.0ms
[2020-11-07T06:50:20.094+0800][gc,phases     ] GC(34)   Evacuate Collection Set: 7.4ms
[2020-11-07T06:50:20.094+0800][gc,phases     ] GC(34)   Post Evacuate Collection Set: 0.3ms
[2020-11-07T06:50:20.094+0800][gc,phases     ] GC(34)   Other: 0.5ms
[2020-11-07T06:50:20.094+0800][gc,heap       ] GC(34) Eden regions: 149->0(169)
[2020-11-07T06:50:20.094+0800][gc,heap       ] GC(34) Survivor regions: 13->13(21)
[2020-11-07T06:50:20.094+0800][gc,heap       ] GC(34) Old regions: 84->87
[2020-11-07T06:50:20.094+0800][gc,heap       ] GC(34) Humongous regions: 130->130
[2020-11-07T06:50:20.094+0800][gc,metaspace  ] GC(34) Metaspace: 36028K->36028K(1081344K)
[2020-11-07T06:50:20.094+0800][gc            ] GC(34) Pause Young (Normal) (G1 Evacuation Pause) 375M->229M(1024M) 8.395ms
[2020-11-07T06:50:20.094+0800][gc,cpu        ] GC(34) User=0.07s Sys=0.00s Real=0.01s
[2020-11-07T06:52:33.493+0800][gc,start      ] GC(35) Pause Young (Normal) (G1 Evacuation Pause)
[2020-11-07T06:52:33.494+0800][gc,task       ] GC(35) Using 10 workers of 10 for evacuation
[2020-11-07T06:52:33.514+0800][gc,mmu        ] GC(35) MMU target violated: 20.2ms (20.0ms/21.0ms)
[2020-11-07T06:52:33.514+0800][gc,phases     ] GC(35)   Pre Evacuate Collection Set: 0.1ms
[2020-11-07T06:52:33.514+0800][gc,phases     ] GC(35)   Evacuate Collection Set: 19.7ms
[2020-11-07T06:52:33.514+0800][gc,phases     ] GC(35)   Post Evacuate Collection Set: 0.3ms
[2020-11-07T06:52:33.514+0800][gc,phases     ] GC(35)   Other: 0.6ms
[2020-11-07T06:52:33.514+0800][gc,heap       ] GC(35) Eden regions: 169->0(158)
[2020-11-07T06:52:33.514+0800][gc,heap       ] GC(35) Survivor regions: 13->16(23)
[2020-11-07T06:52:33.514+0800][gc,heap       ] GC(35) Old regions: 87->87
[2020-11-07T06:52:33.514+0800][gc,heap       ] GC(35) Humongous regions: 130->130
[2020-11-07T06:52:33.514+0800][gc,metaspace  ] GC(35) Metaspace: 36037K->36037K(1081344K)
[2020-11-07T06:52:33.514+0800][gc            ] GC(35) Pause Young (Normal) (G1 Evacuation Pause) 398M->233M(1024M) 20.733ms
[2020-11-07T06:52:33.514+0800][gc,cpu        ] GC(35) User=0.09s Sys=0.05s Real=0.02s
[2020-11-07T06:54:35.762+0800][gc,start      ] GC(36) Pause Young (Normal) (G1 Evacuation Pause)
[2020-11-07T06:54:35.763+0800][gc,task       ] GC(36) Using 10 workers of 10 for evacuation
[2020-11-07T06:54:35.773+0800][gc,phases     ] GC(36)   Pre Evacuate Collection Set: 0.0ms
[2020-11-07T06:54:35.773+0800][gc,phases     ] GC(36)   Evacuate Collection Set: 10.2ms
[2020-11-07T06:54:35.773+0800][gc,phases     ] GC(36)   Post Evacuate Collection Set: 0.2ms
[2020-11-07T06:54:35.774+0800][gc,phases     ] GC(36)   Other: 1.1ms
[2020-11-07T06:54:35.774+0800][gc,heap       ] GC(36) Eden regions: 158->0(169)
[2020-11-07T06:54:35.774+0800][gc,heap       ] GC(36) Survivor regions: 16->14(22)
[2020-11-07T06:54:35.774+0800][gc,heap       ] GC(36) Old regions: 87->93
[2020-11-07T06:54:35.774+0800][gc,heap       ] GC(36) Humongous regions: 130->130
[2020-11-07T06:54:35.774+0800][gc,metaspace  ] GC(36) Metaspace: 36069K->36069K(1081344K)
[2020-11-07T06:54:35.774+0800][gc            ] GC(36) Pause Young (Normal) (G1 Evacuation Pause) 391M->236M(1024M) 11.643ms
[2020-11-07T06:54:35.774+0800][gc,cpu        ] GC(36) User=0.09s Sys=0.01s Real=0.01s
[2020-11-07T06:56:49.330+0800][gc,start      ] GC(37) Pause Young (Normal) (G1 Evacuation Pause)
[2020-11-07T06:56:49.331+0800][gc,task       ] GC(37) Using 10 workers of 10 for evacuation
[2020-11-07T06:56:49.340+0800][gc,phases     ] GC(37)   Pre Evacuate Collection Set: 0.0ms
[2020-11-07T06:56:49.340+0800][gc,phases     ] GC(37)   Evacuate Collection Set: 8.2ms
[2020-11-07T06:56:49.340+0800][gc,phases     ] GC(37)   Post Evacuate Collection Set: 0.3ms
[2020-11-07T06:56:49.340+0800][gc,phases     ] GC(37)   Other: 1.0ms
[2020-11-07T06:56:49.340+0800][gc,heap       ] GC(37) Eden regions: 169->0(209)
[2020-11-07T06:56:49.340+0800][gc,heap       ] GC(37) Survivor regions: 14->11(23)
[2020-11-07T06:56:49.340+0800][gc,heap       ] GC(37) Old regions: 93->96
[2020-11-07T06:56:49.340+0800][gc,heap       ] GC(37) Humongous regions: 130->130
[2020-11-07T06:56:49.340+0800][gc,metaspace  ] GC(37) Metaspace: 36069K->36069K(1081344K)
[2020-11-07T06:56:49.340+0800][gc            ] GC(37) Pause Young (Normal) (G1 Evacuation Pause) 405M->236M(1024M) 9.728ms
[2020-11-07T06:56:49.340+0800][gc,cpu        ] GC(37) User=0.07s Sys=0.01s Real=0.01s
[2020-11-07T06:59:34.611+0800][gc,start      ] GC(38) Pause Young (Normal) (G1 Evacuation Pause)
[2020-11-07T06:59:34.611+0800][gc,task       ] GC(38) Using 10 workers of 10 for evacuation
[2020-11-07T06:59:34.619+0800][gc,phases     ] GC(38)   Pre Evacuate Collection Set: 0.0ms
[2020-11-07T06:59:34.619+0800][gc,phases     ] GC(38)   Evacuate Collection Set: 7.2ms
[2020-11-07T06:59:34.619+0800][gc,phases     ] GC(38)   Post Evacuate Collection Set: 0.3ms
[2020-11-07T06:59:34.619+0800][gc,phases     ] GC(38)   Other: 1.2ms
[2020-11-07T06:59:34.619+0800][gc,heap       ] GC(38) Eden regions: 209->0(246)
[2020-11-07T06:59:34.619+0800][gc,heap       ] GC(38) Survivor regions: 11->11(28)
[2020-11-07T06:59:34.619+0800][gc,heap       ] GC(38) Old regions: 96->96
[2020-11-07T06:59:34.619+0800][gc,heap       ] GC(38) Humongous regions: 130->130
[2020-11-07T06:59:34.619+0800][gc,metaspace  ] GC(38) Metaspace: 36095K->36095K(1081344K)
[2020-11-07T06:59:34.619+0800][gc            ] GC(38) Pause Young (Normal) (G1 Evacuation Pause) 445M->235M(1024M) 8.868ms
[2020-11-07T06:59:34.620+0800][gc,cpu        ] GC(38) User=0.06s Sys=0.00s Real=0.01s
[2020-11-07T07:02:48.505+0800][gc,start      ] GC(39) Pause Young (Normal) (G1 Evacuation Pause)
[2020-11-07T07:02:48.506+0800][gc,task       ] GC(39) Using 10 workers of 10 for evacuation
[2020-11-07T07:02:48.515+0800][gc,phases     ] GC(39)   Pre Evacuate Collection Set: 0.0ms
[2020-11-07T07:02:48.515+0800][gc,phases     ] GC(39)   Evacuate Collection Set: 8.3ms
[2020-11-07T07:02:48.515+0800][gc,phases     ] GC(39)   Post Evacuate Collection Set: 0.4ms
[2020-11-07T07:02:48.515+0800][gc,phases     ] GC(39)   Other: 1.0ms
[2020-11-07T07:02:48.515+0800][gc,heap       ] GC(39) Eden regions: 245->0(299)
[2020-11-07T07:02:48.515+0800][gc,heap       ] GC(39) Survivor regions: 11->10(32)
[2020-11-07T07:02:48.515+0800][gc,heap       ] GC(39) Old regions: 96->96
[2020-11-07T07:02:48.515+0800][gc,heap       ] GC(39) Humongous regions: 130->130
[2020-11-07T07:02:48.515+0800][gc,metaspace  ] GC(39) Metaspace: 36097K->36097K(1081344K)
[2020-11-07T07:02:48.515+0800][gc            ] GC(39) Pause Young (Normal) (G1 Evacuation Pause) 480M->235M(1024M) 9.809ms
[2020-11-07T07:02:48.515+0800][gc,cpu        ] GC(39) User=0.08s Sys=0.00s Real=0.01s
[2020-11-07T07:06:44.969+0800][gc,start      ] GC(40) Pause Young (Normal) (G1 Evacuation Pause)
[2020-11-07T07:06:44.969+0800][gc,task       ] GC(40) Using 10 workers of 10 for evacuation
[2020-11-07T07:06:44.980+0800][gc,phases     ] GC(40)   Pre Evacuate Collection Set: 0.0ms
[2020-11-07T07:06:44.980+0800][gc,phases     ] GC(40)   Evacuate Collection Set: 8.6ms
[2020-11-07T07:06:44.980+0800][gc,phases     ] GC(40)   Post Evacuate Collection Set: 1.5ms
[2020-11-07T07:06:44.980+0800][gc,phases     ] GC(40)   Other: 0.5ms
[2020-11-07T07:06:44.980+0800][gc,heap       ] GC(40) Eden regions: 298->0(309)
[2020-11-07T07:06:44.980+0800][gc,heap       ] GC(40) Survivor regions: 10->11(39)
[2020-11-07T07:06:44.980+0800][gc,heap       ] GC(40) Old regions: 96->96
[2020-11-07T07:06:44.980+0800][gc,heap       ] GC(40) Humongous regions: 130->130
[2020-11-07T07:06:44.980+0800][gc,metaspace  ] GC(40) Metaspace: 36104K->36104K(1081344K)
[2020-11-07T07:06:44.980+0800][gc            ] GC(40) Pause Young (Normal) (G1 Evacuation Pause) 533M->235M(1024M) 10.932ms
[2020-11-07T07:06:44.980+0800][gc,cpu        ] GC(40) User=0.07s Sys=0.00s Real=0.02s
[2020-11-07T07:10:49.992+0800][gc,start      ] GC(41) Pause Young (Normal) (G1 Evacuation Pause)
[2020-11-07T07:10:49.992+0800][gc,task       ] GC(41) Using 10 workers of 10 for evacuation
[2020-11-07T07:10:50.000+0800][gc,phases     ] GC(41)   Pre Evacuate Collection Set: 0.0ms
[2020-11-07T07:10:50.000+0800][gc,phases     ] GC(41)   Evacuate Collection Set: 7.7ms
[2020-11-07T07:10:50.000+0800][gc,phases     ] GC(41)   Post Evacuate Collection Set: 0.6ms
[2020-11-07T07:10:50.000+0800][gc,phases     ] GC(41)   Other: 0.2ms
[2020-11-07T07:10:50.000+0800][gc,heap       ] GC(41) Eden regions: 309->0(604)
[2020-11-07T07:10:50.000+0800][gc,heap       ] GC(41) Survivor regions: 11->10(40)
[2020-11-07T07:10:50.000+0800][gc,heap       ] GC(41) Old regions: 96->96
[2020-11-07T07:10:50.000+0800][gc,heap       ] GC(41) Humongous regions: 130->130
[2020-11-07T07:10:50.000+0800][gc,metaspace  ] GC(41) Metaspace: 36115K->36115K(1081344K)
[2020-11-07T07:10:50.000+0800][gc            ] GC(41) Pause Young (Normal) (G1 Evacuation Pause) 544M->235M(1024M) 8.730ms
[2020-11-07T07:10:50.000+0800][gc,cpu        ] GC(41) User=0.06s Sys=0.01s Real=0.01s
[2020-11-07T07:18:50.488+0800][gc,start      ] GC(42) Pause Young (Normal) (G1 Evacuation Pause)
[2020-11-07T07:18:50.488+0800][gc,task       ] GC(42) Using 10 workers of 10 for evacuation
[2020-11-07T07:18:50.498+0800][gc,phases     ] GC(42)   Pre Evacuate Collection Set: 0.0ms
[2020-11-07T07:18:50.498+0800][gc,phases     ] GC(42)   Evacuate Collection Set: 6.8ms
[2020-11-07T07:18:50.498+0800][gc,phases     ] GC(42)   Post Evacuate Collection Set: 1.8ms
[2020-11-07T07:18:50.498+0800][gc,phases     ] GC(42)   Other: 2.0ms
[2020-11-07T07:18:50.498+0800][gc,heap       ] GC(42) Eden regions: 604->0(603)
[2020-11-07T07:18:50.498+0800][gc,heap       ] GC(42) Survivor regions: 10->11(77)
[2020-11-07T07:18:50.498+0800][gc,heap       ] GC(42) Old regions: 96->96
[2020-11-07T07:18:50.498+0800][gc,heap       ] GC(42) Humongous regions: 130->130
[2020-11-07T07:18:50.498+0800][gc,metaspace  ] GC(42) Metaspace: 36131K->36131K(1081344K)
[2020-11-07T07:18:50.498+0800][gc            ] GC(42) Pause Young (Normal) (G1 Evacuation Pause) 839M->236M(1024M) 10.854ms
[2020-11-07T07:18:50.498+0800][gc,cpu        ] GC(42) User=0.06s Sys=0.01s Real=0.01s
[2020-11-07T07:26:49.271+0800][gc,start      ] GC(43) Pause Young (Normal) (G1 Evacuation Pause)
[2020-11-07T07:26:49.272+0800][gc,task       ] GC(43) Using 10 workers of 10 for evacuation
[2020-11-07T07:26:49.294+0800][gc,mmu        ] GC(43) MMU target violated: 21.0ms (20.0ms/21.0ms)
[2020-11-07T07:26:49.294+0800][gc,phases     ] GC(43)   Pre Evacuate Collection Set: 0.1ms
[2020-11-07T07:26:49.294+0800][gc,phases     ] GC(43)   Evacuate Collection Set: 21.1ms
[2020-11-07T07:26:49.294+0800][gc,phases     ] GC(43)   Post Evacuate Collection Set: 1.0ms
[2020-11-07T07:26:49.294+0800][gc,phases     ] GC(43)   Other: 1.1ms
[2020-11-07T07:26:49.294+0800][gc,heap       ] GC(43) Eden regions: 603->0(368)
[2020-11-07T07:26:49.294+0800][gc,heap       ] GC(43) Survivor regions: 11->11(77)
[2020-11-07T07:26:49.294+0800][gc,heap       ] GC(43) Old regions: 96->96
[2020-11-07T07:26:49.294+0800][gc,heap       ] GC(43) Humongous regions: 130->130
[2020-11-07T07:26:49.294+0800][gc,metaspace  ] GC(43) Metaspace: 36136K->36136K(1081344K)
[2020-11-07T07:26:49.294+0800][gc            ] GC(43) Pause Young (Normal) (G1 Evacuation Pause) 839M->235M(1024M) 23.218ms
[2020-11-07T07:26:49.294+0800][gc,cpu        ] GC(43) User=0.06s Sys=0.08s Real=0.02s
[2020-11-07T07:31:28.147+0800][gc,start      ] GC(44) Pause Young (Normal) (G1 Evacuation Pause)
[2020-11-07T07:31:28.147+0800][gc,task       ] GC(44) Using 10 workers of 10 for evacuation
[2020-11-07T07:31:28.153+0800][gc,phases     ] GC(44)   Pre Evacuate Collection Set: 0.0ms
[2020-11-07T07:31:28.153+0800][gc,phases     ] GC(44)   Evacuate Collection Set: 5.2ms
[2020-11-07T07:31:28.153+0800][gc,phases     ] GC(44)   Post Evacuate Collection Set: 0.3ms
[2020-11-07T07:31:28.153+0800][gc,phases     ] GC(44)   Other: 0.2ms
[2020-11-07T07:31:28.153+0800][gc,heap       ] GC(44) Eden regions: 351->0(504)
[2020-11-07T07:31:28.153+0800][gc,heap       ] GC(44) Survivor regions: 11->11(46)
[2020-11-07T07:31:28.153+0800][gc,heap       ] GC(44) Old regions: 96->96
[2020-11-07T07:31:28.153+0800][gc,heap       ] GC(44) Humongous regions: 130->130
[2020-11-07T07:31:28.153+0800][gc,metaspace  ] GC(44) Metaspace: 36146K->36146K(1081344K)
[2020-11-07T07:31:28.153+0800][gc            ] GC(44) Pause Young (Normal) (G1 Evacuation Pause) 586M->235M(1024M) 5.932ms
[2020-11-07T07:31:28.153+0800][gc,cpu        ] GC(44) User=0.05s Sys=0.00s Real=0.01s
[2020-11-07T07:38:07.199+0800][gc,start      ] GC(45) Pause Young (Normal) (G1 Evacuation Pause)
[2020-11-07T07:38:07.200+0800][gc,task       ] GC(45) Using 10 workers of 10 for evacuation
[2020-11-07T07:38:07.206+0800][gc,phases     ] GC(45)   Pre Evacuate Collection Set: 0.0ms
[2020-11-07T07:38:07.206+0800][gc,phases     ] GC(45)   Evacuate Collection Set: 5.6ms
[2020-11-07T07:38:07.206+0800][gc,phases     ] GC(45)   Post Evacuate Collection Set: 0.4ms
[2020-11-07T07:38:07.206+0800][gc,phases     ] GC(45)   Other: 1.1ms
[2020-11-07T07:38:07.206+0800][gc,heap       ] GC(45) Eden regions: 503->0(603)
[2020-11-07T07:38:07.206+0800][gc,heap       ] GC(45) Survivor regions: 11->11(65)
[2020-11-07T07:38:07.206+0800][gc,heap       ] GC(45) Old regions: 96->96
[2020-11-07T07:38:07.206+0800][gc,heap       ] GC(45) Humongous regions: 130->130
[2020-11-07T07:38:07.206+0800][gc,metaspace  ] GC(45) Metaspace: 36176K->36176K(1081344K)
[2020-11-07T07:38:07.206+0800][gc            ] GC(45) Pause Young (Normal) (G1 Evacuation Pause) 738M->235M(1024M) 7.179ms
[2020-11-07T07:38:07.206+0800][gc,cpu        ] GC(45) User=0.05s Sys=0.00s Real=0.01s
[2020-11-07T07:46:07.068+0800][gc,start      ] GC(46) Pause Young (Normal) (G1 Evacuation Pause)
[2020-11-07T07:46:07.068+0800][gc,task       ] GC(46) Using 10 workers of 10 for evacuation
[2020-11-07T07:46:07.074+0800][gc,phases     ] GC(46)   Pre Evacuate Collection Set: 0.0ms
[2020-11-07T07:46:07.074+0800][gc,phases     ] GC(46)   Evacuate Collection Set: 5.4ms
[2020-11-07T07:46:07.074+0800][gc,phases     ] GC(46)   Post Evacuate Collection Set: 0.3ms
[2020-11-07T07:46:07.074+0800][gc,phases     ] GC(46)   Other: 1.0ms
[2020-11-07T07:46:07.074+0800][gc,heap       ] GC(46) Eden regions: 603->0(603)
[2020-11-07T07:46:07.074+0800][gc,heap       ] GC(46) Survivor regions: 11->11(77)
[2020-11-07T07:46:07.074+0800][gc,heap       ] GC(46) Old regions: 96->96
[2020-11-07T07:46:07.074+0800][gc,heap       ] GC(46) Humongous regions: 130->130
[2020-11-07T07:46:07.075+0800][gc,metaspace  ] GC(46) Metaspace: 36178K->36178K(1081344K)
[2020-11-07T07:46:07.075+0800][gc            ] GC(46) Pause Young (Normal) (G1 Evacuation Pause) 838M->235M(1024M) 6.821ms
[2020-11-07T07:46:07.075+0800][gc,cpu        ] GC(46) User=0.05s Sys=0.00s Real=0.01s
[2020-11-07T07:54:08.621+0800][gc,start      ] GC(47) Pause Young (Normal) (G1 Evacuation Pause)
[2020-11-07T07:54:08.621+0800][gc,task       ] GC(47) Using 10 workers of 10 for evacuation
[2020-11-07T07:54:08.629+0800][gc,phases     ] GC(47)   Pre Evacuate Collection Set: 0.0ms
[2020-11-07T07:54:08.629+0800][gc,phases     ] GC(47)   Evacuate Collection Set: 7.3ms
[2020-11-07T07:54:08.629+0800][gc,phases     ] GC(47)   Post Evacuate Collection Set: 0.4ms
[2020-11-07T07:54:08.629+0800][gc,phases     ] GC(47)   Other: 0.9ms
[2020-11-07T07:54:08.630+0800][gc,heap       ] GC(47) Eden regions: 603->0(603)
[2020-11-07T07:54:08.630+0800][gc,heap       ] GC(47) Survivor regions: 11->11(77)
[2020-11-07T07:54:08.630+0800][gc,heap       ] GC(47) Old regions: 96->96
[2020-11-07T07:54:08.630+0800][gc,heap       ] GC(47) Humongous regions: 130->130
[2020-11-07T07:54:08.630+0800][gc,metaspace  ] GC(47) Metaspace: 36183K->36183K(1081344K)
[2020-11-07T07:54:08.630+0800][gc            ] GC(47) Pause Young (Normal) (G1 Evacuation Pause) 838M->236M(1024M) 8.741ms
[2020-11-07T07:54:08.630+0800][gc,cpu        ] GC(47) User=0.07s Sys=0.00s Real=0.01s
[2020-11-07T08:02:28.430+0800][gc,start      ] GC(48) Pause Young (Normal) (G1 Evacuation Pause)
[2020-11-07T08:02:28.430+0800][gc,task       ] GC(48) Using 10 workers of 10 for evacuation
[2020-11-07T08:02:28.439+0800][gc,phases     ] GC(48)   Pre Evacuate Collection Set: 0.0ms
[2020-11-07T08:02:28.439+0800][gc,phases     ] GC(48)   Evacuate Collection Set: 7.6ms
[2020-11-07T08:02:28.439+0800][gc,phases     ] GC(48)   Post Evacuate Collection Set: 0.5ms
[2020-11-07T08:02:28.439+0800][gc,phases     ] GC(48)   Other: 0.6ms
[2020-11-07T08:02:28.439+0800][gc,heap       ] GC(48) Eden regions: 603->0(603)
[2020-11-07T08:02:28.439+0800][gc,heap       ] GC(48) Survivor regions: 11->11(77)
[2020-11-07T08:02:28.439+0800][gc,heap       ] GC(48) Old regions: 96->96
[2020-11-07T08:02:28.439+0800][gc,heap       ] GC(48) Humongous regions: 130->130
[2020-11-07T08:02:28.439+0800][gc,metaspace  ] GC(48) Metaspace: 36207K->36207K(1081344K)
[2020-11-07T08:02:28.439+0800][gc            ] GC(48) Pause Young (Normal) (G1 Evacuation Pause) 839M->235M(1024M) 8.797ms
[2020-11-07T08:02:28.439+0800][gc,cpu        ] GC(48) User=0.06s Sys=0.00s Real=0.00s
[2020-11-07T08:10:21.584+0800][gc,start      ] GC(49) Pause Young (Normal) (G1 Evacuation Pause)
[2020-11-07T08:10:21.585+0800][gc,task       ] GC(49) Using 10 workers of 10 for evacuation
[2020-11-07T08:10:21.593+0800][gc,phases     ] GC(49)   Pre Evacuate Collection Set: 0.1ms
[2020-11-07T08:10:21.593+0800][gc,phases     ] GC(49)   Evacuate Collection Set: 6.7ms
[2020-11-07T08:10:21.593+0800][gc,phases     ] GC(49)   Post Evacuate Collection Set: 0.4ms
[2020-11-07T08:10:21.593+0800][gc,phases     ] GC(49)   Other: 1.2ms
[2020-11-07T08:10:21.593+0800][gc,heap       ] GC(49) Eden regions: 603->0(606)
[2020-11-07T08:10:21.593+0800][gc,heap       ] GC(49) Survivor regions: 11->8(77)
[2020-11-07T08:10:21.593+0800][gc,heap       ] GC(49) Old regions: 96->99
[2020-11-07T08:10:21.593+0800][gc,heap       ] GC(49) Humongous regions: 130->130
[2020-11-07T08:10:21.593+0800][gc,metaspace  ] GC(49) Metaspace: 36293K->36293K(1081344K)
[2020-11-07T08:10:21.593+0800][gc            ] GC(49) Pause Young (Normal) (G1 Evacuation Pause) 838M->235M(1024M) 8.478ms
[2020-11-07T08:10:21.593+0800][gc,cpu        ] GC(49) User=0.06s Sys=0.00s Real=0.01s
[2020-11-07T08:18:19.538+0800][gc,start      ] GC(50) Pause Young (Normal) (G1 Evacuation Pause)
[2020-11-07T08:18:19.540+0800][gc,task       ] GC(50) Using 10 workers of 10 for evacuation
[2020-11-07T08:18:19.547+0800][gc,phases     ] GC(50)   Pre Evacuate Collection Set: 0.0ms
[2020-11-07T08:18:19.547+0800][gc,phases     ] GC(50)   Evacuate Collection Set: 5.8ms
[2020-11-07T08:18:19.547+0800][gc,phases     ] GC(50)   Post Evacuate Collection Set: 0.4ms
[2020-11-07T08:18:19.547+0800][gc,phases     ] GC(50)   Other: 2.0ms
[2020-11-07T08:18:19.547+0800][gc,heap       ] GC(50) Eden regions: 606->0(609)
[2020-11-07T08:18:19.547+0800][gc,heap       ] GC(50) Survivor regions: 8->5(77)
[2020-11-07T08:18:19.547+0800][gc,heap       ] GC(50) Old regions: 99->102
[2020-11-07T08:18:19.547+0800][gc,heap       ] GC(50) Humongous regions: 130->130
[2020-11-07T08:18:19.547+0800][gc,metaspace  ] GC(50) Metaspace: 36315K->36315K(1081344K)
[2020-11-07T08:18:19.547+0800][gc            ] GC(50) Pause Young (Normal) (G1 Evacuation Pause) 841M->236M(1024M) 8.359ms
[2020-11-07T08:18:19.547+0800][gc,cpu        ] GC(50) User=0.06s Sys=0.01s Real=0.01s
[2020-11-07T08:26:20.018+0800][gc,start      ] GC(51) Pause Young (Normal) (G1 Evacuation Pause)
[2020-11-07T08:26:20.019+0800][gc,task       ] GC(51) Using 10 workers of 10 for evacuation
[2020-11-07T08:26:20.024+0800][gc,phases     ] GC(51)   Pre Evacuate Collection Set: 0.0ms
[2020-11-07T08:26:20.024+0800][gc,phases     ] GC(51)   Evacuate Collection Set: 3.9ms
[2020-11-07T08:26:20.024+0800][gc,phases     ] GC(51)   Post Evacuate Collection Set: 0.4ms
[2020-11-07T08:26:20.024+0800][gc,phases     ] GC(51)   Other: 1.2ms
[2020-11-07T08:26:20.024+0800][gc,heap       ] GC(51) Eden regions: 609->0(611)
[2020-11-07T08:26:20.024+0800][gc,heap       ] GC(51) Survivor regions: 5->3(77)
[2020-11-07T08:26:20.024+0800][gc,heap       ] GC(51) Old regions: 102->104
[2020-11-07T08:26:20.024+0800][gc,heap       ] GC(51) Humongous regions: 130->130
[2020-11-07T08:26:20.024+0800][gc,metaspace  ] GC(51) Metaspace: 36338K->36338K(1081344K)
[2020-11-07T08:26:20.024+0800][gc            ] GC(51) Pause Young (Normal) (G1 Evacuation Pause) 845M->235M(1024M) 5.721ms
[2020-11-07T08:26:20.024+0800][gc,cpu        ] GC(51) User=0.04s Sys=0.00s Real=0.01s
[2020-11-07T08:34:27.839+0800][gc,start      ] GC(52) Pause Young (Normal) (G1 Evacuation Pause)
[2020-11-07T08:34:27.840+0800][gc,task       ] GC(52) Using 10 workers of 10 for evacuation
[2020-11-07T08:34:27.842+0800][gc,phases     ] GC(52)   Pre Evacuate Collection Set: 0.0ms
[2020-11-07T08:34:27.842+0800][gc,phases     ] GC(52)   Evacuate Collection Set: 1.7ms
[2020-11-07T08:34:27.842+0800][gc,phases     ] GC(52)   Post Evacuate Collection Set: 0.4ms
[2020-11-07T08:34:27.842+0800][gc,phases     ] GC(52)   Other: 0.5ms
[2020-11-07T08:34:27.842+0800][gc,heap       ] GC(52) Eden regions: 611->0(611)
[2020-11-07T08:34:27.842+0800][gc,heap       ] GC(52) Survivor regions: 3->3(77)
[2020-11-07T08:34:27.842+0800][gc,heap       ] GC(52) Old regions: 104->104
[2020-11-07T08:34:27.842+0800][gc,heap       ] GC(52) Humongous regions: 130->130
[2020-11-07T08:34:27.842+0800][gc,metaspace  ] GC(52) Metaspace: 36339K->36339K(1081344K)
[2020-11-07T08:34:27.842+0800][gc            ] GC(52) Pause Young (Normal) (G1 Evacuation Pause) 846M->235M(1024M) 2.722ms
[2020-11-07T08:34:27.842+0800][gc,cpu        ] GC(52) User=0.02s Sys=0.01s Real=0.01s
[2020-11-07T08:43:30.667+0800][gc,start      ] GC(53) Pause Young (Normal) (G1 Evacuation Pause)
[2020-11-07T08:43:30.668+0800][gc,task       ] GC(53) Using 10 workers of 10 for evacuation
[2020-11-07T08:43:30.672+0800][gc,phases     ] GC(53)   Pre Evacuate Collection Set: 0.1ms
[2020-11-07T08:43:30.672+0800][gc,phases     ] GC(53)   Evacuate Collection Set: 3.3ms
[2020-11-07T08:43:30.672+0800][gc,phases     ] GC(53)   Post Evacuate Collection Set: 0.4ms
[2020-11-07T08:43:30.672+0800][gc,phases     ] GC(53)   Other: 1.1ms
[2020-11-07T08:43:30.672+0800][gc,heap       ] GC(53) Eden regions: 611->0(611)
[2020-11-07T08:43:30.672+0800][gc,heap       ] GC(53) Survivor regions: 3->3(77)
[2020-11-07T08:43:30.672+0800][gc,heap       ] GC(53) Old regions: 104->104
[2020-11-07T08:43:30.672+0800][gc,heap       ] GC(53) Humongous regions: 130->130
[2020-11-07T08:43:30.672+0800][gc,metaspace  ] GC(53) Metaspace: 36351K->36351K(1081344K)
[2020-11-07T08:43:30.672+0800][gc            ] GC(53) Pause Young (Normal) (G1 Evacuation Pause) 846M->236M(1024M) 5.057ms
[2020-11-07T08:43:30.672+0800][gc,cpu        ] GC(53) User=0.02s Sys=0.00s Real=0.01s
[2020-11-07T08:51:34.202+0800][gc,start      ] GC(54) Pause Young (Normal) (G1 Evacuation Pause)
[2020-11-07T08:51:34.203+0800][gc,task       ] GC(54) Using 10 workers of 10 for evacuation
[2020-11-07T08:51:34.210+0800][gc,phases     ] GC(54)   Pre Evacuate Collection Set: 0.1ms
[2020-11-07T08:51:34.210+0800][gc,phases     ] GC(54)   Evacuate Collection Set: 6.2ms
[2020-11-07T08:51:34.210+0800][gc,phases     ] GC(54)   Post Evacuate Collection Set: 0.6ms
[2020-11-07T08:51:34.210+0800][gc,phases     ] GC(54)   Other: 1.1ms
[2020-11-07T08:51:34.210+0800][gc,heap       ] GC(54) Eden regions: 611->0(611)
[2020-11-07T08:51:34.210+0800][gc,heap       ] GC(54) Survivor regions: 3->3(77)
[2020-11-07T08:51:34.210+0800][gc,heap       ] GC(54) Old regions: 104->104
[2020-11-07T08:51:34.210+0800][gc,heap       ] GC(54) Humongous regions: 130->130
[2020-11-07T08:51:34.210+0800][gc,metaspace  ] GC(54) Metaspace: 36356K->36356K(1081344K)
[2020-11-07T08:51:34.210+0800][gc            ] GC(54) Pause Young (Normal) (G1 Evacuation Pause) 847M->235M(1024M) 8.037ms
[2020-11-07T08:51:34.210+0800][gc,cpu        ] GC(54) User=0.02s Sys=0.02s Real=0.01s
[2020-11-07T08:59:34.414+0800][gc,start      ] GC(55) Pause Young (Normal) (G1 Evacuation Pause)
[2020-11-07T08:59:34.415+0800][gc,task       ] GC(55) Using 10 workers of 10 for evacuation
[2020-11-07T08:59:34.429+0800][gc,phases     ] GC(55)   Pre Evacuate Collection Set: 2.3ms
[2020-11-07T08:59:34.430+0800][gc,phases     ] GC(55)   Evacuate Collection Set: 8.5ms
[2020-11-07T08:59:34.430+0800][gc,phases     ] GC(55)   Post Evacuate Collection Set: 1.0ms
[2020-11-07T08:59:34.430+0800][gc,phases     ] GC(55)   Other: 4.0ms
[2020-11-07T08:59:34.430+0800][gc,heap       ] GC(55) Eden regions: 611->0(610)
[2020-11-07T08:59:34.430+0800][gc,heap       ] GC(55) Survivor regions: 3->4(77)
[2020-11-07T08:59:34.430+0800][gc,heap       ] GC(55) Old regions: 104->104
[2020-11-07T08:59:34.430+0800][gc,heap       ] GC(55) Humongous regions: 130->130
[2020-11-07T08:59:34.430+0800][gc,metaspace  ] GC(55) Metaspace: 36356K->36356K(1081344K)
[2020-11-07T08:59:34.430+0800][gc            ] GC(55) Pause Young (Normal) (G1 Evacuation Pause) 846M->236M(1024M) 15.909ms
[2020-11-07T08:59:34.430+0800][gc,cpu        ] GC(55) User=0.03s Sys=0.03s Real=0.02s
[2020-11-07T09:07:42.542+0800][gc,start      ] GC(56) Pause Young (Normal) (G1 Evacuation Pause)
[2020-11-07T09:07:42.542+0800][gc,task       ] GC(56) Using 10 workers of 10 for evacuation
[2020-11-07T09:07:42.548+0800][gc,phases     ] GC(56)   Pre Evacuate Collection Set: 0.0ms
[2020-11-07T09:07:42.548+0800][gc,phases     ] GC(56)   Evacuate Collection Set: 3.9ms
[2020-11-07T09:07:42.548+0800][gc,phases     ] GC(56)   Post Evacuate Collection Set: 1.0ms
[2020-11-07T09:07:42.548+0800][gc,phases     ] GC(56)   Other: 0.4ms
[2020-11-07T09:07:42.548+0800][gc,heap       ] GC(56) Eden regions: 610->0(610)
[2020-11-07T09:07:42.548+0800][gc,heap       ] GC(56) Survivor regions: 4->4(77)
[2020-11-07T09:07:42.548+0800][gc,heap       ] GC(56) Old regions: 104->104
[2020-11-07T09:07:42.548+0800][gc,heap       ] GC(56) Humongous regions: 130->130
[2020-11-07T09:07:42.548+0800][gc,metaspace  ] GC(56) Metaspace: 36362K->36362K(1081344K)
[2020-11-07T09:07:42.548+0800][gc            ] GC(56) Pause Young (Normal) (G1 Evacuation Pause) 846M->236M(1024M) 5.468ms
[2020-11-07T09:07:42.548+0800][gc,cpu        ] GC(56) User=0.02s Sys=0.01s Real=0.00s
[2020-11-07T09:28:36.171+0800][gc,start      ] GC(57) Pause Young (Normal) (G1 Evacuation Pause)
[2020-11-07T09:28:36.172+0800][gc,task       ] GC(57) Using 10 workers of 10 for evacuation
[2020-11-07T09:28:36.176+0800][gc,phases     ] GC(57)   Pre Evacuate Collection Set: 0.1ms
[2020-11-07T09:28:36.176+0800][gc,phases     ] GC(57)   Evacuate Collection Set: 3.9ms
[2020-11-07T09:28:36.176+0800][gc,phases     ] GC(57)   Post Evacuate Collection Set: 0.5ms
[2020-11-07T09:28:36.176+0800][gc,phases     ] GC(57)   Other: 0.5ms
[2020-11-07T09:28:36.176+0800][gc,heap       ] GC(57) Eden regions: 610->0(611)
[2020-11-07T09:28:36.176+0800][gc,heap       ] GC(57) Survivor regions: 4->3(77)
[2020-11-07T09:28:36.176+0800][gc,heap       ] GC(57) Old regions: 104->104
[2020-11-07T09:28:36.176+0800][gc,heap       ] GC(57) Humongous regions: 130->130
[2020-11-07T09:28:36.176+0800][gc,metaspace  ] GC(57) Metaspace: 36588K->36588K(1083392K)
[2020-11-07T09:28:36.177+0800][gc            ] GC(57) Pause Young (Normal) (G1 Evacuation Pause) 846M->236M(1024M) 5.129ms
[2020-11-07T09:28:36.177+0800][gc,cpu        ] GC(57) User=0.03s Sys=0.01s Real=0.00s
[2020-11-07T09:36:07.090+0800][gc,start      ] GC(58) Pause Young (Normal) (G1 Evacuation Pause)
[2020-11-07T09:36:07.090+0800][gc,task       ] GC(58) Using 10 workers of 10 for evacuation
[2020-11-07T09:36:07.097+0800][gc,phases     ] GC(58)   Pre Evacuate Collection Set: 0.0ms
[2020-11-07T09:36:07.097+0800][gc,phases     ] GC(58)   Evacuate Collection Set: 6.2ms
[2020-11-07T09:36:07.097+0800][gc,phases     ] GC(58)   Post Evacuate Collection Set: 0.9ms
[2020-11-07T09:36:07.097+0800][gc,phases     ] GC(58)   Other: 0.8ms
[2020-11-07T09:36:07.097+0800][gc,heap       ] GC(58) Eden regions: 611->0(610)
[2020-11-07T09:36:07.098+0800][gc,heap       ] GC(58) Survivor regions: 3->4(77)
[2020-11-07T09:36:07.098+0800][gc,heap       ] GC(58) Old regions: 104->104
[2020-11-07T09:36:07.098+0800][gc,heap       ] GC(58) Humongous regions: 130->130
[2020-11-07T09:36:07.098+0800][gc,metaspace  ] GC(58) Metaspace: 36600K->36600K(1083392K)
[2020-11-07T09:36:07.098+0800][gc            ] GC(58) Pause Young (Normal) (G1 Evacuation Pause) 847M->236M(1024M) 8.036ms
[2020-11-07T09:36:07.098+0800][gc,cpu        ] GC(58) User=0.02s Sys=0.01s Real=0.00s
[2020-11-07T09:42:34.248+0800][gc,start      ] GC(59) Pause Young (Normal) (G1 Evacuation Pause)
[2020-11-07T09:42:34.248+0800][gc,task       ] GC(59) Using 10 workers of 10 for evacuation
[2020-11-07T09:42:34.252+0800][gc,phases     ] GC(59)   Pre Evacuate Collection Set: 0.0ms
[2020-11-07T09:42:34.252+0800][gc,phases     ] GC(59)   Evacuate Collection Set: 3.1ms
[2020-11-07T09:42:34.252+0800][gc,phases     ] GC(59)   Post Evacuate Collection Set: 0.4ms
[2020-11-07T09:42:34.252+0800][gc,phases     ] GC(59)   Other: 1.0ms
[2020-11-07T09:42:34.252+0800][gc,heap       ] GC(59) Eden regions: 610->0(610)
[2020-11-07T09:42:34.252+0800][gc,heap       ] GC(59) Survivor regions: 4->4(77)
[2020-11-07T09:42:34.252+0800][gc,heap       ] GC(59) Old regions: 104->104
[2020-11-07T09:42:34.252+0800][gc,heap       ] GC(59) Humongous regions: 130->130
[2020-11-07T09:42:34.252+0800][gc,metaspace  ] GC(59) Metaspace: 36602K->36602K(1083392K)
[2020-11-07T09:42:34.252+0800][gc            ] GC(59) Pause Young (Normal) (G1 Evacuation Pause) 846M->236M(1024M) 4.624ms
[2020-11-07T09:42:34.252+0800][gc,cpu        ] GC(59) User=0.02s Sys=0.01s Real=0.01s
[2020-11-07T09:50:41.577+0800][gc,start      ] GC(60) Pause Young (Normal) (G1 Evacuation Pause)
[2020-11-07T09:50:41.577+0800][gc,task       ] GC(60) Using 10 workers of 10 for evacuation
[2020-11-07T09:50:41.583+0800][gc,phases     ] GC(60)   Pre Evacuate Collection Set: 0.1ms
[2020-11-07T09:50:41.583+0800][gc,phases     ] GC(60)   Evacuate Collection Set: 4.6ms
[2020-11-07T09:50:41.583+0800][gc,phases     ] GC(60)   Post Evacuate Collection Set: 0.4ms
[2020-11-07T09:50:41.583+0800][gc,phases     ] GC(60)   Other: 0.7ms
[2020-11-07T09:50:41.583+0800][gc,heap       ] GC(60) Eden regions: 610->0(610)
[2020-11-07T09:50:41.583+0800][gc,heap       ] GC(60) Survivor regions: 4->4(77)
[2020-11-07T09:50:41.583+0800][gc,heap       ] GC(60) Old regions: 104->104
[2020-11-07T09:50:41.583+0800][gc,heap       ] GC(60) Humongous regions: 130->130
[2020-11-07T09:50:41.583+0800][gc,metaspace  ] GC(60) Metaspace: 36602K->36602K(1083392K)
[2020-11-07T09:50:41.583+0800][gc            ] GC(60) Pause Young (Normal) (G1 Evacuation Pause) 846M->236M(1024M) 5.989ms
[2020-11-07T09:50:41.583+0800][gc,cpu        ] GC(60) User=0.03s Sys=0.01s Real=0.01s
[2020-11-07T09:58:48.098+0800][gc,start      ] GC(61) Pause Young (Normal) (G1 Evacuation Pause)
[2020-11-07T09:58:48.100+0800][gc,task       ] GC(61) Using 10 workers of 10 for evacuation
[2020-11-07T09:58:48.108+0800][gc,phases     ] GC(61)   Pre Evacuate Collection Set: 0.1ms
[2020-11-07T09:58:48.108+0800][gc,phases     ] GC(61)   Evacuate Collection Set: 7.1ms
[2020-11-07T09:58:48.108+0800][gc,phases     ] GC(61)   Post Evacuate Collection Set: 0.4ms
[2020-11-07T09:58:48.108+0800][gc,phases     ] GC(61)   Other: 2.6ms
[2020-11-07T09:58:48.108+0800][gc,heap       ] GC(61) Eden regions: 610->0(610)
[2020-11-07T09:58:48.108+0800][gc,heap       ] GC(61) Survivor regions: 4->4(77)
[2020-11-07T09:58:48.108+0800][gc,heap       ] GC(61) Old regions: 104->104
[2020-11-07T09:58:48.108+0800][gc,heap       ] GC(61) Humongous regions: 130->130
[2020-11-07T09:58:48.108+0800][gc,metaspace  ] GC(61) Metaspace: 36602K->36602K(1083392K)
[2020-11-07T09:58:48.108+0800][gc            ] GC(61) Pause Young (Normal) (G1 Evacuation Pause) 846M->237M(1024M) 10.316ms
[2020-11-07T09:58:48.108+0800][gc,cpu        ] GC(61) User=0.02s Sys=0.02s Real=0.01s
[2020-11-07T10:06:59.590+0800][gc,start      ] GC(62) Pause Young (Normal) (G1 Evacuation Pause)
[2020-11-07T10:06:59.590+0800][gc,task       ] GC(62) Using 10 workers of 10 for evacuation
[2020-11-07T10:06:59.595+0800][gc,phases     ] GC(62)   Pre Evacuate Collection Set: 0.0ms
[2020-11-07T10:06:59.595+0800][gc,phases     ] GC(62)   Evacuate Collection Set: 4.4ms
[2020-11-07T10:06:59.595+0800][gc,phases     ] GC(62)   Post Evacuate Collection Set: 0.4ms
[2020-11-07T10:06:59.595+0800][gc,phases     ] GC(62)   Other: 0.3ms
[2020-11-07T10:06:59.595+0800][gc,heap       ] GC(62) Eden regions: 610->0(610)
[2020-11-07T10:06:59.595+0800][gc,heap       ] GC(62) Survivor regions: 4->4(77)
[2020-11-07T10:06:59.595+0800][gc,heap       ] GC(62) Old regions: 104->104
[2020-11-07T10:06:59.595+0800][gc,heap       ] GC(62) Humongous regions: 130->130
[2020-11-07T10:06:59.595+0800][gc,metaspace  ] GC(62) Metaspace: 36602K->36602K(1083392K)
[2020-11-07T10:06:59.595+0800][gc            ] GC(62) Pause Young (Normal) (G1 Evacuation Pause) 847M->236M(1024M) 5.283ms
[2020-11-07T10:06:59.595+0800][gc,cpu        ] GC(62) User=0.02s Sys=0.01s Real=0.00s
[2020-11-07T10:54:53.840+0800][gc,start      ] GC(63) Pause Young (Normal) (G1 Evacuation Pause)
[2020-11-07T10:54:53.841+0800][gc,task       ] GC(63) Using 10 workers of 10 for evacuation
[2020-11-07T10:54:53.846+0800][gc,phases     ] GC(63)   Pre Evacuate Collection Set: 0.1ms
[2020-11-07T10:54:53.846+0800][gc,phases     ] GC(63)   Evacuate Collection Set: 3.9ms
[2020-11-07T10:54:53.846+0800][gc,phases     ] GC(63)   Post Evacuate Collection Set: 0.5ms
[2020-11-07T10:54:53.846+0800][gc,phases     ] GC(63)   Other: 0.9ms
[2020-11-07T10:54:53.846+0800][gc,heap       ] GC(63) Eden regions: 610->0(610)
[2020-11-07T10:54:53.846+0800][gc,heap       ] GC(63) Survivor regions: 4->4(77)
[2020-11-07T10:54:53.846+0800][gc,heap       ] GC(63) Old regions: 104->104
[2020-11-07T10:54:53.846+0800][gc,heap       ] GC(63) Humongous regions: 130->130
[2020-11-07T10:54:53.846+0800][gc,metaspace  ] GC(63) Metaspace: 36635K->36635K(1083392K)
[2020-11-07T10:54:53.847+0800][gc            ] GC(63) Pause Young (Normal) (G1 Evacuation Pause) 846M->236M(1024M) 6.218ms
[2020-11-07T10:54:53.847+0800][gc,cpu        ] GC(63) User=0.03s Sys=0.00s Real=0.00s
[2020-11-07T11:02:58.299+0800][gc,start      ] GC(64) Pause Young (Normal) (G1 Evacuation Pause)
[2020-11-07T11:02:58.299+0800][gc,task       ] GC(64) Using 10 workers of 10 for evacuation
[2020-11-07T11:02:58.303+0800][gc,phases     ] GC(64)   Pre Evacuate Collection Set: 0.0ms
[2020-11-07T11:02:58.303+0800][gc,phases     ] GC(64)   Evacuate Collection Set: 3.0ms
[2020-11-07T11:02:58.303+0800][gc,phases     ] GC(64)   Post Evacuate Collection Set: 0.4ms
[2020-11-07T11:02:58.303+0800][gc,phases     ] GC(64)   Other: 0.7ms
[2020-11-07T11:02:58.303+0800][gc,heap       ] GC(64) Eden regions: 610->0(610)
[2020-11-07T11:02:58.303+0800][gc,heap       ] GC(64) Survivor regions: 4->4(77)
[2020-11-07T11:02:58.303+0800][gc,heap       ] GC(64) Old regions: 104->104
[2020-11-07T11:02:58.303+0800][gc,heap       ] GC(64) Humongous regions: 130->130
[2020-11-07T11:02:58.303+0800][gc,metaspace  ] GC(64) Metaspace: 36635K->36635K(1083392K)
[2020-11-07T11:02:58.303+0800][gc            ] GC(64) Pause Young (Normal) (G1 Evacuation Pause) 846M->236M(1024M) 4.156ms
[2020-11-07T11:02:58.303+0800][gc,cpu        ] GC(64) User=0.02s Sys=0.01s Real=0.01s
[2020-11-07T11:11:03.433+0800][gc,start      ] GC(65) Pause Young (Normal) (G1 Evacuation Pause)
[2020-11-07T11:11:03.434+0800][gc,task       ] GC(65) Using 10 workers of 10 for evacuation
[2020-11-07T11:11:03.437+0800][gc,phases     ] GC(65)   Pre Evacuate Collection Set: 0.0ms
[2020-11-07T11:11:03.437+0800][gc,phases     ] GC(65)   Evacuate Collection Set: 2.8ms
[2020-11-07T11:11:03.437+0800][gc,phases     ] GC(65)   Post Evacuate Collection Set: 0.5ms
[2020-11-07T11:11:03.438+0800][gc,phases     ] GC(65)   Other: 1.4ms
[2020-11-07T11:11:03.438+0800][gc,heap       ] GC(65) Eden regions: 610->0(610)
[2020-11-07T11:11:03.438+0800][gc,heap       ] GC(65) Survivor regions: 4->4(77)
[2020-11-07T11:11:03.438+0800][gc,heap       ] GC(65) Old regions: 104->104
[2020-11-07T11:11:03.438+0800][gc,heap       ] GC(65) Humongous regions: 130->130
[2020-11-07T11:11:03.438+0800][gc,metaspace  ] GC(65) Metaspace: 36647K->36647K(1083392K)
[2020-11-07T11:11:03.438+0800][gc            ] GC(65) Pause Young (Normal) (G1 Evacuation Pause) 846M->236M(1024M) 4.948ms
[2020-11-07T11:11:03.438+0800][gc,cpu        ] GC(65) User=0.03s Sys=0.00s Real=0.00s
[2020-11-07T11:30:38.449+0800][gc,start      ] GC(66) Pause Young (Normal) (G1 Evacuation Pause)
[2020-11-07T11:30:38.450+0800][gc,task       ] GC(66) Using 10 workers of 10 for evacuation
[2020-11-07T11:30:38.458+0800][gc,phases     ] GC(66)   Pre Evacuate Collection Set: 0.1ms
[2020-11-07T11:30:38.458+0800][gc,phases     ] GC(66)   Evacuate Collection Set: 6.9ms
[2020-11-07T11:30:38.458+0800][gc,phases     ] GC(66)   Post Evacuate Collection Set: 1.0ms
[2020-11-07T11:30:38.458+0800][gc,phases     ] GC(66)   Other: 1.5ms
[2020-11-07T11:30:38.458+0800][gc,heap       ] GC(66) Eden regions: 610->0(610)
[2020-11-07T11:30:38.458+0800][gc,heap       ] GC(66) Survivor regions: 4->4(77)
[2020-11-07T11:30:38.458+0800][gc,heap       ] GC(66) Old regions: 104->104
[2020-11-07T11:30:38.458+0800][gc,heap       ] GC(66) Humongous regions: 130->130
[2020-11-07T11:30:38.458+0800][gc,metaspace  ] GC(66) Metaspace: 36663K->36663K(1083392K)
[2020-11-07T11:30:38.458+0800][gc            ] GC(66) Pause Young (Normal) (G1 Evacuation Pause) 846M->236M(1024M) 9.952ms
[2020-11-07T11:30:38.459+0800][gc,cpu        ] GC(66) User=0.06s Sys=0.00s Real=0.01s
[2020-11-07T11:42:40.649+0800][gc,start      ] GC(67) Pause Young (Normal) (G1 Evacuation Pause)
[2020-11-07T11:42:40.649+0800][gc,task       ] GC(67) Using 10 workers of 10 for evacuation
[2020-11-07T11:42:40.654+0800][gc,phases     ] GC(67)   Pre Evacuate Collection Set: 0.0ms
[2020-11-07T11:42:40.654+0800][gc,phases     ] GC(67)   Evacuate Collection Set: 4.8ms
[2020-11-07T11:42:40.654+0800][gc,phases     ] GC(67)   Post Evacuate Collection Set: 0.3ms
[2020-11-07T11:42:40.654+0800][gc,phases     ] GC(67)   Other: 1.2ms
[2020-11-07T11:42:40.654+0800][gc,heap       ] GC(67) Eden regions: 610->0(610)
[2020-11-07T11:42:40.654+0800][gc,heap       ] GC(67) Survivor regions: 4->4(77)
[2020-11-07T11:42:40.654+0800][gc,heap       ] GC(67) Old regions: 104->104
[2020-11-07T11:42:40.654+0800][gc,heap       ] GC(67) Humongous regions: 130->130
[2020-11-07T11:42:40.654+0800][gc,metaspace  ] GC(67) Metaspace: 36680K->36680K(1083392K)
[2020-11-07T11:42:40.655+0800][gc            ] GC(67) Pause Young (Normal) (G1 Evacuation Pause) 846M->237M(1024M) 5.829ms
[2020-11-07T11:42:40.655+0800][gc,cpu        ] GC(67) User=0.03s Sys=0.01s Real=0.01s
[2020-11-07T11:50:33.539+0800][gc,start      ] GC(68) Pause Young (Normal) (G1 Evacuation Pause)
[2020-11-07T11:50:33.539+0800][gc,task       ] GC(68) Using 10 workers of 10 for evacuation
[2020-11-07T11:50:33.546+0800][gc,phases     ] GC(68)   Pre Evacuate Collection Set: 0.0ms
[2020-11-07T11:50:33.546+0800][gc,phases     ] GC(68)   Evacuate Collection Set: 5.1ms
[2020-11-07T11:50:33.546+0800][gc,phases     ] GC(68)   Post Evacuate Collection Set: 0.9ms
[2020-11-07T11:50:33.546+0800][gc,phases     ] GC(68)   Other: 1.2ms
[2020-11-07T11:50:33.546+0800][gc,heap       ] GC(68) Eden regions: 610->0(610)
[2020-11-07T11:50:33.546+0800][gc,heap       ] GC(68) Survivor regions: 4->4(77)
[2020-11-07T11:50:33.546+0800][gc,heap       ] GC(68) Old regions: 104->104
[2020-11-07T11:50:33.546+0800][gc,heap       ] GC(68) Humongous regions: 130->130
[2020-11-07T11:50:33.546+0800][gc,metaspace  ] GC(68) Metaspace: 36680K->36680K(1083392K)
[2020-11-07T11:50:33.546+0800][gc            ] GC(68) Pause Young (Normal) (G1 Evacuation Pause) 847M->237M(1024M) 7.379ms
[2020-11-07T11:50:33.546+0800][gc,cpu        ] GC(68) User=0.03s Sys=0.01s Real=0.01s
[2020-11-07T11:58:45.599+0800][gc,start      ] GC(69) Pause Young (Normal) (G1 Evacuation Pause)
[2020-11-07T11:58:45.600+0800][gc,task       ] GC(69) Using 10 workers of 10 for evacuation
[2020-11-07T11:58:45.603+0800][gc,phases     ] GC(69)   Pre Evacuate Collection Set: 0.0ms
[2020-11-07T11:58:45.603+0800][gc,phases     ] GC(69)   Evacuate Collection Set: 2.2ms
[2020-11-07T11:58:45.603+0800][gc,phases     ] GC(69)   Post Evacuate Collection Set: 0.4ms
[2020-11-07T11:58:45.603+0800][gc,phases     ] GC(69)   Other: 0.9ms
[2020-11-07T11:58:45.603+0800][gc,heap       ] GC(69) Eden regions: 610->0(611)
[2020-11-07T11:58:45.603+0800][gc,heap       ] GC(69) Survivor regions: 4->3(77)
[2020-11-07T11:58:45.603+0800][gc,heap       ] GC(69) Old regions: 104->104
[2020-11-07T11:58:45.603+0800][gc,heap       ] GC(69) Humongous regions: 130->130
[2020-11-07T11:58:45.603+0800][gc,metaspace  ] GC(69) Metaspace: 36682K->36682K(1083392K)
[2020-11-07T11:58:45.603+0800][gc            ] GC(69) Pause Young (Normal) (G1 Evacuation Pause) 847M->236M(1024M) 3.695ms
[2020-11-07T11:58:45.603+0800][gc,cpu        ] GC(69) User=0.02s Sys=0.00s Real=0.01s
[2020-11-07T12:07:29.979+0800][gc,start      ] GC(70) Pause Young (Normal) (G1 Evacuation Pause)
[2020-11-07T12:07:29.980+0800][gc,task       ] GC(70) Using 10 workers of 10 for evacuation
[2020-11-07T12:07:29.987+0800][gc,phases     ] GC(70)   Pre Evacuate Collection Set: 0.9ms
[2020-11-07T12:07:29.987+0800][gc,phases     ] GC(70)   Evacuate Collection Set: 4.4ms
[2020-11-07T12:07:29.987+0800][gc,phases     ] GC(70)   Post Evacuate Collection Set: 1.1ms
[2020-11-07T12:07:29.987+0800][gc,phases     ] GC(70)   Other: 1.5ms
[2020-11-07T12:07:29.987+0800][gc,heap       ] GC(70) Eden regions: 611->0(610)
[2020-11-07T12:07:29.987+0800][gc,heap       ] GC(70) Survivor regions: 3->4(77)
[2020-11-07T12:07:29.987+0800][gc,heap       ] GC(70) Old regions: 104->104
[2020-11-07T12:07:29.987+0800][gc,heap       ] GC(70) Humongous regions: 130->130
[2020-11-07T12:07:29.987+0800][gc,metaspace  ] GC(70) Metaspace: 36697K->36697K(1083392K)
[2020-11-07T12:07:29.987+0800][gc            ] GC(70) Pause Young (Normal) (G1 Evacuation Pause) 847M->236M(1024M) 8.035ms
[2020-11-07T12:07:29.987+0800][gc,cpu        ] GC(70) User=0.03s Sys=0.02s Real=0.01s
[2020-11-07T13:05:01.517+0800][gc,start      ] GC(71) Pause Young (Normal) (G1 Evacuation Pause)
[2020-11-07T13:05:01.517+0800][gc,task       ] GC(71) Using 10 workers of 10 for evacuation
[2020-11-07T13:05:01.524+0800][gc,phases     ] GC(71)   Pre Evacuate Collection Set: 0.0ms
[2020-11-07T13:05:01.525+0800][gc,phases     ] GC(71)   Evacuate Collection Set: 6.1ms
[2020-11-07T13:05:01.525+0800][gc,phases     ] GC(71)   Post Evacuate Collection Set: 0.9ms
[2020-11-07T13:05:01.525+0800][gc,phases     ] GC(71)   Other: 0.9ms
[2020-11-07T13:05:01.525+0800][gc,heap       ] GC(71) Eden regions: 610->0(610)
[2020-11-07T13:05:01.525+0800][gc,heap       ] GC(71) Survivor regions: 4->4(77)
[2020-11-07T13:05:01.525+0800][gc,heap       ] GC(71) Old regions: 104->104
[2020-11-07T13:05:01.525+0800][gc,heap       ] GC(71) Humongous regions: 130->130
[2020-11-07T13:05:01.525+0800][gc,metaspace  ] GC(71) Metaspace: 36733K->36733K(1083392K)
[2020-11-07T13:05:01.525+0800][gc            ] GC(71) Pause Young (Normal) (G1 Evacuation Pause) 846M->236M(1024M) 8.349ms
[2020-11-07T13:05:01.525+0800][gc,cpu        ] GC(71) User=0.04s Sys=0.01s Real=0.01s
[2020-11-07T17:13:04.569+0800][gc,start      ] GC(72) Pause Young (Normal) (G1 Evacuation Pause)
[2020-11-07T17:13:04.570+0800][gc,task       ] GC(72) Using 10 workers of 10 for evacuation
[2020-11-07T17:13:04.574+0800][gc,phases     ] GC(72)   Pre Evacuate Collection Set: 0.0ms
[2020-11-07T17:13:04.575+0800][gc,phases     ] GC(72)   Evacuate Collection Set: 3.6ms
[2020-11-07T17:13:04.575+0800][gc,phases     ] GC(72)   Post Evacuate Collection Set: 0.5ms
[2020-11-07T17:13:04.575+0800][gc,phases     ] GC(72)   Other: 1.1ms
[2020-11-07T17:13:04.575+0800][gc,heap       ] GC(72) Eden regions: 610->0(610)
[2020-11-07T17:13:04.575+0800][gc,heap       ] GC(72) Survivor regions: 4->4(77)
[2020-11-07T17:13:04.575+0800][gc,heap       ] GC(72) Old regions: 104->104
[2020-11-07T17:13:04.575+0800][gc,heap       ] GC(72) Humongous regions: 130->130
[2020-11-07T17:13:04.575+0800][gc,metaspace  ] GC(72) Metaspace: 36761K->36761K(1083392K)
[2020-11-07T17:13:04.575+0800][gc            ] GC(72) Pause Young (Normal) (G1 Evacuation Pause) 846M->236M(1024M) 5.293ms
[2020-11-07T17:13:04.575+0800][gc,cpu        ] GC(72) User=0.03s Sys=0.00s Real=0.01s
[2020-11-07T21:01:43.138+0800][gc,start      ] GC(73) Pause Young (Normal) (G1 Evacuation Pause)
[2020-11-07T21:01:43.139+0800][gc,task       ] GC(73) Using 10 workers of 10 for evacuation
[2020-11-07T21:01:43.151+0800][gc,phases     ] GC(73)   Pre Evacuate Collection Set: 0.1ms
[2020-11-07T21:01:43.151+0800][gc,phases     ] GC(73)   Evacuate Collection Set: 8.9ms
[2020-11-07T21:01:43.151+0800][gc,phases     ] GC(73)   Post Evacuate Collection Set: 2.1ms
[2020-11-07T21:01:43.151+0800][gc,phases     ] GC(73)   Other: 1.2ms
[2020-11-07T21:01:43.151+0800][gc,heap       ] GC(73) Eden regions: 610->0(610)
[2020-11-07T21:01:43.151+0800][gc,heap       ] GC(73) Survivor regions: 4->4(77)
[2020-11-07T21:01:43.151+0800][gc,heap       ] GC(73) Old regions: 104->104
[2020-11-07T21:01:43.151+0800][gc,heap       ] GC(73) Humongous regions: 130->130
[2020-11-07T21:01:43.151+0800][gc,metaspace  ] GC(73) Metaspace: 36783K->36783K(1083392K)
[2020-11-07T21:01:43.151+0800][gc            ] GC(73) Pause Young (Normal) (G1 Evacuation Pause) 846M->236M(1024M) 12.647ms
[2020-11-07T21:01:43.151+0800][gc,cpu        ] GC(73) User=0.07s Sys=0.01s Real=0.02s
[2020-11-07T21:52:59.456+0800][gc,start      ] GC(74) Pause Young (Normal) (G1 Evacuation Pause)
[2020-11-07T21:52:59.457+0800][gc,task       ] GC(74) Using 10 workers of 10 for evacuation
[2020-11-07T21:52:59.469+0800][gc,phases     ] GC(74)   Pre Evacuate Collection Set: 1.0ms
[2020-11-07T21:52:59.469+0800][gc,phases     ] GC(74)   Evacuate Collection Set: 9.1ms
[2020-11-07T21:52:59.469+0800][gc,phases     ] GC(74)   Post Evacuate Collection Set: 1.3ms
[2020-11-07T21:52:59.469+0800][gc,phases     ] GC(74)   Other: 1.7ms
[2020-11-07T21:52:59.469+0800][gc,heap       ] GC(74) Eden regions: 610->0(610)
[2020-11-07T21:52:59.469+0800][gc,heap       ] GC(74) Survivor regions: 4->4(77)
[2020-11-07T21:52:59.469+0800][gc,heap       ] GC(74) Old regions: 104->104
[2020-11-07T21:52:59.469+0800][gc,heap       ] GC(74) Humongous regions: 130->130
[2020-11-07T21:52:59.469+0800][gc,metaspace  ] GC(74) Metaspace: 36796K->36796K(1083392K)
[2020-11-07T21:52:59.469+0800][gc            ] GC(74) Pause Young (Normal) (G1 Evacuation Pause) 846M->236M(1024M) 13.135ms
[2020-11-07T21:52:59.469+0800][gc,cpu        ] GC(74) User=0.03s Sys=0.04s Real=0.01s
[2020-11-07T22:01:00.764+0800][gc,start      ] GC(75) Pause Young (Normal) (G1 Evacuation Pause)
[2020-11-07T22:01:00.764+0800][gc,task       ] GC(75) Using 10 workers of 10 for evacuation
[2020-11-07T22:01:00.767+0800][gc,phases     ] GC(75)   Pre Evacuate Collection Set: 0.0ms
[2020-11-07T22:01:00.767+0800][gc,phases     ] GC(75)   Evacuate Collection Set: 2.9ms
[2020-11-07T22:01:00.767+0800][gc,phases     ] GC(75)   Post Evacuate Collection Set: 0.3ms
[2020-11-07T22:01:00.767+0800][gc,phases     ] GC(75)   Other: 0.2ms
[2020-11-07T22:01:00.767+0800][gc,heap       ] GC(75) Eden regions: 610->0(610)
[2020-11-07T22:01:00.767+0800][gc,heap       ] GC(75) Survivor regions: 4->4(77)
[2020-11-07T22:01:00.767+0800][gc,heap       ] GC(75) Old regions: 104->104
[2020-11-07T22:01:00.767+0800][gc,heap       ] GC(75) Humongous regions: 130->130
[2020-11-07T22:01:00.767+0800][gc,metaspace  ] GC(75) Metaspace: 36796K->36796K(1083392K)
[2020-11-07T22:01:00.767+0800][gc            ] GC(75) Pause Young (Normal) (G1 Evacuation Pause) 846M->236M(1024M) 3.568ms
[2020-11-07T22:01:00.767+0800][gc,cpu        ] GC(75) User=0.03s Sys=0.00s Real=0.00s
[2020-11-07T22:09:03.976+0800][gc,start      ] GC(76) Pause Young (Normal) (G1 Evacuation Pause)
[2020-11-07T22:09:03.977+0800][gc,task       ] GC(76) Using 10 workers of 10 for evacuation
[2020-11-07T22:09:03.981+0800][gc,phases     ] GC(76)   Pre Evacuate Collection Set: 0.0ms
[2020-11-07T22:09:03.981+0800][gc,phases     ] GC(76)   Evacuate Collection Set: 2.2ms
[2020-11-07T22:09:03.981+0800][gc,phases     ] GC(76)   Post Evacuate Collection Set: 1.0ms
[2020-11-07T22:09:03.981+0800][gc,phases     ] GC(76)   Other: 1.2ms
[2020-11-07T22:09:03.981+0800][gc,heap       ] GC(76) Eden regions: 610->0(610)
[2020-11-07T22:09:03.981+0800][gc,heap       ] GC(76) Survivor regions: 4->4(77)
[2020-11-07T22:09:03.981+0800][gc,heap       ] GC(76) Old regions: 104->104
[2020-11-07T22:09:03.981+0800][gc,heap       ] GC(76) Humongous regions: 130->130
[2020-11-07T22:09:03.981+0800][gc,metaspace  ] GC(76) Metaspace: 36796K->36796K(1083392K)
[2020-11-07T22:09:03.981+0800][gc            ] GC(76) Pause Young (Normal) (G1 Evacuation Pause) 846M->236M(1024M) 4.572ms
[2020-11-07T22:09:03.981+0800][gc,cpu        ] GC(76) User=0.02s Sys=0.00s Real=0.01s
[2020-11-07T22:17:04.496+0800][gc,start      ] GC(77) Pause Young (Normal) (G1 Evacuation Pause)
[2020-11-07T22:17:04.499+0800][gc,task       ] GC(77) Using 10 workers of 10 for evacuation
[2020-11-07T22:17:04.511+0800][gc,phases     ] GC(77)   Pre Evacuate Collection Set: 1.1ms
[2020-11-07T22:17:04.511+0800][gc,phases     ] GC(77)   Evacuate Collection Set: 9.4ms
[2020-11-07T22:17:04.511+0800][gc,phases     ] GC(77)   Post Evacuate Collection Set: 1.0ms
[2020-11-07T22:17:04.511+0800][gc,phases     ] GC(77)   Other: 3.4ms
[2020-11-07T22:17:04.511+0800][gc,heap       ] GC(77) Eden regions: 610->0(610)
[2020-11-07T22:17:04.511+0800][gc,heap       ] GC(77) Survivor regions: 4->4(77)
[2020-11-07T22:17:04.511+0800][gc,heap       ] GC(77) Old regions: 104->104
[2020-11-07T22:17:04.511+0800][gc,heap       ] GC(77) Humongous regions: 130->130
[2020-11-07T22:17:04.511+0800][gc,metaspace  ] GC(77) Metaspace: 36812K->36812K(1083392K)
[2020-11-07T22:17:04.511+0800][gc            ] GC(77) Pause Young (Normal) (G1 Evacuation Pause) 846M->237M(1024M) 14.998ms
[2020-11-07T22:17:04.511+0800][gc,cpu        ] GC(77) User=0.03s Sys=0.04s Real=0.02s
[2020-11-07T22:25:00.461+0800][gc,start      ] GC(78) Pause Young (Normal) (G1 Evacuation Pause)
[2020-11-07T22:25:00.461+0800][gc,task       ] GC(78) Using 10 workers of 10 for evacuation
[2020-11-07T22:25:00.467+0800][gc,phases     ] GC(78)   Pre Evacuate Collection Set: 0.0ms
[2020-11-07T22:25:00.467+0800][gc,phases     ] GC(78)   Evacuate Collection Set: 5.3ms
[2020-11-07T22:25:00.467+0800][gc,phases     ] GC(78)   Post Evacuate Collection Set: 0.4ms
[2020-11-07T22:25:00.467+0800][gc,phases     ] GC(78)   Other: 0.9ms
[2020-11-07T22:25:00.467+0800][gc,heap       ] GC(78) Eden regions: 610->0(610)
[2020-11-07T22:25:00.467+0800][gc,heap       ] GC(78) Survivor regions: 4->4(77)
[2020-11-07T22:25:00.467+0800][gc,heap       ] GC(78) Old regions: 104->104
[2020-11-07T22:25:00.467+0800][gc,heap       ] GC(78) Humongous regions: 130->130
[2020-11-07T22:25:00.467+0800][gc,metaspace  ] GC(78) Metaspace: 36844K->36844K(1083392K)
[2020-11-07T22:25:00.468+0800][gc            ] GC(78) Pause Young (Normal) (G1 Evacuation Pause) 847M->237M(1024M) 6.699ms
[2020-11-07T22:25:00.468+0800][gc,cpu        ] GC(78) User=0.03s Sys=0.01s Real=0.00s
[2020-11-07T22:33:06.021+0800][gc,start      ] GC(79) Pause Young (Normal) (G1 Evacuation Pause)
[2020-11-07T22:33:06.021+0800][gc,task       ] GC(79) Using 10 workers of 10 for evacuation
[2020-11-07T22:33:06.026+0800][gc,phases     ] GC(79)   Pre Evacuate Collection Set: 0.0ms
[2020-11-07T22:33:06.026+0800][gc,phases     ] GC(79)   Evacuate Collection Set: 4.2ms
[2020-11-07T22:33:06.026+0800][gc,phases     ] GC(79)   Post Evacuate Collection Set: 0.4ms
[2020-11-07T22:33:06.026+0800][gc,phases     ] GC(79)   Other: 0.4ms
[2020-11-07T22:33:06.026+0800][gc,heap       ] GC(79) Eden regions: 610->0(609)
[2020-11-07T22:33:06.026+0800][gc,heap       ] GC(79) Survivor regions: 4->5(77)
[2020-11-07T22:33:06.026+0800][gc,heap       ] GC(79) Old regions: 104->104
[2020-11-07T22:33:06.026+0800][gc,heap       ] GC(79) Humongous regions: 130->130
[2020-11-07T22:33:06.026+0800][gc,metaspace  ] GC(79) Metaspace: 36844K->36844K(1083392K)
[2020-11-07T22:33:06.026+0800][gc            ] GC(79) Pause Young (Normal) (G1 Evacuation Pause) 847M->237M(1024M) 5.121ms
[2020-11-07T22:33:06.026+0800][gc,cpu        ] GC(79) User=0.03s Sys=0.00s Real=0.00s
[2020-11-07T22:41:33.793+0800][gc,start      ] GC(80) Pause Young (Normal) (G1 Evacuation Pause)
[2020-11-07T22:41:33.793+0800][gc,task       ] GC(80) Using 10 workers of 10 for evacuation
[2020-11-07T22:41:33.798+0800][gc,phases     ] GC(80)   Pre Evacuate Collection Set: 0.0ms
[2020-11-07T22:41:33.798+0800][gc,phases     ] GC(80)   Evacuate Collection Set: 3.0ms
[2020-11-07T22:41:33.798+0800][gc,phases     ] GC(80)   Post Evacuate Collection Set: 1.0ms
[2020-11-07T22:41:33.798+0800][gc,phases     ] GC(80)   Other: 0.9ms
[2020-11-07T22:41:33.798+0800][gc,heap       ] GC(80) Eden regions: 609->0(610)
[2020-11-07T22:41:33.798+0800][gc,heap       ] GC(80) Survivor regions: 5->4(77)
[2020-11-07T22:41:33.798+0800][gc,heap       ] GC(80) Old regions: 104->104
[2020-11-07T22:41:33.798+0800][gc,heap       ] GC(80) Humongous regions: 130->130
[2020-11-07T22:41:33.798+0800][gc,metaspace  ] GC(80) Metaspace: 36856K->36856K(1083392K)
[2020-11-07T22:41:33.798+0800][gc            ] GC(80) Pause Young (Normal) (G1 Evacuation Pause) 846M->237M(1024M) 5.175ms
[2020-11-07T22:41:33.798+0800][gc,cpu        ] GC(80) User=0.02s Sys=0.01s Real=0.00s
[2020-11-07T22:49:36.896+0800][gc,start      ] GC(81) Pause Young (Normal) (G1 Evacuation Pause)
[2020-11-07T22:49:36.897+0800][gc,task       ] GC(81) Using 10 workers of 10 for evacuation
[2020-11-07T22:49:36.901+0800][gc,phases     ] GC(81)   Pre Evacuate Collection Set: 0.0ms
[2020-11-07T22:49:36.901+0800][gc,phases     ] GC(81)   Evacuate Collection Set: 3.7ms
[2020-11-07T22:49:36.901+0800][gc,phases     ] GC(81)   Post Evacuate Collection Set: 0.4ms
[2020-11-07T22:49:36.901+0800][gc,phases     ] GC(81)   Other: 1.4ms
[2020-11-07T22:49:36.901+0800][gc,heap       ] GC(81) Eden regions: 610->0(610)
[2020-11-07T22:49:36.901+0800][gc,heap       ] GC(81) Survivor regions: 4->4(77)
[2020-11-07T22:49:36.901+0800][gc,heap       ] GC(81) Old regions: 104->104
[2020-11-07T22:49:36.901+0800][gc,heap       ] GC(81) Humongous regions: 130->130
[2020-11-07T22:49:36.901+0800][gc,metaspace  ] GC(81) Metaspace: 36858K->36858K(1083392K)
[2020-11-07T22:49:36.901+0800][gc            ] GC(81) Pause Young (Normal) (G1 Evacuation Pause) 847M->237M(1024M) 5.590ms
[2020-11-07T22:49:36.901+0800][gc,cpu        ] GC(81) User=0.03s Sys=0.00s Real=0.01s
[2020-11-07T22:57:39.160+0800][gc,start      ] GC(82) Pause Young (Normal) (G1 Evacuation Pause)
[2020-11-07T22:57:39.161+0800][gc,task       ] GC(82) Using 10 workers of 10 for evacuation
[2020-11-07T22:57:39.164+0800][gc,phases     ] GC(82)   Pre Evacuate Collection Set: 0.1ms
[2020-11-07T22:57:39.164+0800][gc,phases     ] GC(82)   Evacuate Collection Set: 2.2ms
[2020-11-07T22:57:39.164+0800][gc,phases     ] GC(82)   Post Evacuate Collection Set: 0.5ms
[2020-11-07T22:57:39.164+0800][gc,phases     ] GC(82)   Other: 1.0ms
[2020-11-07T22:57:39.164+0800][gc,heap       ] GC(82) Eden regions: 610->0(610)
[2020-11-07T22:57:39.164+0800][gc,heap       ] GC(82) Survivor regions: 4->4(77)
[2020-11-07T22:57:39.164+0800][gc,heap       ] GC(82) Old regions: 104->104
[2020-11-07T22:57:39.164+0800][gc,heap       ] GC(82) Humongous regions: 130->130
[2020-11-07T22:57:39.164+0800][gc,metaspace  ] GC(82) Metaspace: 36858K->36858K(1083392K)
[2020-11-07T22:57:39.164+0800][gc            ] GC(82) Pause Young (Normal) (G1 Evacuation Pause) 847M->236M(1024M) 3.978ms
[2020-11-07T22:57:39.164+0800][gc,cpu        ] GC(82) User=0.02s Sys=0.00s Real=0.00s
[2020-11-07T23:05:43.115+0800][gc,start      ] GC(83) Pause Young (Normal) (G1 Evacuation Pause)
[2020-11-07T23:05:43.115+0800][gc,task       ] GC(83) Using 10 workers of 10 for evacuation
[2020-11-07T23:05:43.119+0800][gc,phases     ] GC(83)   Pre Evacuate Collection Set: 0.0ms
[2020-11-07T23:05:43.119+0800][gc,phases     ] GC(83)   Evacuate Collection Set: 3.2ms
[2020-11-07T23:05:43.119+0800][gc,phases     ] GC(83)   Post Evacuate Collection Set: 0.4ms
[2020-11-07T23:05:43.119+0800][gc,phases     ] GC(83)   Other: 0.3ms
[2020-11-07T23:05:43.119+0800][gc,heap       ] GC(83) Eden regions: 610->0(610)
[2020-11-07T23:05:43.119+0800][gc,heap       ] GC(83) Survivor regions: 4->4(77)
[2020-11-07T23:05:43.119+0800][gc,heap       ] GC(83) Old regions: 104->104
[2020-11-07T23:05:43.119+0800][gc,heap       ] GC(83) Humongous regions: 130->130
[2020-11-07T23:05:43.119+0800][gc,metaspace  ] GC(83) Metaspace: 36858K->36858K(1083392K)
[2020-11-07T23:05:43.119+0800][gc            ] GC(83) Pause Young (Normal) (G1 Evacuation Pause) 846M->236M(1024M) 4.077ms
[2020-11-07T23:05:43.119+0800][gc,cpu        ] GC(83) User=0.03s Sys=0.00s Real=0.00s
[2020-11-07T23:13:44.562+0800][gc,start      ] GC(84) Pause Young (Normal) (G1 Evacuation Pause)
[2020-11-07T23:13:44.563+0800][gc,task       ] GC(84) Using 10 workers of 10 for evacuation
[2020-11-07T23:13:44.566+0800][gc,phases     ] GC(84)   Pre Evacuate Collection Set: 0.0ms
[2020-11-07T23:13:44.566+0800][gc,phases     ] GC(84)   Evacuate Collection Set: 3.0ms
[2020-11-07T23:13:44.567+0800][gc,phases     ] GC(84)   Post Evacuate Collection Set: 0.5ms
[2020-11-07T23:13:44.567+0800][gc,phases     ] GC(84)   Other: 1.3ms
[2020-11-07T23:13:44.567+0800][gc,heap       ] GC(84) Eden regions: 610->0(610)
[2020-11-07T23:13:44.567+0800][gc,heap       ] GC(84) Survivor regions: 4->4(77)
[2020-11-07T23:13:44.567+0800][gc,heap       ] GC(84) Old regions: 104->104
[2020-11-07T23:13:44.567+0800][gc,heap       ] GC(84) Humongous regions: 130->130
[2020-11-07T23:13:44.567+0800][gc,metaspace  ] GC(84) Metaspace: 36862K->36862K(1083392K)
[2020-11-07T23:13:44.567+0800][gc            ] GC(84) Pause Young (Normal) (G1 Evacuation Pause) 846M->237M(1024M) 4.948ms
[2020-11-07T23:13:44.567+0800][gc,cpu        ] GC(84) User=0.03s Sys=0.01s Real=0.00s
[2020-11-07T23:21:45.083+0800][gc,start      ] GC(85) Pause Young (Normal) (G1 Evacuation Pause)
[2020-11-07T23:21:45.084+0800][gc,task       ] GC(85) Using 10 workers of 10 for evacuation
[2020-11-07T23:21:45.089+0800][gc,phases     ] GC(85)   Pre Evacuate Collection Set: 0.0ms
[2020-11-07T23:21:45.089+0800][gc,phases     ] GC(85)   Evacuate Collection Set: 3.8ms
[2020-11-07T23:21:45.089+0800][gc,phases     ] GC(85)   Post Evacuate Collection Set: 0.4ms
[2020-11-07T23:21:45.089+0800][gc,phases     ] GC(85)   Other: 1.4ms
[2020-11-07T23:21:45.089+0800][gc,heap       ] GC(85) Eden regions: 610->0(610)
[2020-11-07T23:21:45.089+0800][gc,heap       ] GC(85) Survivor regions: 4->4(77)
[2020-11-07T23:21:45.089+0800][gc,heap       ] GC(85) Old regions: 104->104
[2020-11-07T23:21:45.089+0800][gc,heap       ] GC(85) Humongous regions: 130->130
[2020-11-07T23:21:45.089+0800][gc,metaspace  ] GC(85) Metaspace: 36862K->36862K(1083392K)
[2020-11-07T23:21:45.089+0800][gc            ] GC(85) Pause Young (Normal) (G1 Evacuation Pause) 847M->237M(1024M) 5.784ms
[2020-11-07T23:21:45.089+0800][gc,cpu        ] GC(85) User=0.03s Sys=0.01s Real=0.00s
[2020-11-07T23:31:35.244+0800][gc,start      ] GC(86) Pause Young (Normal) (G1 Evacuation Pause)
[2020-11-07T23:31:35.245+0800][gc,task       ] GC(86) Using 10 workers of 10 for evacuation
[2020-11-07T23:31:35.248+0800][gc,phases     ] GC(86)   Pre Evacuate Collection Set: 0.0ms
[2020-11-07T23:31:35.248+0800][gc,phases     ] GC(86)   Evacuate Collection Set: 2.4ms
[2020-11-07T23:31:35.248+0800][gc,phases     ] GC(86)   Post Evacuate Collection Set: 0.4ms
[2020-11-07T23:31:35.248+0800][gc,phases     ] GC(86)   Other: 0.8ms
[2020-11-07T23:31:35.248+0800][gc,heap       ] GC(86) Eden regions: 610->0(611)
[2020-11-07T23:31:35.248+0800][gc,heap       ] GC(86) Survivor regions: 4->3(77)
[2020-11-07T23:31:35.248+0800][gc,heap       ] GC(86) Old regions: 104->104
[2020-11-07T23:31:35.248+0800][gc,heap       ] GC(86) Humongous regions: 130->130
[2020-11-07T23:31:35.248+0800][gc,metaspace  ] GC(86) Metaspace: 36872K->36872K(1083392K)
[2020-11-07T23:31:35.248+0800][gc            ] GC(86) Pause Young (Normal) (G1 Evacuation Pause) 847M->236M(1024M) 3.789ms
[2020-11-07T23:31:35.248+0800][gc,cpu        ] GC(86) User=0.02s Sys=0.00s Real=0.00s
[2020-11-07T23:48:52.355+0800][gc,start      ] GC(87) Pause Young (Normal) (G1 Evacuation Pause)
[2020-11-07T23:48:52.355+0800][gc,task       ] GC(87) Using 10 workers of 10 for evacuation
[2020-11-07T23:48:52.361+0800][gc,phases     ] GC(87)   Pre Evacuate Collection Set: 0.0ms
[2020-11-07T23:48:52.361+0800][gc,phases     ] GC(87)   Evacuate Collection Set: 5.2ms
