[2020-11-03T09:32:20.941+0800][gc,heap] Heap region size: 1M
[2020-11-03T09:32:20.949+0800][gc     ] Using G1
[2020-11-03T09:32:20.949+0800][gc,heap,coops] Heap address: 0x00000007c0000000, size: 1024 MB, Compressed Oops mode: Zero based, Oop shift amount: 3
[2020-11-03T09:32:21.820+0800][gc,start     ] GC(0) Pause Young (Concurrent Start) (Metadata GC Threshold)
[2020-11-03T09:32:21.820+0800][gc,task      ] GC(0) Using 10 workers of 10 for evacuation
[2020-11-03T09:32:21.825+0800][gc,phases    ] GC(0)   Pre Evacuate Collection Set: 0.0ms
[2020-11-03T09:32:21.825+0800][gc,phases    ] GC(0)   Evacuate Collection Set: 4.3ms
[2020-11-03T09:32:21.825+0800][gc,phases    ] GC(0)   Post Evacuate Collection Set: 0.3ms
[2020-11-03T09:32:21.825+0800][gc,phases    ] GC(0)   Other: 0.7ms
[2020-11-03T09:32:21.825+0800][gc,heap      ] GC(0) Eden regions: 40->0(44)
[2020-11-03T09:32:21.825+0800][gc,heap      ] GC(0) Survivor regions: 0->7(7)
[2020-11-03T09:32:21.825+0800][gc,heap      ] GC(0) Old regions: 0->0
[2020-11-03T09:32:21.825+0800][gc,heap      ] GC(0) Humongous regions: 1->1
[2020-11-03T09:32:21.825+0800][gc,metaspace ] GC(0) Metaspace: 20620K->20620K(1069056K)
[2020-11-03T09:32:21.825+0800][gc           ] GC(0) Pause Young (Concurrent Start) (Metadata GC Threshold) 40M->7M(1024M) 5.482ms
[2020-11-03T09:32:21.825+0800][gc,cpu       ] GC(0) User=0.02s Sys=0.01s Real=0.00s
[2020-11-03T09:32:21.825+0800][gc           ] GC(1) Concurrent Cycle
[2020-11-03T09:32:21.826+0800][gc,marking   ] GC(1) Concurrent Clear Claimed Marks
[2020-11-03T09:32:21.826+0800][gc,marking   ] GC(1) Concurrent Clear Claimed Marks 0.024ms
[2020-11-03T09:32:21.826+0800][gc,marking   ] GC(1) Concurrent Scan Root Regions
[2020-11-03T09:32:21.827+0800][gc,marking   ] GC(1) Concurrent Scan Root Regions 1.544ms
[2020-11-03T09:32:21.827+0800][gc,marking   ] GC(1) Concurrent Mark (0.910s)
[2020-11-03T09:32:21.827+0800][gc,marking   ] GC(1) Concurrent Mark From Roots
[2020-11-03T09:32:21.827+0800][gc,task      ] GC(1) Using 3 workers of 3 for marking
[2020-11-03T09:32:21.827+0800][gc,marking   ] GC(1) Concurrent Mark From Roots 0.186ms
[2020-11-03T09:32:21.827+0800][gc,marking   ] GC(1) Concurrent Preclean
[2020-11-03T09:32:21.827+0800][gc,marking   ] GC(1) Concurrent Preclean 0.032ms
[2020-11-03T09:32:21.827+0800][gc,marking   ] GC(1) Concurrent Mark (0.910s, 0.910s) 0.258ms
[2020-11-03T09:32:21.827+0800][gc,start     ] GC(1) Pause Remark
[2020-11-03T09:32:21.828+0800][gc,stringtable] GC(1) Cleaned string and symbol table, strings: 7879 processed, 0 removed, symbols: 66305 processed, 36 removed
[2020-11-03T09:32:21.829+0800][gc            ] GC(1) Pause Remark 7M->7M(1024M) 1.089ms
[2020-11-03T09:32:21.829+0800][gc,cpu        ] GC(1) User=0.01s Sys=0.00s Real=0.00s
[2020-11-03T09:32:21.829+0800][gc,marking    ] GC(1) Concurrent Rebuild Remembered Sets
[2020-11-03T09:32:21.829+0800][gc,marking    ] GC(1) Concurrent Rebuild Remembered Sets 0.081ms
[2020-11-03T09:32:21.829+0800][gc,start      ] GC(1) Pause Cleanup
[2020-11-03T09:32:21.829+0800][gc            ] GC(1) Pause Cleanup 7M->7M(1024M) 0.123ms
[2020-11-03T09:32:21.829+0800][gc,cpu        ] GC(1) User=0.00s Sys=0.00s Real=0.00s
[2020-11-03T09:32:21.829+0800][gc,marking    ] GC(1) Concurrent Cleanup for Next Mark
[2020-11-03T09:32:21.834+0800][gc,marking    ] GC(1) Concurrent Cleanup for Next Mark 5.137ms
[2020-11-03T09:32:21.834+0800][gc            ] GC(1) Concurrent Cycle 8.759ms
[2020-11-03T09:32:22.462+0800][gc,start      ] GC(2) Pause Young (Normal) (G1 Evacuation Pause)
[2020-11-03T09:32:22.462+0800][gc,task       ] GC(2) Using 10 workers of 10 for evacuation
[2020-11-03T09:32:22.469+0800][gc,phases     ] GC(2)   Pre Evacuate Collection Set: 0.0ms
[2020-11-03T09:32:22.469+0800][gc,phases     ] GC(2)   Evacuate Collection Set: 5.6ms
[2020-11-03T09:32:22.469+0800][gc,phases     ] GC(2)   Post Evacuate Collection Set: 0.4ms
[2020-11-03T09:32:22.469+0800][gc,phases     ] GC(2)   Other: 0.2ms
[2020-11-03T09:32:22.469+0800][gc,heap       ] GC(2) Eden regions: 44->0(47)
[2020-11-03T09:32:22.469+0800][gc,heap       ] GC(2) Survivor regions: 7->4(7)
[2020-11-03T09:32:22.469+0800][gc,heap       ] GC(2) Old regions: 0->6
[2020-11-03T09:32:22.469+0800][gc,heap       ] GC(2) Humongous regions: 130->130
[2020-11-03T09:32:22.469+0800][gc,metaspace  ] GC(2) Metaspace: 30085K->30085K(1077248K)
[2020-11-03T09:32:22.469+0800][gc            ] GC(2) Pause Young (Normal) (G1 Evacuation Pause) 180M->138M(1024M) 6.258ms
[2020-11-03T09:32:22.469+0800][gc,cpu        ] GC(2) User=0.04s Sys=0.01s Real=0.00s
[2020-11-03T09:35:41.719+0800][gc,start      ] GC(3) Pause Young (Normal) (G1 Evacuation Pause)
[2020-11-03T09:35:41.719+0800][gc,task       ] GC(3) Using 10 workers of 10 for evacuation
[2020-11-03T09:35:41.723+0800][gc,phases     ] GC(3)   Pre Evacuate Collection Set: 0.0ms
[2020-11-03T09:35:41.723+0800][gc,phases     ] GC(3)   Evacuate Collection Set: 3.8ms
[2020-11-03T09:35:41.723+0800][gc,phases     ] GC(3)   Post Evacuate Collection Set: 0.3ms
[2020-11-03T09:35:41.723+0800][gc,phases     ] GC(3)   Other: 0.4ms
[2020-11-03T09:35:41.723+0800][gc,heap       ] GC(3) Eden regions: 47->0(45)
[2020-11-03T09:35:41.723+0800][gc,heap       ] GC(3) Survivor regions: 4->6(7)
[2020-11-03T09:35:41.723+0800][gc,heap       ] GC(3) Old regions: 6->6
[2020-11-03T09:35:41.723+0800][gc,heap       ] GC(3) Humongous regions: 130->130
[2020-11-03T09:35:41.723+0800][gc,metaspace  ] GC(3) Metaspace: 34608K->34608K(1081344K)
[2020-11-03T09:35:41.723+0800][gc            ] GC(3) Pause Young (Normal) (G1 Evacuation Pause) 185M->141M(1024M) 4.663ms
[2020-11-03T09:35:41.723+0800][gc,cpu        ] GC(3) User=0.04s Sys=0.00s Real=0.01s
[2020-11-03T09:40:34.951+0800][gc,start      ] GC(4) Pause Young (Normal) (G1 Evacuation Pause)
[2020-11-03T09:40:34.952+0800][gc,task       ] GC(4) Using 10 workers of 10 for evacuation
[2020-11-03T09:40:34.959+0800][gc,phases     ] GC(4)   Pre Evacuate Collection Set: 1.1ms
[2020-11-03T09:40:34.959+0800][gc,phases     ] GC(4)   Evacuate Collection Set: 5.8ms
[2020-11-03T09:40:34.959+0800][gc,phases     ] GC(4)   Post Evacuate Collection Set: 0.2ms
[2020-11-03T09:40:34.959+0800][gc,phases     ] GC(4)   Other: 1.1ms
[2020-11-03T09:40:34.959+0800][gc,heap       ] GC(4) Eden regions: 45->0(48)
[2020-11-03T09:40:34.959+0800][gc,heap       ] GC(4) Survivor regions: 6->3(7)
[2020-11-03T09:40:34.959+0800][gc,heap       ] GC(4) Old regions: 6->9
[2020-11-03T09:40:34.959+0800][gc,heap       ] GC(4) Humongous regions: 130->130
[2020-11-03T09:40:34.959+0800][gc,metaspace  ] GC(4) Metaspace: 34722K->34722K(1081344K)
[2020-11-03T09:40:34.959+0800][gc            ] GC(4) Pause Young (Normal) (G1 Evacuation Pause) 186M->141M(1024M) 8.341ms
[2020-11-03T09:40:34.959+0800][gc,cpu        ] GC(4) User=0.03s Sys=0.02s Real=0.00s
[2020-11-03T09:45:52.564+0800][gc,start      ] GC(5) Pause Young (Normal) (G1 Evacuation Pause)
[2020-11-03T09:45:52.565+0800][gc,task       ] GC(5) Using 10 workers of 10 for evacuation
[2020-11-03T09:45:52.568+0800][gc,phases     ] GC(5)   Pre Evacuate Collection Set: 0.0ms
[2020-11-03T09:45:52.568+0800][gc,phases     ] GC(5)   Evacuate Collection Set: 2.5ms
[2020-11-03T09:45:52.568+0800][gc,phases     ] GC(5)   Post Evacuate Collection Set: 0.2ms
[2020-11-03T09:45:52.568+0800][gc,phases     ] GC(5)   Other: 1.8ms
[2020-11-03T09:45:52.568+0800][gc,heap       ] GC(5) Eden regions: 48->0(48)
[2020-11-03T09:45:52.568+0800][gc,heap       ] GC(5) Survivor regions: 3->3(7)
[2020-11-03T09:45:52.568+0800][gc,heap       ] GC(5) Old regions: 9->9
[2020-11-03T09:45:52.568+0800][gc,heap       ] GC(5) Humongous regions: 130->130
[2020-11-03T09:45:52.568+0800][gc,metaspace  ] GC(5) Metaspace: 34778K->34778K(1081344K)
[2020-11-03T09:45:52.568+0800][gc            ] GC(5) Pause Young (Normal) (G1 Evacuation Pause) 189M->141M(1024M) 4.751ms
[2020-11-03T09:45:52.568+0800][gc,cpu        ] GC(5) User=0.02s Sys=0.00s Real=0.00s
[2020-11-03T09:51:22.416+0800][gc,start      ] GC(6) Pause Young (Normal) (G1 Evacuation Pause)
[2020-11-03T09:51:22.416+0800][gc,task       ] GC(6) Using 10 workers of 10 for evacuation
[2020-11-03T09:51:22.419+0800][gc,phases     ] GC(6)   Pre Evacuate Collection Set: 0.0ms
[2020-11-03T09:51:22.419+0800][gc,phases     ] GC(6)   Evacuate Collection Set: 2.2ms
[2020-11-03T09:51:22.419+0800][gc,phases     ] GC(6)   Post Evacuate Collection Set: 0.2ms
[2020-11-03T09:51:22.419+0800][gc,phases     ] GC(6)   Other: 0.4ms
[2020-11-03T09:51:22.419+0800][gc,heap       ] GC(6) Eden regions: 48->0(48)
[2020-11-03T09:51:22.419+0800][gc,heap       ] GC(6) Survivor regions: 3->3(7)
[2020-11-03T09:51:22.419+0800][gc,heap       ] GC(6) Old regions: 9->9
[2020-11-03T09:51:22.419+0800][gc,heap       ] GC(6) Humongous regions: 130->130
[2020-11-03T09:51:22.419+0800][gc,metaspace  ] GC(6) Metaspace: 34863K->34863K(1081344K)
[2020-11-03T09:51:22.419+0800][gc            ] GC(6) Pause Young (Normal) (G1 Evacuation Pause) 189M->141M(1024M) 2.991ms
[2020-11-03T09:51:22.419+0800][gc,cpu        ] GC(6) User=0.01s Sys=0.00s Real=0.00s
[2020-11-03T09:52:11.306+0800][gc,start      ] GC(7) Pause Young (Concurrent Start) (Metadata GC Threshold)
[2020-11-03T09:52:11.306+0800][gc,task       ] GC(7) Using 10 workers of 10 for evacuation
[2020-11-03T09:52:11.311+0800][gc,phases     ] GC(7)   Pre Evacuate Collection Set: 0.1ms
[2020-11-03T09:52:11.320+0800][gc,phases     ] GC(7)   Evacuate Collection Set: 4.2ms
[2020-11-03T09:52:11.320+0800][gc,phases     ] GC(7)   Post Evacuate Collection Set: 0.3ms
[2020-11-03T09:52:11.320+0800][gc,phases     ] GC(7)   Other: 0.7ms
[2020-11-03T09:52:11.320+0800][gc,heap       ] GC(7) Eden regions: 8->0(48)
[2020-11-03T09:52:11.320+0800][gc,heap       ] GC(7) Survivor regions: 3->3(7)
[2020-11-03T09:52:11.320+0800][gc,heap       ] GC(7) Old regions: 9->9
[2020-11-03T09:52:11.320+0800][gc,heap       ] GC(7) Humongous regions: 130->130
[2020-11-03T09:52:11.320+0800][gc,metaspace  ] GC(7) Metaspace: 34864K->34864K(1081344K)
[2020-11-03T09:52:11.320+0800][gc            ] GC(7) Pause Young (Concurrent Start) (Metadata GC Threshold) 149M->140M(1024M) 14.234ms
[2020-11-03T09:52:11.320+0800][gc,cpu        ] GC(7) User=0.02s Sys=0.00s Real=0.02s
[2020-11-03T09:52:11.320+0800][gc            ] GC(8) Concurrent Cycle
[2020-11-03T09:52:11.320+0800][gc,marking    ] GC(8) Concurrent Clear Claimed Marks
[2020-11-03T09:52:11.320+0800][gc,marking    ] GC(8) Concurrent Clear Claimed Marks 0.043ms
[2020-11-03T09:52:11.320+0800][gc,marking    ] GC(8) Concurrent Scan Root Regions
[2020-11-03T09:52:11.321+0800][gc,marking    ] GC(8) Concurrent Scan Root Regions 1.174ms
[2020-11-03T09:52:11.321+0800][gc,marking    ] GC(8) Concurrent Mark (1190.412s)
[2020-11-03T09:52:11.321+0800][gc,marking    ] GC(8) Concurrent Mark From Roots
[2020-11-03T09:52:11.321+0800][gc,task       ] GC(8) Using 3 workers of 3 for marking
[2020-11-03T09:52:11.326+0800][gc,marking    ] GC(8) Concurrent Mark From Roots 4.983ms
[2020-11-03T09:52:11.326+0800][gc,marking    ] GC(8) Concurrent Preclean
[2020-11-03T09:52:11.327+0800][gc,marking    ] GC(8) Concurrent Preclean 0.099ms
[2020-11-03T09:52:11.327+0800][gc,marking    ] GC(8) Concurrent Mark (1190.412s, 1190.417s) 5.136ms
[2020-11-03T09:52:11.327+0800][gc,start      ] GC(8) Pause Remark
[2020-11-03T09:52:11.340+0800][gc,stringtable] GC(8) Cleaned string and symbol table, strings: 12888 processed, 289 removed, symbols: 92862 processed, 19 removed
[2020-11-03T09:52:11.341+0800][gc            ] GC(8) Pause Remark 140M->140M(1024M) 14.641ms
[2020-11-03T09:52:11.341+0800][gc,cpu        ] GC(8) User=0.03s Sys=0.05s Real=0.02s
[2020-11-03T09:52:11.341+0800][gc,marking    ] GC(8) Concurrent Rebuild Remembered Sets
[2020-11-03T09:52:11.344+0800][gc,marking    ] GC(8) Concurrent Rebuild Remembered Sets 3.028ms
[2020-11-03T09:52:11.345+0800][gc,start      ] GC(8) Pause Cleanup
[2020-11-03T09:52:11.345+0800][gc            ] GC(8) Pause Cleanup 140M->140M(1024M) 0.123ms
[2020-11-03T09:52:11.345+0800][gc,cpu        ] GC(8) User=0.00s Sys=0.00s Real=0.00s
[2020-11-03T09:52:11.345+0800][gc,marking    ] GC(8) Concurrent Cleanup for Next Mark
[2020-11-03T09:52:11.350+0800][gc,marking    ] GC(8) Concurrent Cleanup for Next Mark 5.358ms
[2020-11-03T09:52:11.350+0800][gc            ] GC(8) Concurrent Cycle 30.091ms
[2020-11-03T09:57:41.633+0800][gc,start      ] GC(9) Pause Young (Normal) (G1 Evacuation Pause)
[2020-11-03T09:57:41.633+0800][gc,task       ] GC(9) Using 10 workers of 10 for evacuation
[2020-11-03T09:57:41.636+0800][gc,phases     ] GC(9)   Pre Evacuate Collection Set: 0.0ms
[2020-11-03T09:57:41.636+0800][gc,phases     ] GC(9)   Evacuate Collection Set: 2.6ms
[2020-11-03T09:57:41.636+0800][gc,phases     ] GC(9)   Post Evacuate Collection Set: 0.2ms
[2020-11-03T09:57:41.636+0800][gc,phases     ] GC(9)   Other: 0.9ms
[2020-11-03T09:57:41.636+0800][gc,heap       ] GC(9) Eden regions: 48->0(58)
[2020-11-03T09:57:41.637+0800][gc,heap       ] GC(9) Survivor regions: 3->3(7)
[2020-11-03T09:57:41.637+0800][gc,heap       ] GC(9) Old regions: 9->9
[2020-11-03T09:57:41.637+0800][gc,heap       ] GC(9) Humongous regions: 130->130
[2020-11-03T09:57:41.637+0800][gc,metaspace  ] GC(9) Metaspace: 34758K->34758K(1081344K)
[2020-11-03T09:57:41.637+0800][gc            ] GC(9) Pause Young (Normal) (G1 Evacuation Pause) 188M->141M(1024M) 3.885ms
[2020-11-03T09:57:41.637+0800][gc,cpu        ] GC(9) User=0.02s Sys=0.00s Real=0.00s
[2020-11-03T10:04:19.870+0800][gc,start      ] GC(10) Pause Young (Normal) (G1 Evacuation Pause)
[2020-11-03T10:04:19.870+0800][gc,task       ] GC(10) Using 10 workers of 10 for evacuation
[2020-11-03T10:04:19.873+0800][gc,phases     ] GC(10)   Pre Evacuate Collection Set: 0.0ms
[2020-11-03T10:04:19.873+0800][gc,phases     ] GC(10)   Evacuate Collection Set: 2.0ms
[2020-11-03T10:04:19.873+0800][gc,phases     ] GC(10)   Post Evacuate Collection Set: 0.3ms
[2020-11-03T10:04:19.873+0800][gc,phases     ] GC(10)   Other: 0.2ms
[2020-11-03T10:04:19.873+0800][gc,heap       ] GC(10) Eden regions: 58->0(82)
[2020-11-03T10:04:19.873+0800][gc,heap       ] GC(10) Survivor regions: 3->3(8)
[2020-11-03T10:04:19.873+0800][gc,heap       ] GC(10) Old regions: 9->9
[2020-11-03T10:04:19.873+0800][gc,heap       ] GC(10) Humongous regions: 130->130
[2020-11-03T10:04:19.873+0800][gc,metaspace  ] GC(10) Metaspace: 34822K->34822K(1081344K)
[2020-11-03T10:04:19.873+0800][gc            ] GC(10) Pause Young (Normal) (G1 Evacuation Pause) 199M->141M(1024M) 2.654ms
[2020-11-03T10:04:19.873+0800][gc,cpu        ] GC(10) User=0.02s Sys=0.00s Real=0.00s
[2020-11-03T10:15:22.899+0800][gc,start      ] GC(11) Pause Young (Normal) (G1 Evacuation Pause)
[2020-11-03T10:15:22.900+0800][gc,task       ] GC(11) Using 10 workers of 10 for evacuation
[2020-11-03T10:15:22.903+0800][gc,phases     ] GC(11)   Pre Evacuate Collection Set: 0.0ms
[2020-11-03T10:15:22.903+0800][gc,phases     ] GC(11)   Evacuate Collection Set: 2.6ms
[2020-11-03T10:15:22.903+0800][gc,phases     ] GC(11)   Post Evacuate Collection Set: 0.2ms
[2020-11-03T10:15:22.903+0800][gc,phases     ] GC(11)   Other: 1.3ms
[2020-11-03T10:15:22.903+0800][gc,heap       ] GC(11) Eden regions: 82->0(165)
[2020-11-03T10:15:22.903+0800][gc,heap       ] GC(11) Survivor regions: 3->3(11)
[2020-11-03T10:15:22.903+0800][gc,heap       ] GC(11) Old regions: 9->9
[2020-11-03T10:15:22.903+0800][gc,heap       ] GC(11) Humongous regions: 130->130
[2020-11-03T10:15:22.903+0800][gc,metaspace  ] GC(11) Metaspace: 34952K->34952K(1081344K)
[2020-11-03T10:15:22.903+0800][gc            ] GC(11) Pause Young (Normal) (G1 Evacuation Pause) 223M->141M(1024M) 4.262ms
[2020-11-03T10:15:22.903+0800][gc,cpu        ] GC(11) User=0.03s Sys=0.00s Real=0.01s
[2020-11-03T10:27:44.907+0800][gc,start      ] GC(12) Pause Young (Normal) (G1 Evacuation Pause)
[2020-11-03T10:27:44.909+0800][gc,task       ] GC(12) Using 10 workers of 10 for evacuation
[2020-11-03T10:27:44.916+0800][gc,phases     ] GC(12)   Pre Evacuate Collection Set: 1.4ms
[2020-11-03T10:27:44.916+0800][gc,phases     ] GC(12)   Evacuate Collection Set: 5.7ms
[2020-11-03T10:27:44.916+0800][gc,phases     ] GC(12)   Post Evacuate Collection Set: 0.4ms
[2020-11-03T10:27:44.916+0800][gc,phases     ] GC(12)   Other: 1.5ms
[2020-11-03T10:27:44.916+0800][gc,heap       ] GC(12) Eden regions: 165->0(192)
[2020-11-03T10:27:44.916+0800][gc,heap       ] GC(12) Survivor regions: 3->4(21)
[2020-11-03T10:27:44.916+0800][gc,heap       ] GC(12) Old regions: 9->9
[2020-11-03T10:27:44.916+0800][gc,heap       ] GC(12) Humongous regions: 130->130
[2020-11-03T10:27:44.916+0800][gc,metaspace  ] GC(12) Metaspace: 35031K->35031K(1081344K)
[2020-11-03T10:27:44.916+0800][gc            ] GC(12) Pause Young (Normal) (G1 Evacuation Pause) 306M->141M(1024M) 9.075ms
[2020-11-03T10:27:44.917+0800][gc,cpu        ] GC(12) User=0.05s Sys=0.01s Real=0.01s
[2020-11-03T10:47:48.519+0800][gc,start      ] GC(13) Pause Young (Normal) (G1 Evacuation Pause)
[2020-11-03T10:47:48.520+0800][gc,task       ] GC(13) Using 10 workers of 10 for evacuation
[2020-11-03T10:47:48.528+0800][gc,phases     ] GC(13)   Pre Evacuate Collection Set: 0.2ms
[2020-11-03T10:47:48.528+0800][gc,phases     ] GC(13)   Evacuate Collection Set: 6.4ms
[2020-11-03T10:47:48.528+0800][gc,phases     ] GC(13)   Post Evacuate Collection Set: 0.5ms
[2020-11-03T10:47:48.528+0800][gc,phases     ] GC(13)   Other: 1.5ms
[2020-11-03T10:47:48.528+0800][gc,heap       ] GC(13) Eden regions: 192->0(610)
[2020-11-03T10:47:48.528+0800][gc,heap       ] GC(13) Survivor regions: 4->4(25)
[2020-11-03T10:47:48.528+0800][gc,heap       ] GC(13) Old regions: 9->9
[2020-11-03T10:47:48.528+0800][gc,heap       ] GC(13) Humongous regions: 130->130
[2020-11-03T10:47:48.528+0800][gc,metaspace  ] GC(13) Metaspace: 35133K->35133K(1081344K)
[2020-11-03T10:47:48.528+0800][gc            ] GC(13) Pause Young (Normal) (G1 Evacuation Pause) 333M->142M(1024M) 8.665ms
[2020-11-03T10:47:48.528+0800][gc,cpu        ] GC(13) User=0.03s Sys=0.01s Real=0.01s
[2020-11-03T12:09:44.037+0800][gc,start      ] GC(14) Pause Young (Normal) (G1 Evacuation Pause)
[2020-11-03T12:09:44.038+0800][gc,task       ] GC(14) Using 10 workers of 10 for evacuation
[2020-11-03T12:09:44.059+0800][gc,mmu        ] GC(14) MMU target violated: 21.0ms (20.0ms/21.0ms)
[2020-11-03T12:09:44.059+0800][gc,phases     ] GC(14)   Pre Evacuate Collection Set: 3.5ms
[2020-11-03T12:09:44.059+0800][gc,phases     ] GC(14)   Evacuate Collection Set: 12.2ms
[2020-11-03T12:09:44.059+0800][gc,phases     ] GC(14)   Post Evacuate Collection Set: 1.1ms
[2020-11-03T12:09:44.059+0800][gc,phases     ] GC(14)   Other: 6.9ms
[2020-11-03T12:09:44.059+0800][gc,heap       ] GC(14) Eden regions: 610->0(610)
[2020-11-03T12:09:44.059+0800][gc,heap       ] GC(14) Survivor regions: 4->4(77)
[2020-11-03T12:09:44.059+0800][gc,heap       ] GC(14) Old regions: 9->9
[2020-11-03T12:09:44.059+0800][gc,heap       ] GC(14) Humongous regions: 130->130
[2020-11-03T12:09:44.059+0800][gc,metaspace  ] GC(14) Metaspace: 35399K->35399K(1081344K)
[2020-11-03T12:09:44.059+0800][gc            ] GC(14) Pause Young (Normal) (G1 Evacuation Pause) 752M->142M(1024M) 22.409ms
[2020-11-03T12:09:44.059+0800][gc,cpu        ] GC(14) User=0.06s Sys=0.03s Real=0.02s
[2020-11-03T13:22:46.214+0800][gc,start      ] GC(15) Pause Young (Normal) (G1 Evacuation Pause)
[2020-11-03T13:22:46.216+0800][gc,task       ] GC(15) Using 10 workers of 10 for evacuation
[2020-11-03T13:22:46.237+0800][gc,phases     ] GC(15)   Pre Evacuate Collection Set: 3.2ms
[2020-11-03T13:22:46.237+0800][gc,phases     ] GC(15)   Evacuate Collection Set: 13.1ms
[2020-11-03T13:22:46.237+0800][gc,phases     ] GC(15)   Post Evacuate Collection Set: 2.3ms
[2020-11-03T13:22:46.237+0800][gc,phases     ] GC(15)   Other: 4.0ms
[2020-11-03T13:22:46.237+0800][gc,heap       ] GC(15) Eden regions: 610->0(610)
[2020-11-03T13:22:46.237+0800][gc,heap       ] GC(15) Survivor regions: 4->4(77)
[2020-11-03T13:22:46.237+0800][gc,heap       ] GC(15) Old regions: 9->9
[2020-11-03T13:22:46.237+0800][gc,heap       ] GC(15) Humongous regions: 130->130
[2020-11-03T13:22:46.237+0800][gc,metaspace  ] GC(15) Metaspace: 35533K->35533K(1081344K)
[2020-11-03T13:22:46.237+0800][gc            ] GC(15) Pause Young (Normal) (G1 Evacuation Pause) 752M->142M(1024M) 22.797ms
[2020-11-03T13:22:46.237+0800][gc,cpu        ] GC(15) User=0.02s Sys=0.05s Real=0.02s
[2020-11-03T14:54:39.450+0800][gc,start      ] GC(16) Pause Young (Normal) (G1 Evacuation Pause)
[2020-11-03T14:54:39.452+0800][gc,task       ] GC(16) Using 10 workers of 10 for evacuation
[2020-11-03T14:54:39.469+0800][gc,phases     ] GC(16)   Pre Evacuate Collection Set: 1.5ms
[2020-11-03T14:54:39.469+0800][gc,phases     ] GC(16)   Evacuate Collection Set: 12.6ms
[2020-11-03T14:54:39.469+0800][gc,phases     ] GC(16)   Post Evacuate Collection Set: 2.4ms
[2020-11-03T14:54:39.469+0800][gc,phases     ] GC(16)   Other: 2.0ms
[2020-11-03T14:54:39.469+0800][gc,heap       ] GC(16) Eden regions: 610->0(609)
[2020-11-03T14:54:39.469+0800][gc,heap       ] GC(16) Survivor regions: 4->5(77)
[2020-11-03T14:54:39.469+0800][gc,heap       ] GC(16) Old regions: 9->9
[2020-11-03T14:54:39.469+0800][gc,heap       ] GC(16) Humongous regions: 130->130
[2020-11-03T14:54:39.469+0800][gc,metaspace  ] GC(16) Metaspace: 35601K->35601K(1081344K)
[2020-11-03T14:54:39.469+0800][gc            ] GC(16) Pause Young (Normal) (G1 Evacuation Pause) 752M->142M(1024M) 18.512ms
[2020-11-03T14:54:39.469+0800][gc,cpu        ] GC(16) User=0.03s Sys=0.05s Real=0.01s
[2020-11-03T15:59:08.858+0800][gc,start      ] GC(17) Pause Young (Normal) (G1 Evacuation Pause)
[2020-11-03T15:59:08.859+0800][gc,task       ] GC(17) Using 10 workers of 10 for evacuation
[2020-11-03T15:59:08.883+0800][gc,mmu        ] GC(17) MMU target violated: 21.0ms (20.0ms/21.0ms)
[2020-11-03T15:59:08.883+0800][gc,phases     ] GC(17)   Pre Evacuate Collection Set: 1.3ms
[2020-11-03T15:59:08.883+0800][gc,phases     ] GC(17)   Evacuate Collection Set: 20.2ms
[2020-11-03T15:59:08.883+0800][gc,phases     ] GC(17)   Post Evacuate Collection Set: 1.5ms
[2020-11-03T15:59:08.883+0800][gc,phases     ] GC(17)   Other: 1.8ms
[2020-11-03T15:59:08.883+0800][gc,heap       ] GC(17) Eden regions: 609->0(274)
[2020-11-03T15:59:08.883+0800][gc,heap       ] GC(17) Survivor regions: 5->4(77)
[2020-11-03T15:59:08.883+0800][gc,heap       ] GC(17) Old regions: 9->9
[2020-11-03T15:59:08.883+0800][gc,heap       ] GC(17) Humongous regions: 130->130
[2020-11-03T15:59:08.883+0800][gc,metaspace  ] GC(17) Metaspace: 35633K->35633K(1081344K)
[2020-11-03T15:59:08.883+0800][gc            ] GC(17) Pause Young (Normal) (G1 Evacuation Pause) 751M->142M(1024M) 24.900ms
[2020-11-03T15:59:08.883+0800][gc,cpu        ] GC(17) User=0.04s Sys=0.07s Real=0.03s
[2020-11-03T16:51:57.142+0800][gc,start      ] GC(18) Pause Young (Normal) (G1 Evacuation Pause)
[2020-11-03T16:51:57.143+0800][gc,task       ] GC(18) Using 10 workers of 10 for evacuation
[2020-11-03T16:51:57.204+0800][gc,mmu        ] GC(18) MMU target violated: 21.0ms (20.0ms/21.0ms)
[2020-11-03T16:51:57.204+0800][gc,phases     ] GC(18)   Pre Evacuate Collection Set: 40.4ms
[2020-11-03T16:51:57.204+0800][gc,phases     ] GC(18)   Evacuate Collection Set: 13.0ms
[2020-11-03T16:51:57.204+0800][gc,phases     ] GC(18)   Post Evacuate Collection Set: 3.3ms
[2020-11-03T16:51:57.204+0800][gc,phases     ] GC(18)   Other: 5.3ms
[2020-11-03T16:51:57.204+0800][gc,heap       ] GC(18) Eden regions: 274->0(47)
[2020-11-03T16:51:57.204+0800][gc,heap       ] GC(18) Survivor regions: 4->4(35)
[2020-11-03T16:51:57.204+0800][gc,heap       ] GC(18) Old regions: 9->9
[2020-11-03T16:51:57.204+0800][gc,heap       ] GC(18) Humongous regions: 130->130
[2020-11-03T16:51:57.204+0800][gc,metaspace  ] GC(18) Metaspace: 35682K->35682K(1081344K)
[2020-11-03T16:51:57.205+0800][gc            ] GC(18) Pause Young (Normal) (G1 Evacuation Pause) 416M->142M(1024M) 62.444ms
[2020-11-03T16:51:57.205+0800][gc,cpu        ] GC(18) User=0.03s Sys=0.07s Real=0.06s
[2020-11-03T16:57:18.272+0800][gc,start      ] GC(19) Pause Young (Normal) (G1 Evacuation Pause)
[2020-11-03T16:57:18.272+0800][gc,task       ] GC(19) Using 10 workers of 10 for evacuation
[2020-11-03T16:57:18.282+0800][gc,phases     ] GC(19)   Pre Evacuate Collection Set: 0.0ms
[2020-11-03T16:57:18.282+0800][gc,phases     ] GC(19)   Evacuate Collection Set: 9.1ms
[2020-11-03T16:57:18.282+0800][gc,phases     ] GC(19)   Post Evacuate Collection Set: 0.3ms
[2020-11-03T16:57:18.282+0800][gc,phases     ] GC(19)   Other: 0.2ms
[2020-11-03T16:57:18.282+0800][gc,heap       ] GC(19) Eden regions: 47->0(47)
[2020-11-03T16:57:18.282+0800][gc,heap       ] GC(19) Survivor regions: 4->4(7)
[2020-11-03T16:57:18.282+0800][gc,heap       ] GC(19) Old regions: 9->10
[2020-11-03T16:57:18.282+0800][gc,heap       ] GC(19) Humongous regions: 130->130
[2020-11-03T16:57:18.282+0800][gc,metaspace  ] GC(19) Metaspace: 35682K->35682K(1081344K)
[2020-11-03T16:57:18.282+0800][gc            ] GC(19) Pause Young (Normal) (G1 Evacuation Pause) 189M->142M(1024M) 9.808ms
[2020-11-03T16:57:18.282+0800][gc,cpu        ] GC(19) User=0.03s Sys=0.03s Real=0.01s
[2020-11-03T17:02:39.815+0800][gc,start      ] GC(20) Pause Young (Normal) (G1 Evacuation Pause)
[2020-11-03T17:02:39.815+0800][gc,task       ] GC(20) Using 10 workers of 10 for evacuation
[2020-11-03T17:02:39.825+0800][gc,phases     ] GC(20)   Pre Evacuate Collection Set: 0.1ms
[2020-11-03T17:02:39.825+0800][gc,phases     ] GC(20)   Evacuate Collection Set: 9.6ms
[2020-11-03T17:02:39.825+0800][gc,phases     ] GC(20)   Post Evacuate Collection Set: 0.2ms
[2020-11-03T17:02:39.825+0800][gc,phases     ] GC(20)   Other: 0.9ms
[2020-11-03T17:02:39.826+0800][gc,heap       ] GC(20) Eden regions: 47->0(47)
[2020-11-03T17:02:39.826+0800][gc,heap       ] GC(20) Survivor regions: 4->4(7)
[2020-11-03T17:02:39.826+0800][gc,heap       ] GC(20) Old regions: 10->10
[2020-11-03T17:02:39.826+0800][gc,heap       ] GC(20) Humongous regions: 130->130
[2020-11-03T17:02:39.826+0800][gc,metaspace  ] GC(20) Metaspace: 35683K->35683K(1081344K)
[2020-11-03T17:02:39.826+0800][gc            ] GC(20) Pause Young (Normal) (G1 Evacuation Pause) 189M->142M(1024M) 10.876ms
[2020-11-03T17:02:39.826+0800][gc,cpu        ] GC(20) User=0.03s Sys=0.04s Real=0.01s
[2020-11-03T17:08:01.502+0800][gc,start      ] GC(21) Pause Young (Normal) (G1 Evacuation Pause)
[2020-11-03T17:08:01.503+0800][gc,task       ] GC(21) Using 10 workers of 10 for evacuation
[2020-11-03T17:08:01.506+0800][gc,phases     ] GC(21)   Pre Evacuate Collection Set: 0.3ms
[2020-11-03T17:08:01.506+0800][gc,phases     ] GC(21)   Evacuate Collection Set: 2.2ms
[2020-11-03T17:08:01.506+0800][gc,phases     ] GC(21)   Post Evacuate Collection Set: 0.4ms
[2020-11-03T17:08:01.506+0800][gc,phases     ] GC(21)   Other: 1.4ms
[2020-11-03T17:08:01.506+0800][gc,heap       ] GC(21) Eden regions: 47->0(132)
[2020-11-03T17:08:01.506+0800][gc,heap       ] GC(21) Survivor regions: 4->3(7)
[2020-11-03T17:08:01.506+0800][gc,heap       ] GC(21) Old regions: 10->10
[2020-11-03T17:08:01.506+0800][gc,heap       ] GC(21) Humongous regions: 130->130
[2020-11-03T17:08:01.506+0800][gc,metaspace  ] GC(21) Metaspace: 35683K->35683K(1081344K)
[2020-11-03T17:08:01.506+0800][gc            ] GC(21) Pause Young (Normal) (G1 Evacuation Pause) 189M->141M(1024M) 4.504ms
[2020-11-03T17:08:01.507+0800][gc,cpu        ] GC(21) User=0.02s Sys=0.00s Real=0.00s
[2020-11-03T17:23:08.255+0800][gc,start      ] GC(22) Pause Young (Normal) (G1 Evacuation Pause)
[2020-11-03T17:23:08.256+0800][gc,task       ] GC(22) Using 10 workers of 10 for evacuation
[2020-11-03T17:23:08.266+0800][gc,phases     ] GC(22)   Pre Evacuate Collection Set: 0.0ms
[2020-11-03T17:23:08.266+0800][gc,phases     ] GC(22)   Evacuate Collection Set: 9.3ms
[2020-11-03T17:23:08.266+0800][gc,phases     ] GC(22)   Post Evacuate Collection Set: 0.2ms
[2020-11-03T17:23:08.266+0800][gc,phases     ] GC(22)   Other: 1.4ms
[2020-11-03T17:23:08.266+0800][gc,heap       ] GC(22) Eden regions: 132->0(280)
[2020-11-03T17:23:08.266+0800][gc,heap       ] GC(22) Survivor regions: 3->4(17)
[2020-11-03T17:23:08.266+0800][gc,heap       ] GC(22) Old regions: 10->10
[2020-11-03T17:23:08.266+0800][gc,heap       ] GC(22) Humongous regions: 130->130
[2020-11-03T17:23:08.266+0800][gc,metaspace  ] GC(22) Metaspace: 35690K->35690K(1081344K)
[2020-11-03T17:23:08.266+0800][gc            ] GC(22) Pause Young (Normal) (G1 Evacuation Pause) 273M->142M(1024M) 11.120ms
[2020-11-03T17:23:08.266+0800][gc,cpu        ] GC(22) User=0.03s Sys=0.04s Real=0.01s
[2020-11-03T17:57:27.482+0800][gc,start      ] GC(23) Pause Young (Normal) (G1 Evacuation Pause)
[2020-11-03T17:57:27.483+0800][gc,task       ] GC(23) Using 10 workers of 10 for evacuation
[2020-11-03T17:57:27.498+0800][gc,phases     ] GC(23)   Pre Evacuate Collection Set: 1.6ms
[2020-11-03T17:57:27.498+0800][gc,phases     ] GC(23)   Evacuate Collection Set: 9.4ms
[2020-11-03T17:57:27.498+0800][gc,phases     ] GC(23)   Post Evacuate Collection Set: 0.8ms
[2020-11-03T17:57:27.498+0800][gc,phases     ] GC(23)   Other: 4.6ms
[2020-11-03T17:57:27.498+0800][gc,heap       ] GC(23) Eden regions: 280->0(391)
[2020-11-03T17:57:27.498+0800][gc,heap       ] GC(23) Survivor regions: 4->3(36)
[2020-11-03T17:57:27.498+0800][gc,heap       ] GC(23) Old regions: 10->10
[2020-11-03T17:57:27.498+0800][gc,heap       ] GC(23) Humongous regions: 130->130
[2020-11-03T17:57:27.498+0800][gc,metaspace  ] GC(23) Metaspace: 35728K->35728K(1081344K)
[2020-11-03T17:57:27.498+0800][gc            ] GC(23) Pause Young (Normal) (G1 Evacuation Pause) 422M->142M(1024M) 16.349ms
[2020-11-03T17:57:27.499+0800][gc,cpu        ] GC(23) User=0.03s Sys=0.04s Real=0.01s
[2020-11-03T18:56:51.722+0800][gc,start      ] GC(24) Pause Young (Normal) (G1 Evacuation Pause)
[2020-11-03T18:56:51.723+0800][gc,task       ] GC(24) Using 10 workers of 10 for evacuation
[2020-11-03T18:56:51.752+0800][gc,mmu        ] GC(24) MMU target violated: 21.0ms (20.0ms/21.0ms)
[2020-11-03T18:56:51.752+0800][gc,phases     ] GC(24)   Pre Evacuate Collection Set: 2.3ms
[2020-11-03T18:56:51.752+0800][gc,phases     ] GC(24)   Evacuate Collection Set: 24.0ms
[2020-11-03T18:56:51.752+0800][gc,phases     ] GC(24)   Post Evacuate Collection Set: 0.8ms
[2020-11-03T18:56:51.752+0800][gc,phases     ] GC(24)   Other: 3.5ms
[2020-11-03T18:56:51.752+0800][gc,heap       ] GC(24) Eden regions: 391->0(47)
[2020-11-03T18:56:51.752+0800][gc,heap       ] GC(24) Survivor regions: 3->4(50)
[2020-11-03T18:56:51.752+0800][gc,heap       ] GC(24) Old regions: 10->10
[2020-11-03T18:56:51.752+0800][gc,heap       ] GC(24) Humongous regions: 130->130
[2020-11-03T18:56:51.752+0800][gc,metaspace  ] GC(24) Metaspace: 35744K->35744K(1081344K)
[2020-11-03T18:56:51.752+0800][gc            ] GC(24) Pause Young (Normal) (G1 Evacuation Pause) 533M->142M(1024M) 29.595ms
[2020-11-03T18:56:51.752+0800][gc,cpu        ] GC(24) User=0.02s Sys=0.07s Real=0.03s
[2020-11-03T19:02:14.044+0800][gc,start      ] GC(25) Pause Young (Normal) (G1 Evacuation Pause)
[2020-11-03T19:02:14.044+0800][gc,task       ] GC(25) Using 10 workers of 10 for evacuation
[2020-11-03T19:02:14.055+0800][gc,phases     ] GC(25)   Pre Evacuate Collection Set: 0.0ms
[2020-11-03T19:02:14.055+0800][gc,phases     ] GC(25)   Evacuate Collection Set: 9.8ms
[2020-11-03T19:02:14.055+0800][gc,phases     ] GC(25)   Post Evacuate Collection Set: 0.3ms
[2020-11-03T19:02:14.055+0800][gc,phases     ] GC(25)   Other: 0.4ms
[2020-11-03T19:02:14.055+0800][gc,heap       ] GC(25) Eden regions: 47->0(170)
[2020-11-03T19:02:14.055+0800][gc,heap       ] GC(25) Survivor regions: 4->4(7)
[2020-11-03T19:02:14.055+0800][gc,heap       ] GC(25) Old regions: 10->10
[2020-11-03T19:02:14.055+0800][gc,heap       ] GC(25) Humongous regions: 130->130
[2020-11-03T19:02:14.055+0800][gc,metaspace  ] GC(25) Metaspace: 35744K->35744K(1081344K)
[2020-11-03T19:02:14.055+0800][gc            ] GC(25) Pause Young (Normal) (G1 Evacuation Pause) 189M->142M(1024M) 10.636ms
[2020-11-03T19:02:14.055+0800][gc,cpu        ] GC(25) User=0.03s Sys=0.05s Real=0.01s
[2020-11-04T06:49:53.542+0800][gc,start      ] GC(26) Pause Young (Normal) (G1 Evacuation Pause)
[2020-11-04T06:49:53.543+0800][gc,task       ] GC(26) Using 10 workers of 10 for evacuation
[2020-11-04T06:49:53.574+0800][gc,mmu        ] GC(26) MMU target violated: 21.0ms (20.0ms/21.0ms)
[2020-11-04T06:49:53.574+0800][gc,phases     ] GC(26)   Pre Evacuate Collection Set: 11.1ms
[2020-11-04T06:49:53.574+0800][gc,phases     ] GC(26)   Evacuate Collection Set: 12.8ms
[2020-11-04T06:49:53.574+0800][gc,phases     ] GC(26)   Post Evacuate Collection Set: 2.0ms
[2020-11-04T06:49:53.574+0800][gc,phases     ] GC(26)   Other: 8.7ms
[2020-11-04T06:49:53.575+0800][gc,heap       ] GC(26) Eden regions: 170->0(48)
[2020-11-04T06:49:53.575+0800][gc,heap       ] GC(26) Survivor regions: 4->3(22)
[2020-11-04T06:49:53.575+0800][gc,heap       ] GC(26) Old regions: 10->10
[2020-11-04T06:49:53.575+0800][gc,heap       ] GC(26) Humongous regions: 130->130
[2020-11-04T06:49:53.575+0800][gc,metaspace  ] GC(26) Metaspace: 35850K->35850K(1081344K)
[2020-11-04T06:49:53.575+0800][gc            ] GC(26) Pause Young (Normal) (G1 Evacuation Pause) 312M->142M(1024M) 33.576ms
[2020-11-04T06:49:53.575+0800][gc,cpu        ] GC(26) User=0.02s Sys=0.05s Real=0.03s
[2020-11-04T06:52:53.782+0800][gc,start      ] GC(27) Pause Young (Normal) (G1 Evacuation Pause)
[2020-11-04T06:52:53.782+0800][gc,task       ] GC(27) Using 10 workers of 10 for evacuation
[2020-11-04T06:52:53.788+0800][gc,phases     ] GC(27)   Pre Evacuate Collection Set: 0.0ms
[2020-11-04T06:52:53.788+0800][gc,phases     ] GC(27)   Evacuate Collection Set: 4.5ms
[2020-11-04T06:52:53.788+0800][gc,phases     ] GC(27)   Post Evacuate Collection Set: 1.0ms
[2020-11-04T06:52:53.788+0800][gc,phases     ] GC(27)   Other: 0.2ms
[2020-11-04T06:52:53.788+0800][gc,heap       ] GC(27) Eden regions: 48->0(60)
[2020-11-04T06:52:53.788+0800][gc,heap       ] GC(27) Survivor regions: 3->3(7)
[2020-11-04T06:52:53.788+0800][gc,heap       ] GC(27) Old regions: 10->10
[2020-11-04T06:52:53.788+0800][gc,heap       ] GC(27) Humongous regions: 130->130
[2020-11-04T06:52:53.788+0800][gc,metaspace  ] GC(27) Metaspace: 35851K->35851K(1081344K)
[2020-11-04T06:52:53.788+0800][gc            ] GC(27) Pause Young (Normal) (G1 Evacuation Pause) 190M->141M(1024M) 5.899ms
[2020-11-04T06:52:53.788+0800][gc,cpu        ] GC(27) User=0.02s Sys=0.01s Real=0.00s
[2020-11-04T06:56:44.370+0800][gc,start      ] GC(28) Pause Young (Normal) (G1 Evacuation Pause)
[2020-11-04T06:56:44.371+0800][gc,task       ] GC(28) Using 10 workers of 10 for evacuation
[2020-11-04T06:56:44.378+0800][gc,phases     ] GC(28)   Pre Evacuate Collection Set: 0.0ms
[2020-11-04T06:56:44.378+0800][gc,phases     ] GC(28)   Evacuate Collection Set: 7.4ms
[2020-11-04T06:56:44.378+0800][gc,phases     ] GC(28)   Post Evacuate Collection Set: 0.2ms
[2020-11-04T06:56:44.378+0800][gc,phases     ] GC(28)   Other: 1.1ms
[2020-11-04T06:56:44.379+0800][gc,heap       ] GC(28) Eden regions: 60->0(78)
[2020-11-04T06:56:44.379+0800][gc,heap       ] GC(28) Survivor regions: 3->3(8)
[2020-11-04T06:56:44.379+0800][gc,heap       ] GC(28) Old regions: 10->10
[2020-11-04T06:56:44.379+0800][gc,heap       ] GC(28) Humongous regions: 130->130
[2020-11-04T06:56:44.379+0800][gc,metaspace  ] GC(28) Metaspace: 35851K->35851K(1081344K)
[2020-11-04T06:56:44.379+0800][gc            ] GC(28) Pause Young (Normal) (G1 Evacuation Pause) 201M->142M(1024M) 8.898ms
[2020-11-04T06:56:44.379+0800][gc,cpu        ] GC(28) User=0.03s Sys=0.02s Real=0.00s
[2020-11-04T07:01:37.324+0800][gc,start      ] GC(29) Pause Young (Normal) (G1 Evacuation Pause)
[2020-11-04T07:01:37.325+0800][gc,task       ] GC(29) Using 10 workers of 10 for evacuation
[2020-11-04T07:01:37.329+0800][gc,phases     ] GC(29)   Pre Evacuate Collection Set: 0.0ms
[2020-11-04T07:01:37.329+0800][gc,phases     ] GC(29)   Evacuate Collection Set: 3.2ms
[2020-11-04T07:01:37.329+0800][gc,phases     ] GC(29)   Post Evacuate Collection Set: 0.2ms
[2020-11-04T07:01:37.329+0800][gc,phases     ] GC(29)   Other: 1.0ms
[2020-11-04T07:01:37.329+0800][gc,heap       ] GC(29) Eden regions: 78->0(123)
[2020-11-04T07:01:37.329+0800][gc,heap       ] GC(29) Survivor regions: 3->3(11)
[2020-11-04T07:01:37.329+0800][gc,heap       ] GC(29) Old regions: 10->10
[2020-11-04T07:01:37.329+0800][gc,heap       ] GC(29) Humongous regions: 130->130
[2020-11-04T07:01:37.329+0800][gc,metaspace  ] GC(29) Metaspace: 35858K->35858K(1081344K)
[2020-11-04T07:01:37.329+0800][gc            ] GC(29) Pause Young (Normal) (G1 Evacuation Pause) 220M->142M(1024M) 4.611ms
[2020-11-04T07:01:37.329+0800][gc,cpu        ] GC(29) User=0.02s Sys=0.00s Real=0.00s
[2020-11-04T07:09:32.850+0800][gc,start      ] GC(30) Pause Young (Normal) (G1 Evacuation Pause)
[2020-11-04T07:09:32.851+0800][gc,task       ] GC(30) Using 10 workers of 10 for evacuation
[2020-11-04T07:09:32.855+0800][gc,phases     ] GC(30)   Pre Evacuate Collection Set: 0.0ms
[2020-11-04T07:09:32.855+0800][gc,phases     ] GC(30)   Evacuate Collection Set: 3.2ms
[2020-11-04T07:09:32.855+0800][gc,phases     ] GC(30)   Post Evacuate Collection Set: 0.6ms
[2020-11-04T07:09:32.855+0800][gc,phases     ] GC(30)   Other: 1.2ms
[2020-11-04T07:09:32.855+0800][gc,heap       ] GC(30) Eden regions: 123->0(184)
[2020-11-04T07:09:32.855+0800][gc,heap       ] GC(30) Survivor regions: 3->3(16)
[2020-11-04T07:09:32.855+0800][gc,heap       ] GC(30) Old regions: 10->10
[2020-11-04T07:09:32.855+0800][gc,heap       ] GC(30) Humongous regions: 130->130
[2020-11-04T07:09:32.855+0800][gc,metaspace  ] GC(30) Metaspace: 35866K->35866K(1081344K)
[2020-11-04T07:09:32.855+0800][gc            ] GC(30) Pause Young (Normal) (G1 Evacuation Pause) 265M->142M(1024M) 5.234ms
[2020-11-04T07:09:32.855+0800][gc,cpu        ] GC(30) User=0.03s Sys=0.00s Real=0.00s
[2020-11-04T07:21:22.110+0800][gc,start      ] GC(31) Pause Young (Normal) (G1 Evacuation Pause)
[2020-11-04T07:21:22.110+0800][gc,task       ] GC(31) Using 10 workers of 10 for evacuation
[2020-11-04T07:21:22.116+0800][gc,phases     ] GC(31)   Pre Evacuate Collection Set: 0.0ms
[2020-11-04T07:21:22.116+0800][gc,phases     ] GC(31)   Evacuate Collection Set: 5.1ms
[2020-11-04T07:21:22.116+0800][gc,phases     ] GC(31)   Post Evacuate Collection Set: 0.3ms
[2020-11-04T07:21:22.116+0800][gc,phases     ] GC(31)   Other: 0.5ms
[2020-11-04T07:21:22.116+0800][gc,heap       ] GC(31) Eden regions: 184->0(248)
[2020-11-04T07:21:22.116+0800][gc,heap       ] GC(31) Survivor regions: 3->3(24)
[2020-11-04T07:21:22.116+0800][gc,heap       ] GC(31) Old regions: 10->10
[2020-11-04T07:21:22.116+0800][gc,heap       ] GC(31) Humongous regions: 130->130
[2020-11-04T07:21:22.116+0800][gc,metaspace  ] GC(31) Metaspace: 35870K->35870K(1081344K)
[2020-11-04T07:21:22.116+0800][gc            ] GC(31) Pause Young (Normal) (G1 Evacuation Pause) 326M->142M(1024M) 5.932ms
[2020-11-04T07:21:22.116+0800][gc,cpu        ] GC(31) User=0.02s Sys=0.02s Real=0.00s
[2020-11-04T07:37:20.371+0800][gc,start      ] GC(32) Pause Young (Normal) (G1 Evacuation Pause)
[2020-11-04T07:37:20.372+0800][gc,task       ] GC(32) Using 10 workers of 10 for evacuation
[2020-11-04T07:37:20.386+0800][gc,phases     ] GC(32)   Pre Evacuate Collection Set: 1.4ms
[2020-11-04T07:37:20.386+0800][gc,phases     ] GC(32)   Evacuate Collection Set: 10.7ms
[2020-11-04T07:37:20.386+0800][gc,phases     ] GC(32)   Post Evacuate Collection Set: 0.9ms
[2020-11-04T07:37:20.386+0800][gc,phases     ] GC(32)   Other: 1.8ms
[2020-11-04T07:37:20.386+0800][gc,heap       ] GC(32) Eden regions: 248->0(222)
[2020-11-04T07:37:20.386+0800][gc,heap       ] GC(32) Survivor regions: 3->3(32)
[2020-11-04T07:37:20.386+0800][gc,heap       ] GC(32) Old regions: 10->10
[2020-11-04T07:37:20.386+0800][gc,heap       ] GC(32) Humongous regions: 130->130
[2020-11-04T07:37:20.386+0800][gc,metaspace  ] GC(32) Metaspace: 35871K->35871K(1081344K)
[2020-11-04T07:37:20.386+0800][gc            ] GC(32) Pause Young (Normal) (G1 Evacuation Pause) 390M->141M(1024M) 14.913ms
[2020-11-04T07:37:20.386+0800][gc,cpu        ] GC(32) User=0.02s Sys=0.03s Real=0.01s
[2020-11-04T07:51:48.621+0800][gc,start      ] GC(33) Pause Young (Normal) (G1 Evacuation Pause)
[2020-11-04T07:51:48.622+0800][gc,task       ] GC(33) Using 10 workers of 10 for evacuation
[2020-11-04T07:51:48.624+0800][gc,phases     ] GC(33)   Pre Evacuate Collection Set: 0.0ms
[2020-11-04T07:51:48.624+0800][gc,phases     ] GC(33)   Evacuate Collection Set: 1.4ms
[2020-11-04T07:51:48.624+0800][gc,phases     ] GC(33)   Post Evacuate Collection Set: 0.3ms
[2020-11-04T07:51:48.624+0800][gc,phases     ] GC(33)   Other: 0.8ms
[2020-11-04T07:51:48.624+0800][gc,heap       ] GC(33) Eden regions: 222->0(378)
[2020-11-04T07:51:48.624+0800][gc,heap       ] GC(33) Survivor regions: 3->3(29)
[2020-11-04T07:51:48.624+0800][gc,heap       ] GC(33) Old regions: 10->10
[2020-11-04T07:51:48.624+0800][gc,heap       ] GC(33) Humongous regions: 130->130
[2020-11-04T07:51:48.624+0800][gc,metaspace  ] GC(33) Metaspace: 35872K->35872K(1081344K)
[2020-11-04T07:51:48.624+0800][gc            ] GC(33) Pause Young (Normal) (G1 Evacuation Pause) 363M->141M(1024M) 2.959ms
[2020-11-04T07:51:48.624+0800][gc,cpu        ] GC(33) User=0.01s Sys=0.00s Real=0.00s
[2020-11-04T08:16:30.479+0800][gc,start      ] GC(34) Pause Young (Normal) (G1 Evacuation Pause)
[2020-11-04T08:16:30.480+0800][gc,task       ] GC(34) Using 10 workers of 10 for evacuation
[2020-11-04T08:16:30.492+0800][gc,phases     ] GC(34)   Pre Evacuate Collection Set: 0.2ms
[2020-11-04T08:16:30.492+0800][gc,phases     ] GC(34)   Evacuate Collection Set: 10.5ms
[2020-11-04T08:16:30.492+0800][gc,phases     ] GC(34)   Post Evacuate Collection Set: 0.5ms
[2020-11-04T08:16:30.492+0800][gc,phases     ] GC(34)   Other: 1.5ms
[2020-11-04T08:16:30.492+0800][gc,heap       ] GC(34) Eden regions: 378->0(366)
[2020-11-04T08:16:30.492+0800][gc,heap       ] GC(34) Survivor regions: 3->4(48)
[2020-11-04T08:16:30.492+0800][gc,heap       ] GC(34) Old regions: 10->10
[2020-11-04T08:16:30.492+0800][gc,heap       ] GC(34) Humongous regions: 130->130
[2020-11-04T08:16:30.492+0800][gc,metaspace  ] GC(34) Metaspace: 35881K->35881K(1081344K)
[2020-11-04T08:16:30.492+0800][gc            ] GC(34) Pause Young (Normal) (G1 Evacuation Pause) 519M->142M(1024M) 12.677ms
[2020-11-04T08:16:30.492+0800][gc,cpu        ] GC(34) User=0.03s Sys=0.03s Real=0.02s
[2020-11-04T08:40:08.273+0800][gc,start      ] GC(35) Pause Young (Normal) (G1 Evacuation Pause)
[2020-11-04T08:40:08.275+0800][gc,task       ] GC(35) Using 10 workers of 10 for evacuation
[2020-11-04T08:40:08.287+0800][gc,phases     ] GC(35)   Pre Evacuate Collection Set: 1.4ms
[2020-11-04T08:40:08.287+0800][gc,phases     ] GC(35)   Evacuate Collection Set: 9.8ms
[2020-11-04T08:40:08.287+0800][gc,phases     ] GC(35)   Post Evacuate Collection Set: 0.9ms
[2020-11-04T08:40:08.287+0800][gc,phases     ] GC(35)   Other: 1.9ms
[2020-11-04T08:40:08.287+0800][gc,heap       ] GC(35) Eden regions: 366->0(376)
[2020-11-04T08:40:08.287+0800][gc,heap       ] GC(35) Survivor regions: 4->3(47)
[2020-11-04T08:40:08.287+0800][gc,heap       ] GC(35) Old regions: 10->10
[2020-11-04T08:40:08.287+0800][gc,heap       ] GC(35) Humongous regions: 130->130
[2020-11-04T08:40:08.287+0800][gc,metaspace  ] GC(35) Metaspace: 35884K->35884K(1081344K)
[2020-11-04T08:40:08.287+0800][gc            ] GC(35) Pause Young (Normal) (G1 Evacuation Pause) 508M->142M(1024M) 13.969ms
[2020-11-04T08:40:08.288+0800][gc,cpu        ] GC(35) User=0.02s Sys=0.05s Real=0.01s
[2020-11-04T09:04:35.327+0800][gc,start      ] GC(36) Pause Young (Normal) (G1 Evacuation Pause)
[2020-11-04T09:04:35.328+0800][gc,task       ] GC(36) Using 10 workers of 10 for evacuation
[2020-11-04T09:04:35.341+0800][gc,phases     ] GC(36)   Pre Evacuate Collection Set: 1.7ms
[2020-11-04T09:04:35.341+0800][gc,phases     ] GC(36)   Evacuate Collection Set: 9.1ms
[2020-11-04T09:04:35.341+0800][gc,phases     ] GC(36)   Post Evacuate Collection Set: 0.8ms
[2020-11-04T09:04:35.341+0800][gc,phases     ] GC(36)   Other: 1.6ms
[2020-11-04T09:04:35.341+0800][gc,heap       ] GC(36) Eden regions: 376->0(446)
[2020-11-04T09:04:35.341+0800][gc,heap       ] GC(36) Survivor regions: 3->3(48)
[2020-11-04T09:04:35.341+0800][gc,heap       ] GC(36) Old regions: 10->10
[2020-11-04T09:04:35.341+0800][gc,heap       ] GC(36) Humongous regions: 130->130
[2020-11-04T09:04:35.341+0800][gc,metaspace  ] GC(36) Metaspace: 35888K->35888K(1081344K)
[2020-11-04T09:04:35.341+0800][gc            ] GC(36) Pause Young (Normal) (G1 Evacuation Pause) 518M->141M(1024M) 13.325ms
[2020-11-04T09:04:35.341+0800][gc,cpu        ] GC(36) User=0.02s Sys=0.04s Real=0.02s
[2020-11-04T09:46:02.442+0800][gc,start      ] GC(37) Pause Young (Normal) (G1 Evacuation Pause)
[2020-11-04T09:46:02.443+0800][gc,task       ] GC(37) Using 10 workers of 10 for evacuation
[2020-11-04T09:46:02.464+0800][gc,mmu        ] GC(37) MMU target violated: 20.6ms (20.0ms/21.0ms)
[2020-11-04T09:46:02.464+0800][gc,phases     ] GC(37)   Pre Evacuate Collection Set: 2.1ms
[2020-11-04T09:46:02.464+0800][gc,phases     ] GC(37)   Evacuate Collection Set: 16.7ms
[2020-11-04T09:46:02.464+0800][gc,phases     ] GC(37)   Post Evacuate Collection Set: 1.2ms
[2020-11-04T09:46:02.464+0800][gc,phases     ] GC(37)   Other: 3.6ms
[2020-11-04T09:46:02.464+0800][gc,heap       ] GC(37) Eden regions: 446->0(330)
[2020-11-04T09:46:02.464+0800][gc,heap       ] GC(37) Survivor regions: 3->4(57)
[2020-11-04T09:46:02.464+0800][gc,heap       ] GC(37) Old regions: 10->10
[2020-11-04T09:46:02.464+0800][gc,heap       ] GC(37) Humongous regions: 130->130
[2020-11-04T09:46:02.464+0800][gc,metaspace  ] GC(37) Metaspace: 35917K->35917K(1081344K)
[2020-11-04T09:46:02.464+0800][gc            ] GC(37) Pause Young (Normal) (G1 Evacuation Pause) 587M->142M(1024M) 22.369ms
[2020-11-04T09:46:02.464+0800][gc,cpu        ] GC(37) User=0.02s Sys=0.07s Real=0.02s
[2020-11-04T10:24:03.069+0800][gc,start      ] GC(38) Pause Young (Normal) (G1 Evacuation Pause)
[2020-11-04T10:24:03.070+0800][gc,task       ] GC(38) Using 10 workers of 10 for evacuation
[2020-11-04T10:24:03.086+0800][gc,phases     ] GC(38)   Pre Evacuate Collection Set: 4.4ms
[2020-11-04T10:24:03.086+0800][gc,phases     ] GC(38)   Evacuate Collection Set: 9.8ms
[2020-11-04T10:24:03.086+0800][gc,phases     ] GC(38)   Post Evacuate Collection Set: 1.5ms
[2020-11-04T10:24:03.087+0800][gc,phases     ] GC(38)   Other: 3.2ms
[2020-11-04T10:24:03.087+0800][gc,heap       ] GC(38) Eden regions: 330->0(377)
[2020-11-04T10:24:03.087+0800][gc,heap       ] GC(38) Survivor regions: 4->3(42)
[2020-11-04T10:24:03.087+0800][gc,heap       ] GC(38) Old regions: 10->10
[2020-11-04T10:24:03.087+0800][gc,heap       ] GC(38) Humongous regions: 130->130
[2020-11-04T10:24:03.087+0800][gc,metaspace  ] GC(38) Metaspace: 35921K->35921K(1081344K)
[2020-11-04T10:24:03.087+0800][gc            ] GC(38) Pause Young (Normal) (G1 Evacuation Pause) 472M->141M(1024M) 17.541ms
[2020-11-04T10:24:03.087+0800][gc,cpu        ] GC(38) User=0.02s Sys=0.04s Real=0.02s
[2020-11-04T10:52:03.465+0800][gc,start      ] GC(39) Pause Young (Normal) (G1 Evacuation Pause)
[2020-11-04T10:52:03.466+0800][gc,task       ] GC(39) Using 10 workers of 10 for evacuation
[2020-11-04T10:52:03.482+0800][gc,phases     ] GC(39)   Pre Evacuate Collection Set: 2.1ms
[2020-11-04T10:52:03.482+0800][gc,phases     ] GC(39)   Evacuate Collection Set: 10.9ms
[2020-11-04T10:52:03.482+0800][gc,phases     ] GC(39)   Post Evacuate Collection Set: 0.9ms
[2020-11-04T10:52:03.482+0800][gc,phases     ] GC(39)   Other: 4.2ms
[2020-11-04T10:52:03.482+0800][gc,heap       ] GC(39) Eden regions: 377->0(452)
[2020-11-04T10:52:03.482+0800][gc,heap       ] GC(39) Survivor regions: 3->3(48)
[2020-11-04T10:52:03.482+0800][gc,heap       ] GC(39) Old regions: 10->10
[2020-11-04T10:52:03.482+0800][gc,heap       ] GC(39) Humongous regions: 130->130
[2020-11-04T10:52:03.482+0800][gc,metaspace  ] GC(39) Metaspace: 35924K->35924K(1081344K)
[2020-11-04T10:52:03.482+0800][gc            ] GC(39) Pause Young (Normal) (G1 Evacuation Pause) 518M->142M(1024M) 17.140ms
[2020-11-04T10:52:03.482+0800][gc,cpu        ] GC(39) User=0.02s Sys=0.04s Real=0.02s
[2020-11-04T11:22:32.277+0800][gc,start      ] GC(40) Pause Young (Normal) (G1 Evacuation Pause)
[2020-11-04T11:22:32.278+0800][gc,task       ] GC(40) Using 10 workers of 10 for evacuation
[2020-11-04T11:22:32.304+0800][gc,mmu        ] GC(40) MMU target violated: 21.0ms (20.0ms/21.0ms)
[2020-11-04T11:22:32.304+0800][gc,phases     ] GC(40)   Pre Evacuate Collection Set: 1.3ms
[2020-11-04T11:22:32.304+0800][gc,phases     ] GC(40)   Evacuate Collection Set: 22.1ms
[2020-11-04T11:22:32.304+0800][gc,phases     ] GC(40)   Post Evacuate Collection Set: 2.1ms
[2020-11-04T11:22:32.304+0800][gc,phases     ] GC(40)   Other: 1.4ms
[2020-11-04T11:22:32.304+0800][gc,heap       ] GC(40) Eden regions: 452->0(214)
[2020-11-04T11:22:32.304+0800][gc,heap       ] GC(40) Survivor regions: 3->3(57)
[2020-11-04T11:22:32.304+0800][gc,heap       ] GC(40) Old regions: 10->10
[2020-11-04T11:22:32.304+0800][gc,heap       ] GC(40) Humongous regions: 130->130
[2020-11-04T11:22:32.304+0800][gc,metaspace  ] GC(40) Metaspace: 35944K->35944K(1081344K)
[2020-11-04T11:22:32.305+0800][gc            ] GC(40) Pause Young (Normal) (G1 Evacuation Pause) 594M->142M(1024M) 27.034ms
[2020-11-04T11:22:32.305+0800][gc,cpu        ] GC(40) User=0.02s Sys=0.07s Real=0.03s
[2020-11-04T11:36:12.947+0800][gc,start      ] GC(41) Pause Young (Normal) (G1 Evacuation Pause)
[2020-11-04T11:36:12.947+0800][gc,task       ] GC(41) Using 10 workers of 10 for evacuation
[2020-11-04T11:36:12.952+0800][gc,phases     ] GC(41)   Pre Evacuate Collection Set: 0.0ms
[2020-11-04T11:36:12.952+0800][gc,phases     ] GC(41)   Evacuate Collection Set: 2.6ms
[2020-11-04T11:36:12.952+0800][gc,phases     ] GC(41)   Post Evacuate Collection Set: 0.4ms
[2020-11-04T11:36:12.952+0800][gc,phases     ] GC(41)   Other: 2.0ms
[2020-11-04T11:36:12.952+0800][gc,heap       ] GC(41) Eden regions: 214->0(352)
[2020-11-04T11:36:12.952+0800][gc,heap       ] GC(41) Survivor regions: 3->3(28)
[2020-11-04T11:36:12.952+0800][gc,heap       ] GC(41) Old regions: 10->10
[2020-11-04T11:36:12.952+0800][gc,heap       ] GC(41) Humongous regions: 130->130
[2020-11-04T11:36:12.952+0800][gc,metaspace  ] GC(41) Metaspace: 35944K->35944K(1081344K)
[2020-11-04T11:36:12.952+0800][gc            ] GC(41) Pause Young (Normal) (G1 Evacuation Pause) 356M->142M(1024M) 5.239ms
[2020-11-04T11:36:12.952+0800][gc,cpu        ] GC(41) User=0.03s Sys=0.00s Real=0.01s
[2020-11-04T12:08:19.079+0800][gc,start      ] GC(42) Pause Young (Normal) (G1 Evacuation Pause)
[2020-11-04T12:08:19.080+0800][gc,task       ] GC(42) Using 10 workers of 10 for evacuation
[2020-11-04T12:08:19.092+0800][gc,phases     ] GC(42)   Pre Evacuate Collection Set: 1.4ms
[2020-11-04T12:08:19.092+0800][gc,phases     ] GC(42)   Evacuate Collection Set: 9.2ms
[2020-11-04T12:08:19.092+0800][gc,phases     ] GC(42)   Post Evacuate Collection Set: 0.8ms
[2020-11-04T12:08:19.092+0800][gc,phases     ] GC(42)   Other: 1.9ms
[2020-11-04T12:08:19.092+0800][gc,heap       ] GC(42) Eden regions: 352->0(509)
[2020-11-04T12:08:19.092+0800][gc,heap       ] GC(42) Survivor regions: 3->3(45)
[2020-11-04T12:08:19.092+0800][gc,heap       ] GC(42) Old regions: 10->10
[2020-11-04T12:08:19.092+0800][gc,heap       ] GC(42) Humongous regions: 130->130
[2020-11-04T12:08:19.092+0800][gc,metaspace  ] GC(42) Metaspace: 35961K->35961K(1081344K)
[2020-11-04T12:08:19.092+0800][gc            ] GC(42) Pause Young (Normal) (G1 Evacuation Pause) 494M->142M(1024M) 13.308ms
[2020-11-04T12:08:19.092+0800][gc,cpu        ] GC(42) User=0.02s Sys=0.04s Real=0.02s
[2020-11-04T13:21:16.774+0800][gc,start      ] GC(43) Pause Young (Normal) (G1 Evacuation Pause)
[2020-11-04T13:21:16.775+0800][gc,task       ] GC(43) Using 10 workers of 10 for evacuation
[2020-11-04T13:21:16.791+0800][gc,phases     ] GC(43)   Pre Evacuate Collection Set: 1.2ms
[2020-11-04T13:21:16.791+0800][gc,phases     ] GC(43)   Evacuate Collection Set: 11.1ms
[2020-11-04T13:21:16.791+0800][gc,phases     ] GC(43)   Post Evacuate Collection Set: 2.3ms
[2020-11-04T13:21:16.791+0800][gc,phases     ] GC(43)   Other: 2.4ms
[2020-11-04T13:21:16.791+0800][gc,heap       ] GC(43) Eden regions: 509->0(458)
[2020-11-04T13:21:16.791+0800][gc,heap       ] GC(43) Survivor regions: 3->2(64)
[2020-11-04T13:21:16.791+0800][gc,heap       ] GC(43) Old regions: 10->10
[2020-11-04T13:21:16.791+0800][gc,heap       ] GC(43) Humongous regions: 130->130
[2020-11-04T13:21:16.791+0800][gc,metaspace  ] GC(43) Metaspace: 35979K->35979K(1081344K)
[2020-11-04T13:21:16.792+0800][gc            ] GC(43) Pause Young (Normal) (G1 Evacuation Pause) 651M->141M(1024M) 17.671ms
[2020-11-04T13:21:16.792+0800][gc,cpu        ] GC(43) User=0.02s Sys=0.03s Real=0.02s
[2020-11-04T14:07:44.266+0800][gc,start      ] GC(44) Pause Young (Normal) (G1 Evacuation Pause)
[2020-11-04T14:07:44.266+0800][gc,task       ] GC(44) Using 10 workers of 10 for evacuation
[2020-11-04T14:07:44.271+0800][gc,phases     ] GC(44)   Pre Evacuate Collection Set: 0.1ms
[2020-11-04T14:07:44.271+0800][gc,phases     ] GC(44)   Evacuate Collection Set: 3.1ms
[2020-11-04T14:07:44.271+0800][gc,phases     ] GC(44)   Post Evacuate Collection Set: 0.6ms
[2020-11-04T14:07:44.271+0800][gc,phases     ] GC(44)   Other: 0.9ms
[2020-11-04T14:07:44.271+0800][gc,heap       ] GC(44) Eden regions: 458->0(492)
[2020-11-04T14:07:44.271+0800][gc,heap       ] GC(44) Survivor regions: 2->3(58)
[2020-11-04T14:07:44.271+0800][gc,heap       ] GC(44) Old regions: 10->10
[2020-11-04T14:07:44.271+0800][gc,heap       ] GC(44) Humongous regions: 130->130
[2020-11-04T14:07:44.271+0800][gc,metaspace  ] GC(44) Metaspace: 35994K->35994K(1081344K)
[2020-11-04T14:07:44.271+0800][gc            ] GC(44) Pause Young (Normal) (G1 Evacuation Pause) 599M->142M(1024M) 4.835ms
[2020-11-04T14:07:44.271+0800][gc,cpu        ] GC(44) User=0.03s Sys=0.00s Real=0.01s
[2020-11-04T14:47:04.984+0800][gc,start      ] GC(45) Pause Young (Normal) (G1 Evacuation Pause)
[2020-11-04T14:47:04.985+0800][gc,task       ] GC(45) Using 10 workers of 10 for evacuation
[2020-11-04T14:47:05.023+0800][gc,mmu        ] GC(45) MMU target violated: 21.0ms (20.0ms/21.0ms)
[2020-11-04T14:47:05.023+0800][gc,phases     ] GC(45)   Pre Evacuate Collection Set: 8.1ms
[2020-11-04T14:47:05.023+0800][gc,phases     ] GC(45)   Evacuate Collection Set: 23.7ms
[2020-11-04T14:47:05.023+0800][gc,phases     ] GC(45)   Post Evacuate Collection Set: 4.2ms
[2020-11-04T14:47:05.023+0800][gc,phases     ] GC(45)   Other: 3.2ms
[2020-11-04T14:47:05.023+0800][gc,heap       ] GC(45) Eden regions: 492->0(48)
[2020-11-04T14:47:05.023+0800][gc,heap       ] GC(45) Survivor regions: 3->3(62)
[2020-11-04T14:47:05.023+0800][gc,heap       ] GC(45) Old regions: 10->10
[2020-11-04T14:47:05.023+0800][gc,heap       ] GC(45) Humongous regions: 130->130
[2020-11-04T14:47:05.023+0800][gc,metaspace  ] GC(45) Metaspace: 36032K->36032K(1081344K)
[2020-11-04T14:47:05.023+0800][gc            ] GC(45) Pause Young (Normal) (G1 Evacuation Pause) 634M->142M(1024M) 39.206ms
[2020-11-04T14:47:05.023+0800][gc,cpu        ] GC(45) User=0.02s Sys=0.06s Real=0.04s
[2020-11-04T14:50:00.722+0800][gc,start      ] GC(46) Pause Young (Normal) (G1 Evacuation Pause)
[2020-11-04T14:50:00.722+0800][gc,task       ] GC(46) Using 10 workers of 10 for evacuation
[2020-11-04T14:50:00.730+0800][gc,phases     ] GC(46)   Pre Evacuate Collection Set: 0.0ms
[2020-11-04T14:50:00.730+0800][gc,phases     ] GC(46)   Evacuate Collection Set: 7.4ms
[2020-11-04T14:50:00.730+0800][gc,phases     ] GC(46)   Post Evacuate Collection Set: 0.3ms
[2020-11-04T14:50:00.730+0800][gc,phases     ] GC(46)   Other: 0.2ms
[2020-11-04T14:50:00.730+0800][gc,heap       ] GC(46) Eden regions: 48->0(69)
[2020-11-04T14:50:00.730+0800][gc,heap       ] GC(46) Survivor regions: 3->3(7)
[2020-11-04T14:50:00.730+0800][gc,heap       ] GC(46) Old regions: 10->10
[2020-11-04T14:50:00.730+0800][gc,heap       ] GC(46) Humongous regions: 130->130
[2020-11-04T14:50:00.730+0800][gc,metaspace  ] GC(46) Metaspace: 36037K->36037K(1081344K)
[2020-11-04T14:50:00.730+0800][gc            ] GC(46) Pause Young (Normal) (G1 Evacuation Pause) 190M->142M(1024M) 8.071ms
[2020-11-04T14:50:00.730+0800][gc,cpu        ] GC(46) User=0.02s Sys=0.02s Real=0.01s
[2020-11-04T14:54:16.500+0800][gc,start      ] GC(47) Pause Young (Normal) (G1 Evacuation Pause)
[2020-11-04T14:54:16.501+0800][gc,task       ] GC(47) Using 10 workers of 10 for evacuation
[2020-11-04T14:54:16.508+0800][gc,phases     ] GC(47)   Pre Evacuate Collection Set: 0.0ms
[2020-11-04T14:54:16.508+0800][gc,phases     ] GC(47)   Evacuate Collection Set: 6.5ms
[2020-11-04T14:54:16.508+0800][gc,phases     ] GC(47)   Post Evacuate Collection Set: 0.2ms
[2020-11-04T14:54:16.508+0800][gc,phases     ] GC(47)   Other: 1.6ms
[2020-11-04T14:54:16.508+0800][gc,heap       ] GC(47) Eden regions: 69->0(105)
[2020-11-04T14:54:16.508+0800][gc,heap       ] GC(47) Survivor regions: 3->3(9)
[2020-11-04T14:54:16.508+0800][gc,heap       ] GC(47) Old regions: 10->10
[2020-11-04T14:54:16.508+0800][gc,heap       ] GC(47) Humongous regions: 130->130
[2020-11-04T14:54:16.508+0800][gc,metaspace  ] GC(47) Metaspace: 36044K->36044K(1081344K)
[2020-11-04T14:54:16.508+0800][gc            ] GC(47) Pause Young (Normal) (G1 Evacuation Pause) 211M->142M(1024M) 7.393ms
[2020-11-04T14:54:16.508+0800][gc,cpu        ] GC(47) User=0.02s Sys=0.02s Real=0.00s
[2020-11-04T15:00:47.023+0800][gc,start      ] GC(48) Pause Young (Normal) (G1 Evacuation Pause)
[2020-11-04T15:00:47.023+0800][gc,task       ] GC(48) Using 10 workers of 10 for evacuation
[2020-11-04T15:00:47.036+0800][gc,phases     ] GC(48)   Pre Evacuate Collection Set: 0.1ms
[2020-11-04T15:00:47.036+0800][gc,phases     ] GC(48)   Evacuate Collection Set: 11.4ms
[2020-11-04T15:00:47.036+0800][gc,phases     ] GC(48)   Post Evacuate Collection Set: 0.2ms
[2020-11-04T15:00:47.036+0800][gc,phases     ] GC(48)   Other: 1.3ms
[2020-11-04T15:00:47.036+0800][gc,heap       ] GC(48) Eden regions: 105->0(134)
[2020-11-04T15:00:47.036+0800][gc,heap       ] GC(48) Survivor regions: 3->4(14)
[2020-11-04T15:00:47.036+0800][gc,heap       ] GC(48) Old regions: 10->10
[2020-11-04T15:00:47.036+0800][gc,heap       ] GC(48) Humongous regions: 130->130
[2020-11-04T15:00:47.036+0800][gc,metaspace  ] GC(48) Metaspace: 36044K->36044K(1081344K)
[2020-11-04T15:00:47.036+0800][gc            ] GC(48) Pause Young (Normal) (G1 Evacuation Pause) 247M->143M(1024M) 13.000ms
[2020-11-04T15:00:47.036+0800][gc,cpu        ] GC(48) User=0.02s Sys=0.04s Real=0.01s
[2020-11-04T15:11:32.520+0800][gc,start      ] GC(49) Pause Young (Normal) (G1 Evacuation Pause)
[2020-11-04T15:11:32.521+0800][gc,task       ] GC(49) Using 10 workers of 10 for evacuation
[2020-11-04T15:11:32.529+0800][gc,phases     ] GC(49)   Pre Evacuate Collection Set: 0.2ms
[2020-11-04T15:11:32.529+0800][gc,phases     ] GC(49)   Evacuate Collection Set: 8.0ms
[2020-11-04T15:11:32.529+0800][gc,phases     ] GC(49)   Post Evacuate Collection Set: 0.3ms
[2020-11-04T15:11:32.529+0800][gc,phases     ] GC(49)   Other: 0.6ms
[2020-11-04T15:11:32.529+0800][gc,heap       ] GC(49) Eden regions: 134->0(181)
[2020-11-04T15:11:32.529+0800][gc,heap       ] GC(49) Survivor regions: 4->3(18)
[2020-11-04T15:11:32.529+0800][gc,heap       ] GC(49) Old regions: 10->10
[2020-11-04T15:11:32.529+0800][gc,heap       ] GC(49) Humongous regions: 130->130
[2020-11-04T15:11:32.529+0800][gc,metaspace  ] GC(49) Metaspace: 36045K->36045K(1081344K)
[2020-11-04T15:11:32.529+0800][gc            ] GC(49) Pause Young (Normal) (G1 Evacuation Pause) 277M->142M(1024M) 9.167ms
[2020-11-04T15:11:32.529+0800][gc,cpu        ] GC(49) User=0.02s Sys=0.02s Real=0.00s
[2020-11-04T15:22:45.480+0800][gc,start      ] GC(50) Pause Young (Normal) (G1 Evacuation Pause)
[2020-11-04T15:22:45.481+0800][gc,task       ] GC(50) Using 10 workers of 10 for evacuation
[2020-11-04T15:22:45.490+0800][gc,phases     ] GC(50)   Pre Evacuate Collection Set: 0.2ms
[2020-11-04T15:22:45.490+0800][gc,phases     ] GC(50)   Evacuate Collection Set: 8.0ms
[2020-11-04T15:22:45.490+0800][gc,phases     ] GC(50)   Post Evacuate Collection Set: 0.3ms
[2020-11-04T15:22:45.490+0800][gc,phases     ] GC(50)   Other: 1.6ms
[2020-11-04T15:22:45.490+0800][gc,heap       ] GC(50) Eden regions: 181->0(252)
[2020-11-04T15:22:45.490+0800][gc,heap       ] GC(50) Survivor regions: 3->3(23)
[2020-11-04T15:22:45.490+0800][gc,heap       ] GC(50) Old regions: 10->10
[2020-11-04T15:22:45.490+0800][gc,heap       ] GC(50) Humongous regions: 130->130
[2020-11-04T15:22:45.490+0800][gc,metaspace  ] GC(50) Metaspace: 36046K->36046K(1081344K)
[2020-11-04T15:22:45.490+0800][gc            ] GC(50) Pause Young (Normal) (G1 Evacuation Pause) 323M->142M(1024M) 10.223ms
[2020-11-04T15:22:45.490+0800][gc,cpu        ] GC(50) User=0.02s Sys=0.04s Real=0.01s
[2020-11-04T15:38:14.213+0800][gc,start      ] GC(51) Pause Young (Normal) (G1 Evacuation Pause)
[2020-11-04T15:38:14.214+0800][gc,task       ] GC(51) Using 10 workers of 10 for evacuation
[2020-11-04T15:38:14.224+0800][gc,phases     ] GC(51)   Pre Evacuate Collection Set: 1.3ms
[2020-11-04T15:38:14.224+0800][gc,phases     ] GC(51)   Evacuate Collection Set: 8.1ms
[2020-11-04T15:38:14.224+0800][gc,phases     ] GC(51)   Post Evacuate Collection Set: 0.4ms
[2020-11-04T15:38:14.224+0800][gc,phases     ] GC(51)   Other: 1.0ms
[2020-11-04T15:38:14.224+0800][gc,heap       ] GC(51) Eden regions: 252->0(345)
[2020-11-04T15:38:14.224+0800][gc,heap       ] GC(51) Survivor regions: 3->4(32)
[2020-11-04T15:38:14.224+0800][gc,heap       ] GC(51) Old regions: 10->10
[2020-11-04T15:38:14.224+0800][gc,heap       ] GC(51) Humongous regions: 130->130
[2020-11-04T15:38:14.224+0800][gc,metaspace  ] GC(51) Metaspace: 36050K->36050K(1081344K)
[2020-11-04T15:38:14.224+0800][gc            ] GC(51) Pause Young (Normal) (G1 Evacuation Pause) 394M->142M(1024M) 11.263ms
[2020-11-04T15:38:14.224+0800][gc,cpu        ] GC(51) User=0.02s Sys=0.03s Real=0.01s
[2020-11-04T15:59:47.451+0800][gc,start      ] GC(52) Pause Young (Normal) (G1 Evacuation Pause)
[2020-11-04T15:59:47.452+0800][gc,task       ] GC(52) Using 10 workers of 10 for evacuation
[2020-11-04T15:59:47.461+0800][gc,phases     ] GC(52)   Pre Evacuate Collection Set: 0.3ms
[2020-11-04T15:59:47.461+0800][gc,phases     ] GC(52)   Evacuate Collection Set: 8.1ms
[2020-11-04T15:59:47.461+0800][gc,phases     ] GC(52)   Post Evacuate Collection Set: 0.7ms
[2020-11-04T15:59:47.461+0800][gc,phases     ] GC(52)   Other: 1.4ms
[2020-11-04T15:59:47.461+0800][gc,heap       ] GC(52) Eden regions: 345->0(441)
[2020-11-04T15:59:47.461+0800][gc,heap       ] GC(52) Survivor regions: 4->3(44)
[2020-11-04T15:59:47.461+0800][gc,heap       ] GC(52) Old regions: 10->10
[2020-11-04T15:59:47.461+0800][gc,heap       ] GC(52) Humongous regions: 130->130
[2020-11-04T15:59:47.461+0800][gc,metaspace  ] GC(52) Metaspace: 36051K->36051K(1081344K)
[2020-11-04T15:59:47.461+0800][gc            ] GC(52) Pause Young (Normal) (G1 Evacuation Pause) 487M->142M(1024M) 10.753ms
[2020-11-04T15:59:47.461+0800][gc,cpu        ] GC(52) User=0.02s Sys=0.03s Real=0.01s
[2020-11-04T16:27:16.478+0800][gc,start      ] GC(53) Pause Young (Normal) (G1 Evacuation Pause)
[2020-11-04T16:27:16.479+0800][gc,task       ] GC(53) Using 10 workers of 10 for evacuation
[2020-11-04T16:27:16.489+0800][gc,phases     ] GC(53)   Pre Evacuate Collection Set: 0.1ms
[2020-11-04T16:27:16.489+0800][gc,phases     ] GC(53)   Evacuate Collection Set: 8.8ms
[2020-11-04T16:27:16.489+0800][gc,phases     ] GC(53)   Post Evacuate Collection Set: 0.9ms
[2020-11-04T16:27:16.489+0800][gc,phases     ] GC(53)   Other: 1.1ms
[2020-11-04T16:27:16.489+0800][gc,heap       ] GC(53) Eden regions: 440->0(547)
[2020-11-04T16:27:16.489+0800][gc,heap       ] GC(53) Survivor regions: 3->3(56)
[2020-11-04T16:27:16.489+0800][gc,heap       ] GC(53) Old regions: 10->10
[2020-11-04T16:27:16.489+0800][gc,heap       ] GC(53) Humongous regions: 130->130
[2020-11-04T16:27:16.489+0800][gc,metaspace  ] GC(53) Metaspace: 36061K->36061K(1083392K)
[2020-11-04T16:27:16.490+0800][gc            ] GC(53) Pause Young (Normal) (G1 Evacuation Pause) 582M->142M(1024M) 11.586ms
[2020-11-04T16:27:16.490+0800][gc,cpu        ] GC(53) User=0.02s Sys=0.03s Real=0.02s
[2020-11-04T18:04:46.369+0800][gc,start      ] GC(54) Pause Young (Normal) (G1 Evacuation Pause)
[2020-11-04T18:04:46.370+0800][gc,task       ] GC(54) Using 10 workers of 10 for evacuation
[2020-11-04T18:04:46.414+0800][gc,mmu        ] GC(54) MMU target violated: 21.0ms (20.0ms/21.0ms)
[2020-11-04T18:04:46.414+0800][gc,phases     ] GC(54)   Pre Evacuate Collection Set: 0.3ms
[2020-11-04T18:04:46.414+0800][gc,phases     ] GC(54)   Evacuate Collection Set: 40.6ms
[2020-11-04T18:04:46.414+0800][gc,phases     ] GC(54)   Post Evacuate Collection Set: 2.0ms
[2020-11-04T18:04:46.415+0800][gc,phases     ] GC(54)   Other: 2.4ms
[2020-11-04T18:04:46.415+0800][gc,heap       ] GC(54) Eden regions: 547->0(48)
[2020-11-04T18:04:46.415+0800][gc,heap       ] GC(54) Survivor regions: 3->3(69)
[2020-11-04T18:04:46.415+0800][gc,heap       ] GC(54) Old regions: 10->10
[2020-11-04T18:04:46.415+0800][gc,heap       ] GC(54) Humongous regions: 130->130
[2020-11-04T18:04:46.415+0800][gc,metaspace  ] GC(54) Metaspace: 36109K->36109K(1083392K)
[2020-11-04T18:04:46.415+0800][gc            ] GC(54) Pause Young (Normal) (G1 Evacuation Pause) 689M->142M(1024M) 45.208ms
[2020-11-04T18:04:46.415+0800][gc,cpu        ] GC(54) User=0.02s Sys=0.10s Real=0.05s
[2020-11-04T18:10:14.987+0800][gc,start      ] GC(55) Pause Young (Normal) (G1 Evacuation Pause)
[2020-11-04T18:10:14.987+0800][gc,task       ] GC(55) Using 10 workers of 10 for evacuation
[2020-11-04T18:10:14.993+0800][gc,phases     ] GC(55)   Pre Evacuate Collection Set: 0.0ms
[2020-11-04T18:10:14.993+0800][gc,phases     ] GC(55)   Evacuate Collection Set: 4.9ms
[2020-11-04T18:10:14.993+0800][gc,phases     ] GC(55)   Post Evacuate Collection Set: 0.3ms
[2020-11-04T18:10:14.993+0800][gc,phases     ] GC(55)   Other: 0.4ms
[2020-11-04T18:10:14.993+0800][gc,heap       ] GC(55) Eden regions: 48->0(92)
[2020-11-04T18:10:14.993+0800][gc,heap       ] GC(55) Survivor regions: 3->4(7)
[2020-11-04T18:10:14.993+0800][gc,heap       ] GC(55) Old regions: 10->10
[2020-11-04T18:10:14.993+0800][gc,heap       ] GC(55) Humongous regions: 130->130
[2020-11-04T18:10:14.993+0800][gc,metaspace  ] GC(55) Metaspace: 36109K->36109K(1083392K)
[2020-11-04T18:10:14.993+0800][gc            ] GC(55) Pause Young (Normal) (G1 Evacuation Pause) 190M->143M(1024M) 5.781ms
[2020-11-04T18:10:14.993+0800][gc,cpu        ] GC(55) User=0.03s Sys=0.01s Real=0.01s
[2020-11-04T18:24:29.446+0800][gc,start      ] GC(56) Pause Young (Normal) (G1 Evacuation Pause)
[2020-11-04T18:24:29.447+0800][gc,task       ] GC(56) Using 10 workers of 10 for evacuation
[2020-11-04T18:24:29.456+0800][gc,phases     ] GC(56)   Pre Evacuate Collection Set: 0.0ms
[2020-11-04T18:24:29.456+0800][gc,phases     ] GC(56)   Evacuate Collection Set: 8.3ms
[2020-11-04T18:24:29.456+0800][gc,phases     ] GC(56)   Post Evacuate Collection Set: 0.2ms
[2020-11-04T18:24:29.456+0800][gc,phases     ] GC(56)   Other: 1.2ms
[2020-11-04T18:24:29.456+0800][gc,heap       ] GC(56) Eden regions: 92->0(159)
[2020-11-04T18:24:29.456+0800][gc,heap       ] GC(56) Survivor regions: 4->4(12)
[2020-11-04T18:24:29.456+0800][gc,heap       ] GC(56) Old regions: 10->10
[2020-11-04T18:24:29.456+0800][gc,heap       ] GC(56) Humongous regions: 130->130
[2020-11-04T18:24:29.456+0800][gc,metaspace  ] GC(56) Metaspace: 36128K->36128K(1083392K)
[2020-11-04T18:24:29.456+0800][gc            ] GC(56) Pause Young (Normal) (G1 Evacuation Pause) 235M->142M(1024M) 9.837ms
[2020-11-04T18:24:29.456+0800][gc,cpu        ] GC(56) User=0.02s Sys=0.03s Real=0.01s
[2020-11-04T18:36:56.474+0800][gc,start      ] GC(57) Pause Young (Normal) (G1 Evacuation Pause)
[2020-11-04T18:36:56.474+0800][gc,task       ] GC(57) Using 10 workers of 10 for evacuation
[2020-11-04T18:36:56.489+0800][gc,phases     ] GC(57)   Pre Evacuate Collection Set: 5.0ms
[2020-11-04T18:36:56.489+0800][gc,phases     ] GC(57)   Evacuate Collection Set: 8.0ms
[2020-11-04T18:36:56.489+0800][gc,phases     ] GC(57)   Post Evacuate Collection Set: 1.5ms
[2020-11-04T18:36:56.489+0800][gc,phases     ] GC(57)   Other: 0.8ms
[2020-11-04T18:36:56.489+0800][gc,heap       ] GC(57) Eden regions: 159->0(139)
[2020-11-04T18:36:56.489+0800][gc,heap       ] GC(57) Survivor regions: 4->4(21)
[2020-11-04T18:36:56.489+0800][gc,heap       ] GC(57) Old regions: 10->10
[2020-11-04T18:36:56.489+0800][gc,heap       ] GC(57) Humongous regions: 130->130
[2020-11-04T18:36:56.489+0800][gc,metaspace  ] GC(57) Metaspace: 36279K->36279K(1083392K)
[2020-11-04T18:36:56.489+0800][gc            ] GC(57) Pause Young (Normal) (G1 Evacuation Pause) 301M->143M(1024M) 15.514ms
[2020-11-04T18:36:56.489+0800][gc,cpu        ] GC(57) User=0.02s Sys=0.04s Real=0.01s
[2020-11-04T18:45:36.600+0800][gc,start      ] GC(58) Pause Young (Normal) (G1 Evacuation Pause)
[2020-11-04T18:45:36.600+0800][gc,task       ] GC(58) Using 10 workers of 10 for evacuation
[2020-11-04T18:45:36.604+0800][gc,phases     ] GC(58)   Pre Evacuate Collection Set: 0.0ms
[2020-11-04T18:45:36.604+0800][gc,phases     ] GC(58)   Evacuate Collection Set: 2.2ms
[2020-11-04T18:45:36.604+0800][gc,phases     ] GC(58)   Post Evacuate Collection Set: 0.9ms
[2020-11-04T18:45:36.604+0800][gc,phases     ] GC(58)   Other: 1.1ms
[2020-11-04T18:45:36.604+0800][gc,heap       ] GC(58) Eden regions: 139->0(501)
[2020-11-04T18:45:36.604+0800][gc,heap       ] GC(58) Survivor regions: 4->3(18)
[2020-11-04T18:45:36.604+0800][gc,heap       ] GC(58) Old regions: 10->10
[2020-11-04T18:45:36.604+0800][gc,heap       ] GC(58) Humongous regions: 130->130
[2020-11-04T18:45:36.604+0800][gc,metaspace  ] GC(58) Metaspace: 36283K->36283K(1083392K)
[2020-11-04T18:45:36.604+0800][gc            ] GC(58) Pause Young (Normal) (G1 Evacuation Pause) 282M->142M(1024M) 4.274ms
[2020-11-04T18:45:36.604+0800][gc,cpu        ] GC(58) User=0.02s Sys=0.00s Real=0.00s
[2020-11-04T19:31:55.717+0800][gc,start      ] GC(59) Pause Young (Normal) (G1 Evacuation Pause)
[2020-11-04T19:31:55.718+0800][gc,task       ] GC(59) Using 10 workers of 10 for evacuation
[2020-11-04T19:31:55.729+0800][gc,phases     ] GC(59)   Pre Evacuate Collection Set: 0.8ms
[2020-11-04T19:31:55.729+0800][gc,phases     ] GC(59)   Evacuate Collection Set: 7.8ms
[2020-11-04T19:31:55.729+0800][gc,phases     ] GC(59)   Post Evacuate Collection Set: 2.0ms
[2020-11-04T19:31:55.729+0800][gc,phases     ] GC(59)   Other: 1.3ms
[2020-11-04T19:31:55.729+0800][gc,heap       ] GC(59) Eden regions: 501->0(561)
[2020-11-04T19:31:55.729+0800][gc,heap       ] GC(59) Survivor regions: 3->3(63)
[2020-11-04T19:31:55.729+0800][gc,heap       ] GC(59) Old regions: 10->10
[2020-11-04T19:31:55.729+0800][gc,heap       ] GC(59) Humongous regions: 130->130
[2020-11-04T19:31:55.729+0800][gc,metaspace  ] GC(59) Metaspace: 36314K->36314K(1083392K)
[2020-11-04T19:31:55.729+0800][gc            ] GC(59) Pause Young (Normal) (G1 Evacuation Pause) 643M->142M(1024M) 11.946ms
[2020-11-04T19:31:55.729+0800][gc,cpu        ] GC(59) User=0.02s Sys=0.03s Real=0.01s
[2020-11-04T19:59:18.916+0800][gc,start      ] GC(60) Pause Young (Normal) (G1 Evacuation Pause)
[2020-11-04T19:59:18.916+0800][gc,task       ] GC(60) Using 10 workers of 10 for evacuation
[2020-11-04T19:59:18.929+0800][gc,phases     ] GC(60)   Pre Evacuate Collection Set: 1.4ms
[2020-11-04T19:59:18.929+0800][gc,phases     ] GC(60)   Evacuate Collection Set: 10.2ms
[2020-11-04T19:59:18.929+0800][gc,phases     ] GC(60)   Post Evacuate Collection Set: 0.6ms
[2020-11-04T19:59:18.929+0800][gc,phases     ] GC(60)   Other: 0.8ms
[2020-11-04T19:59:18.929+0800][gc,heap       ] GC(60) Eden regions: 561->0(597)
[2020-11-04T19:59:18.929+0800][gc,heap       ] GC(60) Survivor regions: 3->3(71)
[2020-11-04T19:59:18.929+0800][gc,heap       ] GC(60) Old regions: 10->10
[2020-11-04T19:59:18.929+0800][gc,heap       ] GC(60) Humongous regions: 130->130
[2020-11-04T19:59:18.929+0800][gc,metaspace  ] GC(60) Metaspace: 36339K->36339K(1083392K)
[2020-11-04T19:59:18.929+0800][gc            ] GC(60) Pause Young (Normal) (G1 Evacuation Pause) 703M->142M(1024M) 13.248ms
[2020-11-04T19:59:18.929+0800][gc,cpu        ] GC(60) User=0.02s Sys=0.03s Real=0.01s
[2020-11-04T20:26:05.793+0800][gc,start      ] GC(61) Pause Young (Normal) (G1 Evacuation Pause)
[2020-11-04T20:26:05.794+0800][gc,task       ] GC(61) Using 10 workers of 10 for evacuation
[2020-11-04T20:26:05.831+0800][gc,mmu        ] GC(61) MMU target violated: 21.0ms (20.0ms/21.0ms)
[2020-11-04T20:26:05.831+0800][gc,phases     ] GC(61)   Pre Evacuate Collection Set: 0.1ms
[2020-11-04T20:26:05.831+0800][gc,phases     ] GC(61)   Evacuate Collection Set: 34.5ms
[2020-11-04T20:26:05.831+0800][gc,phases     ] GC(61)   Post Evacuate Collection Set: 1.6ms
[2020-11-04T20:26:05.831+0800][gc,phases     ] GC(61)   Other: 1.2ms
[2020-11-04T20:26:05.831+0800][gc,heap       ] GC(61) Eden regions: 597->0(109)
[2020-11-04T20:26:05.831+0800][gc,heap       ] GC(61) Survivor regions: 3->4(75)
[2020-11-04T20:26:05.831+0800][gc,heap       ] GC(61) Old regions: 10->10
[2020-11-04T20:26:05.831+0800][gc,heap       ] GC(61) Humongous regions: 130->130
[2020-11-04T20:26:05.831+0800][gc,metaspace  ] GC(61) Metaspace: 36339K->36339K(1083392K)
[2020-11-04T20:26:05.831+0800][gc            ] GC(61) Pause Young (Normal) (G1 Evacuation Pause) 739M->143M(1024M) 38.004ms
[2020-11-04T20:26:05.832+0800][gc,cpu        ] GC(61) User=0.07s Sys=0.15s Real=0.04s
[2020-11-04T21:16:19.577+0800][gc,start      ] GC(62) Pause Young (Normal) (G1 Evacuation Pause)
[2020-11-04T21:16:19.578+0800][gc,task       ] GC(62) Using 10 workers of 10 for evacuation
[2020-11-04T21:16:19.581+0800][gc,phases     ] GC(62)   Pre Evacuate Collection Set: 0.0ms
[2020-11-04T21:16:19.581+0800][gc,phases     ] GC(62)   Evacuate Collection Set: 2.2ms
[2020-11-04T21:16:19.581+0800][gc,phases     ] GC(62)   Post Evacuate Collection Set: 1.1ms
[2020-11-04T21:16:19.581+0800][gc,phases     ] GC(62)   Other: 1.4ms
[2020-11-04T21:16:19.581+0800][gc,heap       ] GC(62) Eden regions: 109->0(352)
[2020-11-04T21:16:19.581+0800][gc,heap       ] GC(62) Survivor regions: 4->4(15)
[2020-11-04T21:16:19.581+0800][gc,heap       ] GC(62) Old regions: 10->10
[2020-11-04T21:16:19.581+0800][gc,heap       ] GC(62) Humongous regions: 130->130
[2020-11-04T21:16:19.581+0800][gc,metaspace  ] GC(62) Metaspace: 36353K->36353K(1083392K)
[2020-11-04T21:16:19.581+0800][gc            ] GC(62) Pause Young (Normal) (G1 Evacuation Pause) 252M->143M(1024M) 4.270ms
[2020-11-04T21:16:19.581+0800][gc,cpu        ] GC(62) User=0.02s Sys=0.01s Real=0.01s
[2020-11-04T22:34:06.337+0800][gc,start      ] GC(63) Pause Young (Normal) (G1 Evacuation Pause)
[2020-11-04T22:34:06.337+0800][gc,task       ] GC(63) Using 10 workers of 10 for evacuation
[2020-11-04T22:34:06.343+0800][gc,phases     ] GC(63)   Pre Evacuate Collection Set: 0.0ms
[2020-11-04T22:34:06.343+0800][gc,phases     ] GC(63)   Evacuate Collection Set: 4.0ms
[2020-11-04T22:34:06.343+0800][gc,phases     ] GC(63)   Post Evacuate Collection Set: 0.7ms
[2020-11-04T22:34:06.343+0800][gc,phases     ] GC(63)   Other: 1.3ms
[2020-11-04T22:34:06.343+0800][gc,heap       ] GC(63) Eden regions: 352->0(611)
[2020-11-04T22:34:06.343+0800][gc,heap       ] GC(63) Survivor regions: 4->3(45)
[2020-11-04T22:34:06.343+0800][gc,heap       ] GC(63) Old regions: 10->10
[2020-11-04T22:34:06.343+0800][gc,heap       ] GC(63) Humongous regions: 130->130
[2020-11-04T22:34:06.343+0800][gc,metaspace  ] GC(63) Metaspace: 36392K->36392K(1083392K)
[2020-11-04T22:34:06.343+0800][gc            ] GC(63) Pause Young (Normal) (G1 Evacuation Pause) 495M->142M(1024M) 6.445ms
[2020-11-04T22:34:06.343+0800][gc,cpu        ] GC(63) User=0.04s Sys=0.00s Real=0.01s
[2020-11-05T00:04:25.508+0800][gc,start      ] GC(64) Pause Young (Normal) (G1 Evacuation Pause)
[2020-11-05T00:04:25.509+0800][gc,task       ] GC(64) Using 10 workers of 10 for evacuation
[2020-11-05T00:04:25.520+0800][gc,phases     ] GC(64)   Pre Evacuate Collection Set: 0.0ms
[2020-11-05T00:04:25.520+0800][gc,phases     ] GC(64)   Evacuate Collection Set: 10.9ms
[2020-11-05T00:04:25.520+0800][gc,phases     ] GC(64)   Post Evacuate Collection Set: 0.3ms
[2020-11-05T00:04:25.520+0800][gc,phases     ] GC(64)   Other: 1.3ms
[2020-11-05T00:04:25.520+0800][gc,heap       ] GC(64) Eden regions: 611->0(611)
[2020-11-05T00:04:25.520+0800][gc,heap       ] GC(64) Survivor regions: 3->3(77)
[2020-11-05T00:04:25.520+0800][gc,heap       ] GC(64) Old regions: 10->10
[2020-11-05T00:04:25.520+0800][gc,heap       ] GC(64) Humongous regions: 130->130
[2020-11-05T00:04:25.520+0800][gc,metaspace  ] GC(64) Metaspace: 36434K->36434K(1083392K)
[2020-11-05T00:04:25.520+0800][gc            ] GC(64) Pause Young (Normal) (G1 Evacuation Pause) 753M->142M(1024M) 12.660ms
[2020-11-05T00:04:25.520+0800][gc,cpu        ] GC(64) User=0.02s Sys=0.03s Real=0.02s
[2020-11-05T07:02:40.329+0800][gc,start      ] GC(65) Pause Young (Normal) (G1 Evacuation Pause)
[2020-11-05T07:02:40.330+0800][gc,task       ] GC(65) Using 10 workers of 10 for evacuation
[2020-11-05T07:02:40.346+0800][gc,phases     ] GC(65)   Pre Evacuate Collection Set: 0.1ms
[2020-11-05T07:02:40.346+0800][gc,phases     ] GC(65)   Evacuate Collection Set: 14.0ms
[2020-11-05T07:02:40.346+0800][gc,phases     ] GC(65)   Post Evacuate Collection Set: 1.3ms
[2020-11-05T07:02:40.346+0800][gc,phases     ] GC(65)   Other: 1.0ms
[2020-11-05T07:02:40.346+0800][gc,heap       ] GC(65) Eden regions: 611->0(610)
[2020-11-05T07:02:40.346+0800][gc,heap       ] GC(65) Survivor regions: 3->4(77)
[2020-11-05T07:02:40.346+0800][gc,heap       ] GC(65) Old regions: 10->10
[2020-11-05T07:02:40.346+0800][gc,heap       ] GC(65) Humongous regions: 130->130
[2020-11-05T07:02:40.346+0800][gc,metaspace  ] GC(65) Metaspace: 36475K->36475K(1083392K)
[2020-11-05T07:02:40.346+0800][gc            ] GC(65) Pause Young (Normal) (G1 Evacuation Pause) 753M->143M(1024M) 16.513ms
[2020-11-05T07:02:40.346+0800][gc,cpu        ] GC(65) User=0.02s Sys=0.03s Real=0.02s
[2020-11-05T07:35:46.757+0800][gc,start      ] GC(66) Pause Young (Normal) (G1 Evacuation Pause)
[2020-11-05T07:35:46.758+0800][gc,task       ] GC(66) Using 10 workers of 10 for evacuation
[2020-11-05T07:35:46.768+0800][gc,phases     ] GC(66)   Pre Evacuate Collection Set: 0.1ms
[2020-11-05T07:35:46.768+0800][gc,phases     ] GC(66)   Evacuate Collection Set: 7.4ms
[2020-11-05T07:35:46.768+0800][gc,phases     ] GC(66)   Post Evacuate Collection Set: 0.5ms
[2020-11-05T07:35:46.768+0800][gc,phases     ] GC(66)   Other: 3.4ms
[2020-11-05T07:35:46.768+0800][gc,heap       ] GC(66) Eden regions: 610->0(611)
[2020-11-05T07:35:46.768+0800][gc,heap       ] GC(66) Survivor regions: 4->3(77)
[2020-11-05T07:35:46.768+0800][gc,heap       ] GC(66) Old regions: 10->10
[2020-11-05T07:35:46.768+0800][gc,heap       ] GC(66) Humongous regions: 130->130
[2020-11-05T07:35:46.768+0800][gc,metaspace  ] GC(66) Metaspace: 36512K->36512K(1083392K)
[2020-11-05T07:35:46.768+0800][gc            ] GC(66) Pause Young (Normal) (G1 Evacuation Pause) 753M->142M(1024M) 11.559ms
[2020-11-05T07:35:46.768+0800][gc,cpu        ] GC(66) User=0.02s Sys=0.03s Real=0.01s
[2020-11-05T08:11:23.603+0800][gc,start      ] GC(67) Pause Young (Normal) (G1 Evacuation Pause)
[2020-11-05T08:11:23.603+0800][gc,task       ] GC(67) Using 10 workers of 10 for evacuation
[2020-11-05T08:11:23.612+0800][gc,phases     ] GC(67)   Pre Evacuate Collection Set: 0.0ms
[2020-11-05T08:11:23.613+0800][gc,phases     ] GC(67)   Evacuate Collection Set: 8.0ms
[2020-11-05T08:11:23.613+0800][gc,phases     ] GC(67)   Post Evacuate Collection Set: 0.4ms
[2020-11-05T08:11:23.613+0800][gc,phases     ] GC(67)   Other: 1.1ms
[2020-11-05T08:11:23.613+0800][gc,heap       ] GC(67) Eden regions: 611->0(611)
[2020-11-05T08:11:23.613+0800][gc,heap       ] GC(67) Survivor regions: 3->3(77)
[2020-11-05T08:11:23.613+0800][gc,heap       ] GC(67) Old regions: 10->10
[2020-11-05T08:11:23.613+0800][gc,heap       ] GC(67) Humongous regions: 130->130
[2020-11-05T08:11:23.613+0800][gc,metaspace  ] GC(67) Metaspace: 36543K->36543K(1083392K)
[2020-11-05T08:11:23.613+0800][gc            ] GC(67) Pause Young (Normal) (G1 Evacuation Pause) 753M->142M(1024M) 9.555ms
[2020-11-05T08:11:23.613+0800][gc,cpu        ] GC(67) User=0.01s Sys=0.02s Real=0.01s
[2020-11-05T08:34:37.640+0800][gc,start      ] GC(68) Pause Young (Normal) (G1 Evacuation Pause)
[2020-11-05T08:34:37.640+0800][gc,task       ] GC(68) Using 10 workers of 10 for evacuation
[2020-11-05T08:34:37.649+0800][gc,phases     ] GC(68)   Pre Evacuate Collection Set: 0.0ms
[2020-11-05T08:34:37.649+0800][gc,phases     ] GC(68)   Evacuate Collection Set: 8.5ms
[2020-11-05T08:34:37.649+0800][gc,phases     ] GC(68)   Post Evacuate Collection Set: 0.4ms
[2020-11-05T08:34:37.649+0800][gc,phases     ] GC(68)   Other: 0.4ms
[2020-11-05T08:34:37.649+0800][gc,heap       ] GC(68) Eden regions: 611->0(610)
[2020-11-05T08:34:37.649+0800][gc,heap       ] GC(68) Survivor regions: 3->4(77)
[2020-11-05T08:34:37.649+0800][gc,heap       ] GC(68) Old regions: 10->10
[2020-11-05T08:34:37.649+0800][gc,heap       ] GC(68) Humongous regions: 130->130
[2020-11-05T08:34:37.649+0800][gc,metaspace  ] GC(68) Metaspace: 36574K->36574K(1083392K)
[2020-11-05T08:34:37.649+0800][gc            ] GC(68) Pause Young (Normal) (G1 Evacuation Pause) 753M->143M(1024M) 9.451ms
[2020-11-05T08:34:37.649+0800][gc,cpu        ] GC(68) User=0.03s Sys=0.02s Real=0.00s
[2020-11-05T08:59:23.282+0800][gc,start      ] GC(69) Pause Young (Normal) (G1 Evacuation Pause)
[2020-11-05T08:59:23.283+0800][gc,task       ] GC(69) Using 10 workers of 10 for evacuation
[2020-11-05T08:59:23.295+0800][gc,phases     ] GC(69)   Pre Evacuate Collection Set: 0.9ms
[2020-11-05T08:59:23.295+0800][gc,phases     ] GC(69)   Evacuate Collection Set: 9.1ms
[2020-11-05T08:59:23.295+0800][gc,phases     ] GC(69)   Post Evacuate Collection Set: 0.9ms
[2020-11-05T08:59:23.295+0800][gc,phases     ] GC(69)   Other: 1.5ms
[2020-11-05T08:59:23.295+0800][gc,heap       ] GC(69) Eden regions: 610->0(610)
[2020-11-05T08:59:23.295+0800][gc,heap       ] GC(69) Survivor regions: 4->4(77)
[2020-11-05T08:59:23.295+0800][gc,heap       ] GC(69) Old regions: 10->10
[2020-11-05T08:59:23.295+0800][gc,heap       ] GC(69) Humongous regions: 130->130
[2020-11-05T08:59:23.295+0800][gc,metaspace  ] GC(69) Metaspace: 36597K->36597K(1083392K)
[2020-11-05T08:59:23.295+0800][gc            ] GC(69) Pause Young (Normal) (G1 Evacuation Pause) 753M->143M(1024M) 12.542ms
[2020-11-05T08:59:23.295+0800][gc,cpu        ] GC(69) User=0.03s Sys=0.03s Real=0.01s
[2020-11-05T09:25:53.538+0800][gc,start      ] GC(70) Pause Young (Normal) (G1 Evacuation Pause)
[2020-11-05T09:25:53.538+0800][gc,task       ] GC(70) Using 10 workers of 10 for evacuation
[2020-11-05T09:25:53.547+0800][gc,phases     ] GC(70)   Pre Evacuate Collection Set: 0.0ms
[2020-11-05T09:25:53.547+0800][gc,phases     ] GC(70)   Evacuate Collection Set: 8.1ms
[2020-11-05T09:25:53.547+0800][gc,phases     ] GC(70)   Post Evacuate Collection Set: 0.4ms
[2020-11-05T09:25:53.547+0800][gc,phases     ] GC(70)   Other: 2.1ms
[2020-11-05T09:25:53.547+0800][gc,heap       ] GC(70) Eden regions: 610->0(610)
[2020-11-05T09:25:53.547+0800][gc,heap       ] GC(70) Survivor regions: 4->4(77)
[2020-11-05T09:25:53.547+0800][gc,heap       ] GC(70) Old regions: 10->10
[2020-11-05T09:25:53.547+0800][gc,heap       ] GC(70) Humongous regions: 130->130
[2020-11-05T09:25:53.547+0800][gc,metaspace  ] GC(70) Metaspace: 36598K->36598K(1083392K)
[2020-11-05T09:25:53.547+0800][gc            ] GC(70) Pause Young (Normal) (G1 Evacuation Pause) 753M->143M(1024M) 9.475ms
[2020-11-05T09:25:53.547+0800][gc,cpu        ] GC(70) User=0.03s Sys=0.02s Real=0.01s
[2020-11-05T09:47:47.963+0800][gc,start      ] GC(71) Pause Young (Normal) (G1 Evacuation Pause)
[2020-11-05T09:47:47.965+0800][gc,task       ] GC(71) Using 10 workers of 10 for evacuation
[2020-11-05T09:47:47.979+0800][gc,phases     ] GC(71)   Pre Evacuate Collection Set: 0.7ms
[2020-11-05T09:47:47.979+0800][gc,phases     ] GC(71)   Evacuate Collection Set: 11.3ms
[2020-11-05T09:47:47.979+0800][gc,phases     ] GC(71)   Post Evacuate Collection Set: 1.0ms
[2020-11-05T09:47:47.979+0800][gc,phases     ] GC(71)   Other: 2.4ms
[2020-11-05T09:47:47.979+0800][gc,heap       ] GC(71) Eden regions: 610->0(610)
[2020-11-05T09:47:47.979+0800][gc,heap       ] GC(71) Survivor regions: 4->4(77)
[2020-11-05T09:47:47.979+0800][gc,heap       ] GC(71) Old regions: 10->10
[2020-11-05T09:47:47.979+0800][gc,heap       ] GC(71) Humongous regions: 130->130
[2020-11-05T09:47:47.979+0800][gc,metaspace  ] GC(71) Metaspace: 36604K->36604K(1083392K)
[2020-11-05T09:47:47.979+0800][gc            ] GC(71) Pause Young (Normal) (G1 Evacuation Pause) 753M->143M(1024M) 15.556ms
[2020-11-05T09:47:47.979+0800][gc,cpu        ] GC(71) User=0.03s Sys=0.04s Real=0.01s
[2020-11-05T10:11:14.314+0800][gc,start      ] GC(72) Pause Young (Normal) (G1 Evacuation Pause)
[2020-11-05T10:11:14.315+0800][gc,task       ] GC(72) Using 10 workers of 10 for evacuation
[2020-11-05T10:11:14.332+0800][gc,phases     ] GC(72)   Pre Evacuate Collection Set: 0.7ms
[2020-11-05T10:11:14.332+0800][gc,phases     ] GC(72)   Evacuate Collection Set: 13.3ms
[2020-11-05T10:11:14.332+0800][gc,phases     ] GC(72)   Post Evacuate Collection Set: 2.0ms
[2020-11-05T10:11:14.332+0800][gc,phases     ] GC(72)   Other: 2.7ms
[2020-11-05T10:11:14.332+0800][gc,heap       ] GC(72) Eden regions: 610->0(610)
[2020-11-05T10:11:14.332+0800][gc,heap       ] GC(72) Survivor regions: 4->4(77)
[2020-11-05T10:11:14.332+0800][gc,heap       ] GC(72) Old regions: 10->11
[2020-11-05T10:11:14.332+0800][gc,heap       ] GC(72) Humongous regions: 130->130
[2020-11-05T10:11:14.332+0800][gc,metaspace  ] GC(72) Metaspace: 36671K->36671K(1083392K)
[2020-11-05T10:11:14.333+0800][gc            ] GC(72) Pause Young (Normal) (G1 Evacuation Pause) 753M->143M(1024M) 18.828ms
[2020-11-05T10:11:14.333+0800][gc,cpu        ] GC(72) User=0.03s Sys=0.07s Real=0.02s
[2020-11-05T10:37:48.443+0800][gc,start      ] GC(73) Pause Young (Normal) (G1 Evacuation Pause)
[2020-11-05T10:37:48.444+0800][gc,task       ] GC(73) Using 10 workers of 10 for evacuation
[2020-11-05T10:37:48.451+0800][gc,phases     ] GC(73)   Pre Evacuate Collection Set: 0.0ms
[2020-11-05T10:37:48.451+0800][gc,phases     ] GC(73)   Evacuate Collection Set: 6.3ms
[2020-11-05T10:37:48.451+0800][gc,phases     ] GC(73)   Post Evacuate Collection Set: 0.4ms
[2020-11-05T10:37:48.451+0800][gc,phases     ] GC(73)   Other: 1.2ms
[2020-11-05T10:37:48.451+0800][gc,heap       ] GC(73) Eden regions: 610->0(611)
[2020-11-05T10:37:48.451+0800][gc,heap       ] GC(73) Survivor regions: 4->3(77)
[2020-11-05T10:37:48.451+0800][gc,heap       ] GC(73) Old regions: 11->11
[2020-11-05T10:37:48.451+0800][gc,heap       ] GC(73) Humongous regions: 130->130
[2020-11-05T10:37:48.451+0800][gc,metaspace  ] GC(73) Metaspace: 36687K->36687K(1083392K)
[2020-11-05T10:37:48.451+0800][gc            ] GC(73) Pause Young (Normal) (G1 Evacuation Pause) 753M->142M(1024M) 8.027ms
[2020-11-05T10:37:48.451+0800][gc,cpu        ] GC(73) User=0.02s Sys=0.02s Real=0.01s
[2020-11-05T11:01:40.867+0800][gc,start      ] GC(74) Pause Young (Normal) (G1 Evacuation Pause)
[2020-11-05T11:01:40.867+0800][gc,task       ] GC(74) Using 10 workers of 10 for evacuation
[2020-11-05T11:01:40.884+0800][gc,phases     ] GC(74)   Pre Evacuate Collection Set: 1.4ms
[2020-11-05T11:01:40.884+0800][gc,phases     ] GC(74)   Evacuate Collection Set: 14.2ms
[2020-11-05T11:01:40.884+0800][gc,phases     ] GC(74)   Post Evacuate Collection Set: 1.1ms
[2020-11-05T11:01:40.884+0800][gc,phases     ] GC(74)   Other: 2.0ms
[2020-11-05T11:01:40.884+0800][gc,heap       ] GC(74) Eden regions: 611->0(610)
[2020-11-05T11:01:40.885+0800][gc,heap       ] GC(74) Survivor regions: 3->4(77)
[2020-11-05T11:01:40.885+0800][gc,heap       ] GC(74) Old regions: 11->11
[2020-11-05T11:01:40.885+0800][gc,heap       ] GC(74) Humongous regions: 130->130
[2020-11-05T11:01:40.885+0800][gc,metaspace  ] GC(74) Metaspace: 36760K->36760K(1083392K)
[2020-11-05T11:01:40.885+0800][gc            ] GC(74) Pause Young (Normal) (G1 Evacuation Pause) 753M->143M(1024M) 17.645ms
[2020-11-05T11:01:40.885+0800][gc,cpu        ] GC(74) User=0.02s Sys=0.05s Real=0.02s
[2020-11-05T11:44:21.677+0800][gc,start      ] GC(75) Pause Young (Normal) (G1 Evacuation Pause)
[2020-11-05T11:44:21.677+0800][gc,task       ] GC(75) Using 10 workers of 10 for evacuation
[2020-11-05T11:44:21.694+0800][gc,phases     ] GC(75)   Pre Evacuate Collection Set: 0.1ms
[2020-11-05T11:44:21.694+0800][gc,phases     ] GC(75)   Evacuate Collection Set: 14.0ms
[2020-11-05T11:44:21.694+0800][gc,phases     ] GC(75)   Post Evacuate Collection Set: 1.1ms
[2020-11-05T11:44:21.694+0800][gc,phases     ] GC(75)   Other: 1.7ms
[2020-11-05T11:44:21.694+0800][gc,heap       ] GC(75) Eden regions: 610->0(611)
[2020-11-05T11:44:21.694+0800][gc,heap       ] GC(75) Survivor regions: 4->3(77)
[2020-11-05T11:44:21.694+0800][gc,heap       ] GC(75) Old regions: 11->11
[2020-11-05T11:44:21.694+0800][gc,heap       ] GC(75) Humongous regions: 130->130
[2020-11-05T11:44:21.694+0800][gc,metaspace  ] GC(75) Metaspace: 36791K->36791K(1083392K)
[2020-11-05T11:44:21.694+0800][gc            ] GC(75) Pause Young (Normal) (G1 Evacuation Pause) 753M->143M(1024M) 17.242ms
[2020-11-05T11:44:21.694+0800][gc,cpu        ] GC(75) User=0.07s Sys=0.05s Real=0.02s
[2020-11-05T12:20:40.286+0800][gc,heap,exit  ] Heap
[2020-11-05T12:20:40.286+0800][gc,heap,exit  ]  garbage-first heap   total 1048576K, used 597009K [0x00000007c0000000, 0x0000000800000000)
[2020-11-05T12:20:40.286+0800][gc,heap,exit  ]   region size 1024K, 445 young (455680K), 3 survivors (3072K)
[2020-11-05T12:20:40.286+0800][gc,heap,exit  ]  Metaspace       used 37454K, capacity 37802K, committed 38960K, reserved 1083392K
[2020-11-05T12:20:40.286+0800][gc,heap,exit  ]   class space    used 4519K, capacity 4621K, committed 4736K, reserved 1048576K
