[2020-11-05T12:20:34.197+0800][gc,heap] Heap region size: 1M
[2020-11-05T12:20:34.201+0800][gc     ] Using G1
[2020-11-05T12:20:34.202+0800][gc,heap,coops] Heap address: 0x00000007e0000000, size: 512 MB, Compressed Oops mode: Zero based, Oop shift amount: 3
[2020-11-05T12:20:34.839+0800][gc,start     ] GC(0) Pause Young (Normal) (G1 Evacuation Pause)
[2020-11-05T12:20:34.840+0800][gc,task      ] GC(0) Using 10 workers of 10 for evacuation
[2020-11-05T12:20:34.843+0800][gc,phases    ] GC(0)   Pre Evacuate Collection Set: 0.0ms
[2020-11-05T12:20:34.843+0800][gc,phases    ] GC(0)   Evacuate Collection Set: 3.0ms
[2020-11-05T12:20:34.843+0800][gc,phases    ] GC(0)   Post Evacuate Collection Set: 0.3ms
[2020-11-05T12:20:34.843+0800][gc,phases    ] GC(0)   Other: 0.7ms
[2020-11-05T12:20:34.843+0800][gc,heap      ] GC(0) Eden regions: 25->0(21)
[2020-11-05T12:20:34.843+0800][gc,heap      ] GC(0) Survivor regions: 0->4(4)
[2020-11-05T12:20:34.843+0800][gc,heap      ] GC(0) Old regions: 0->2
[2020-11-05T12:20:34.843+0800][gc,heap      ] GC(0) Humongous regions: 1->1
[2020-11-05T12:20:34.843+0800][gc,metaspace ] GC(0) Metaspace: 14334K->14334K(1062912K)
[2020-11-05T12:20:34.843+0800][gc           ] GC(0) Pause Young (Normal) (G1 Evacuation Pause) 26M->6M(512M) 4.107ms
[2020-11-05T12:20:34.843+0800][gc,cpu       ] GC(0) User=0.02s Sys=0.01s Real=0.01s
[2020-11-05T12:20:34.871+0800][gc,start     ] GC(1) Pause Young (Normal) (G1 Evacuation Pause)
[2020-11-05T12:20:34.871+0800][gc,task      ] GC(1) Using 10 workers of 10 for evacuation
[2020-11-05T12:20:34.873+0800][gc,phases    ] GC(1)   Pre Evacuate Collection Set: 0.0ms
[2020-11-05T12:20:34.873+0800][gc,phases    ] GC(1)   Evacuate Collection Set: 2.0ms
[2020-11-05T12:20:34.873+0800][gc,phases    ] GC(1)   Post Evacuate Collection Set: 0.2ms
[2020-11-05T12:20:34.873+0800][gc,phases    ] GC(1)   Other: 0.1ms
[2020-11-05T12:20:34.873+0800][gc,heap      ] GC(1) Eden regions: 21->0(24)
[2020-11-05T12:20:34.873+0800][gc,heap      ] GC(1) Survivor regions: 4->1(4)
[2020-11-05T12:20:34.873+0800][gc,heap      ] GC(1) Old regions: 2->6
[2020-11-05T12:20:34.873+0800][gc,heap      ] GC(1) Humongous regions: 1->1
[2020-11-05T12:20:34.873+0800][gc,metaspace ] GC(1) Metaspace: 14336K->14336K(1062912K)
[2020-11-05T12:20:34.873+0800][gc           ] GC(1) Pause Young (Normal) (G1 Evacuation Pause) 27M->6M(512M) 2.425ms
[2020-11-05T12:20:34.873+0800][gc,cpu       ] GC(1) User=0.02s Sys=0.00s Real=0.00s
[2020-11-05T12:20:34.899+0800][gc,start     ] GC(2) Pause Young (Normal) (G1 Evacuation Pause)
[2020-11-05T12:20:34.899+0800][gc,task      ] GC(2) Using 10 workers of 10 for evacuation
[2020-11-05T12:20:34.900+0800][gc,phases    ] GC(2)   Pre Evacuate Collection Set: 0.0ms
[2020-11-05T12:20:34.900+0800][gc,phases    ] GC(2)   Evacuate Collection Set: 0.2ms
[2020-11-05T12:20:34.900+0800][gc,phases    ] GC(2)   Post Evacuate Collection Set: 0.1ms
[2020-11-05T12:20:34.900+0800][gc,phases    ] GC(2)   Other: 0.1ms
[2020-11-05T12:20:34.900+0800][gc,heap      ] GC(2) Eden regions: 24->0(24)
[2020-11-05T12:20:34.900+0800][gc,heap      ] GC(2) Survivor regions: 1->1(4)
[2020-11-05T12:20:34.900+0800][gc,heap      ] GC(2) Old regions: 6->6
[2020-11-05T12:20:34.900+0800][gc,heap      ] GC(2) Humongous regions: 1->1
[2020-11-05T12:20:34.900+0800][gc,metaspace ] GC(2) Metaspace: 14356K->14356K(1062912K)
[2020-11-05T12:20:34.900+0800][gc           ] GC(2) Pause Young (Normal) (G1 Evacuation Pause) 30M->6M(512M) 0.520ms
[2020-11-05T12:20:34.900+0800][gc,cpu       ] GC(2) User=0.01s Sys=0.00s Real=0.01s
[2020-11-05T12:20:34.928+0800][gc,start     ] GC(3) Pause Young (Normal) (G1 Evacuation Pause)
[2020-11-05T12:20:34.928+0800][gc,task      ] GC(3) Using 10 workers of 10 for evacuation
[2020-11-05T12:20:34.929+0800][gc,phases    ] GC(3)   Pre Evacuate Collection Set: 0.0ms
[2020-11-05T12:20:34.929+0800][gc,phases    ] GC(3)   Evacuate Collection Set: 0.2ms
[2020-11-05T12:20:34.929+0800][gc,phases    ] GC(3)   Post Evacuate Collection Set: 0.1ms
[2020-11-05T12:20:34.929+0800][gc,phases    ] GC(3)   Other: 0.1ms
[2020-11-05T12:20:34.929+0800][gc,heap      ] GC(3) Eden regions: 24->0(24)
[2020-11-05T12:20:34.929+0800][gc,heap      ] GC(3) Survivor regions: 1->1(4)
[2020-11-05T12:20:34.929+0800][gc,heap      ] GC(3) Old regions: 6->6
[2020-11-05T12:20:34.929+0800][gc,heap      ] GC(3) Humongous regions: 1->1
[2020-11-05T12:20:34.929+0800][gc,metaspace ] GC(3) Metaspace: 14361K->14361K(1062912K)
[2020-11-05T12:20:34.929+0800][gc           ] GC(3) Pause Young (Normal) (G1 Evacuation Pause) 30M->6M(512M) 0.523ms
[2020-11-05T12:20:34.929+0800][gc,cpu       ] GC(3) User=0.00s Sys=0.00s Real=0.00s
[2020-11-05T12:20:34.952+0800][gc,start     ] GC(4) Pause Young (Normal) (G1 Evacuation Pause)
[2020-11-05T12:20:34.952+0800][gc,task      ] GC(4) Using 10 workers of 10 for evacuation
[2020-11-05T12:20:34.952+0800][gc,phases    ] GC(4)   Pre Evacuate Collection Set: 0.0ms
[2020-11-05T12:20:34.952+0800][gc,phases    ] GC(4)   Evacuate Collection Set: 0.2ms
[2020-11-05T12:20:34.952+0800][gc,phases    ] GC(4)   Post Evacuate Collection Set: 0.1ms
[2020-11-05T12:20:34.952+0800][gc,phases    ] GC(4)   Other: 0.1ms
[2020-11-05T12:20:34.952+0800][gc,heap      ] GC(4) Eden regions: 24->0(27)
[2020-11-05T12:20:34.952+0800][gc,heap      ] GC(4) Survivor regions: 1->1(4)
[2020-11-05T12:20:34.952+0800][gc,heap      ] GC(4) Old regions: 6->6
[2020-11-05T12:20:34.952+0800][gc,heap      ] GC(4) Humongous regions: 1->1
[2020-11-05T12:20:34.952+0800][gc,metaspace ] GC(4) Metaspace: 14362K->14362K(1062912K)
[2020-11-05T12:20:34.952+0800][gc           ] GC(4) Pause Young (Normal) (G1 Evacuation Pause) 30M->6M(512M) 0.484ms
[2020-11-05T12:20:34.952+0800][gc,cpu       ] GC(4) User=0.00s Sys=0.00s Real=0.00s
[2020-11-05T12:39:04.581+0800][gc,start     ] GC(5) Pause Young (Normal) (G1 Evacuation Pause)
[2020-11-05T12:39:04.582+0800][gc,task      ] GC(5) Using 10 workers of 10 for evacuation
[2020-11-05T12:39:04.583+0800][gc,phases    ] GC(5)   Pre Evacuate Collection Set: 0.1ms
[2020-11-05T12:39:04.583+0800][gc,phases    ] GC(5)   Evacuate Collection Set: 1.1ms
[2020-11-05T12:39:04.583+0800][gc,phases    ] GC(5)   Post Evacuate Collection Set: 0.1ms
[2020-11-05T12:39:04.583+0800][gc,phases    ] GC(5)   Other: 1.0ms
[2020-11-05T12:39:04.583+0800][gc,heap      ] GC(5) Eden regions: 27->0(78)
[2020-11-05T12:39:04.583+0800][gc,heap      ] GC(5) Survivor regions: 1->1(4)
[2020-11-05T12:39:04.583+0800][gc,heap      ] GC(5) Old regions: 6->6
[2020-11-05T12:39:04.584+0800][gc,heap      ] GC(5) Humongous regions: 1->1
[2020-11-05T12:39:04.584+0800][gc,metaspace ] GC(5) Metaspace: 15183K->15183K(1062912K)
[2020-11-05T12:39:04.584+0800][gc           ] GC(5) Pause Young (Normal) (G1 Evacuation Pause) 33M->7M(512M) 2.432ms
[2020-11-05T12:39:04.584+0800][gc,cpu       ] GC(5) User=0.01s Sys=0.01s Real=0.00s
[2020-11-05T14:32:42.762+0800][gc,start     ] GC(6) Pause Young (Normal) (G1 Evacuation Pause)
[2020-11-05T14:32:42.763+0800][gc,task      ] GC(6) Using 10 workers of 10 for evacuation
[2020-11-05T14:32:42.767+0800][gc,phases    ] GC(6)   Pre Evacuate Collection Set: 0.9ms
[2020-11-05T14:32:42.767+0800][gc,phases    ] GC(6)   Evacuate Collection Set: 2.8ms
[2020-11-05T14:32:42.768+0800][gc,phases    ] GC(6)   Post Evacuate Collection Set: 0.4ms
[2020-11-05T14:32:42.768+0800][gc,phases    ] GC(6)   Other: 1.7ms
[2020-11-05T14:32:42.768+0800][gc,heap      ] GC(6) Eden regions: 78->0(87)
[2020-11-05T14:32:42.768+0800][gc,heap      ] GC(6) Survivor regions: 1->1(10)
[2020-11-05T14:32:42.768+0800][gc,heap      ] GC(6) Old regions: 6->6
[2020-11-05T14:32:42.768+0800][gc,heap      ] GC(6) Humongous regions: 1->1
[2020-11-05T14:32:42.768+0800][gc,metaspace ] GC(6) Metaspace: 15393K->15393K(1062912K)
[2020-11-05T14:32:42.768+0800][gc           ] GC(6) Pause Young (Normal) (G1 Evacuation Pause) 85M->7M(512M) 5.894ms
[2020-11-05T14:32:42.768+0800][gc,cpu       ] GC(6) User=0.01s Sys=0.00s Real=0.00s
[2020-11-05T17:23:28.850+0800][gc,start     ] GC(7) Pause Young (Normal) (G1 Evacuation Pause)
[2020-11-05T17:23:28.850+0800][gc,task      ] GC(7) Using 10 workers of 10 for evacuation
[2020-11-05T17:23:28.880+0800][gc,mmu       ] GC(7) MMU target violated: 21.0ms (20.0ms/21.0ms)
[2020-11-05T17:23:28.880+0800][gc,phases    ] GC(7)   Pre Evacuate Collection Set: 1.5ms
[2020-11-05T17:23:28.880+0800][gc,phases    ] GC(7)   Evacuate Collection Set: 25.0ms
[2020-11-05T17:23:28.880+0800][gc,phases    ] GC(7)   Post Evacuate Collection Set: 0.8ms
[2020-11-05T17:23:28.880+0800][gc,phases    ] GC(7)   Other: 5.1ms
[2020-11-05T17:23:28.880+0800][gc,heap      ] GC(7) Eden regions: 87->0(93)
[2020-11-05T17:23:28.880+0800][gc,heap      ] GC(7) Survivor regions: 1->1(11)
[2020-11-05T17:23:28.880+0800][gc,heap      ] GC(7) Old regions: 6->6
[2020-11-05T17:23:28.880+0800][gc,heap      ] GC(7) Humongous regions: 1->1
[2020-11-05T17:23:28.880+0800][gc,metaspace ] GC(7) Metaspace: 15405K->15405K(1062912K)
[2020-11-05T17:23:28.881+0800][gc           ] GC(7) Pause Young (Normal) (G1 Evacuation Pause) 94M->7M(512M) 31.334ms
[2020-11-05T17:23:28.881+0800][gc,cpu       ] GC(7) User=0.16s Sys=0.03s Real=0.03s
[2020-11-05T23:51:32.437+0800][gc,start     ] GC(8) Pause Young (Normal) (G1 Evacuation Pause)
[2020-11-05T23:51:32.438+0800][gc,task      ] GC(8) Using 10 workers of 10 for evacuation
[2020-11-05T23:51:32.448+0800][gc,phases    ] GC(8)   Pre Evacuate Collection Set: 2.3ms
[2020-11-05T23:51:32.448+0800][gc,phases    ] GC(8)   Evacuate Collection Set: 6.8ms
[2020-11-05T23:51:32.448+0800][gc,phases    ] GC(8)   Post Evacuate Collection Set: 0.8ms
[2020-11-05T23:51:32.448+0800][gc,phases    ] GC(8)   Other: 2.9ms
[2020-11-05T23:51:32.448+0800][gc,heap      ] GC(8) Eden regions: 93->0(99)
[2020-11-05T23:51:32.448+0800][gc,heap      ] GC(8) Survivor regions: 1->1(12)
[2020-11-05T23:51:32.448+0800][gc,heap      ] GC(8) Old regions: 6->6
[2020-11-05T23:51:32.448+0800][gc,heap      ] GC(8) Humongous regions: 1->1
[2020-11-05T23:51:32.448+0800][gc,metaspace ] GC(8) Metaspace: 15446K->15446K(1062912K)
[2020-11-05T23:51:32.448+0800][gc           ] GC(8) Pause Young (Normal) (G1 Evacuation Pause) 100M->7M(512M) 10.777ms
[2020-11-05T23:51:32.448+0800][gc,cpu       ] GC(8) User=0.02s Sys=0.03s Real=0.01s
[2020-11-06T07:53:30.638+0800][gc,start     ] GC(9) Pause Young (Normal) (G1 Evacuation Pause)
[2020-11-06T07:53:30.642+0800][gc,task      ] GC(9) Using 10 workers of 10 for evacuation
[2020-11-06T07:53:30.673+0800][gc,mmu       ] GC(9) MMU target violated: 21.0ms (20.0ms/21.0ms)
[2020-11-06T07:53:30.673+0800][gc,phases    ] GC(9)   Pre Evacuate Collection Set: 11.0ms
[2020-11-06T07:53:30.673+0800][gc,phases    ] GC(9)   Evacuate Collection Set: 11.6ms
[2020-11-06T07:53:30.673+0800][gc,phases    ] GC(9)   Post Evacuate Collection Set: 0.3ms
[2020-11-06T07:53:30.673+0800][gc,phases    ] GC(9)   Other: 12.3ms
[2020-11-06T07:53:30.673+0800][gc,heap      ] GC(9) Eden regions: 99->0(99)
[2020-11-06T07:53:30.673+0800][gc,heap      ] GC(9) Survivor regions: 1->1(13)
[2020-11-06T07:53:30.673+0800][gc,heap      ] GC(9) Old regions: 6->6
[2020-11-06T07:53:30.673+0800][gc,heap      ] GC(9) Humongous regions: 1->1
[2020-11-06T07:53:30.673+0800][gc,metaspace ] GC(9) Metaspace: 15486K->15486K(1062912K)
[2020-11-06T07:53:30.673+0800][gc           ] GC(9) Pause Young (Normal) (G1 Evacuation Pause) 106M->7M(512M) 35.189ms
[2020-11-06T07:53:30.673+0800][gc,cpu       ] GC(9) User=0.04s Sys=0.04s Real=0.04s
[2020-11-06T10:04:26.282+0800][gc,start     ] GC(10) Pause Young (Normal) (G1 Evacuation Pause)
[2020-11-06T10:04:26.282+0800][gc,task      ] GC(10) Using 10 workers of 10 for evacuation
[2020-11-06T10:04:26.290+0800][gc,phases    ] GC(10)   Pre Evacuate Collection Set: 1.6ms
[2020-11-06T10:04:26.290+0800][gc,phases    ] GC(10)   Evacuate Collection Set: 4.2ms
[2020-11-06T10:04:26.290+0800][gc,phases    ] GC(10)   Post Evacuate Collection Set: 1.4ms
[2020-11-06T10:04:26.290+0800][gc,phases    ] GC(10)   Other: 2.0ms
[2020-11-06T10:04:26.290+0800][gc,heap      ] GC(10) Eden regions: 99->0(103)
[2020-11-06T10:04:26.290+0800][gc,heap      ] GC(10) Survivor regions: 1->1(13)
[2020-11-06T10:04:26.290+0800][gc,heap      ] GC(10) Old regions: 6->6
[2020-11-06T10:04:26.290+0800][gc,heap      ] GC(10) Humongous regions: 1->1
[2020-11-06T10:04:26.290+0800][gc,metaspace ] GC(10) Metaspace: 15499K->15499K(1062912K)
[2020-11-06T10:04:26.291+0800][gc           ] GC(10) Pause Young (Normal) (G1 Evacuation Pause) 106M->7M(512M) 8.951ms
[2020-11-06T10:04:26.291+0800][gc,cpu       ] GC(10) User=0.01s Sys=0.01s Real=0.01s
[2020-11-06T13:23:12.385+0800][gc,start     ] GC(11) Pause Young (Normal) (G1 Evacuation Pause)
[2020-11-06T13:23:12.385+0800][gc,task      ] GC(11) Using 10 workers of 10 for evacuation
[2020-11-06T13:23:12.392+0800][gc,phases    ] GC(11)   Pre Evacuate Collection Set: 1.5ms
[2020-11-06T13:23:12.392+0800][gc,phases    ] GC(11)   Evacuate Collection Set: 4.2ms
[2020-11-06T13:23:12.392+0800][gc,phases    ] GC(11)   Post Evacuate Collection Set: 0.9ms
[2020-11-06T13:23:12.392+0800][gc,phases    ] GC(11)   Other: 2.0ms
[2020-11-06T13:23:12.392+0800][gc,heap      ] GC(11) Eden regions: 103->0(109)
[2020-11-06T13:23:12.392+0800][gc,heap      ] GC(11) Survivor regions: 1->1(13)
[2020-11-06T13:23:12.392+0800][gc,heap      ] GC(11) Old regions: 6->6
[2020-11-06T13:23:12.392+0800][gc,heap      ] GC(11) Humongous regions: 1->1
[2020-11-06T13:23:12.392+0800][gc,metaspace ] GC(11) Metaspace: 15526K->15526K(1062912K)
[2020-11-06T13:23:12.392+0800][gc           ] GC(11) Pause Young (Normal) (G1 Evacuation Pause) 110M->7M(512M) 7.418ms
[2020-11-06T13:23:12.392+0800][gc,cpu       ] GC(11) User=0.02s Sys=0.01s Real=0.01s
[2020-11-06T15:12:06.218+0800][gc,start     ] GC(12) Pause Young (Normal) (G1 Evacuation Pause)
[2020-11-06T15:12:06.222+0800][gc,task      ] GC(12) Using 10 workers of 10 for evacuation
[2020-11-06T15:12:06.262+0800][gc,mmu       ] GC(12) MMU target violated: 21.0ms (20.0ms/21.0ms)
[2020-11-06T15:12:06.262+0800][gc,phases    ] GC(12)   Pre Evacuate Collection Set: 2.7ms
[2020-11-06T15:12:06.262+0800][gc,phases    ] GC(12)   Evacuate Collection Set: 26.8ms
[2020-11-06T15:12:06.262+0800][gc,phases    ] GC(12)   Post Evacuate Collection Set: 1.4ms
[2020-11-06T15:12:06.262+0800][gc,phases    ] GC(12)   Other: 15.3ms
[2020-11-06T15:12:06.262+0800][gc,heap      ] GC(12) Eden regions: 109->0(113)
[2020-11-06T15:12:06.262+0800][gc,heap      ] GC(12) Survivor regions: 1->1(14)
[2020-11-06T15:12:06.262+0800][gc,heap      ] GC(12) Old regions: 6->6
[2020-11-06T15:12:06.262+0800][gc,heap      ] GC(12) Humongous regions: 1->1
[2020-11-06T15:12:06.262+0800][gc,metaspace ] GC(12) Metaspace: 15526K->15526K(1062912K)
[2020-11-06T15:12:06.262+0800][gc           ] GC(12) Pause Young (Normal) (G1 Evacuation Pause) 116M->7M(512M) 45.237ms
[2020-11-06T15:12:06.262+0800][gc,cpu       ] GC(12) User=0.15s Sys=0.05s Real=0.05s
[2020-11-06T17:03:03.613+0800][gc,start     ] GC(13) Pause Young (Normal) (G1 Evacuation Pause)
[2020-11-06T17:03:03.614+0800][gc,task      ] GC(13) Using 10 workers of 10 for evacuation
[2020-11-06T17:03:03.626+0800][gc,phases    ] GC(13)   Pre Evacuate Collection Set: 4.9ms
[2020-11-06T17:03:03.626+0800][gc,phases    ] GC(13)   Evacuate Collection Set: 5.1ms
[2020-11-06T17:03:03.626+0800][gc,phases    ] GC(13)   Post Evacuate Collection Set: 1.5ms
[2020-11-06T17:03:03.626+0800][gc,phases    ] GC(13)   Other: 2.7ms
[2020-11-06T17:03:03.626+0800][gc,heap      ] GC(13) Eden regions: 113->0(119)
[2020-11-06T17:03:03.626+0800][gc,heap      ] GC(13) Survivor regions: 1->1(15)
[2020-11-06T17:03:03.626+0800][gc,heap      ] GC(13) Old regions: 6->6
[2020-11-06T17:03:03.626+0800][gc,heap      ] GC(13) Humongous regions: 1->1
[2020-11-06T17:03:03.626+0800][gc,metaspace ] GC(13) Metaspace: 15550K->15550K(1064960K)
[2020-11-06T17:03:03.626+0800][gc           ] GC(13) Pause Young (Normal) (G1 Evacuation Pause) 120M->7M(512M) 13.361ms
[2020-11-06T17:03:03.626+0800][gc,cpu       ] GC(13) User=0.01s Sys=0.02s Real=0.01s
[2020-11-07T06:52:28.110+0800][gc,start     ] GC(14) Pause Young (Normal) (G1 Evacuation Pause)
[2020-11-07T06:52:28.110+0800][gc,task      ] GC(14) Using 10 workers of 10 for evacuation
[2020-11-07T06:52:28.124+0800][gc,phases    ] GC(14)   Pre Evacuate Collection Set: 0.6ms
[2020-11-07T06:52:28.124+0800][gc,phases    ] GC(14)   Evacuate Collection Set: 10.1ms
[2020-11-07T06:52:28.124+0800][gc,phases    ] GC(14)   Post Evacuate Collection Set: 1.4ms
[2020-11-07T06:52:28.124+0800][gc,phases    ] GC(14)   Other: 2.7ms
[2020-11-07T06:52:28.124+0800][gc,heap      ] GC(14) Eden regions: 119->0(127)
[2020-11-07T06:52:28.124+0800][gc,heap      ] GC(14) Survivor regions: 1->1(15)
[2020-11-07T06:52:28.124+0800][gc,heap      ] GC(14) Old regions: 6->6
[2020-11-07T06:52:28.124+0800][gc,heap      ] GC(14) Humongous regions: 1->1
[2020-11-07T06:52:28.124+0800][gc,metaspace ] GC(14) Metaspace: 15560K->15560K(1064960K)
[2020-11-07T06:52:28.124+0800][gc           ] GC(14) Pause Young (Normal) (G1 Evacuation Pause) 126M->7M(512M) 15.075ms
[2020-11-07T06:52:28.124+0800][gc,cpu       ] GC(14) User=0.03s Sys=0.02s Real=0.02s
[2020-11-07T08:59:18.841+0800][gc,start     ] GC(15) Pause Young (Normal) (G1 Evacuation Pause)
[2020-11-07T08:59:18.845+0800][gc,task      ] GC(15) Using 10 workers of 10 for evacuation
[2020-11-07T08:59:18.875+0800][gc,mmu       ] GC(15) MMU target violated: 21.0ms (20.0ms/21.0ms)
[2020-11-07T08:59:18.875+0800][gc,phases    ] GC(15)   Pre Evacuate Collection Set: 4.6ms
[2020-11-07T08:59:18.875+0800][gc,phases    ] GC(15)   Evacuate Collection Set: 19.1ms
[2020-11-07T08:59:18.875+0800][gc,phases    ] GC(15)   Post Evacuate Collection Set: 1.5ms
[2020-11-07T08:59:18.875+0800][gc,phases    ] GC(15)   Other: 11.6ms
[2020-11-07T08:59:18.875+0800][gc,heap      ] GC(15) Eden regions: 127->0(132)
[2020-11-07T08:59:18.875+0800][gc,heap      ] GC(15) Survivor regions: 1->1(16)
[2020-11-07T08:59:18.875+0800][gc,heap      ] GC(15) Old regions: 6->6
[2020-11-07T08:59:18.875+0800][gc,heap      ] GC(15) Humongous regions: 1->1
[2020-11-07T08:59:18.875+0800][gc,metaspace ] GC(15) Metaspace: 15579K->15579K(1064960K)
[2020-11-07T08:59:18.876+0800][gc           ] GC(15) Pause Young (Normal) (G1 Evacuation Pause) 134M->7M(512M) 35.831ms
[2020-11-07T08:59:18.876+0800][gc,cpu       ] GC(15) User=0.09s Sys=0.04s Real=0.03s
[2020-11-07T13:06:02.900+0800][gc,start     ] GC(16) Pause Young (Normal) (G1 Evacuation Pause)
[2020-11-07T13:06:02.901+0800][gc,task      ] GC(16) Using 10 workers of 10 for evacuation
[2020-11-07T13:06:02.929+0800][gc,mmu       ] GC(16) MMU target violated: 21.0ms (20.0ms/21.0ms)
[2020-11-07T13:06:02.930+0800][gc,phases    ] GC(16)   Pre Evacuate Collection Set: 6.3ms
[2020-11-07T13:06:02.930+0800][gc,phases    ] GC(16)   Evacuate Collection Set: 12.1ms
[2020-11-07T13:06:02.930+0800][gc,phases    ] GC(16)   Post Evacuate Collection Set: 7.8ms
[2020-11-07T13:06:02.930+0800][gc,phases    ] GC(16)   Other: 4.3ms
[2020-11-07T13:06:02.930+0800][gc,heap      ] GC(16) Eden regions: 132->0(132)
[2020-11-07T13:06:02.930+0800][gc,heap      ] GC(16) Survivor regions: 1->1(17)
[2020-11-07T13:06:02.930+0800][gc,heap      ] GC(16) Old regions: 6->6
[2020-11-07T13:06:02.930+0800][gc,heap      ] GC(16) Humongous regions: 1->1
[2020-11-07T13:06:02.930+0800][gc,metaspace ] GC(16) Metaspace: 15583K->15583K(1064960K)
[2020-11-07T13:06:02.930+0800][gc           ] GC(16) Pause Young (Normal) (G1 Evacuation Pause) 139M->7M(512M) 29.882ms
[2020-11-07T13:06:02.930+0800][gc,cpu       ] GC(16) User=0.04s Sys=0.05s Real=0.03s
[2020-11-07T23:46:37.614+0800][gc,start     ] GC(17) Pause Young (Normal) (G1 Evacuation Pause)
[2020-11-07T23:46:37.617+0800][gc,task      ] GC(17) Using 10 workers of 10 for evacuation
[2020-11-07T23:46:37.636+0800][gc,phases    ] GC(17)   Pre Evacuate Collection Set: 5.5ms
[2020-11-07T23:46:37.636+0800][gc,phases    ] GC(17)   Evacuate Collection Set: 8.9ms
[2020-11-07T23:46:37.637+0800][gc,phases    ] GC(17)   Post Evacuate Collection Set: 1.0ms
[2020-11-07T23:46:37.637+0800][gc,phases    ] GC(17)   Other: 7.5ms
[2020-11-07T23:46:37.637+0800][gc,heap      ] GC(17) Eden regions: 132->0(133)
[2020-11-07T23:46:37.637+0800][gc,heap      ] GC(17) Survivor regions: 1->1(17)
[2020-11-07T23:46:37.637+0800][gc,heap      ] GC(17) Old regions: 6->6
[2020-11-07T23:46:37.637+0800][gc,heap      ] GC(17) Humongous regions: 1->1
[2020-11-07T23:46:37.637+0800][gc,metaspace ] GC(17) Metaspace: 15599K->15599K(1064960K)
[2020-11-07T23:46:37.637+0800][gc           ] GC(17) Pause Young (Normal) (G1 Evacuation Pause) 139M->7M(512M) 22.770ms
[2020-11-07T23:46:37.637+0800][gc,cpu       ] GC(17) User=0.02s Sys=0.04s Real=0.02s
[2020-11-08T08:55:42.605+0800][gc,start     ] GC(18) Pause Young (Normal) (G1 Evacuation Pause)
[2020-11-08T08:55:42.607+0800][gc,task      ] GC(18) Using 10 workers of 10 for evacuation
[2020-11-08T08:55:42.629+0800][gc,mmu       ] GC(18) MMU target violated: 21.0ms (20.0ms/21.0ms)
[2020-11-08T08:55:42.629+0800][gc,phases    ] GC(18)   Pre Evacuate Collection Set: 3.7ms
[2020-11-08T08:55:42.629+0800][gc,phases    ] GC(18)   Evacuate Collection Set: 15.7ms
[2020-11-08T08:55:42.629+0800][gc,phases    ] GC(18)   Post Evacuate Collection Set: 0.4ms
[2020-11-08T08:55:42.630+0800][gc,phases    ] GC(18)   Other: 5.8ms
[2020-11-08T08:55:42.630+0800][gc,heap      ] GC(18) Eden regions: 133->0(135)
[2020-11-08T08:55:42.630+0800][gc,heap      ] GC(18) Survivor regions: 1->1(17)
[2020-11-08T08:55:42.630+0800][gc,heap      ] GC(18) Old regions: 6->6
[2020-11-08T08:55:42.630+0800][gc,heap      ] GC(18) Humongous regions: 1->1
[2020-11-08T08:55:42.630+0800][gc,metaspace ] GC(18) Metaspace: 15609K->15609K(1064960K)
[2020-11-08T08:55:42.630+0800][gc           ] GC(18) Pause Young (Normal) (G1 Evacuation Pause) 140M->7M(512M) 24.823ms
[2020-11-08T08:55:42.630+0800][gc,cpu       ] GC(18) User=0.08s Sys=0.03s Real=0.03s
