[2020-12-02T14:48:03.941+0800][gc,heap] Heap region size: 1M
[2020-12-02T14:48:03.945+0800][gc     ] Using G1
[2020-12-02T14:48:03.945+0800][gc,heap,coops] Heap address: 0x00000007e0000000, size: 512 MB, Compressed Oops mode: Zero based, Oop shift amount: 3
[2020-12-02T15:51:52.315+0800][gc,start     ] GC(0) Pause Young (Normal) (G1 Evacuation Pause)
[2020-12-02T15:51:52.317+0800][gc,task      ] GC(0) Using 10 workers of 10 for evacuation
[2020-12-02T15:51:52.335+0800][gc,phases    ] GC(0)   Pre Evacuate Collection Set: 0.8ms
[2020-12-02T15:51:52.335+0800][gc,phases    ] GC(0)   Evacuate Collection Set: 17.0ms
[2020-12-02T15:51:52.335+0800][gc,phases    ] GC(0)   Post Evacuate Collection Set: 0.3ms
[2020-12-02T15:51:52.335+0800][gc,phases    ] GC(0)   Other: 1.5ms
[2020-12-02T15:51:52.335+0800][gc,heap      ] GC(0) Eden regions: 25->0(21)
[2020-12-02T15:51:52.335+0800][gc,heap      ] GC(0) Survivor regions: 0->4(4)
[2020-12-02T15:51:52.335+0800][gc,heap      ] GC(0) Old regions: 0->2
[2020-12-02T15:51:52.335+0800][gc,heap      ] GC(0) Humongous regions: 1->1
[2020-12-02T15:51:52.335+0800][gc,metaspace ] GC(0) Metaspace: 14875K->14875K(1062912K)
[2020-12-02T15:51:52.335+0800][gc           ] GC(0) Pause Young (Normal) (G1 Evacuation Pause) 26M->6M(512M) 19.779ms
[2020-12-02T15:51:52.335+0800][gc,cpu       ] GC(0) User=0.03s Sys=0.09s Real=0.02s
[2020-12-02T17:30:09.177+0800][gc,heap,exit ] Heap
[2020-12-02T17:30:09.178+0800][gc,heap,exit ]  garbage-first heap   total 524288K, used 24766K [0x00000007e0000000, 0x0000000800000000)
[2020-12-02T17:30:09.178+0800][gc,heap,exit ]   region size 1024K, 23 young (23552K), 4 survivors (4096K)
[2020-12-02T17:30:09.178+0800][gc,heap,exit ]  Metaspace       used 14999K, capacity 15338K, committed 15488K, reserved 1062912K
[2020-12-02T17:30:09.178+0800][gc,heap,exit ]   class space    used 1492K, capacity 1599K, committed 1664K, reserved 1048576K
