[2020-12-02T17:30:56.935+0800][gc,heap] Heap region size: 1M
[2020-12-02T17:30:56.938+0800][gc     ] Using G1
[2020-12-02T17:30:56.938+0800][gc,heap,coops] Heap address: 0x00000007e0000000, size: 512 MB, Compressed Oops mode: Zero based, Oop shift amount: 3
[2020-12-02T17:39:01.944+0800][gc,start     ] GC(0) Pause Young (Normal) (G1 Evacuation Pause)
[2020-12-02T17:39:01.945+0800][gc,task      ] GC(0) Using 10 workers of 10 for evacuation
[2020-12-02T17:39:01.949+0800][gc,phases    ] GC(0)   Pre Evacuate Collection Set: 0.0ms
[2020-12-02T17:39:01.949+0800][gc,phases    ] GC(0)   Evacuate Collection Set: 3.6ms
[2020-12-02T17:39:01.949+0800][gc,phases    ] GC(0)   Post Evacuate Collection Set: 0.3ms
[2020-12-02T17:39:01.949+0800][gc,phases    ] GC(0)   Other: 1.3ms
[2020-12-02T17:39:01.949+0800][gc,heap      ] GC(0) Eden regions: 25->0(21)
[2020-12-02T17:39:01.949+0800][gc,heap      ] GC(0) Survivor regions: 0->4(4)
[2020-12-02T17:39:01.949+0800][gc,heap      ] GC(0) Old regions: 0->2
[2020-12-02T17:39:01.949+0800][gc,heap      ] GC(0) Humongous regions: 1->1
[2020-12-02T17:39:01.949+0800][gc,metaspace ] GC(0) Metaspace: 14876K->14876K(1062912K)
[2020-12-02T17:39:01.949+0800][gc           ] GC(0) Pause Young (Normal) (G1 Evacuation Pause) 26M->6M(512M) 5.425ms
[2020-12-02T17:39:01.949+0800][gc,cpu       ] GC(0) User=0.03s Sys=0.01s Real=0.00s
[2020-12-02T19:22:23.891+0800][gc,start     ] GC(1) Pause Young (Normal) (G1 Evacuation Pause)
[2020-12-02T19:22:23.891+0800][gc,task      ] GC(1) Using 10 workers of 10 for evacuation
[2020-12-02T19:22:23.903+0800][gc,phases    ] GC(1)   Pre Evacuate Collection Set: 0.7ms
[2020-12-02T19:22:23.903+0800][gc,phases    ] GC(1)   Evacuate Collection Set: 10.0ms
[2020-12-02T19:22:23.903+0800][gc,phases    ] GC(1)   Post Evacuate Collection Set: 0.3ms
[2020-12-02T19:22:23.903+0800][gc,phases    ] GC(1)   Other: 1.1ms
[2020-12-02T19:22:23.903+0800][gc,heap      ] GC(1) Eden regions: 21->0(24)
[2020-12-02T19:22:23.903+0800][gc,heap      ] GC(1) Survivor regions: 4->1(4)
[2020-12-02T19:22:23.903+0800][gc,heap      ] GC(1) Old regions: 2->6
[2020-12-02T19:22:23.903+0800][gc,heap      ] GC(1) Humongous regions: 1->1
[2020-12-02T19:22:23.903+0800][gc,metaspace ] GC(1) Metaspace: 15004K->15004K(1062912K)
[2020-12-02T19:22:23.903+0800][gc           ] GC(1) Pause Young (Normal) (G1 Evacuation Pause) 27M->6M(512M) 12.168ms
[2020-12-02T19:22:23.903+0800][gc,cpu       ] GC(1) User=0.04s Sys=0.04s Real=0.01s
[2020-12-02T20:35:50.200+0800][gc,start     ] GC(2) Pause Young (Normal) (G1 Evacuation Pause)
[2020-12-02T20:35:50.201+0800][gc,task      ] GC(2) Using 10 workers of 10 for evacuation
[2020-12-02T20:35:50.202+0800][gc,phases    ] GC(2)   Pre Evacuate Collection Set: 0.0ms
[2020-12-02T20:35:50.202+0800][gc,phases    ] GC(2)   Evacuate Collection Set: 0.6ms
[2020-12-02T20:35:50.202+0800][gc,phases    ] GC(2)   Post Evacuate Collection Set: 0.1ms
[2020-12-02T20:35:50.202+0800][gc,phases    ] GC(2)   Other: 0.6ms
[2020-12-02T20:35:50.202+0800][gc,heap      ] GC(2) Eden regions: 24->0(24)
[2020-12-02T20:35:50.202+0800][gc,heap      ] GC(2) Survivor regions: 1->1(4)
[2020-12-02T20:35:50.202+0800][gc,heap      ] GC(2) Old regions: 6->6
[2020-12-02T20:35:50.202+0800][gc,heap      ] GC(2) Humongous regions: 1->1
[2020-12-02T20:35:50.202+0800][gc,metaspace ] GC(2) Metaspace: 15006K->15006K(1062912K)
[2020-12-02T20:35:50.202+0800][gc           ] GC(2) Pause Young (Normal) (G1 Evacuation Pause) 30M->6M(512M) 1.394ms
[2020-12-02T20:35:50.202+0800][gc,cpu       ] GC(2) User=0.01s Sys=0.01s Real=0.00s
[2020-12-02T22:37:52.392+0800][gc,start     ] GC(3) Pause Young (Normal) (G1 Evacuation Pause)
[2020-12-02T22:37:52.392+0800][gc,task      ] GC(3) Using 10 workers of 10 for evacuation
[2020-12-02T22:37:52.395+0800][gc,phases    ] GC(3)   Pre Evacuate Collection Set: 0.6ms
[2020-12-02T22:37:52.395+0800][gc,phases    ] GC(3)   Evacuate Collection Set: 2.0ms
[2020-12-02T22:37:52.395+0800][gc,phases    ] GC(3)   Post Evacuate Collection Set: 0.3ms
[2020-12-02T22:37:52.395+0800][gc,phases    ] GC(3)   Other: 0.5ms
[2020-12-02T22:37:52.395+0800][gc,heap      ] GC(3) Eden regions: 24->0(24)
[2020-12-02T22:37:52.395+0800][gc,heap      ] GC(3) Survivor regions: 1->1(4)
[2020-12-02T22:37:52.395+0800][gc,heap      ] GC(3) Old regions: 6->6
[2020-12-02T22:37:52.395+0800][gc,heap      ] GC(3) Humongous regions: 1->1
[2020-12-02T22:37:52.395+0800][gc,metaspace ] GC(3) Metaspace: 15034K->15034K(1062912K)
[2020-12-02T22:37:52.395+0800][gc           ] GC(3) Pause Young (Normal) (G1 Evacuation Pause) 30M->6M(512M) 3.391ms
[2020-12-02T22:37:52.395+0800][gc,cpu       ] GC(3) User=0.01s Sys=0.00s Real=0.00s
[2020-12-03T07:15:11.307+0800][gc,start     ] GC(4) Pause Young (Normal) (G1 Evacuation Pause)
[2020-12-03T07:15:11.308+0800][gc,task      ] GC(4) Using 10 workers of 10 for evacuation
[2020-12-03T07:15:11.312+0800][gc,phases    ] GC(4)   Pre Evacuate Collection Set: 0.8ms
[2020-12-03T07:15:11.312+0800][gc,phases    ] GC(4)   Evacuate Collection Set: 3.0ms
[2020-12-03T07:15:11.312+0800][gc,phases    ] GC(4)   Post Evacuate Collection Set: 0.2ms
[2020-12-03T07:15:11.312+0800][gc,phases    ] GC(4)   Other: 1.1ms
[2020-12-03T07:15:11.312+0800][gc,heap      ] GC(4) Eden regions: 24->0(24)
[2020-12-03T07:15:11.312+0800][gc,heap      ] GC(4) Survivor regions: 1->1(4)
[2020-12-03T07:15:11.312+0800][gc,heap      ] GC(4) Old regions: 6->6
[2020-12-03T07:15:11.312+0800][gc,heap      ] GC(4) Humongous regions: 1->1
[2020-12-03T07:15:11.312+0800][gc,metaspace ] GC(4) Metaspace: 15056K->15056K(1062912K)
[2020-12-03T07:15:11.312+0800][gc           ] GC(4) Pause Young (Normal) (G1 Evacuation Pause) 30M->6M(512M) 5.178ms
[2020-12-03T07:15:11.312+0800][gc,cpu       ] GC(4) User=0.01s Sys=0.01s Real=0.01s
[2020-12-03T08:29:36.385+0800][gc,start     ] GC(5) Pause Young (Normal) (G1 Evacuation Pause)
[2020-12-03T08:29:36.385+0800][gc,task      ] GC(5) Using 10 workers of 10 for evacuation
[2020-12-03T08:29:36.386+0800][gc,phases    ] GC(5)   Pre Evacuate Collection Set: 0.0ms
[2020-12-03T08:29:36.386+0800][gc,phases    ] GC(5)   Evacuate Collection Set: 1.0ms
[2020-12-03T08:29:36.386+0800][gc,phases    ] GC(5)   Post Evacuate Collection Set: 0.1ms
[2020-12-03T08:29:36.386+0800][gc,phases    ] GC(5)   Other: 1.4ms
[2020-12-03T08:29:36.386+0800][gc,heap      ] GC(5) Eden regions: 24->0(32)
[2020-12-03T08:29:36.386+0800][gc,heap      ] GC(5) Survivor regions: 1->1(4)
[2020-12-03T08:29:36.386+0800][gc,heap      ] GC(5) Old regions: 6->6
[2020-12-03T08:29:36.386+0800][gc,heap      ] GC(5) Humongous regions: 1->1
[2020-12-03T08:29:36.386+0800][gc,metaspace ] GC(5) Metaspace: 15072K->15072K(1062912K)
[2020-12-03T08:29:36.386+0800][gc           ] GC(5) Pause Young (Normal) (G1 Evacuation Pause) 30M->6M(512M) 1.747ms
[2020-12-03T08:29:36.386+0800][gc,cpu       ] GC(5) User=0.00s Sys=0.00s Real=0.00s
[2020-12-03T09:24:31.288+0800][gc,heap,exit ] Heap
[2020-12-03T09:24:31.288+0800][gc,heap,exit ]  garbage-first heap   total 524288K, used 26386K [0x00000007e0000000, 0x0000000800000000)
[2020-12-03T09:24:31.288+0800][gc,heap,exit ]   region size 1024K, 21 young (21504K), 1 survivors (1024K)
[2020-12-03T09:24:31.288+0800][gc,heap,exit ]  Metaspace       used 15084K, capacity 15338K, committed 15488K, reserved 1062912K
[2020-12-03T09:24:31.289+0800][gc,heap,exit ]   class space    used 1498K, capacity 1599K, committed 1664K, reserved 1048576K
