[2020-11-02T15:21:41.836+0800][gc,heap] Heap region size: 1M
[2020-11-02T15:21:41.840+0800][gc     ] Using G1
[2020-11-02T15:21:41.840+0800][gc,heap,coops] Heap address: 0x00000007e0000000, size: 512 MB, Compressed Oops mode: Zero based, Oop shift amount: 3
[2020-11-02T15:43:43.720+0800][gc,start     ] GC(0) Pause Young (Normal) (G1 Evacuation Pause)
[2020-11-02T15:43:43.722+0800][gc,task      ] GC(0) Using 10 workers of 10 for evacuation
[2020-11-02T15:43:43.764+0800][gc,mmu       ] GC(0) MMU target violated: 21.0ms (20.0ms/21.0ms)
[2020-11-02T15:43:43.764+0800][gc,phases    ] GC(0)   Pre Evacuate Collection Set: 2.2ms
[2020-11-02T15:43:43.764+0800][gc,phases    ] GC(0)   Evacuate Collection Set: 39.0ms
[2020-11-02T15:43:43.764+0800][gc,phases    ] GC(0)   Post Evacuate Collection Set: 0.4ms
[2020-11-02T15:43:43.764+0800][gc,phases    ] GC(0)   Other: 3.1ms
[2020-11-02T15:43:43.764+0800][gc,heap      ] GC(0) Eden regions: 25->0(21)
[2020-11-02T15:43:43.764+0800][gc,heap      ] GC(0) Survivor regions: 0->4(4)
[2020-11-02T15:43:43.764+0800][gc,heap      ] GC(0) Old regions: 0->2
[2020-11-02T15:43:43.764+0800][gc,heap      ] GC(0) Humongous regions: 1->1
[2020-11-02T15:43:43.764+0800][gc,metaspace ] GC(0) Metaspace: 15140K->15140K(1062912K)
[2020-11-02T15:43:43.765+0800][gc           ] GC(0) Pause Young (Normal) (G1 Evacuation Pause) 26M->6M(512M) 44.763ms
[2020-11-02T15:43:43.765+0800][gc,cpu       ] GC(0) User=0.07s Sys=0.16s Real=0.04s
[2020-11-02T16:50:48.670+0800][gc,start     ] GC(1) Pause Young (Normal) (G1 Evacuation Pause)
[2020-11-02T16:50:48.671+0800][gc,task      ] GC(1) Using 10 workers of 10 for evacuation
[2020-11-02T16:50:48.698+0800][gc,mmu       ] GC(1) MMU target violated: 21.0ms (20.0ms/21.0ms)
[2020-11-02T16:50:48.698+0800][gc,phases    ] GC(1)   Pre Evacuate Collection Set: 1.6ms
[2020-11-02T16:50:48.698+0800][gc,phases    ] GC(1)   Evacuate Collection Set: 23.9ms
[2020-11-02T16:50:48.698+0800][gc,phases    ] GC(1)   Post Evacuate Collection Set: 0.8ms
[2020-11-02T16:50:48.698+0800][gc,phases    ] GC(1)   Other: 4.4ms
[2020-11-02T16:50:48.698+0800][gc,heap      ] GC(1) Eden regions: 21->0(24)
[2020-11-02T16:50:48.698+0800][gc,heap      ] GC(1) Survivor regions: 4->1(4)
[2020-11-02T16:50:48.698+0800][gc,heap      ] GC(1) Old regions: 2->6
[2020-11-02T16:50:48.698+0800][gc,heap      ] GC(1) Humongous regions: 1->1
[2020-11-02T16:50:48.698+0800][gc,metaspace ] GC(1) Metaspace: 15143K->15143K(1062912K)
[2020-11-02T16:50:48.698+0800][gc           ] GC(1) Pause Young (Normal) (G1 Evacuation Pause) 27M->7M(512M) 28.250ms
[2020-11-02T16:50:48.698+0800][gc,cpu       ] GC(1) User=0.08s Sys=0.06s Real=0.02s
[2020-11-03T08:16:37.273+0800][gc,start     ] GC(2) Pause Young (Normal) (G1 Evacuation Pause)
[2020-11-03T08:16:37.274+0800][gc,task      ] GC(2) Using 10 workers of 10 for evacuation
[2020-11-03T08:16:37.324+0800][gc,mmu       ] GC(2) MMU target violated: 21.0ms (20.0ms/21.0ms)
[2020-11-03T08:16:37.324+0800][gc,phases    ] GC(2)   Pre Evacuate Collection Set: 3.8ms
[2020-11-03T08:16:37.324+0800][gc,phases    ] GC(2)   Evacuate Collection Set: 40.9ms
[2020-11-03T08:16:37.324+0800][gc,phases    ] GC(2)   Post Evacuate Collection Set: 0.2ms
[2020-11-03T08:16:37.324+0800][gc,phases    ] GC(2)   Other: 5.5ms
[2020-11-03T08:16:37.324+0800][gc,heap      ] GC(2) Eden regions: 24->0(24)
[2020-11-03T08:16:37.324+0800][gc,heap      ] GC(2) Survivor regions: 1->1(4)
[2020-11-03T08:16:37.324+0800][gc,heap      ] GC(2) Old regions: 6->6
[2020-11-03T08:16:37.324+0800][gc,heap      ] GC(2) Humongous regions: 1->1
[2020-11-03T08:16:37.324+0800][gc,metaspace ] GC(2) Metaspace: 15333K->15333K(1062912K)
[2020-11-03T08:16:37.325+0800][gc           ] GC(2) Pause Young (Normal) (G1 Evacuation Pause) 31M->7M(512M) 50.916ms
[2020-11-03T08:16:37.325+0800][gc,cpu       ] GC(2) User=0.17s Sys=0.08s Real=0.05s
[2020-11-03T09:30:35.235+0800][gc,heap,exit ] Heap
[2020-11-03T09:30:35.236+0800][gc,heap,exit ]  garbage-first heap   total 524288K, used 17549K [0x00000007e0000000, 0x0000000800000000)
[2020-11-03T09:30:35.236+0800][gc,heap,exit ]   region size 1024K, 12 young (12288K), 1 survivors (1024K)
[2020-11-03T09:30:35.236+0800][gc,heap,exit ]  Metaspace       used 15348K, capacity 15635K, committed 16000K, reserved 1062912K
[2020-11-03T09:30:35.236+0800][gc,heap,exit ]   class space    used 1512K, capacity 1634K, committed 1664K, reserved 1048576K
