[2020-11-03T09:31:37.591+0800][gc,heap] Heap region size: 1M
[2020-11-03T09:31:37.596+0800][gc     ] Using G1
[2020-11-03T09:31:37.596+0800][gc,heap,coops] Heap address: 0x00000007e0000000, size: 512 MB, Compressed Oops mode: Zero based, Oop shift amount: 3
[2020-11-03T09:31:38.215+0800][gc,start     ] GC(0) Pause Young (Normal) (G1 Evacuation Pause)
[2020-11-03T09:31:38.216+0800][gc,task      ] GC(0) Using 10 workers of 10 for evacuation
[2020-11-03T09:31:38.219+0800][gc,phases    ] GC(0)   Pre Evacuate Collection Set: 0.0ms
[2020-11-03T09:31:38.219+0800][gc,phases    ] GC(0)   Evacuate Collection Set: 3.3ms
[2020-11-03T09:31:38.219+0800][gc,phases    ] GC(0)   Post Evacuate Collection Set: 0.2ms
[2020-11-03T09:31:38.219+0800][gc,phases    ] GC(0)   Other: 0.4ms
[2020-11-03T09:31:38.219+0800][gc,heap      ] GC(0) Eden regions: 25->0(21)
[2020-11-03T09:31:38.219+0800][gc,heap      ] GC(0) Survivor regions: 0->4(4)
[2020-11-03T09:31:38.219+0800][gc,heap      ] GC(0) Old regions: 0->2
[2020-11-03T09:31:38.219+0800][gc,heap      ] GC(0) Humongous regions: 1->1
[2020-11-03T09:31:38.219+0800][gc,metaspace ] GC(0) Metaspace: 14332K->14332K(1062912K)
[2020-11-03T09:31:38.219+0800][gc           ] GC(0) Pause Young (Normal) (G1 Evacuation Pause) 26M->6M(512M) 4.058ms
[2020-11-03T09:31:38.219+0800][gc,cpu       ] GC(0) User=0.02s Sys=0.01s Real=0.00s
[2020-11-03T10:56:50.077+0800][gc,start     ] GC(1) Pause Young (Normal) (G1 Evacuation Pause)
[2020-11-03T10:56:50.079+0800][gc,task      ] GC(1) Using 10 workers of 10 for evacuation
[2020-11-03T10:56:50.106+0800][gc,mmu       ] GC(1) MMU target violated: 21.0ms (20.0ms/21.0ms)
[2020-11-03T10:56:50.106+0800][gc,phases    ] GC(1)   Pre Evacuate Collection Set: 1.5ms
[2020-11-03T10:56:50.106+0800][gc,phases    ] GC(1)   Evacuate Collection Set: 24.5ms
[2020-11-03T10:56:50.106+0800][gc,phases    ] GC(1)   Post Evacuate Collection Set: 0.3ms
[2020-11-03T10:56:50.106+0800][gc,phases    ] GC(1)   Other: 3.0ms
[2020-11-03T10:56:50.106+0800][gc,heap      ] GC(1) Eden regions: 21->0(24)
[2020-11-03T10:56:50.106+0800][gc,heap      ] GC(1) Survivor regions: 4->1(4)
[2020-11-03T10:56:50.106+0800][gc,heap      ] GC(1) Old regions: 2->6
[2020-11-03T10:56:50.106+0800][gc,heap      ] GC(1) Humongous regions: 1->1
[2020-11-03T10:56:50.106+0800][gc,metaspace ] GC(1) Metaspace: 15172K->15172K(1062912K)
[2020-11-03T10:56:50.107+0800][gc           ] GC(1) Pause Young (Normal) (G1 Evacuation Pause) 27M->7M(512M) 29.379ms
[2020-11-03T10:56:50.107+0800][gc,cpu       ] GC(1) User=0.05s Sys=0.07s Real=0.03s
[2020-11-03T13:23:50.399+0800][gc,start     ] GC(2) Pause Young (Normal) (G1 Evacuation Pause)
[2020-11-03T13:23:50.400+0800][gc,task      ] GC(2) Using 10 workers of 10 for evacuation
[2020-11-03T13:23:50.420+0800][gc,phases    ] GC(2)   Pre Evacuate Collection Set: 2.0ms
[2020-11-03T13:23:50.420+0800][gc,phases    ] GC(2)   Evacuate Collection Set: 16.1ms
[2020-11-03T13:23:50.420+0800][gc,phases    ] GC(2)   Post Evacuate Collection Set: 0.9ms
[2020-11-03T13:23:50.420+0800][gc,phases    ] GC(2)   Other: 2.5ms
[2020-11-03T13:23:50.420+0800][gc,heap      ] GC(2) Eden regions: 24->0(24)
[2020-11-03T13:23:50.420+0800][gc,heap      ] GC(2) Survivor regions: 1->1(4)
[2020-11-03T13:23:50.420+0800][gc,heap      ] GC(2) Old regions: 6->6
[2020-11-03T13:23:50.420+0800][gc,heap      ] GC(2) Humongous regions: 1->1
[2020-11-03T13:23:50.420+0800][gc,metaspace ] GC(2) Metaspace: 15245K->15245K(1062912K)
[2020-11-03T13:23:50.420+0800][gc           ] GC(2) Pause Young (Normal) (G1 Evacuation Pause) 31M->7M(512M) 20.668ms
[2020-11-03T13:23:50.420+0800][gc,cpu       ] GC(2) User=0.06s Sys=0.04s Real=0.03s
[2020-11-03T16:11:50.047+0800][gc,start     ] GC(3) Pause Young (Normal) (G1 Evacuation Pause)
[2020-11-03T16:11:50.050+0800][gc,task      ] GC(3) Using 10 workers of 10 for evacuation
[2020-11-03T16:11:50.088+0800][gc,mmu       ] GC(3) MMU target violated: 21.0ms (20.0ms/21.0ms)
[2020-11-03T16:11:50.088+0800][gc,phases    ] GC(3)   Pre Evacuate Collection Set: 3.1ms
[2020-11-03T16:11:50.088+0800][gc,phases    ] GC(3)   Evacuate Collection Set: 31.8ms
[2020-11-03T16:11:50.089+0800][gc,phases    ] GC(3)   Post Evacuate Collection Set: 0.6ms
[2020-11-03T16:11:50.089+0800][gc,phases    ] GC(3)   Other: 6.9ms
[2020-11-03T16:11:50.089+0800][gc,heap      ] GC(3) Eden regions: 24->0(24)
[2020-11-03T16:11:50.089+0800][gc,heap      ] GC(3) Survivor regions: 1->1(4)
[2020-11-03T16:11:50.089+0800][gc,heap      ] GC(3) Old regions: 6->6
[2020-11-03T16:11:50.089+0800][gc,heap      ] GC(3) Humongous regions: 1->1
[2020-11-03T16:11:50.089+0800][gc,metaspace ] GC(3) Metaspace: 15285K->15285K(1062912K)
[2020-11-03T16:11:50.089+0800][gc           ] GC(3) Pause Young (Normal) (G1 Evacuation Pause) 31M->7M(512M) 41.606ms
[2020-11-03T16:11:50.089+0800][gc,cpu       ] GC(3) User=0.10s Sys=0.07s Real=0.04s
[2020-11-03T18:53:04.080+0800][gc,start     ] GC(4) Pause Young (Normal) (G1 Evacuation Pause)
[2020-11-03T18:53:04.082+0800][gc,task      ] GC(4) Using 10 workers of 10 for evacuation
[2020-11-03T18:53:04.099+0800][gc,phases    ] GC(4)   Pre Evacuate Collection Set: 3.7ms
[2020-11-03T18:53:04.099+0800][gc,phases    ] GC(4)   Evacuate Collection Set: 12.0ms
[2020-11-03T18:53:04.099+0800][gc,phases    ] GC(4)   Post Evacuate Collection Set: 0.3ms
[2020-11-03T18:53:04.099+0800][gc,phases    ] GC(4)   Other: 2.6ms
[2020-11-03T18:53:04.099+0800][gc,heap      ] GC(4) Eden regions: 24->0(24)
[2020-11-03T18:53:04.099+0800][gc,heap      ] GC(4) Survivor regions: 1->1(4)
[2020-11-03T18:53:04.099+0800][gc,heap      ] GC(4) Old regions: 6->6
[2020-11-03T18:53:04.099+0800][gc,heap      ] GC(4) Humongous regions: 1->1
[2020-11-03T18:53:04.099+0800][gc,metaspace ] GC(4) Metaspace: 15329K->15329K(1062912K)
[2020-11-03T18:53:04.099+0800][gc           ] GC(4) Pause Young (Normal) (G1 Evacuation Pause) 31M->7M(512M) 18.771ms
[2020-11-03T18:53:04.099+0800][gc,cpu       ] GC(4) User=0.03s Sys=0.05s Real=0.01s
[2020-11-04T08:00:11.264+0800][gc,start     ] GC(5) Pause Young (Normal) (G1 Evacuation Pause)
[2020-11-04T08:00:11.266+0800][gc,task      ] GC(5) Using 10 workers of 10 for evacuation
[2020-11-04T08:00:11.300+0800][gc,mmu       ] GC(5) MMU target violated: 21.0ms (20.0ms/21.0ms)
[2020-11-04T08:00:11.300+0800][gc,phases    ] GC(5)   Pre Evacuate Collection Set: 6.4ms
[2020-11-04T08:00:11.300+0800][gc,phases    ] GC(5)   Evacuate Collection Set: 22.8ms
[2020-11-04T08:00:11.300+0800][gc,phases    ] GC(5)   Post Evacuate Collection Set: 0.7ms
[2020-11-04T08:00:11.300+0800][gc,phases    ] GC(5)   Other: 10.6ms
[2020-11-04T08:00:11.300+0800][gc,heap      ] GC(5) Eden regions: 24->0(24)
[2020-11-04T08:00:11.300+0800][gc,heap      ] GC(5) Survivor regions: 1->1(4)
[2020-11-04T08:00:11.300+0800][gc,heap      ] GC(5) Old regions: 6->6
[2020-11-04T08:00:11.300+0800][gc,heap      ] GC(5) Humongous regions: 1->1
[2020-11-04T08:00:11.300+0800][gc,metaspace ] GC(5) Metaspace: 15373K->15373K(1062912K)
[2020-11-04T08:00:11.300+0800][gc           ] GC(5) Pause Young (Normal) (G1 Evacuation Pause) 31M->7M(512M) 36.710ms
[2020-11-04T08:00:11.300+0800][gc,cpu       ] GC(5) User=0.03s Sys=0.06s Real=0.04s
[2020-11-04T09:43:13.466+0800][gc,start     ] GC(6) Pause Young (Normal) (G1 Evacuation Pause)
[2020-11-04T09:43:13.467+0800][gc,task      ] GC(6) Using 10 workers of 10 for evacuation
[2020-11-04T09:43:13.483+0800][gc,phases    ] GC(6)   Pre Evacuate Collection Set: 1.8ms
[2020-11-04T09:43:13.483+0800][gc,phases    ] GC(6)   Evacuate Collection Set: 12.4ms
[2020-11-04T09:43:13.483+0800][gc,phases    ] GC(6)   Post Evacuate Collection Set: 1.1ms
[2020-11-04T09:43:13.483+0800][gc,phases    ] GC(6)   Other: 2.3ms
[2020-11-04T09:43:13.483+0800][gc,heap      ] GC(6) Eden regions: 24->0(24)
[2020-11-04T09:43:13.483+0800][gc,heap      ] GC(6) Survivor regions: 1->1(4)
[2020-11-04T09:43:13.483+0800][gc,heap      ] GC(6) Old regions: 6->6
[2020-11-04T09:43:13.483+0800][gc,heap      ] GC(6) Humongous regions: 1->1
[2020-11-04T09:43:13.483+0800][gc,metaspace ] GC(6) Metaspace: 15373K->15373K(1062912K)
[2020-11-04T09:43:13.484+0800][gc           ] GC(6) Pause Young (Normal) (G1 Evacuation Pause) 31M->7M(512M) 18.117ms
[2020-11-04T09:43:13.484+0800][gc,cpu       ] GC(6) User=0.02s Sys=0.04s Real=0.02s
[2020-11-04T11:36:37.325+0800][gc,start     ] GC(7) Pause Young (Normal) (G1 Evacuation Pause)
[2020-11-04T11:36:37.327+0800][gc,task      ] GC(7) Using 10 workers of 10 for evacuation
[2020-11-04T11:36:37.336+0800][gc,phases    ] GC(7)   Pre Evacuate Collection Set: 2.1ms
[2020-11-04T11:36:37.336+0800][gc,phases    ] GC(7)   Evacuate Collection Set: 6.8ms
[2020-11-04T11:36:37.336+0800][gc,phases    ] GC(7)   Post Evacuate Collection Set: 0.8ms
[2020-11-04T11:36:37.336+0800][gc,phases    ] GC(7)   Other: 1.9ms
[2020-11-04T11:36:37.336+0800][gc,heap      ] GC(7) Eden regions: 24->0(24)
[2020-11-04T11:36:37.336+0800][gc,heap      ] GC(7) Survivor regions: 1->1(4)
[2020-11-04T11:36:37.336+0800][gc,heap      ] GC(7) Old regions: 6->6
[2020-11-04T11:36:37.336+0800][gc,heap      ] GC(7) Humongous regions: 1->1
[2020-11-04T11:36:37.336+0800][gc,metaspace ] GC(7) Metaspace: 15383K->15383K(1062912K)
[2020-11-04T11:36:37.336+0800][gc           ] GC(7) Pause Young (Normal) (G1 Evacuation Pause) 31M->7M(512M) 11.065ms
[2020-11-04T11:36:37.336+0800][gc,cpu       ] GC(7) User=0.01s Sys=0.02s Real=0.01s
[2020-11-04T14:10:22.296+0800][gc,start     ] GC(8) Pause Young (Normal) (G1 Evacuation Pause)
[2020-11-04T14:10:22.297+0800][gc,task      ] GC(8) Using 10 workers of 10 for evacuation
[2020-11-04T14:10:22.315+0800][gc,phases    ] GC(8)   Pre Evacuate Collection Set: 3.2ms
[2020-11-04T14:10:22.315+0800][gc,phases    ] GC(8)   Evacuate Collection Set: 10.4ms
[2020-11-04T14:10:22.315+0800][gc,phases    ] GC(8)   Post Evacuate Collection Set: 0.2ms
[2020-11-04T14:10:22.315+0800][gc,phases    ] GC(8)   Other: 5.7ms
[2020-11-04T14:10:22.315+0800][gc,heap      ] GC(8) Eden regions: 24->0(24)
[2020-11-04T14:10:22.315+0800][gc,heap      ] GC(8) Survivor regions: 1->1(4)
[2020-11-04T14:10:22.315+0800][gc,heap      ] GC(8) Old regions: 6->6
[2020-11-04T14:10:22.315+0800][gc,heap      ] GC(8) Humongous regions: 1->1
[2020-11-04T14:10:22.315+0800][gc,metaspace ] GC(8) Metaspace: 15389K->15389K(1062912K)
[2020-11-04T14:10:22.315+0800][gc           ] GC(8) Pause Young (Normal) (G1 Evacuation Pause) 31M->7M(512M) 18.981ms
[2020-11-04T14:10:22.315+0800][gc,cpu       ] GC(8) User=0.01s Sys=0.03s Real=0.02s
[2020-11-04T15:54:23.816+0800][gc,start     ] GC(9) Pause Young (Normal) (G1 Evacuation Pause)
[2020-11-04T15:54:23.819+0800][gc,task      ] GC(9) Using 10 workers of 10 for evacuation
[2020-11-04T15:54:23.841+0800][gc,mmu       ] GC(9) MMU target violated: 20.1ms (20.0ms/21.0ms)
[2020-11-04T15:54:23.841+0800][gc,phases    ] GC(9)   Pre Evacuate Collection Set: 3.2ms
[2020-11-04T15:54:23.841+0800][gc,phases    ] GC(9)   Evacuate Collection Set: 14.8ms
[2020-11-04T15:54:23.841+0800][gc,phases    ] GC(9)   Post Evacuate Collection Set: 0.7ms
[2020-11-04T15:54:23.841+0800][gc,phases    ] GC(9)   Other: 7.5ms
[2020-11-04T15:54:23.841+0800][gc,heap      ] GC(9) Eden regions: 24->0(24)
[2020-11-04T15:54:23.841+0800][gc,heap      ] GC(9) Survivor regions: 1->1(4)
[2020-11-04T15:54:23.841+0800][gc,heap      ] GC(9) Old regions: 6->6
[2020-11-04T15:54:23.841+0800][gc,heap      ] GC(9) Humongous regions: 1->1
[2020-11-04T15:54:23.841+0800][gc,metaspace ] GC(9) Metaspace: 15408K->15408K(1062912K)
[2020-11-04T15:54:23.841+0800][gc           ] GC(9) Pause Young (Normal) (G1 Evacuation Pause) 31M->7M(512M) 25.528ms
[2020-11-04T15:54:23.841+0800][gc,cpu       ] GC(9) User=0.03s Sys=0.04s Real=0.03s
[2020-11-04T18:34:17.200+0800][gc,start     ] GC(10) Pause Young (Normal) (G1 Evacuation Pause)
[2020-11-04T18:34:17.202+0800][gc,task      ] GC(10) Using 10 workers of 10 for evacuation
[2020-11-04T18:34:17.225+0800][gc,mmu       ] GC(10) MMU target violated: 21.0ms (20.0ms/21.0ms)
[2020-11-04T18:34:17.225+0800][gc,phases    ] GC(10)   Pre Evacuate Collection Set: 4.2ms
[2020-11-04T18:34:17.225+0800][gc,phases    ] GC(10)   Evacuate Collection Set: 17.0ms
[2020-11-04T18:34:17.225+0800][gc,phases    ] GC(10)   Post Evacuate Collection Set: 0.2ms
[2020-11-04T18:34:17.225+0800][gc,phases    ] GC(10)   Other: 4.5ms
[2020-11-04T18:34:17.225+0800][gc,heap      ] GC(10) Eden regions: 24->0(24)
[2020-11-04T18:34:17.225+0800][gc,heap      ] GC(10) Survivor regions: 1->1(4)
[2020-11-04T18:34:17.225+0800][gc,heap      ] GC(10) Old regions: 6->6
[2020-11-04T18:34:17.225+0800][gc,heap      ] GC(10) Humongous regions: 1->1
[2020-11-04T18:34:17.225+0800][gc,metaspace ] GC(10) Metaspace: 15417K->15417K(1062912K)
[2020-11-04T18:34:17.225+0800][gc           ] GC(10) Pause Young (Normal) (G1 Evacuation Pause) 31M->7M(512M) 25.017ms
[2020-11-04T18:34:17.225+0800][gc,cpu       ] GC(10) User=0.06s Sys=0.04s Real=0.02s
[2020-11-04T20:21:14.952+0800][gc,start     ] GC(11) Pause Young (Normal) (G1 Evacuation Pause)
[2020-11-04T20:21:14.953+0800][gc,task      ] GC(11) Using 10 workers of 10 for evacuation
[2020-11-04T20:21:14.960+0800][gc,phases    ] GC(11)   Pre Evacuate Collection Set: 0.7ms
[2020-11-04T20:21:14.960+0800][gc,phases    ] GC(11)   Evacuate Collection Set: 5.3ms
[2020-11-04T20:21:14.960+0800][gc,phases    ] GC(11)   Post Evacuate Collection Set: 0.8ms
[2020-11-04T20:21:14.960+0800][gc,phases    ] GC(11)   Other: 0.8ms
[2020-11-04T20:21:14.960+0800][gc,heap      ] GC(11) Eden regions: 24->0(25)
[2020-11-04T20:21:14.960+0800][gc,heap      ] GC(11) Survivor regions: 1->1(4)
[2020-11-04T20:21:14.960+0800][gc,heap      ] GC(11) Old regions: 6->6
[2020-11-04T20:21:14.960+0800][gc,heap      ] GC(11) Humongous regions: 1->1
[2020-11-04T20:21:14.960+0800][gc,metaspace ] GC(11) Metaspace: 15423K->15423K(1062912K)
[2020-11-04T20:21:14.960+0800][gc           ] GC(11) Pause Young (Normal) (G1 Evacuation Pause) 31M->7M(512M) 7.822ms
[2020-11-04T20:21:14.960+0800][gc,cpu       ] GC(11) User=0.01s Sys=0.02s Real=0.01s
[2020-11-05T04:46:37.831+0800][gc,start     ] GC(12) Pause Young (Normal) (G1 Evacuation Pause)
[2020-11-05T04:46:37.831+0800][gc,task      ] GC(12) Using 10 workers of 10 for evacuation
[2020-11-05T04:46:37.846+0800][gc,phases    ] GC(12)   Pre Evacuate Collection Set: 0.0ms
[2020-11-05T04:46:37.846+0800][gc,phases    ] GC(12)   Evacuate Collection Set: 13.6ms
[2020-11-05T04:46:37.846+0800][gc,phases    ] GC(12)   Post Evacuate Collection Set: 0.4ms
[2020-11-05T04:46:37.846+0800][gc,phases    ] GC(12)   Other: 1.1ms
[2020-11-05T04:46:37.846+0800][gc,heap      ] GC(12) Eden regions: 25->0(25)
[2020-11-05T04:46:37.846+0800][gc,heap      ] GC(12) Survivor regions: 1->1(4)
[2020-11-05T04:46:37.846+0800][gc,heap      ] GC(12) Old regions: 6->6
[2020-11-05T04:46:37.846+0800][gc,heap      ] GC(12) Humongous regions: 1->1
[2020-11-05T04:46:37.846+0800][gc,metaspace ] GC(12) Metaspace: 15467K->15467K(1062912K)
[2020-11-05T04:46:37.846+0800][gc           ] GC(12) Pause Young (Normal) (G1 Evacuation Pause) 32M->7M(512M) 15.601ms
[2020-11-05T04:46:37.846+0800][gc,cpu       ] GC(12) User=0.02s Sys=0.06s Real=0.01s
[2020-11-05T08:07:58.012+0800][gc,start     ] GC(13) Pause Young (Normal) (G1 Evacuation Pause)
[2020-11-05T08:07:58.013+0800][gc,task      ] GC(13) Using 10 workers of 10 for evacuation
[2020-11-05T08:07:58.021+0800][gc,phases    ] GC(13)   Pre Evacuate Collection Set: 0.8ms
[2020-11-05T08:07:58.021+0800][gc,phases    ] GC(13)   Evacuate Collection Set: 7.2ms
[2020-11-05T08:07:58.021+0800][gc,phases    ] GC(13)   Post Evacuate Collection Set: 0.3ms
[2020-11-05T08:07:58.021+0800][gc,phases    ] GC(13)   Other: 1.1ms
[2020-11-05T08:07:58.021+0800][gc,heap      ] GC(13) Eden regions: 25->0(27)
[2020-11-05T08:07:58.021+0800][gc,heap      ] GC(13) Survivor regions: 1->1(4)
[2020-11-05T08:07:58.021+0800][gc,heap      ] GC(13) Old regions: 6->6
[2020-11-05T08:07:58.021+0800][gc,heap      ] GC(13) Humongous regions: 1->1
[2020-11-05T08:07:58.021+0800][gc,metaspace ] GC(13) Metaspace: 15468K->15468K(1062912K)
[2020-11-05T08:07:58.021+0800][gc           ] GC(13) Pause Young (Normal) (G1 Evacuation Pause) 32M->7M(512M) 9.516ms
[2020-11-05T08:07:58.021+0800][gc,cpu       ] GC(13) User=0.03s Sys=0.02s Real=0.01s
[2020-11-05T09:23:39.107+0800][gc,start     ] GC(14) Pause Young (Normal) (G1 Evacuation Pause)
[2020-11-05T09:23:39.108+0800][gc,task      ] GC(14) Using 10 workers of 10 for evacuation
[2020-11-05T09:23:39.115+0800][gc,phases    ] GC(14)   Pre Evacuate Collection Set: 0.8ms
[2020-11-05T09:23:39.115+0800][gc,phases    ] GC(14)   Evacuate Collection Set: 6.0ms
[2020-11-05T09:23:39.115+0800][gc,phases    ] GC(14)   Post Evacuate Collection Set: 0.2ms
[2020-11-05T09:23:39.115+0800][gc,phases    ] GC(14)   Other: 1.3ms
[2020-11-05T09:23:39.115+0800][gc,heap      ] GC(14) Eden regions: 27->0(28)
[2020-11-05T09:23:39.115+0800][gc,heap      ] GC(14) Survivor regions: 1->1(4)
[2020-11-05T09:23:39.115+0800][gc,heap      ] GC(14) Old regions: 6->6
[2020-11-05T09:23:39.115+0800][gc,heap      ] GC(14) Humongous regions: 1->1
[2020-11-05T09:23:39.115+0800][gc,metaspace ] GC(14) Metaspace: 15468K->15468K(1062912K)
[2020-11-05T09:23:39.115+0800][gc           ] GC(14) Pause Young (Normal) (G1 Evacuation Pause) 34M->7M(512M) 8.383ms
[2020-11-05T09:23:39.115+0800][gc,cpu       ] GC(14) User=0.01s Sys=0.02s Real=0.01s
[2020-11-05T10:37:48.906+0800][gc,start     ] GC(15) Pause Young (Normal) (G1 Evacuation Pause)
[2020-11-05T10:37:48.908+0800][gc,task      ] GC(15) Using 10 workers of 10 for evacuation
[2020-11-05T10:37:48.915+0800][gc,phases    ] GC(15)   Pre Evacuate Collection Set: 2.7ms
[2020-11-05T10:37:48.915+0800][gc,phases    ] GC(15)   Evacuate Collection Set: 4.0ms
[2020-11-05T10:37:48.915+0800][gc,phases    ] GC(15)   Post Evacuate Collection Set: 0.2ms
[2020-11-05T10:37:48.915+0800][gc,phases    ] GC(15)   Other: 2.7ms
[2020-11-05T10:37:48.915+0800][gc,heap      ] GC(15) Eden regions: 28->0(30)
[2020-11-05T10:37:48.915+0800][gc,heap      ] GC(15) Survivor regions: 1->1(4)
[2020-11-05T10:37:48.915+0800][gc,heap      ] GC(15) Old regions: 6->6
[2020-11-05T10:37:48.915+0800][gc,heap      ] GC(15) Humongous regions: 1->1
[2020-11-05T10:37:48.915+0800][gc,metaspace ] GC(15) Metaspace: 15468K->15468K(1062912K)
[2020-11-05T10:37:48.916+0800][gc           ] GC(15) Pause Young (Normal) (G1 Evacuation Pause) 35M->7M(512M) 9.040ms
[2020-11-05T10:37:48.916+0800][gc,cpu       ] GC(15) User=0.01s Sys=0.01s Real=0.01s
[2020-11-05T12:11:55.959+0800][gc,heap,exit ] Heap
[2020-11-05T12:11:55.960+0800][gc,heap,exit ]  garbage-first heap   total 524288K, used 32823K [0x00000007e0000000, 0x0000000800000000)
[2020-11-05T12:11:55.960+0800][gc,heap,exit ]   region size 1024K, 27 young (27648K), 1 survivors (1024K)
[2020-11-05T12:11:55.960+0800][gc,heap,exit ]  Metaspace       used 15487K, capacity 15763K, committed 16000K, reserved 1062912K
[2020-11-05T12:11:55.960+0800][gc,heap,exit ]   class space    used 1512K, capacity 1634K, committed 1664K, reserved 1048576K
